
> dexcelerate-fe-test@0.0.0 test /var/home/pboling/WebstormProjects/dexcelerate-fe-test
> vitest run && node --test --run --reporter=verbose


 RUN  v2.1.9 /var/home/pboling/WebstormProjects/dexcelerate-fe-test

 ❯ tests/SortHeader.test.tsx (0 test)
 ❯ tests/ErrorBoundary.test.tsx (0 test)
 ✓ tests/detailModal.compare.dedupe.test.tsx (4 tests) 17ms
11:37:32 AM [vite] warning: Duplicate "title" attribute in JSX element
309|                gap: 6,
310|              }}
311|              title="Default base for invisible subs when Throttle is unset"
   |              ^
312|            >
313|              Base Limit

  Plugin: vite:esbuild
  File: /var/home/pboling/WebstormProjects/dexcelerate-fe-test/src/App.tsx
 ❯ tests/Sparkline.test.tsx (1 test | 1 failed) 5ms
   × Sparkline > renders without crashing 4ms
     → React is not defined
 ❯ tests/UpdateRate.test.tsx (1 test | 1 failed) 7ms
   × UpdateRate > renders without crashing 5ms
     → React is not defined
 ❯ tests/BurnDetailsTooltip.test.tsx (1 test | 1 failed) 7ms
   × BurnDetailsTooltip > renders without crashing 5ms
     → React is not defined
 ❯ tests/Table.test.tsx (0 test)
 ❯ tests/AuditIcons.test.tsx (0 test)
 ❯ tests/WsConsole.test.tsx (2 tests | 2 failed) 7ms
   × WsConsole > renders without crashing 5ms
     → React is not defined
   × Table > renders without crashing 1ms
     → React is not defined
 ❯ tests/SubscriptionDebugOverlay.test.tsx (2 tests | 2 failed) 6ms
   × SubscriptionDebugOverlay > renders without crashing 5ms
     → React is not defined
   × SortHeader > renders without crashing 1ms
     → React is not defined
 ❯ tests/NumberCell.test.tsx (1 test | 1 failed) 7ms
   × NumberCell > renders without crashing 5ms
     → React is not defined
 ❯ tests/ChartSection.test.tsx (2 tests | 2 failed) 15ms
   × ChartSection > renders without crashing 10ms
     → React is not defined
   × AuditIcons > renders without crashing 2ms
     → React is not defined
 ❯ tests/Row.test.tsx (2 tests | 2 failed) 11ms
   × Row > renders without crashing 6ms
     → React is not defined
   × ErrorBoundary > renders without crashing 1ms
     → React is not defined
stdout | tests/table.smoke.test.tsx > Table smoke: renders rows and canary > renders provided rows and updates rows-count canary
[Table] rows prop: [
  {
    id: '1',
    tokenName: 'Alpha',
    tokenSymbol: 'ALPHA',
    chain: 'ETH',
    exchange: 'Uniswap',
    priceUsd: 1.23,
    mcap: 123456,
    volumeUsd: 1000,
    priceChangePcs: { '5m': 0, '1h': 0, '6h': 0, '24h': 0 },
    transactions: { buys: 1, sells: 2 },
    liquidity: { current: 5000, changePc: 0 },
    tokenCreatedTimestamp: 2025-09-27T17:37:33.184Z
  },
  {
    id: '2',
    tokenName: 'Beta',
    tokenSymbol: 'BETA',
    chain: 'ETH',
    exchange: 'Uniswap',
    priceUsd: 1.23,
    mcap: 123456,
    volumeUsd: 1000,
    priceChangePcs: { '5m': 0, '1h': 0, '6h': 0, '24h': 0 },
    transactions: { buys: 1, sells: 2 },
    liquidity: { current: 5000, changePc: 0 },
    tokenCreatedTimestamp: 2025-09-27T17:37:33.184Z
  }
]
[Table:Trending Tokens] first row {
  id: '1',
  price: 1.23,
  mcap: 123456,
  vol: 1000,
  buys: 1,
  sells: 2,
  liq: 5000
}
[Table:Trending Tokens] changed 2 rows; first change {
  id: '1',
  old: undefined,
  new: {
    price: 1.23,
    mcap: 123456,
    vol: 1000,
    buys: 1,
    sells: 2,
    liq: 5000
  }
}

 ✓ tests/row.smoke.test.tsx (1 test) 113ms
 ✓ tests/table.smoke.test.tsx (1 test) 187ms
stdout | tests/tokensPane.table.render.test.tsx > TokensPane→Table integration: renders DOM rows post-fetch > mounts, fetches, dispatches, and renders > 0 rows
TokensPane mounted: New Tokens
[Table] rows prop: []
[Table:New Tokens] first row { none: true }
[TokensPane:New Tokens] mount; discovered __APP_WS__ readyState=undefined
[TokensPane:New Tokens] fetching initial scanner page with filters { rankBy: 'age', orderBy: 'desc', isNotHP: true, page: 1 }
[TokensPane:New Tokens] rows derived { count: 0, version: 0 }
TokensPane mounted: New Tokens
[Table] rows prop: []

 ❯ tests/TokensPane.test.tsx (1 test | 1 failed) 7ms
   × TokensPane > renders without crashing 6ms
     → React is not defined
stdout | tests/tokensPane.table.render.test.tsx > TokensPane→Table integration: renders DOM rows post-fetch > mounts, fetches, dispatches, and renders > 0 rows
[TokensPane:New Tokens] dispatching scanner/pairs: { page: 201, scannerPairs: [] }
[TokensPane:New Tokens] mapped tokens sample: []
tokensReducer executed { type: 'scanner/pairs' }
tokensReducer state after action: {
  byId: {},
  meta: {},
  pages: { '201': [] },
  filters: {
    excludeHoneypots: false,
    chains: [ 'ETH', 'SOL', 'BASE', 'BSC' ],
    minVolume: 0,
    maxAgeHours: null,
    minMcap: 0,
    limit: 200,
    tokenQuery: '',
    includeStale: false,
    includeDegraded: false
  },
  wpegPrices: {},
  version: 1
}
TokensPane mounted: New Tokens
[Table] rows prop: []

stdout | tests/tokensPane.table.render.test.tsx > TokensPane→Table integration: renders DOM rows post-fetch > mounts, fetches, dispatches, and renders > 0 rows
[Table:New Tokens] first row { none: true }
[TokensPane:New Tokens] rows derived { count: 0, version: 1 }

stdout | tests/tokensPane.table.render.test.tsx > TokensPane→Table integration: renders DOM rows post-fetch > mounts, fetches, dispatches, and renders > 0 rows
TokensPane mounted: New Tokens

stdout | tests/tokensPane.smoke.test.tsx > TokensPane smoke: dispatches after successful fetch > fires init empty dispatch and then a non-empty scanner dispatch
TokensPane mounted: Trending Tokens
[Table] rows prop: []
[Table:Trending Tokens] first row { none: true }
[TokensPane:Trending Tokens] mount; discovered __APP_WS__ readyState=undefined
[TokensPane:Trending Tokens] fetching initial scanner page with filters {
  rankBy: 'volume',
  orderBy: 'desc',
  minVol24H: 1000,
  isNotHP: true,
  page: 1
}
[TokensPane:Trending Tokens] rows derived { count: 0, version: 0 }
TokensPane mounted: Trending Tokens
[Table] rows prop: []

stderr | tests/tokensPane.smoke.test.tsx > TokensPane smoke: dispatches after successful fetch > fires init empty dispatch and then a non-empty scanner dispatch
[TokensPane:Trending Tokens] token with id of address length: {
  id: '0xF65a021508f0Ed52C2C1C38cD9F6c3ff04f240a9',
  tokenName: 'Sickburn Inu',
  tokenSymbol: 'SBI',
  chain: 1,
  exchange: '0x7a250d5630B4cF539739dF2C5dAcb4c659F2488D',
  priceUsd: 0,
  mcap: 0,
  volumeUsd: 483095431.62,
  priceChangePcs: { '5m': 0, '1h': 0, '6h': 0, '24h': 0 },
  transactions: { buys: 6, sells: 7 },
  liquidity: { current: 0, changePc: -100 },
  tokenCreatedTimestamp: 2023-04-20T21:22:23.000Z
}

stdout | tests/tokensPane.smoke.test.tsx > TokensPane smoke: dispatches after successful fetch > fires init empty dispatch and then a non-empty scanner dispatch
[TokensPane:Trending Tokens] dispatching scanner/pairs: { page: 101, scannerPairs: [] }
[TokensPane:Trending Tokens] mapped tokens sample: []
TokensPane mounted: Trending Tokens
[Table] rows prop: []

stdout | tests/tokensPane.smoke.test.tsx > TokensPane smoke: dispatches after successful fetch > fires init empty dispatch and then a non-empty scanner dispatch
Dispatch calls: [ [ { type: 'scanner/pairs', payload: [Object] } ] ]

 ✓ tests/detailModal.compare.test.tsx (1 test) 318ms
   ✓ DetailModal compare chooser > selecting a token shows the compare token in the modal 316ms
stdout | tests/app.boot.logging.test.tsx > App boot logging diagnostics > emits reducer and pane logs after successful boot requests
TokensPane mounted: Trending Tokens
[Table] rows prop: []
TokensPane mounted: New Tokens
[Table] rows prop: []
[Table:Trending Tokens] first row { none: true }
[TokensPane:Trending Tokens] mount; discovered __APP_WS__ readyState=undefined
[TokensPane:Trending Tokens] fetching initial scanner page with filters {
  rankBy: 'volume',
  orderBy: 'desc',
  minVol24H: 1000,
  isNotHP: true,
  maxAge: 604800,
  page: 1
}
[TokensPane:Trending Tokens] rows derived { count: 0, version: 0 }
[Table:New Tokens] first row { none: true }
[TokensPane:New Tokens] mount; discovered __APP_WS__ readyState=undefined
[TokensPane:New Tokens] fetching initial scanner page with filters {
  rankBy: 'age',
  orderBy: 'desc',
  maxAge: 86400,
  isNotHP: true,
  page: 1
}
[TokensPane:New Tokens] rows derived { count: 0, version: 0 }
WS: attempting connection to wss://api-rs.dexcelerate.com/ws
[SubscriptionQueue] getVisibleCount: 0
[App.tsx] Initial fetch effect running
[App.tsx] Initial fetch guard: setting now
[App.tsx] fetchScanner: Trending Tokens (effect)
TokensPane mounted: Trending Tokens
[Table] rows prop: []
TokensPane mounted: New Tokens
[Table] rows prop: []

stdout | tests/app.boot.logging.test.tsx > App boot logging diagnostics > emits reducer and pane logs after successful boot requests
[App.tsx] fetchScanner: Trending Tokens result {
  raw: {
    pairs: [
      [Object], [Object], [Object], [Object], [Object], [Object],
      [Object], [Object], [Object], [Object], [Object], [Object],
      [Object], [Object], [Object], [Object], [Object], [Object],
      [Object], [Object], [Object], [Object], [Object], [Object],
      [Object], [Object], [Object], [Object], [Object], [Object],
      [Object], [Object], [Object], [Object], [Object], [Object],
      [Object], [Object], [Object], [Object], [Object], [Object],
      [Object], [Object], [Object], [Object], [Object], [Object],
      [Object], [Object], [Object], [Object], [Object], [Object],
      [Object], [Object], [Object], [Object], [Object], [Object],
      [Object], [Object], [Object], [Object], [Object], [Object],
      [Object], [Object], [Object], [Object], [Object], [Object],
      [Object], [Object], [Object], [Object], [Object], [Object],
      [Object], [Object], [Object], [Object], [Object], [Object],
      [Object], [Object], [Object], [Object], [Object], [Object],
      [Object], [Object], [Object], [Object], [Object], [Object],
      [Object], [Object], [Object], [Object]
    ],
    totalRows: 18482,
    stats: {
      volume: '11514167914.8819086770635711216150791018200752072461212774667987543239469054858319095138080024745228473593939477079938234587553000936623726459598349158852670370833948254585266113281250',
      txns: 24168198
    }
  },
  tokens: [
    {
      id: '0xF65a021508f0Ed52C2C1C38cD9F6c3ff04f240a9',
      tokenName: 'Sickburn Inu',
      tokenSymbol: 'SBI',
      tokenAddress: '0x0BEE91533Be2EDE0936Ea53457Ce7bd9b0B398c6',
      pairAddress: '0xF65a021508f0Ed52C2C1C38cD9F6c3ff04f240a9',
      chain: 'ETH',
      exchange: '0x7a250d5630B4cF539739dF2C5dAcb4c659F2488D',
      priceUsd: 0,
      volumeUsd: 483095431.62,
      mcap: 11944.834205863863,
      priceChangePcs: [Object],
      transactions: [Object],
      audit: [Object],
      security: [Object],
      tokenCreatedTimestamp: 2023-04-20T21:22:23.000Z,
      liquidity: [Object]
    },
    {
      id: '0x172fcD41E0913e95784454622d1c3724f546f849',
      tokenName: 'Tether USD',
      tokenSymbol: 'USDT',
      tokenAddress: '0x55d398326f99059fF775485246999027B3197955',
      pairAddress: '0x172fcD41E0913e95784454622d1c3724f546f849',
      chain: 'BSC',
      exchange: '0x1b81D678ffb9C0263b24A97847620C99d213eB14',
      priceUsd: 1.0003248226424524,
      volumeUsd: 302823157.87,
      mcap: 7483969539.99,
      priceChangePcs: [Object],
      transactions: [Object],
      audit: [Object],
      security: [Object],
      tokenCreatedTimestamp: 2022-05-13T09:04:03.000Z,
      liquidity: [Object]
    },
    {
      id: '4VCAmmx2szE1BBQeF2w3zt2w9F5nFvxJtDtRjYKK1WLd',
      tokenName: 'Mask Coin',
      tokenSymbol: 'MetaMask',
      tokenAddress: 'AyTeAqqfmKeQdBdhtLzwmW8vPE2xeW9Re7BbArfLhdWf',
      pairAddress: '4VCAmmx2szE1BBQeF2w3zt2w9F5nFvxJtDtRjYKK1WLd',
      chain: 'SOL',
      exchange: 'pAMMBay6oceH9fJKBRHGP5D4bD4sWpmSwMn52FMfXEA',
      priceUsd: 0,
      volumeUsd: 274174439.89,
      mcap: 1067837.06,
      priceChangePcs: [Object],
      transactions: [Object],
      audit: [Object],
      security: [Object],
      tokenCreatedTimestamp: 2025-09-26T16:45:30.000Z,
      liquidity: [Object]
    },
    {
      id: '6aCxf9vimJNQ8aC2W69f79AHrZhq5mcYq9ciCL6fn7KM',
      tokenName: 'Falcon Finance',
      tokenSymbol: 'FF',
      tokenAddress: 'DqjhEgkNQM49r17PMJCkaQXDF4CVezo3VbGvQrGGL83N',
      pairAddress: '6aCxf9vimJNQ8aC2W69f79AHrZhq5mcYq9ciCL6fn7KM',
      chain: 'SOL',
      exchange: 'pAMMBay6oceH9fJKBRHGP5D4bD4sWpmSwMn52FMfXEA',
      priceUsd: 0,
      volumeUsd: 194493582.85,
      mcap: 1430328.15,
      priceChangePcs: [Object],
      transactions: [Object],
      audit: [Object],
      security: [Object],
      tokenCreatedTimestamp: 2025-09-27T03:22:30.000Z,
      liquidity: [Object]
    },
    {
      id: '0xCF39e58ed4deCc9ef7Bdb2F9335602DC22BE99b4',
      tokenName: 'World of Dypians',
      tokenSymbol: 'WoD',
      tokenAddress: '0xb994882a1b9bd98A71Dd6ea5F61577c42848B0E8',
      pairAddress: '0xCF39e58ed4deCc9ef7Bdb2F9335602DC22BE99b4',
      chain: 'BSC',
      exchange: '0x1b81D678ffb9C0263b24A97847620C99d213eB14',
      priceUsd: 0.10575612367189116,
      volumeUsd: 175890037.99,
      mcap: 105189484.58,
      priceChangePcs: [Object],
      transactions: [Object],
      audit: [Object],
      security: [Object],
      tokenCreatedTimestamp: 2025-01-02T11:55:56.000Z,
      liquidity: [Object]
    },
    {
      id: '4fDu1gxCJtqYdrovT7Hba67NzuaHsd8Kg9PXnBZNDdcq',
      tokenName: 'Mask Coin',
      tokenSymbol: 'MetaMask',
      tokenAddress: 'DBqwHc6iufkUPAQ9Yp5wcR9ovwowVksbmDF2eqJndUdN',
      pairAddress: '4fDu1gxCJtqYdrovT7Hba67NzuaHsd8Kg9PXnBZNDdcq',
      chain: 'SOL',
      exchange: 'pAMMBay6oceH9fJKBRHGP5D4bD4sWpmSwMn52FMfXEA',
      priceUsd: 0,
      volumeUsd: 161793080.1,
      mcap: 690792.94,
      priceChangePcs: [Object],
      transactions: [Object],
      audit: [Object],
      security: [Object],
      tokenCreatedTimestamp: 2025-09-27T00:38:56.000Z,
      liquidity: [Object]
    },
    {
      id: '2quQL4PdFzQnhs3b3F645hfteDUBcR9KppLUFshZ6YQG',
      tokenName: 'MetaMask Coin',
      tokenSymbol: 'MetaMask',
      tokenAddress: 'AMzzkoZKaBxim2Mqzu8zQyj23mHq2B38oaN2XSHuDoTF',
      pairAddress: '2quQL4PdFzQnhs3b3F645hfteDUBcR9KppLUFshZ6YQG',
      chain: 'SOL',
      exchange: 'pAMMBay6oceH9fJKBRHGP5D4bD4sWpmSwMn52FMfXEA',
      priceUsd: 0.001040519101,
      volumeUsd: 148976188.42,
      mcap: 1040518.12,
      priceChangePcs: [Object],
      transactions: [Object],
      audit: [Object],
      security: [Object],
      tokenCreatedTimestamp: 2025-09-27T08:44:36.000Z,
      liquidity: [Object]
    },
    {
      id: '0x47a90A2d92A8367A91EfA1906bFc8c1E05bf10c4',
      tokenName: 'Tether USD',
      tokenSymbol: 'USDT',
      tokenAddress: '0x55d398326f99059fF775485246999027B3197955',
      pairAddress: '0x47a90A2d92A8367A91EfA1906bFc8c1E05bf10c4',
      chain: 'BSC',
      exchange: '0xB971eF87ede563556b2ED4b1C0b0019111Dd85d2',
      priceUsd: 1.0001008289018865,
      volumeUsd: 143073377.16,
      mcap: 7482293722,
      priceChangePcs: [Object],
      transactions: [Object],
      audit: [Object],
      security: [Object],
      tokenCreatedTimestamp: 2022-05-14T21:49:54.000Z,
      liquidity: [Object]
    },
    {
      id: '0xf2F84C274F715ba1fE7D1D28a4E377Fb59A33386',
      tokenName: 'Tsunami',
      tokenSymbol: 'NAMI',
      tokenAddress: '0x7EB4DB4dDDB16A329c5aDE17a8a0178331267E28',
      pairAddress: '0xf2F84C274F715ba1fE7D1D28a4E377Fb59A33386',
      chain: 'ETH',
      exchange: '0x7a250d5630B4cF539739dF2C5dAcb4c659F2488D',
      priceUsd: 0.0012804149790016214,
      volumeUsd: 134794349.18,
      mcap: 935.51,
      priceChangePcs: [Object],
      transactions: [Object],
      audit: [Object],
      security: [Object],
      tokenCreatedTimestamp: 2020-10-23T09:47:51.000Z,
      liquidity: [Object]
    },
    {
      id: 'HzSxT5dW8GGiTaZnsdeUJur2ZregN8zR85rdYiw2udTK',
      tokenName: 'Bitlight Labs',
      tokenSymbol: 'LIGHT',
      tokenAddress: 'HhL7vXsUVFjk37fJfmHqsvcv1k9sJJKR2pan4BQJs8Ex',
      pairAddress: 'HzSxT5dW8GGiTaZnsdeUJur2ZregN8zR85rdYiw2udTK',
      chain: 'SOL',
      exchange: 'pAMMBay6oceH9fJKBRHGP5D4bD4sWpmSwMn52FMfXEA',
      priceUsd: 0,
      volumeUsd: 112231946.63,
      mcap: 1649821.99,
      priceChangePcs: [Object],
      transactions: [Object],
      audit: [Object],
      security: [Object],
      tokenCreatedTimestamp: 2025-09-26T15:08:02.000Z,
      liquidity: [Object]
    },
    {
      id: '0xcf8d62960Fb7Ce5F1359E5D9267e32B9522d5d7C',
      tokenName: 'BURNETH',
      tokenSymbol: 'BURNETH',
      tokenAddress: '0x2EdC30CF3BB7c840c41C1BC3485Aa3619C46465a',
      pairAddress: '0xcf8d62960Fb7Ce5F1359E5D9267e32B9522d5d7C',
      chain: 'ETH',
      exchange: '0x7a250d5630B4cF539739dF2C5dAcb4c659F2488D',
      priceUsd: 1.0982931113209496e-8,
      volumeUsd: 104703000.84,
      mcap: 1079.05,
      priceChangePcs: [Object],
      transactions: [Object],
      audit: [Object],
      security: [Object],
      tokenCreatedTimestamp: 2024-10-30T08:58:59.000Z,
      liquidity: [Object]
    },
    {
      id: '3FMq5HUcKreBGB83pTZ5o9tEKfViofL4WqoSNJJxzCAY',
      tokenName: 'GOAT Network',
      tokenSymbol: 'GOATED',
      tokenAddress: 'C8V18XHwwP3ynMHfxVzuzoM3LANwojBaQAs6DuKtZnVm',
      pairAddress: '3FMq5HUcKreBGB83pTZ5o9tEKfViofL4WqoSNJJxzCAY',
      chain: 'SOL',
      exchange: 'pAMMBay6oceH9fJKBRHGP5D4bD4sWpmSwMn52FMfXEA',
      priceUsd: 0.0015332800169086502,
      volumeUsd: 100990280.53,
      mcap: 1533278,
      priceChangePcs: [Object],
      transactions: [Object],
      audit: [Object],
      security: [Object],
      tokenCreatedTimestamp: 2025-09-26T15:00:39.000Z,
      liquidity: [Object]
    },
    {
      id: 'pWGMSzVa3bxktGVcDy8JASvM2ixeifNKFJiCK9Y4NUE',
      tokenName: 'Official Ronaldo',
      tokenSymbol: 'CR7',
      tokenAddress: 'FdpvkaYHkUD5vYHxAmS4foJrer1eoL9YwUFyVSdF6KFC',
      pairAddress: 'pWGMSzVa3bxktGVcDy8JASvM2ixeifNKFJiCK9Y4NUE',
      chain: 'SOL',
      exchange: 'pAMMBay6oceH9fJKBRHGP5D4bD4sWpmSwMn52FMfXEA',
      priceUsd: 0.00005194339731605096,
      volumeUsd: 99544504.23,
      mcap: 51943.38,
      priceChangePcs: [Object],
      transactions: [Object],
      audit: [Object],
      security: [Object],
      tokenCreatedTimestamp: 2025-09-26T16:12:55.000Z,
      liquidity: [Object]
    },
    {
      id: 'GTc2CX4pBzZEtN6PtLmnhZpFMkTXVnxnoJJhaKsaUgCe',
      tokenName: 'MetaMask Coin',
      tokenSymbol: 'MetaMask',
      tokenAddress: '91dpHfnGBkkrgQfjyTEVKuVxUdkMnCBHVV2DCdfMsBAU',
      pairAddress: 'GTc2CX4pBzZEtN6PtLmnhZpFMkTXVnxnoJJhaKsaUgCe',
      chain: 'SOL',
      exchange: 'pAMMBay6oceH9fJKBRHGP5D4bD4sWpmSwMn52FMfXEA',
      priceUsd: 0.0007352460896898907,
      volumeUsd: 96743573.35,
      mcap: 735245.53,
      priceChangePcs: [Object],
      transactions: [Object],
      audit: [Object],
      security: [Object],
      tokenCreatedTimestamp: 2025-09-26T11:52:59.000Z,
      liquidity: [Object]
    },
    {
      id: 'p3sLcnFeCcFtfMhUVR9b4x6mCcFymhnKmineJAA6Jp5',
      tokenName: 'GOAT Network',
      tokenSymbol: 'GOATED',
      tokenAddress: 'FmmLMdrGAXEpJLNTFsqL6g5ubF2DA6Tkf8fGhTeijKYe',
      pairAddress: 'p3sLcnFeCcFtfMhUVR9b4x6mCcFymhnKmineJAA6Jp5',
      chain: 'SOL',
      exchange: 'pAMMBay6oceH9fJKBRHGP5D4bD4sWpmSwMn52FMfXEA',
      priceUsd: 0,
      volumeUsd: 95610153.76,
      mcap: 1394820.34,
      priceChangePcs: [Object],
      transactions: [Object],
      audit: [Object],
      security: [Object],
      tokenCreatedTimestamp: 2025-09-27T04:34:56.000Z,
      liquidity: [Object]
    },
    {
      id: 'AxSMLfSdNs1ooivbvKCdVQ15kzc2snscZJAsYZPjfBaZ',
      tokenName: 'Mira Network',
      tokenSymbol: 'MIRA',
      tokenAddress: 'AqYqbCzwWyziiM8z6AjW5adNbKfhtmeX7ojik5ULCA47',
      pairAddress: 'AxSMLfSdNs1ooivbvKCdVQ15kzc2snscZJAsYZPjfBaZ',
      chain: 'SOL',
      exchange: 'pAMMBay6oceH9fJKBRHGP5D4bD4sWpmSwMn52FMfXEA',
      priceUsd: 0.0007375740089581808,
      volumeUsd: 92204527.48,
      mcap: 737573,
      priceChangePcs: [Object],
      transactions: [Object],
      audit: [Object],
      security: [Object],
      tokenCreatedTimestamp: 2025-09-26T17:58:18.000Z,
      liquidity: [Object]
    },
    {
      id: '7eRYcKmvtFBot3dDGTeiQjxt65FdHRJTDhmnDTt24MK1',
      tokenName: 'GOAT Network',
      tokenSymbol: 'GOATED',
      tokenAddress: 'DsACiNAtf8TXj1kARsnb2Fa3JhKfxBz9VpQ2fnwJnjXK',
      pairAddress: '7eRYcKmvtFBot3dDGTeiQjxt65FdHRJTDhmnDTt24MK1',
      chain: 'SOL',
      exchange: 'pAMMBay6oceH9fJKBRHGP5D4bD4sWpmSwMn52FMfXEA',
      priceUsd: 0.001359642161847149,
      volumeUsd: 89783004.71,
      mcap: 1359642.08,
      priceChangePcs: [Object],
      transactions: [Object],
      audit: [Object],
      security: [Object],
      tokenCreatedTimestamp: 2025-09-26T19:14:27.000Z,
      liquidity: [Object]
    },
    {
      id: '2xjWY4bXE7gH2YkoxuEN4DuC8SLi97gboEgVGE8ZSrWS',
      tokenName: 'Falcon Finance',
      tokenSymbol: 'FF',
      tokenAddress: 'Fibx6SzLVcqxicX3uDTqKZ8kZGJkFxXMcKmPLM7BsyNC',
      pairAddress: '2xjWY4bXE7gH2YkoxuEN4DuC8SLi97gboEgVGE8ZSrWS',
      chain: 'SOL',
      exchange: 'pAMMBay6oceH9fJKBRHGP5D4bD4sWpmSwMn52FMfXEA',
      priceUsd: 0,
      volumeUsd: 89155145.5,
      mcap: 1141097.07,
      priceChangePcs: [Object],
      transactions: [Object],
      audit: [Object],
      security: [Object],
      tokenCreatedTimestamp: 2025-09-26T22:00:52.000Z,
      liquidity: [Object]
    },
    {
      id: 'ExT1saY11BgVtKwDE8d9vm1Yh9bQ5Gh8r4UNVY1b1Tts',
      tokenName: 'OpenEden_X',
      tokenSymbol: 'EDEN',
      tokenAddress: 'A1uqzuceHaMXXNNt9YMtr99KvNh9eJFhnw9BhdX4gHZy',
      pairAddress: 'ExT1saY11BgVtKwDE8d9vm1Yh9bQ5Gh8r4UNVY1b1Tts',
      chain: 'SOL',
      exchange: 'pAMMBay6oceH9fJKBRHGP5D4bD4sWpmSwMn52FMfXEA',
      priceUsd: 0.0009380118928188284,
      volumeUsd: 82808629.07,
      mcap: 937970.12,
      priceChangePcs: [Object],
      transactions: [Object],
      audit: [Object],
      security: [Object],
      tokenCreatedTimestamp: 2025-09-26T21:21:51.000Z,
      liquidity: [Object]
    },
    {
      id: '82ZgX2tHeVTmTt5z2Eqo7cZe99bK22PwyVRNVJF9aMaV',
      tokenName: 'GOAT Network',
      tokenSymbol: 'GOATED',
      tokenAddress: '71rYYNZ1bybEPh4vBBAyWg1wgm2n66pcwFbRv5uorWPS',
      pairAddress: '82ZgX2tHeVTmTt5z2Eqo7cZe99bK22PwyVRNVJF9aMaV',
      chain: 'SOL',
      exchange: 'pAMMBay6oceH9fJKBRHGP5D4bD4sWpmSwMn52FMfXEA',
      priceUsd: 0,
      volumeUsd: 81790606.33,
      mcap: 1228310.56,
      priceChangePcs: [Object],
      transactions: [Object],
      audit: [Object],
      security: [Object],
      tokenCreatedTimestamp: 2025-09-27T09:20:38.000Z,
      liquidity: [Object]
    },
    {
      id: 'G75wBqjLJbZSn5p1GNwnmBgkKVwRcXKP3FaSiYgpmcRw',
      tokenName: 'GOAT Network',
      tokenSymbol: 'GOATED🟡',
      tokenAddress: 'CX1shFVzc3G8VpmDg73TMYHNrTeZFT4Yz5JWUBy2sDZv',
      pairAddress: 'G75wBqjLJbZSn5p1GNwnmBgkKVwRcXKP3FaSiYgpmcRw',
      chain: 'SOL',
      exchange: 'pAMMBay6oceH9fJKBRHGP5D4bD4sWpmSwMn52FMfXEA',
      priceUsd: 0,
      volumeUsd: 81632799.06,
      mcap: 31971.95,
      priceChangePcs: [Object],
      transactions: [Object],
      audit: [Object],
      security: [Object],
      tokenCreatedTimestamp: 2025-09-27T05:59:35.000Z,
      liquidity: [Object]
    },
    {
      id: 'EiuKuPvi9Cv2eQdSTcBHTkD4KcnM76XzoaCmjwnW6aw3',
      tokenName: 'Falcon Finance',
      tokenSymbol: 'FF',
      tokenAddress: 'bseLibkFaXTrG7RbTVQ2gspPvDuTbXBwxD28VyvEx7s',
      pairAddress: 'EiuKuPvi9Cv2eQdSTcBHTkD4KcnM76XzoaCmjwnW6aw3',
      chain: 'SOL',
      exchange: 'pAMMBay6oceH9fJKBRHGP5D4bD4sWpmSwMn52FMfXEA',
      priceUsd: 0.0009881765395042168,
      volumeUsd: 78735598.86,
      mcap: 988176.3,
      priceChangePcs: [Object],
      transactions: [Object],
      audit: [Object],
      security: [Object],
      tokenCreatedTimestamp: 2025-09-26T15:10:13.000Z,
      liquidity: [Object]
    },
    {
      id: 'Jjy3AkTgDfuQmwcemcA5A7Es5gT2UdiWKuEYEkNXwg7',
      tokenName: 'MetaMask Coin',
      tokenSymbol: 'MetaMask',
      tokenAddress: '3eU4mPJbiGJ7PokKuYZywQrfZZtd4h4BYkmYdbA9CDJo',
      pairAddress: 'Jjy3AkTgDfuQmwcemcA5A7Es5gT2UdiWKuEYEkNXwg7',
      chain: 'SOL',
      exchange: 'pAMMBay6oceH9fJKBRHGP5D4bD4sWpmSwMn52FMfXEA',
      priceUsd: 0,
      volumeUsd: 78546838.49,
      mcap: 554635.8,
      priceChangePcs: [Object],
      transactions: [Object],
      audit: [Object],
      security: [Object],
      tokenCreatedTimestamp: 2025-09-27T06:09:44.000Z,
      liquidity: [Object]
    },
    {
      id: '3yKsk9wBH5Bqht6Q8BHJdHGEWd91UmFaSGdYPPqMerR4',
      tokenName: 'Mira Network',
      tokenSymbol: 'MIRA',
      tokenAddress: '8QEEkEsx8NgruD5RdmEVHcaoJDMPUz5Gq7BdZSyLCP7i',
      pairAddress: '3yKsk9wBH5Bqht6Q8BHJdHGEWd91UmFaSGdYPPqMerR4',
      chain: 'SOL',
      exchange: 'pAMMBay6oceH9fJKBRHGP5D4bD4sWpmSwMn52FMfXEA',
      priceUsd: 0,
      volumeUsd: 71255333.56,
      mcap: 481259.35,
      priceChangePcs: [Object],
      transactions: [Object],
      audit: [Object],
      security: [Object],
      tokenCreatedTimestamp: 2025-09-26T21:13:23.000Z,
      liquidity: [Object]
    },
    {
      id: 'HRaeeBu2Bhx1KDd25336ak6oeKCo7i6UjEeuxgWjqf82',
      tokenName: 'OpenEden_X',
      tokenSymbol: 'EDEN',
      tokenAddress: 'AMGYeSWL7RwykkLNTEVMd9pDbSJrEBbypypWv8XxCZfw',
      pairAddress: 'HRaeeBu2Bhx1KDd25336ak6oeKCo7i6UjEeuxgWjqf82',
      chain: 'SOL',
      exchange: 'pAMMBay6oceH9fJKBRHGP5D4bD4sWpmSwMn52FMfXEA',
      priceUsd: 0,
      volumeUsd: 69752805.36,
      mcap: 846088.34,
      priceChangePcs: [Object],
      transactions: [Object],
      audit: [Object],
      security: [Object],
      tokenCreatedTimestamp: 2025-09-26T18:41:58.000Z,
      liquidity: [Object]
    },
    {
      id: '3dnWHQGvTwgbYDFCLtaRBecbCF3k1ogC78hDTPyAMB4o',
      tokenName: 'OpenEden_DEX',
      tokenSymbol: 'EDEN',
      tokenAddress: '6QXcuTqsxqi7SSzYv7xFujpHWy7hmsqWDh2HnD6yc3Ks',
      pairAddress: '3dnWHQGvTwgbYDFCLtaRBecbCF3k1ogC78hDTPyAMB4o',
      chain: 'SOL',
      exchange: 'pAMMBay6oceH9fJKBRHGP5D4bD4sWpmSwMn52FMfXEA',
      priceUsd: 0.0005233944867,
      volumeUsd: 66781147.96,
      mcap: 523394.42,
      priceChangePcs: [Object],
      transactions: [Object],
      audit: [Object],
      security: [Object],
      tokenCreatedTimestamp: 2025-09-27T04:10:00.000Z,
      liquidity: [Object]
    },
    {
      id: '0xc7bBeC68d12a0d1830360F8Ec58fA599bA1b0e9b',
      tokenName: 'Tether USD',
      tokenSymbol: 'USDT',
      tokenAddress: '0xdAC17F958D2ee523a2206206994597C13D831ec7',
      pairAddress: '0xc7bBeC68d12a0d1830360F8Ec58fA599bA1b0e9b',
      chain: 'ETH',
      exchange: '0x68b3465833fb72A70ecDF485E0e4C7bD8665Fc45',
      priceUsd: 0.9992399566744775,
      volumeUsd: 64368309.88,
      mcap: 94701508584.23,
      priceChangePcs: [Object],
      transactions: [Object],
      audit: [Object],
      security: [Object],
      tokenCreatedTimestamp: 2022-12-26T04:37:47.000Z,
      liquidity: [Object]
    },
    {
      id: '6BJ7EWQsYHbVHni4mhfYJ32xNV6a8Tu6PSTVmrLKjKT9',
      tokenName: 'Official Ronaldo',
      tokenSymbol: 'CR7',
      tokenAddress: 'CgAJ1DwCUSjKtL1cDFrLKpSaPn6o4pmP8ZhQcxiGMF5e',
      pairAddress: '6BJ7EWQsYHbVHni4mhfYJ32xNV6a8Tu6PSTVmrLKjKT9',
      chain: 'SOL',
      exchange: 'pAMMBay6oceH9fJKBRHGP5D4bD4sWpmSwMn52FMfXEA',
      priceUsd: 0.0000219420916,
      volumeUsd: 62028114.93,
      mcap: 21942.09,
      priceChangePcs: [Object],
      transactions: [Object],
      audit: [Object],
      security: [Object],
      tokenCreatedTimestamp: 2025-09-27T09:42:26.000Z,
      liquidity: [Object]
    },
    {
      id: '0xCA3F029A70d5d90000E614afD29E5c833f33CEa5',
      tokenName: 'Ark Of Panda',
      tokenSymbol: 'AOP',
      tokenAddress: '0xd5dF4d260D7a0145F655bcBf3B398076F21016C7',
      pairAddress: '0xCA3F029A70d5d90000E614afD29E5c833f33CEa5',
      chain: 'BSC',
      exchange: '0x1b81D678ffb9C0263b24A97847620C99d213eB14',
      priceUsd: 0.06387563847609318,
      volumeUsd: 61642333.75,
      mcap: 127751276.95,
      priceChangePcs: [Object],
      transactions: [Object],
      audit: [Object],
      security: [Object],
      tokenCreatedTimestamp: 2025-09-18T07:15:21.000Z,
      liquidity: [Object]
    },
    {
      id: 'HcWiiZEBHBKWmHP4ZjxqwQWhGwovXUvThU4aNt4yANye',
      tokenName: 'Bitlight Labs',
      tokenSymbol: 'LIGHT',
      tokenAddress: 'FHZBpDdytvgDFXvfXoXpR3CNiWRzs5rVqq4L1g1HKrGk',
      pairAddress: 'HcWiiZEBHBKWmHP4ZjxqwQWhGwovXUvThU4aNt4yANye',
      chain: 'SOL',
      exchange: 'pAMMBay6oceH9fJKBRHGP5D4bD4sWpmSwMn52FMfXEA',
      priceUsd: 0,
      volumeUsd: 61386942.25,
      mcap: 796524.46,
      priceChangePcs: [Object],
      transactions: [Object],
      audit: [Object],
      security: [Object],
      tokenCreatedTimestamp: 2025-09-27T02:44:11.000Z,
      liquidity: [Object]
    },
    {
      id: '9L3eT5BxHWo8hEpGQ3NzbmYJRSvMN4ajDtDGxsqKhQGo',
      tokenName: 'OpenEden_X@@',
      tokenSymbol: 'EDEN✨',
      tokenAddress: '3FbH4RYYVZb8AMVwLigqKigjLNtr45Hbc5iJ7QXC33MP',
      pairAddress: '9L3eT5BxHWo8hEpGQ3NzbmYJRSvMN4ajDtDGxsqKhQGo',
      chain: 'SOL',
      exchange: 'pAMMBay6oceH9fJKBRHGP5D4bD4sWpmSwMn52FMfXEA',
      priceUsd: 0,
      volumeUsd: 60604758.09,
      mcap: 515825.11,
      priceChangePcs: [Object],
      transactions: [Object],
      audit: [Object],
      security: [Object],
      tokenCreatedTimestamp: 2025-09-27T00:58:19.000Z,
      liquidity: [Object]
    },
    {
      id: '5YWJdKDXJmi77oPT8VD4kTGH7yv1A9f5N4HEVepmgweN',
      tokenName: 'Monad (mainnet arc)',
      tokenSymbol: 'MON',
      tokenAddress: '5vLL55cHMYGFBTnLaSpzrcJgqzKmZznvmzQBQiiRzr7P',
      pairAddress: '5YWJdKDXJmi77oPT8VD4kTGH7yv1A9f5N4HEVepmgweN',
      chain: 'SOL',
      exchange: 'pAMMBay6oceH9fJKBRHGP5D4bD4sWpmSwMn52FMfXEA',
      priceUsd: 0,
      volumeUsd: 59984966.27,
      mcap: 624616.24,
      priceChangePcs: [Object],
      transactions: [Object],
      audit: [Object],
      security: [Object],
      tokenCreatedTimestamp: 2025-09-27T07:42:22.000Z,
      liquidity: [Object]
    },
    {
      id: 'BDrDMa9mpQxoTkjYXgmZVjW9nxCi9tgrMmcfvu8fSYDF',
      tokenName: 'GOAT Network',
      tokenSymbol: 'GOATED',
      tokenAddress: '517im42zwkQQUgVZnk4fp19UBdgFv2cBt6cH5vPRbTAw',
      pairAddress: 'BDrDMa9mpQxoTkjYXgmZVjW9nxCi9tgrMmcfvu8fSYDF',
      chain: 'SOL',
      exchange: 'pAMMBay6oceH9fJKBRHGP5D4bD4sWpmSwMn52FMfXEA',
      priceUsd: 0.0009455779007439551,
      volumeUsd: 59748080.59,
      mcap: 945577.12,
      priceChangePcs: [Object],
      transactions: [Object],
      audit: [Object],
      security: [Object],
      tokenCreatedTimestamp: 2025-09-26T22:58:11.000Z,
      liquidity: [Object]
    },
    {
      id: 'CvxgmSEvTYzs37GRSjGmGCsiCrB1X4RxMCR1pD5o7QAv',
      tokenName: 'Bitlight Labs',
      tokenSymbol: 'LIGHT',
      tokenAddress: '6izx19WzDYGreCprA5wpinxdSQqRP5h4Geb3h3cG73SA',
      pairAddress: 'CvxgmSEvTYzs37GRSjGmGCsiCrB1X4RxMCR1pD5o7QAv',
      chain: 'SOL',
      exchange: 'pAMMBay6oceH9fJKBRHGP5D4bD4sWpmSwMn52FMfXEA',
      priceUsd: 0,
      volumeUsd: 59720185.09,
      mcap: 852313.07,
      priceChangePcs: [Object],
      transactions: [Object],
      audit: [Object],
      security: [Object],
      tokenCreatedTimestamp: 2025-09-27T04:58:11.000Z,
      liquidity: [Object]
    },
    {
      id: '7EkRhnQx5dJ9pasQosJUzMxyS12b4mEL8ipjUZ4BpwW3',
      tokenName: 'OpenEden_X',
      tokenSymbol: 'EDEN',
      tokenAddress: 'HRVjSJ1kv5qunM3tCJqNNhqGAvBqHXCpDRwkt8KKMxTf',
      pairAddress: '7EkRhnQx5dJ9pasQosJUzMxyS12b4mEL8ipjUZ4BpwW3',
      chain: 'SOL',
      exchange: 'pAMMBay6oceH9fJKBRHGP5D4bD4sWpmSwMn52FMfXEA',
      priceUsd: 0.0005136990373350583,
      volumeUsd: 58900805.72,
      mcap: 513698.85,
      priceChangePcs: [Object],
      transactions: [Object],
      audit: [Object],
      security: [Object],
      tokenCreatedTimestamp: 2025-09-26T13:24:40.000Z,
      liquidity: [Object]
    },
    {
      id: '4icxYpSiggvcn6cj4F217FYvaRWVGt9tpw4FMpBUrn8e',
      tokenName: 'Opensea',
      tokenSymbol: 'SEA',
      tokenAddress: '65LPZrf4ZJKSEa3eQUBQ5fV8YCmdcX91a4pG8Zsag3Jk',
      pairAddress: '4icxYpSiggvcn6cj4F217FYvaRWVGt9tpw4FMpBUrn8e',
      chain: 'SOL',
      exchange: 'pAMMBay6oceH9fJKBRHGP5D4bD4sWpmSwMn52FMfXEA',
      priceUsd: 0.00001754391853,
      volumeUsd: 57156903.74,
      mcap: 17543.91,
      priceChangePcs: [Object],
      transactions: [Object],
      audit: [Object],
      security: [Object],
      tokenCreatedTimestamp: 2025-09-27T09:38:10.000Z,
      liquidity: [Object]
    },
    {
      id: 'CcB5AazsQ87qz4x2G2ZnNykgJzRr2gqLhTDHfktYushF',
      tokenName: 'Falcon Finance',
      tokenSymbol: 'FF',
      tokenAddress: 'FrHGaeLF8TscrKWYJFfEP7Xi91SSSYaFXZsh3Br5EPMc',
      pairAddress: 'CcB5AazsQ87qz4x2G2ZnNykgJzRr2gqLhTDHfktYushF',
      chain: 'SOL',
      exchange: 'pAMMBay6oceH9fJKBRHGP5D4bD4sWpmSwMn52FMfXEA',
      priceUsd: 0.0007532722571,
      volumeUsd: 55489769.04,
      mcap: 753271.47,
      priceChangePcs: [Object],
      transactions: [Object],
      audit: [Object],
      security: [Object],
      tokenCreatedTimestamp: 2025-09-27T11:30:55.000Z,
      liquidity: [Object]
    },
    {
      id: '3ucNos4NbumPLZNWztqGHNFFgkHeRMBQAVemeeomsUxv',
      tokenName: 'USD Coin',
      tokenSymbol: 'USDC',
      tokenAddress: 'EPjFWdd5AufqSSqeM2qN1xzybapC8G4wEGGkZwyTDt1v',
      pairAddress: '3ucNos4NbumPLZNWztqGHNFFgkHeRMBQAVemeeomsUxv',
      chain: 'SOL',
      exchange: 'CAMMCzo5YL8w4VFF8KVHrK22GGUsp5VTaW7grrKgrWqK',
      priceUsd: 1.000297761,
      volumeUsd: 54774911.1,
      mcap: 10148785864.32,
      priceChangePcs: [Object],
      transactions: [Object],
      audit: [Object],
      security: [Object],
      tokenCreatedTimestamp: 2025-01-12T20:36:22.000Z,
      liquidity: [Object]
    },
    {
      id: '5U98VbSfqJPMejWxg1MC1Y4oFeyEMGTj8JNPcCvGp1vZ',
      tokenName: 'Falcon Finance',
      tokenSymbol: 'FF',
      tokenAddress: 'A8miNTG5bvVZa8DKHPwHLBbHScf6KysgMbWpToTGZEQT',
      pairAddress: '5U98VbSfqJPMejWxg1MC1Y4oFeyEMGTj8JNPcCvGp1vZ',
      chain: 'SOL',
      exchange: 'pAMMBay6oceH9fJKBRHGP5D4bD4sWpmSwMn52FMfXEA',
      priceUsd: 0,
      volumeUsd: 54281000.56,
      mcap: 967504.2,
      priceChangePcs: [Object],
      transactions: [Object],
      audit: [Object],
      security: [Object],
      tokenCreatedTimestamp: 2025-09-27T01:17:42.000Z,
      liquidity: [Object]
    },
    {
      id: 'CMAvF24c6DHhWL18MZ9xZDsXSepnDijbEQCUnRVprxwX',
      tokenName: 'Mira_Network',
      tokenSymbol: 'MIRA',
      tokenAddress: 'BMoMNUAJoth4YH1HdSuvqjpR6BiEkTSmZLJ7vmcrNoLW',
      pairAddress: 'CMAvF24c6DHhWL18MZ9xZDsXSepnDijbEQCUnRVprxwX',
      chain: 'SOL',
      exchange: 'pAMMBay6oceH9fJKBRHGP5D4bD4sWpmSwMn52FMfXEA',
      priceUsd: 0.00001373416277,
      volumeUsd: 51634961.52,
      mcap: 13734.16,
      priceChangePcs: [Object],
      transactions: [Object],
      audit: [Object],
      security: [Object],
      tokenCreatedTimestamp: 2025-09-27T03:47:55.000Z,
      liquidity: [Object]
    },
    {
      id: 'F8m2TynBCNjLTvZDaDEYHvRSWdBwYWkNQqhWJTdtUMGB',
      tokenName: 'MetaMask Coin',
      tokenSymbol: 'MetaMask',
      tokenAddress: 'HdsopTwezQGCgrNQtcHpMRMCJpHaXmbxtdzcBwpkJbNp',
      pairAddress: 'F8m2TynBCNjLTvZDaDEYHvRSWdBwYWkNQqhWJTdtUMGB',
      chain: 'SOL',
      exchange: 'pAMMBay6oceH9fJKBRHGP5D4bD4sWpmSwMn52FMfXEA',
      priceUsd: 0.0002458071064,
      volumeUsd: 51372979.15,
      mcap: 245806.59,
      priceChangePcs: [Object],
      transactions: [Object],
      audit: [Object],
      security: [Object],
      tokenCreatedTimestamp: 2025-09-27T03:37:36.000Z,
      liquidity: [Object]
    },
    {
      id: 'JGLWg1ZyvvaGj7xumoFgvyBedQoTmTtgL6gfZ7TsBhu',
      tokenName: 'GOAT Network',
      tokenSymbol: 'GOATED',
      tokenAddress: 'BgGsy64smJdsW1HEeXYPpwnUYid6rcDUzdNEWeij2aTg',
      pairAddress: 'JGLWg1ZyvvaGj7xumoFgvyBedQoTmTtgL6gfZ7TsBhu',
      chain: 'SOL',
      exchange: 'pAMMBay6oceH9fJKBRHGP5D4bD4sWpmSwMn52FMfXEA',
      priceUsd: 0,
      volumeUsd: 51073311.16,
      mcap: 676084.2,
      priceChangePcs: [Object],
      transactions: [Object],
      audit: [Object],
      security: [Object],
      tokenCreatedTimestamp: 2025-09-27T02:19:58.000Z,
      liquidity: [Object]
    },
    {
      id: '4NAdnJaeioRVcbgVusJtEpcjCdVC83icooKJ5dMZUYZb',
      tokenName: 'Mask Coin',
      tokenSymbol: 'MetaMask',
      tokenAddress: 'CV7HTQR5muoKgpdCaCHXkXiYpHAm1Tw3GHvTxZWyuYxM',
      pairAddress: '4NAdnJaeioRVcbgVusJtEpcjCdVC83icooKJ5dMZUYZb',
      chain: 'SOL',
      exchange: 'pAMMBay6oceH9fJKBRHGP5D4bD4sWpmSwMn52FMfXEA',
      priceUsd: 0.0001722366045311415,
      volumeUsd: 49586584.66,
      mcap: 172235.69,
      priceChangePcs: [Object],
      transactions: [Object],
      audit: [Object],
      security: [Object],
      tokenCreatedTimestamp: 2025-09-26T21:24:44.000Z,
      liquidity: [Object]
    },
    {
      id: '0x5777d92f208679DB4b9778590Fa3CAB3aC9e2168',
      tokenName: 'Dai Stablecoin',
      tokenSymbol: 'DAI',
      tokenAddress: '0x6B175474E89094C44Da98b954EedeAC495271d0F',
      pairAddress: '0x5777d92f208679DB4b9778590Fa3CAB3aC9e2168',
      chain: 'ETH',
      exchange: '0x68b3465833fb72A70ecDF485E0e4C7bD8665Fc45',
      priceUsd: 0.9999155108457336,
      volumeUsd: 49011422.18,
      mcap: 4601454987.11,
      priceChangePcs: [Object],
      transactions: [Object],
      audit: [Object],
      security: [Object],
      tokenCreatedTimestamp: 2021-11-13T02:45:03.000Z,
      liquidity: [Object]
    },
    {
      id: '84fZSnPSyjxc23X1rvtZgJSXHSo4CGjFSLnyipZrkwyV',
      tokenName: 'OpenEden_X',
      tokenSymbol: 'EDEN',
      tokenAddress: '92BAaCDPw4Q4ux2hqrwA1mbbnhJefjzWy7H31tH2xbaT',
      pairAddress: '84fZSnPSyjxc23X1rvtZgJSXHSo4CGjFSLnyipZrkwyV',
      chain: 'SOL',
      exchange: 'pAMMBay6oceH9fJKBRHGP5D4bD4sWpmSwMn52FMfXEA',
      priceUsd: 0.0005466589487718114,
      volumeUsd: 47890932.89,
      mcap: 546658.44,
      priceChangePcs: [Object],
      transactions: [Object],
      audit: [Object],
      security: [Object],
      tokenCreatedTimestamp: 2025-09-26T16:04:31.000Z,
      liquidity: [Object]
    },
    {
      id: '86y2dm9iex1emL289N62tk75awZVmYrFuHDQXdwWDUxE',
      tokenName: 'Official Ronaldo',
      tokenSymbol: 'CR7',
      tokenAddress: '6dPGogSySP69D9MVuaRPauFQDTsma8XZAwN5NtQZaFo9',
      pairAddress: '86y2dm9iex1emL289N62tk75awZVmYrFuHDQXdwWDUxE',
      chain: 'SOL',
      exchange: 'pAMMBay6oceH9fJKBRHGP5D4bD4sWpmSwMn52FMfXEA',
      priceUsd: 0.00001261652886,
      volumeUsd: 47099357.74,
      mcap: 12616.52,
      priceChangePcs: [Object],
      transactions: [Object],
      audit: [Object],
      security: [Object],
      tokenCreatedTimestamp: 2025-09-27T07:12:36.000Z,
      liquidity: [Object]
    },
    {
      id: '0x88e6A0c2dDD26FEEb64F039a2c41296FcB3f5640',
      tokenName: 'USD Coin',
      tokenSymbol: 'USDC',
      tokenAddress: '0xA0b86991c6218b36c1d19D4a2e9Eb0cE3606eB48',
      pairAddress: '0x88e6A0c2dDD26FEEb64F039a2c41296FcB3f5640',
      chain: 'ETH',
      exchange: '0x68b3465833fb72A70ecDF485E0e4C7bD8665Fc45',
      priceUsd: 0.9985787857875046,
      volumeUsd: 44900233.26,
      mcap: 48698178912.27,
      priceChangePcs: [Object],
      transactions: [Object],
      audit: [Object],
      security: [Object],
      tokenCreatedTimestamp: 2021-05-05T21:42:11.000Z,
      liquidity: [Object]
    },
    {
      id: '5WRDHbRmSm7nQ73KtVCLMnTDEoSBPH6ZfX9dd68UhmuR',
      tokenName: 'Bitlight Labs',
      tokenSymbol: 'LIGHT✨',
      tokenAddress: '2KUNyDwcfw4wHkSnugapjTT1JdrtsoPfdAD6JfsyVSn5',
      pairAddress: '5WRDHbRmSm7nQ73KtVCLMnTDEoSBPH6ZfX9dd68UhmuR',
      chain: 'SOL',
      exchange: 'pAMMBay6oceH9fJKBRHGP5D4bD4sWpmSwMn52FMfXEA',
      priceUsd: 0.00001285406402,
      volumeUsd: 43954494.01,
      mcap: 12854.06,
      priceChangePcs: [Object],
      transactions: [Object],
      audit: [Object],
      security: [Object],
      tokenCreatedTimestamp: 2025-09-27T01:54:54.000Z,
      liquidity: [Object]
    },
    {
      id: '3XP2gPB5P6TkvUuSnpNd136TtaGxSXibjDkvFvYFB6mK',
      tokenName: 'Bitlight Labs',
      tokenSymbol: 'LIGHT',
      tokenAddress: '8pEpKLkcFB22rjg7SzervrhWPEaXVjVhtPa1EPWZEXBK',
      pairAddress: '3XP2gPB5P6TkvUuSnpNd136TtaGxSXibjDkvFvYFB6mK',
      chain: 'SOL',
      exchange: 'pAMMBay6oceH9fJKBRHGP5D4bD4sWpmSwMn52FMfXEA',
      priceUsd: 0,
      volumeUsd: 43213620.5,
      mcap: 591700.93,
      priceChangePcs: [Object],
      transactions: [Object],
      audit: [Object],
      security: [Object],
      tokenCreatedTimestamp: 2025-09-27T10:29:33.000Z,
      liquidity: [Object]
    },
    {
      id: '6NBeuSTRBmFhMBGAKcUT8V9YbSYz9rVypH9eoHe9j4Hj',
      tokenName: 'Plasma',
      tokenSymbol: 'XPL',
      tokenAddress: '2c61jFWDoP5uwczFnLLyahCgCmLbAPMZcoPXptFZeAHM',
      pairAddress: '6NBeuSTRBmFhMBGAKcUT8V9YbSYz9rVypH9eoHe9j4Hj',
      chain: 'SOL',
      exchange: 'pAMMBay6oceH9fJKBRHGP5D4bD4sWpmSwMn52FMfXEA',
      priceUsd: 0.000012032587287082554,
      volumeUsd: 42234470.57,
      mcap: 12032.58,
      priceChangePcs: [Object],
      transactions: [Object],
      audit: [Object],
      security: [Object],
      tokenCreatedTimestamp: 2025-09-26T20:48:50.000Z,
      liquidity: [Object]
    },
    {
      id: 'HTvjzsfX3yU6BUodCjZ5vZkUrAxMDTrBs3CJaq43ashR',
      tokenName: 'USD Coin',
      tokenSymbol: 'USDC',
      tokenAddress: 'EPjFWdd5AufqSSqeM2qN1xzybapC8G4wEGGkZwyTDt1v',
      pairAddress: 'HTvjzsfX3yU6BUodCjZ5vZkUrAxMDTrBs3CJaq43ashR',
      chain: 'SOL',
      exchange: 'LBUZKhRxPF3XUpBCjp4YzTKgLccjZhTSDM9YuVaPwxo',
      priceUsd: 0.9996404144,
      volumeUsd: 42138387.84,
      mcap: 10142116580.29,
      priceChangePcs: [Object],
      transactions: [Object],
      audit: [Object],
      security: [Object],
      tokenCreatedTimestamp: 2025-01-16T08:06:00.000Z,
      liquidity: [Object]
    },
    {
      id: 'EuPnpWGTPB5iYm34rTzk7aCvhBzZvGEjXhRwE65ShBdE',
      tokenName: 'Bitlight Labs',
      tokenSymbol: 'LIGHT',
      tokenAddress: '35ueb87P8QGLMJg8sJJL9KzsGnauNRdY3cj2gCu5rhyx',
      pairAddress: 'EuPnpWGTPB5iYm34rTzk7aCvhBzZvGEjXhRwE65ShBdE',
      chain: 'SOL',
      exchange: 'pAMMBay6oceH9fJKBRHGP5D4bD4sWpmSwMn52FMfXEA',
      priceUsd: 0,
      volumeUsd: 42110761.83,
      mcap: 510758.05,
      priceChangePcs: [Object],
      transactions: [Object],
      audit: [Object],
      security: [Object],
      tokenCreatedTimestamp: 2025-09-27T08:24:21.000Z,
      liquidity: [Object]
    },
    {
      id: '7A8XiSivB8ZpRL6T7qJFYv2wkxnEubRXt5DbAx15hzAB',
      tokenName: 'BestWalletHQ',
      tokenSymbol: 'Best',
      tokenAddress: 'EPKQvx5DVHDa2cNgXtNTvCtfmhNKKPrUFDDtXDUG5Fxa',
      pairAddress: '7A8XiSivB8ZpRL6T7qJFYv2wkxnEubRXt5DbAx15hzAB',
      chain: 'SOL',
      exchange: 'pAMMBay6oceH9fJKBRHGP5D4bD4sWpmSwMn52FMfXEA',
      priceUsd: 0.00001927527081141244,
      volumeUsd: 41789323.4,
      mcap: 19275.26,
      priceChangePcs: [Object],
      transactions: [Object],
      audit: [Object],
      security: [Object],
      tokenCreatedTimestamp: 2025-09-26T22:56:35.000Z,
      liquidity: [Object]
    },
    {
      id: '0x924E62a3689e7B94F397E61ac796DaBfEa32E93B',
      tokenName: 'TRADOOR',
      tokenSymbol: 'TRADOOR',
      tokenAddress: '0x9123400446a56176Eb1B6BE9ee5CF703e409F492',
      pairAddress: '0x924E62a3689e7B94F397E61ac796DaBfEa32E93B',
      chain: 'BSC',
      exchange: '0x1b81D678ffb9C0263b24A97847620C99d213eB14',
      priceUsd: 2.5552895577163492,
      volumeUsd: 41552637.8,
      mcap: 153317373.46,
      priceChangePcs: [Object],
      transactions: [Object],
      audit: [Object],
      security: [Object],
      tokenCreatedTimestamp: 2025-09-03T09:44:32.000Z,
      liquidity: [Object]
    },
    {
      id: 'EPUn9VkhAHVjtbX9Rsv7RsoZwnUSxyv1eVuUqwXkAh2z',
      tokenName: 'Mira Network',
      tokenSymbol: 'MIRA',
      tokenAddress: 'BvzcpKGyhE1ACoWLzrYvH7hhgYTBUgnmvoPkB4WxHz9X',
      pairAddress: 'EPUn9VkhAHVjtbX9Rsv7RsoZwnUSxyv1eVuUqwXkAh2z',
      chain: 'SOL',
      exchange: 'pAMMBay6oceH9fJKBRHGP5D4bD4sWpmSwMn52FMfXEA',
      priceUsd: 0.00043223732593828887,
      volumeUsd: 41282234.94,
      mcap: 432237.15,
      priceChangePcs: [Object],
      transactions: [Object],
      audit: [Object],
      security: [Object],
      tokenCreatedTimestamp: 2025-09-26T13:34:47.000Z,
      liquidity: [Object]
    },
    {
      id: 'AY1NRnBPV1fzNaWd8AGJ2v78iFoALrBsGc4oXBTuxQ7s',
      tokenName: 'MetaMask Coin',
      tokenSymbol: 'Meta-Mask',
      tokenAddress: 'GQMBkmv3rFJEsiXfRDJbd16TmGP8RckKnjGie5JPhGWf',
      pairAddress: 'AY1NRnBPV1fzNaWd8AGJ2v78iFoALrBsGc4oXBTuxQ7s',
      chain: 'SOL',
      exchange: 'pAMMBay6oceH9fJKBRHGP5D4bD4sWpmSwMn52FMfXEA',
      priceUsd: 0.0002198564611,
      volumeUsd: 41247541,
      mcap: 219855.79,
      priceChangePcs: [Object],
      transactions: [Object],
      audit: [Object],
      security: [Object],
      tokenCreatedTimestamp: 2025-09-27T09:11:49.000Z,
      liquidity: [Object]
    },
    {
      id: '88G7sDF7RvU5x1w5uyYVoCkK7SZewNywDGQA4rL7XsoY',
      tokenName: 'Mask Coin',
      tokenSymbol: 'MetaMask',
      tokenAddress: '9c5NpRifGwvuidHBq6Vw8Hgpcg27RMpJ6Qd9FiSVgPFs',
      pairAddress: '88G7sDF7RvU5x1w5uyYVoCkK7SZewNywDGQA4rL7XsoY',
      chain: 'SOL',
      exchange: 'pAMMBay6oceH9fJKBRHGP5D4bD4sWpmSwMn52FMfXEA',
      priceUsd: 0.00019669429883955626,
      volumeUsd: 40506920.05,
      mcap: 196693.9,
      priceChangePcs: [Object],
      transactions: [Object],
      audit: [Object],
      security: [Object],
      tokenCreatedTimestamp: 2025-09-26T13:25:32.000Z,
      liquidity: [Object]
    },
    {
      id: '0xE0554a476A092703abdB3Ef35c80e0D76d32939F',
      tokenName: 'USD Coin',
      tokenSymbol: 'USDC',
      tokenAddress: '0xA0b86991c6218b36c1d19D4a2e9Eb0cE3606eB48',
      pairAddress: '0xE0554a476A092703abdB3Ef35c80e0D76d32939F',
      chain: 'ETH',
      exchange: '0x68b3465833fb72A70ecDF485E0e4C7bD8665Fc45',
      priceUsd: 0.9988846665031407,
      volumeUsd: 39975519.68,
      mcap: 48713095946.39,
      priceChangePcs: [Object],
      transactions: [Object],
      audit: [Object],
      security: [Object],
      tokenCreatedTimestamp: 2021-11-14T21:44:29.000Z,
      liquidity: [Object]
    },
    {
      id: '8g7n7j1BJssKNA4sXAcpCuZCqiYRnaUVfQFFe8LDuALH',
      tokenName: 'MIRA',
      tokenSymbol: 'MIRA',
      tokenAddress: 'HzmH1zXBGpLttVGHev58rAs6RwJYXnWrP3kAU6BxzCYr',
      pairAddress: '8g7n7j1BJssKNA4sXAcpCuZCqiYRnaUVfQFFe8LDuALH',
      chain: 'SOL',
      exchange: 'pAMMBay6oceH9fJKBRHGP5D4bD4sWpmSwMn52FMfXEA',
      priceUsd: 0,
      volumeUsd: 39120169.9,
      mcap: 385568.85,
      priceChangePcs: [Object],
      transactions: [Object],
      audit: [Object],
      security: [Object],
      tokenCreatedTimestamp: 2025-09-26T23:47:34.000Z,
      liquidity: [Object]
    },
    {
      id: '9nQQohMsSWAYL8ZzdRSjD54SKEEvyz9wmSQrk3t4st3X',
      tokenName: 'Nyx Eternal',
      tokenSymbol: 'NYX',
      tokenAddress: 'BwUuMTwiCUruHcAXZ6C4jQX9hFnJKavq43FXiR7FPLGQ',
      pairAddress: '9nQQohMsSWAYL8ZzdRSjD54SKEEvyz9wmSQrk3t4st3X',
      chain: 'SOL',
      exchange: 'pAMMBay6oceH9fJKBRHGP5D4bD4sWpmSwMn52FMfXEA',
      priceUsd: 0.0002313684457266388,
      volumeUsd: 39019579.41,
      mcap: 231368.02,
      priceChangePcs: [Object],
      transactions: [Object],
      audit: [Object],
      security: [Object],
      tokenCreatedTimestamp: 2025-09-26T22:03:13.000Z,
      liquidity: [Object]
    },
    {
      id: '7CkXEnsXAPWBdRkGAUdRS2WS2v59HRYvbVviz8Gzomgt',
      tokenName: 'trillions',
      tokenSymbol: 'trillions',
      tokenAddress: 'Axe7g3Gwnx9tBUG53PYGxMF6sJJxPKDgeqDS7zEv5TJR',
      pairAddress: '7CkXEnsXAPWBdRkGAUdRS2WS2v59HRYvbVviz8Gzomgt',
      chain: 'SOL',
      exchange: 'pAMMBay6oceH9fJKBRHGP5D4bD4sWpmSwMn52FMfXEA',
      priceUsd: 0.000221785233,
      volumeUsd: 38951038.48,
      mcap: 221784.62,
      priceChangePcs: [Object],
      transactions: [Object],
      audit: [Object],
      security: [Object],
      tokenCreatedTimestamp: 2025-09-27T11:04:43.000Z,
      liquidity: [Object]
    },
    {
      id: '9AbW2CpmDd29Qdx2irzHoRKKX8RKuXMjsWcmh86Mtqe4',
      tokenName: 'PoyeVerse',
      tokenSymbol: 'POYE',
      tokenAddress: '79B65uJCwgugDvGuha2adv8ZCEbM5gmDtUyGvY2vu3wN',
      pairAddress: '9AbW2CpmDd29Qdx2irzHoRKKX8RKuXMjsWcmh86Mtqe4',
      chain: 'SOL',
      exchange: 'pAMMBay6oceH9fJKBRHGP5D4bD4sWpmSwMn52FMfXEA',
      priceUsd: 0.0002377669249,
      volumeUsd: 38263229.38,
      mcap: 237766.53,
      priceChangePcs: [Object],
      transactions: [Object],
      audit: [Object],
      security: [Object],
      tokenCreatedTimestamp: 2025-09-27T01:35:39.000Z,
      liquidity: [Object]
    },
    {
      id: '5pTrEfjtKwVFRcAxh4B1rmCPJPK4G8YA5UDpgxAMsJL3',
      tokenName: 'Bowl Cut Dog',
      tokenSymbol: 'MOE',
      tokenAddress: '8N2hCvuyxpByAnDenLcLFeJr3osiVW7fuutxthc3u8Dx',
      pairAddress: '5pTrEfjtKwVFRcAxh4B1rmCPJPK4G8YA5UDpgxAMsJL3',
      chain: 'SOL',
      exchange: 'pAMMBay6oceH9fJKBRHGP5D4bD4sWpmSwMn52FMfXEA',
      priceUsd: 0.0001538352766,
      volumeUsd: 38096207.95,
      mcap: 153834.04,
      priceChangePcs: [Object],
      transactions: [Object],
      audit: [Object],
      security: [Object],
      tokenCreatedTimestamp: 2025-09-27T10:36:53.000Z,
      liquidity: [Object]
    },
    {
      id: 'gA6Ceeeoc3Qy3Rdwv1nppARG8gabKMmzHNYMv5wMAYB',
      tokenName: 'Official Ronaldo',
      tokenSymbol: 'CR7',
      tokenAddress: 'Fa9pC1hrFA8XXHuGXLpvLgDxAQYArA4REDEwRevHWst8',
      pairAddress: 'gA6Ceeeoc3Qy3Rdwv1nppARG8gabKMmzHNYMv5wMAYB',
      chain: 'SOL',
      exchange: 'pAMMBay6oceH9fJKBRHGP5D4bD4sWpmSwMn52FMfXEA',
      priceUsd: 0.000007084195836,
      volumeUsd: 37678922.94,
      mcap: 7084.19,
      priceChangePcs: [Object],
      transactions: [Object],
      audit: [Object],
      security: [Object],
      tokenCreatedTimestamp: 2025-09-27T05:15:56.000Z,
      liquidity: [Object]
    },
    {
      id: '0xd21bc2291C1aeF340f5265E257B18aa5dafed759',
      tokenName: 'Hana Token',
      tokenSymbol: 'HANA',
      tokenAddress: '0x6261963EbE9Ff014aAd10eCc3b0238D4D04E8353',
      pairAddress: '0xd21bc2291C1aeF340f5265E257B18aa5dafed759',
      chain: 'BSC',
      exchange: '0x1b81D678ffb9C0263b24A97847620C99d213eB14',
      priceUsd: 0.05834764885753,
      volumeUsd: 37665525.62,
      mcap: 58347648.85,
      priceChangePcs: [Object],
      transactions: [Object],
      audit: [Object],
      security: [Object],
      tokenCreatedTimestamp: 2025-09-25T02:15:44.000Z,
      liquidity: [Object]
    },
    {
      id: '0x4e68Ccd3E89f51C3074ca5072bbAC773960dFa36',
      tokenName: 'Tether USD',
      tokenSymbol: 'USDT',
      tokenAddress: '0xdAC17F958D2ee523a2206206994597C13D831ec7',
      pairAddress: '0x4e68Ccd3E89f51C3074ca5072bbAC773960dFa36',
      chain: 'ETH',
      exchange: '0x68b3465833fb72A70ecDF485E0e4C7bD8665Fc45',
      priceUsd: 0.9955531963609452,
      volumeUsd: 37107897,
      mcap: 94352101256.05,
      priceChangePcs: [Object],
      transactions: [Object],
      audit: [Object],
      security: [Object],
      tokenCreatedTimestamp: 2021-05-05T16:37:08.000Z,
      liquidity: [Object]
    },
    {
      id: 'E6nG5KBXw74xEXwNGWihUa9LUHKHs1dG75VCv9tewNN3',
      tokenName: 'MetaMask Coin',
      tokenSymbol: 'MetaMask',
      tokenAddress: 'HWpiyoJvaahBi4kmGVkxcaSzT54PnLqURBniEqku5HGy',
      pairAddress: 'E6nG5KBXw74xEXwNGWihUa9LUHKHs1dG75VCv9tewNN3',
      chain: 'SOL',
      exchange: 'pAMMBay6oceH9fJKBRHGP5D4bD4sWpmSwMn52FMfXEA',
      priceUsd: 0.0001619516689,
      volumeUsd: 37014877.68,
      mcap: 161950.44,
      priceChangePcs: [Object],
      transactions: [Object],
      audit: [Object],
      security: [Object],
      tokenCreatedTimestamp: 2025-09-27T04:19:50.000Z,
      liquidity: [Object]
    },
    {
      id: '8HxJVwg9JPEm72D3uR9jp79BTgJj1cMQaYGNELFFeL6n',
      tokenName: 'Aster_DEX',
      tokenSymbol: 'Aster',
      tokenAddress: '9fQRKpzq29E6brzv7c2eXVpG6yiwoCgtSR4FjKiz63JY',
      pairAddress: '8HxJVwg9JPEm72D3uR9jp79BTgJj1cMQaYGNELFFeL6n',
      chain: 'SOL',
      exchange: 'pAMMBay6oceH9fJKBRHGP5D4bD4sWpmSwMn52FMfXEA',
      priceUsd: 0.00000844746360898433,
      volumeUsd: 35799930.15,
      mcap: 8447.46,
      priceChangePcs: [Object],
      transactions: [Object],
      audit: [Object],
      security: [Object],
      tokenCreatedTimestamp: 2025-09-26T22:06:19.000Z,
      liquidity: [Object]
    },
    {
      id: 'BhkrpVukUBTvZ7xmKTXkubGBC8VncbDNRgQgbRzExxAb',
      tokenName: 'Aster Inu',
      tokenSymbol: 'ASTERINU',
      tokenAddress: 'FKieQmUYzhPPDNYHYw5YXJdPY1GfS8S4A9QbMaFtdaje',
      pairAddress: 'BhkrpVukUBTvZ7xmKTXkubGBC8VncbDNRgQgbRzExxAb',
      chain: 'SOL',
      exchange: 'pAMMBay6oceH9fJKBRHGP5D4bD4sWpmSwMn52FMfXEA',
      priceUsd: 0.000009145260837930946,
      volumeUsd: 35242965.29,
      mcap: 9145.25,
      priceChangePcs: [Object],
      transactions: [Object],
      audit: [Object],
      security: [Object],
      tokenCreatedTimestamp: 2025-09-27T00:48:09.000Z,
      liquidity: [Object]
    },
    {
      id: '0x30D59a44930B3994c116846EFe55fC8fcF608aa8',
      tokenName: 'Roam Token',
      tokenSymbol: 'ROAM',
      tokenAddress: '0x3fefe29dA25BEa166fB5f6ADe7b5976D2b0e586B',
      pairAddress: '0x30D59a44930B3994c116846EFe55fC8fcF608aa8',
      chain: 'BSC',
      exchange: '0x1b81D678ffb9C0263b24A97847620C99d213eB14',
      priceUsd: 0.09143708883771101,
      volumeUsd: 34995322.71,
      mcap: 4024184.09,
      priceChangePcs: [Object],
      transactions: [Object],
      audit: [Object],
      security: [Object],
      tokenCreatedTimestamp: 2025-06-12T13:31:55.000Z,
      liquidity: [Object]
    },
    {
      id: 'AA861xs52detaJZejR53MRnmyBTR9Nru2g7z12v1fngD',
      tokenName: 'Wall Street Pepe',
      tokenSymbol: 'WEPE',
      tokenAddress: 'EchVgsbGoy2WqEB9AZP8PAbGzF86sQfK3QXXpsLhmoFP',
      pairAddress: 'AA861xs52detaJZejR53MRnmyBTR9Nru2g7z12v1fngD',
      chain: 'SOL',
      exchange: 'pAMMBay6oceH9fJKBRHGP5D4bD4sWpmSwMn52FMfXEA',
      priceUsd: 0.00023050211238680884,
      volumeUsd: 33950247.95,
      mcap: 230501.46,
      priceChangePcs: [Object],
      transactions: [Object],
      audit: [Object],
      security: [Object],
      tokenCreatedTimestamp: 2025-09-26T15:56:20.000Z,
      liquidity: [Object]
    },
    {
      id: '65oAbYggcoW2U4k65DzgnAQbm3CPfLFrA585NTB7Vj46',
      tokenName: 'trillions',
      tokenSymbol: 'trillions',
      tokenAddress: '7btk2Yxu9ySEH4HkJhZRJfuspPuZ5GP2bKnrwU1XpXTC',
      pairAddress: '65oAbYggcoW2U4k65DzgnAQbm3CPfLFrA585NTB7Vj46',
      chain: 'SOL',
      exchange: 'pAMMBay6oceH9fJKBRHGP5D4bD4sWpmSwMn52FMfXEA',
      priceUsd: 0.0001817371938,
      volumeUsd: 33835236.97,
      mcap: 181736.72,
      priceChangePcs: [Object],
      transactions: [Object],
      audit: [Object],
      security: [Object],
      tokenCreatedTimestamp: 2025-09-27T07:52:30.000Z,
      liquidity: [Object]
    },
    {
      id: '6nZwCPVZ21LHmrsVYLZKpFwaLmrMqBGgkE1mTaSkETJy',
      tokenName: 'Mira Network',
      tokenSymbol: 'MIRA🚀',
      tokenAddress: 'GEjNGLjNyDgbC7p5BnRq4NxUrvRArKgeR2RZ2V8k87sZ',
      pairAddress: '6nZwCPVZ21LHmrsVYLZKpFwaLmrMqBGgkE1mTaSkETJy',
      chain: 'SOL',
      exchange: 'pAMMBay6oceH9fJKBRHGP5D4bD4sWpmSwMn52FMfXEA',
      priceUsd: 0.00022092357419748333,
      volumeUsd: 33510100.63,
      mcap: 220923.33,
      priceChangePcs: [Object],
      transactions: [Object],
      audit: [Object],
      security: [Object],
      tokenCreatedTimestamp: 2025-09-26T13:16:57.000Z,
      liquidity: [Object]
    },
    {
      id: '9ccRB9QYL1YFyBEM5oSGd9f6BiAmBwRJUwDvrXxAnD3z',
      tokenName: 'GOAT Network',
      tokenSymbol: 'GOATED',
      tokenAddress: 'Bbb9h9kGkYFLvgAPufU8aZYnV1TFKfVrtuQBia9SBmxW',
      pairAddress: '9ccRB9QYL1YFyBEM5oSGd9f6BiAmBwRJUwDvrXxAnD3z',
      chain: 'SOL',
      exchange: 'pAMMBay6oceH9fJKBRHGP5D4bD4sWpmSwMn52FMfXEA',
      priceUsd: 0,
      volumeUsd: 33461973.8,
      mcap: 149862.08,
      priceChangePcs: [Object],
      transactions: [Object],
      audit: [Object],
      security: [Object],
      tokenCreatedTimestamp: 2025-09-27T09:03:08.000Z,
      liquidity: [Object]
    },
    {
      id: 'AXkK9xCyuupy9T3Tg6uvbbjoX1ENKfZmXe8qpc1ZTaoq',
      tokenName: 'ZEROBASE',
      tokenSymbol: 'ZBT',
      tokenAddress: '8TbQNaNGLNwqnWwkGxHt2qtTxQsXXTpwBLv8Nx2MS6Yr',
      pairAddress: 'AXkK9xCyuupy9T3Tg6uvbbjoX1ENKfZmXe8qpc1ZTaoq',
      chain: 'SOL',
      exchange: 'pAMMBay6oceH9fJKBRHGP5D4bD4sWpmSwMn52FMfXEA',
      priceUsd: 0,
      volumeUsd: 33335896.58,
      mcap: 157176.39,
      priceChangePcs: [Object],
      transactions: [Object],
      audit: [Object],
      security: [Object],
      tokenCreatedTimestamp: 2025-09-27T04:41:33.000Z,
      liquidity: [Object]
    },
    {
      id: '262D9LoRepz7KCv9oMu7vHGYnwNMrhzHgnV25BHzAQky',
      tokenName: 'Plasma',
      tokenSymbol: 'XPL',
      tokenAddress: 'CdEcPLgyfpV4wHLTD13jbKtphGSEKUnQpZ4Pf9jVJWir',
      pairAddress: '262D9LoRepz7KCv9oMu7vHGYnwNMrhzHgnV25BHzAQky',
      chain: 'SOL',
      exchange: 'pAMMBay6oceH9fJKBRHGP5D4bD4sWpmSwMn52FMfXEA',
      priceUsd: 0.000019236957213760133,
      volumeUsd: 32717528.34,
      mcap: 19236.95,
      priceChangePcs: [Object],
      transactions: [Object],
      audit: [Object],
      security: [Object],
      tokenCreatedTimestamp: 2025-09-26T12:09:20.000Z,
      liquidity: [Object]
    },
    {
      id: '2de6Nhy5sFVYmvqpjbzN2MSsMZb34uSVvxKCXSqek8GT',
      tokenName: 'Aark Digital',
      tokenSymbol: 'AARK',
      tokenAddress: '2aXjui2YFtL6HrUYHY4rJyFsnnwg7LCYGjeZAKh8Y8P1',
      pairAddress: '2de6Nhy5sFVYmvqpjbzN2MSsMZb34uSVvxKCXSqek8GT',
      chain: 'SOL',
      exchange: 'pAMMBay6oceH9fJKBRHGP5D4bD4sWpmSwMn52FMfXEA',
      priceUsd: 0,
      volumeUsd: 32641782.51,
      mcap: 182829.73,
      priceChangePcs: [Object],
      transactions: [Object],
      audit: [Object],
      security: [Object],
      tokenCreatedTimestamp: 2025-09-27T11:06:40.000Z,
      liquidity: [Object]
    },
    {
      id: '3xAg7YRxqQaKoSpL9mzpJ27KDeAob8jNWtpYkQFDRBv4',
      tokenName: 'Aster',
      tokenSymbol: 'ASTER',
      tokenAddress: 'BpbsF5UVk8ZLWB3Ky2fMqmN2Km89fiKXHb5kySkWQ4Au',
      pairAddress: '3xAg7YRxqQaKoSpL9mzpJ27KDeAob8jNWtpYkQFDRBv4',
      chain: 'SOL',
      exchange: 'pAMMBay6oceH9fJKBRHGP5D4bD4sWpmSwMn52FMfXEA',
      priceUsd: 0,
      volumeUsd: 32261198.29,
      mcap: 182257.26,
      priceChangePcs: [Object],
      transactions: [Object],
      audit: [Object],
      security: [Object],
      tokenCreatedTimestamp: 2025-09-27T07:57:38.000Z,
      liquidity: [Object]
    },
    {
      id: '0xF07a660776BE8CEa92f8BF91Fc2b482213d03f02',
      tokenName: 'Golden',
      tokenSymbol: 'GOLDEN',
      tokenAddress: '0x40f8A48d7579039d42ff832E67fAD7D891640BDb',
      pairAddress: '0xF07a660776BE8CEa92f8BF91Fc2b482213d03f02',
      chain: 'ETH',
      exchange: '0x7a250d5630B4cF539739dF2C5dAcb4c659F2488D',
      priceUsd: 0,
      volumeUsd: 32165549.51,
      mcap: 1632.2807027037152,
      priceChangePcs: [Object],
      transactions: [Object],
      audit: [Object],
      security: [Object],
      tokenCreatedTimestamp: 2023-01-25T13:54:35.000Z,
      liquidity: [Object]
    },
    {
      id: '72FGNDqFm1mttWnpx4T3dUvABeJ4nytxQUg2jQUMCkmK',
      tokenName: 'Plasma',
      tokenSymbol: 'XPL',
      tokenAddress: 'F3VufeDHsoo2KKLbGv2qYyoniCnSP9bskCcXwfsEzMQ4',
      pairAddress: '72FGNDqFm1mttWnpx4T3dUvABeJ4nytxQUg2jQUMCkmK',
      chain: 'SOL',
      exchange: 'pAMMBay6oceH9fJKBRHGP5D4bD4sWpmSwMn52FMfXEA',
      priceUsd: 0.00021182323278299105,
      volumeUsd: 31973112.01,
      mcap: 211823.16,
      priceChangePcs: [Object],
      transactions: [Object],
      audit: [Object],
      security: [Object],
      tokenCreatedTimestamp: 2025-09-26T18:19:57.000Z,
      liquidity: [Object]
    },
    {
      id: 'LSck3bJUSkkVQKzyjd8kMHEycMY52Ems5DeYeuXngMA',
      tokenName: 'HanaNetwork',
      tokenSymbol: 'HANA',
      tokenAddress: 'B6peDDugTf6wBMDwQ3VByVby6Dx2Qqwc4q7eE3NpryEF',
      pairAddress: 'LSck3bJUSkkVQKzyjd8kMHEycMY52Ems5DeYeuXngMA',
      chain: 'SOL',
      exchange: 'pAMMBay6oceH9fJKBRHGP5D4bD4sWpmSwMn52FMfXEA',
      priceUsd: 0,
      volumeUsd: 31694725.59,
      mcap: 121388.55,
      priceChangePcs: [Object],
      transactions: [Object],
      audit: [Object],
      security: [Object],
      tokenCreatedTimestamp: 2025-09-27T06:21:28.000Z,
      liquidity: [Object]
    },
    {
      id: 'G69UieGxtHvVhtfFeJfk4NA18AS6kJE8c7PY6erpfuBx',
      tokenName: 'Bitlight Labs',
      tokenSymbol: 'LIGHT🔥',
      tokenAddress: '7e9pcKwiACvuE5vf2P855Y4j2eXXu3wKWPmHKeJBcLRK',
      pairAddress: 'G69UieGxtHvVhtfFeJfk4NA18AS6kJE8c7PY6erpfuBx',
      chain: 'SOL',
      exchange: 'pAMMBay6oceH9fJKBRHGP5D4bD4sWpmSwMn52FMfXEA',
      priceUsd: 0.1816170556,
      volumeUsd: 30653523.98,
      mcap: 181617054.78,
      priceChangePcs: [Object],
      transactions: [Object],
      audit: [Object],
      security: [Object],
      tokenCreatedTimestamp: 2025-09-27T12:25:48.000Z,
      liquidity: [Object]
    },
    {
      id: '4xmSszrPwSrqWFN3TE9djvH4ZMzSfw8iFqvTJ1S8MwPF',
      tokenName: 'だいぞう',
      tokenSymbol: 'Daizo',
      tokenAddress: '6caVpdwUKu17xBEvajA3SgXnFnp8vra15Tv7Wj2BKScA',
      pairAddress: '4xmSszrPwSrqWFN3TE9djvH4ZMzSfw8iFqvTJ1S8MwPF',
      chain: 'SOL',
      exchange: 'pAMMBay6oceH9fJKBRHGP5D4bD4sWpmSwMn52FMfXEA',
      priceUsd: 0.000009818661301,
      volumeUsd: 30126593.07,
      mcap: 9818.66,
      priceChangePcs: [Object],
      transactions: [Object],
      audit: [Object],
      security: [Object],
      tokenCreatedTimestamp: 2025-09-27T05:29:54.000Z,
      liquidity: [Object]
    },
    {
      id: '7Q6SSQiiPtrdE24Pp7pDMoTKnhxFF7fCjZgtpK1G2iJS',
      tokenName: 'Falcon Finance',
      tokenSymbol: 'FF',
      tokenAddress: '9XMQ72WETBF74Ln2Yh9ZDBNPFnx3UheRaUU2bkymmwfk',
      pairAddress: '7Q6SSQiiPtrdE24Pp7pDMoTKnhxFF7fCjZgtpK1G2iJS',
      chain: 'SOL',
      exchange: 'pAMMBay6oceH9fJKBRHGP5D4bD4sWpmSwMn52FMfXEA',
      priceUsd: 0.00046709367328330934,
      volumeUsd: 30104475.86,
      mcap: 467092.99,
      priceChangePcs: [Object],
      transactions: [Object],
      audit: [Object],
      security: [Object],
      tokenCreatedTimestamp: 2025-09-26T20:16:03.000Z,
      liquidity: [Object]
    },
    {
      id: '0x48DA0965ab2d2cbf1C17C09cFB5Cbe67Ad5B1406',
      tokenName: 'Dai Stablecoin',
      tokenSymbol: 'DAI',
      tokenAddress: '0x6B175474E89094C44Da98b954EedeAC495271d0F',
      pairAddress: '0x48DA0965ab2d2cbf1C17C09cFB5Cbe67Ad5B1406',
      chain: 'ETH',
      exchange: '0x68b3465833fb72A70ecDF485E0e4C7bD8665Fc45',
      priceUsd: 0.9994947172108616,
      volumeUsd: 30064240.44,
      mcap: 4599499376.14,
      priceChangePcs: [Object],
      transactions: [Object],
      audit: [Object],
      security: [Object],
      tokenCreatedTimestamp: 2022-07-14T19:46:36.000Z,
      liquidity: [Object]
    },
    {
      id: '7AEu3shCo6wq9Q4L1fFrmLxDR5ud997ojxhkpArhuvQL',
      tokenName: 'OpenEden (mainnet arc)_dex',
      tokenSymbol: 'EDEN',
      tokenAddress: 'DFtqYZJbBx6yE7S25gMHPvfc9CLkaZtGTn5neBqRQFoU',
      pairAddress: '7AEu3shCo6wq9Q4L1fFrmLxDR5ud997ojxhkpArhuvQL',
      chain: 'SOL',
      exchange: 'pAMMBay6oceH9fJKBRHGP5D4bD4sWpmSwMn52FMfXEA',
      priceUsd: 0.0002025367349,
      volumeUsd: 29285039.24,
      mcap: 202536.34,
      priceChangePcs: [Object],
      transactions: [Object],
      audit: [Object],
      security: [Object],
      tokenCreatedTimestamp: 2025-09-27T11:15:49.000Z,
      liquidity: [Object]
    },
    {
      id: 'FAAwKMiRSxg5Ly9kF7fTic9TPsUtAsBE8GzYJHGUBBnE',
      tokenName: 'BestWalletHQ',
      tokenSymbol: 'Best',
      tokenAddress: '6wqwA7D69iWYGYaRhdi6o9UVyAreGDxkCGtyZGP4GVoC',
      pairAddress: 'FAAwKMiRSxg5Ly9kF7fTic9TPsUtAsBE8GzYJHGUBBnE',
      chain: 'SOL',
      exchange: 'pAMMBay6oceH9fJKBRHGP5D4bD4sWpmSwMn52FMfXEA',
      priceUsd: 0.000007985328354202874,
      volumeUsd: 28655546.14,
      mcap: 7985.32,
      priceChangePcs: [Object],
      transactions: [Object],
      audit: [Object],
      security: [Object],
      tokenCreatedTimestamp: 2025-09-26T16:29:03.000Z,
      liquidity: [Object]
    },
    {
      id: '8FweVMxdZDERdJ2m6YZgA2SfDSCYQr2LSPDEADExEWqM',
      tokenName: 'Plasma',
      tokenSymbol: 'XPL',
      tokenAddress: '8AJTMb3scFGBHY56AbA8Uyy5ziozftgW2eRfCAKoMkoq',
      pairAddress: '8FweVMxdZDERdJ2m6YZgA2SfDSCYQr2LSPDEADExEWqM',
      chain: 'SOL',
      exchange: 'pAMMBay6oceH9fJKBRHGP5D4bD4sWpmSwMn52FMfXEA',
      priceUsd: 0.00023051132186101769,
      volumeUsd: 28465233.01,
      mcap: 230510.67,
      priceChangePcs: [Object],
      transactions: [Object],
      audit: [Object],
      security: [Object],
      tokenCreatedTimestamp: 2025-09-26T17:30:31.000Z,
      liquidity: [Object]
    },
    {
      id: 'BGm1tav58oGcsQJehL9WXBFXF7D27vZsKefj4xJKD5Y',
      tokenName: 'USD Coin',
      tokenSymbol: 'USDC',
      tokenAddress: 'EPjFWdd5AufqSSqeM2qN1xzybapC8G4wEGGkZwyTDt1v',
      pairAddress: 'BGm1tav58oGcsQJehL9WXBFXF7D27vZsKefj4xJKD5Y',
      chain: 'SOL',
      exchange: 'LBUZKhRxPF3XUpBCjp4YzTKgLccjZhTSDM9YuVaPwxo',
      priceUsd: 1.001125503,
      volumeUsd: 28403695.09,
      mcap: 10157202218.37,
      priceChangePcs: [Object],
      transactions: [Object],
      audit: [Object],
      security: [Object],
      tokenCreatedTimestamp: 2025-01-19T19:28:04.000Z,
      liquidity: [Object]
    },
    {
      id: 'DSDKsFEFMgosh4LXWJho2yZdmrRS8EuUCcEv8fZXcVVM',
      tokenName: 'Mask Coin',
      tokenSymbol: 'MetaMask',
      tokenAddress: 'BFRSXPfDLhyXCeLieLbEYtT5pujwVVoSg81yVHS2bjag',
      pairAddress: 'DSDKsFEFMgosh4LXWJho2yZdmrRS8EuUCcEv8fZXcVVM',
      chain: 'SOL',
      exchange: 'pAMMBay6oceH9fJKBRHGP5D4bD4sWpmSwMn52FMfXEA',
      priceUsd: 0.00023232215543845708,
      volumeUsd: 28317422.86,
      mcap: 232321.58,
      priceChangePcs: [Object],
      transactions: [Object],
      audit: [Object],
      security: [Object],
      tokenCreatedTimestamp: 2025-09-26T16:58:21.000Z,
      liquidity: [Object]
    },
    {
      id: '0x4D3bF29Ba30f8Bfe4624e7678709afA195689c5D',
      tokenName: 'AKE',
      tokenSymbol: 'AKE',
      tokenAddress: '0x2c3a8Ee94dDD97244a93Bc48298f97d2C412F7Db',
      pairAddress: '0x4D3bF29Ba30f8Bfe4624e7678709afA195689c5D',
      chain: 'BSC',
      exchange: '0x1b81D678ffb9C0263b24A97847620C99d213eB14',
      priceUsd: 0.0018440674879972303,
      volumeUsd: 28265231.19,
      mcap: 184406748.79,
      priceChangePcs: [Object],
      transactions: [Object],
      audit: [Object],
      security: [Object],
      tokenCreatedTimestamp: 2025-08-20T07:40:09.000Z,
      liquidity: [Object]
    },
    {
      id: '65jZDZQNgUUjn8nzWfWfCjTt8GADchcPQstSJrHLVgtD',
      tokenName: 'Falcon Finance',
      tokenSymbol: 'FF',
      tokenAddress: 'GkDwuYBCE6EPFU4W5p8rDNsCTRPwTpu2PEW71Qhpn1g8',
      pairAddress: '65jZDZQNgUUjn8nzWfWfCjTt8GADchcPQstSJrHLVgtD',
      chain: 'SOL',
      exchange: 'pAMMBay6oceH9fJKBRHGP5D4bD4sWpmSwMn52FMfXEA',
      priceUsd: 0.0004155427865377349,
      volumeUsd: 28015977.66,
      mcap: 415542.05,
      priceChangePcs: [Object],
      transactions: [Object],
      audit: [Object],
      security: [Object],
      tokenCreatedTimestamp: 2025-09-27T01:06:49.000Z,
      liquidity: [Object]
    },
    {
      id: '0x51CD0752767F7EAA094b6a2D42481cE856966796',
      tokenName: 'LAYER TOKEN',
      tokenSymbol: 'LAYER',
      tokenAddress: '0x9B11E4539614dFa0CD640FAcD10495578B6F06D7',
      pairAddress: '0x51CD0752767F7EAA094b6a2D42481cE856966796',
      chain: 'BSC',
      exchange: '0xB971eF87ede563556b2ED4b1C0b0019111Dd85d2',
      priceUsd: 175314.20422068963,
      volumeUsd: 27140005.23,
      mcap: 1753142042206.89,
      priceChangePcs: [Object],
      transactions: [Object],
      audit: [Object],
      security: [Object],
      tokenCreatedTimestamp: 2025-09-11T17:08:53.000Z,
      liquidity: [Object]
    },
    {
      id: 'H4dsseSVJhvUeQjsh3CxFfvTcVXMJKkgG5nvGDSUJfyN',
      tokenName: 'CORGI',
      tokenSymbol: 'CORGI',
      tokenAddress: '78MBbpRuimZoTpP39kMDTEWa8c5R5mWFt8FwbDvaur8a',
      pairAddress: 'H4dsseSVJhvUeQjsh3CxFfvTcVXMJKkgG5nvGDSUJfyN',
      chain: 'SOL',
      exchange: 'pAMMBay6oceH9fJKBRHGP5D4bD4sWpmSwMn52FMfXEA',
      priceUsd: 0,
      volumeUsd: 26914675.18,
      mcap: 212499.01,
      priceChangePcs: [Object],
      transactions: [Object],
      audit: [Object],
      security: [Object],
      tokenCreatedTimestamp: 2025-09-27T00:31:14.000Z,
      liquidity: [Object]
    },
    {
      id: 'EciycbwXyaC42yHTexhvZNt8mLrTtjcCegRXz5gDS3bK',
      tokenName: 'LittlePepe',
      tokenSymbol: 'LILPEPE',
      tokenAddress: '4JALF7To9sY4U771VTNHYb69u5w72ivqohyvgutz98cm',
      pairAddress: 'EciycbwXyaC42yHTexhvZNt8mLrTtjcCegRXz5gDS3bK',
      chain: 'SOL',
      exchange: 'pAMMBay6oceH9fJKBRHGP5D4bD4sWpmSwMn52FMfXEA',
      priceUsd: 0.003378333133,
      volumeUsd: 26679464.6,
      mcap: 3378332.88,
      priceChangePcs: [Object],
      transactions: [Object],
      audit: [Object],
      security: [Object],
      tokenCreatedTimestamp: 2025-09-27T09:50:16.000Z,
      liquidity: [Object]
    },
    {
      id: 'D9h5PPpHDa7ba95HiyLeYjnXCinGhhdjhcoeFJQ2cf7z',
      tokenName: 'WURK',
      tokenSymbol: 'WURK',
      tokenAddress: 'CzQA6NA5ykJ5ASD7swLSxcVcG1nrwzSAcyR5EFGFFtPU',
      pairAddress: 'D9h5PPpHDa7ba95HiyLeYjnXCinGhhdjhcoeFJQ2cf7z',
      chain: 'SOL',
      exchange: 'pAMMBay6oceH9fJKBRHGP5D4bD4sWpmSwMn52FMfXEA',
      priceUsd: 0,
      volumeUsd: 26597124.22,
      mcap: 183467.91,
      priceChangePcs: [Object],
      transactions: [Object],
      audit: [Object],
      security: [Object],
      tokenCreatedTimestamp: 2025-09-27T07:46:41.000Z,
      liquidity: [Object]
    },
    {
      id: 'FDqFiYe3QfKiLBfav7GW4EsGh3Jt465tBqLg7HTnrkqR',
      tokenName: 'Bitlight Labs',
      tokenSymbol: 'LIGHT',
      tokenAddress: 'CipEt68fvLSxyo9CYch8qqkKPULmNkTp6qLsEtS8Lovw',
      pairAddress: 'FDqFiYe3QfKiLBfav7GW4EsGh3Jt465tBqLg7HTnrkqR',
      chain: 'SOL',
      exchange: 'pAMMBay6oceH9fJKBRHGP5D4bD4sWpmSwMn52FMfXEA',
      priceUsd: 0.0005403168924762773,
      volumeUsd: 26478943.24,
      mcap: 540265.52,
      priceChangePcs: [Object],
      transactions: [Object],
      audit: [Object],
      security: [Object],
      tokenCreatedTimestamp: 2025-09-26T13:15:09.000Z,
      liquidity: [Object]
    },
    {
      id: 'ALnyJnYCgFqLuJEFajqBjbDp7k9apSxARLFBE736U1ZF',
      tokenName: 'TESLA AI',
      tokenSymbol: 'TESLA',
      tokenAddress: 'FjUrnJMCUG9wVE9HQr4aNFCwpK1eUCPyrEotaVBgDXfn',
      pairAddress: 'ALnyJnYCgFqLuJEFajqBjbDp7k9apSxARLFBE736U1ZF',
      chain: 'SOL',
      exchange: 'pAMMBay6oceH9fJKBRHGP5D4bD4sWpmSwMn52FMfXEA',
      priceUsd: 0,
      volumeUsd: 26341416.63,
      mcap: 4319302.69,
      priceChangePcs: [Object],
      transactions: [Object],
      audit: [Object],
      security: [Object],
      tokenCreatedTimestamp: 2025-09-27T06:49:34.000Z,
      liquidity: [Object]
    },
    {
      id: 'CtVm6wRPUFdgc8uh2NhFrM5fgsRAKwNZPXEuw8btXmHt',
      tokenName: 'Falcon Finance',
      tokenSymbol: 'FF',
      tokenAddress: '6shzeWC3h3Y8g2vN6B97BGvW6mS288v5gRXCejnVH1ZG',
      pairAddress: 'CtVm6wRPUFdgc8uh2NhFrM5fgsRAKwNZPXEuw8btXmHt',
      chain: 'SOL',
      exchange: 'pAMMBay6oceH9fJKBRHGP5D4bD4sWpmSwMn52FMfXEA',
      priceUsd: 0.002660817127028389,
      volumeUsd: 26319431.04,
      mcap: 2660817.04,
      priceChangePcs: [Object],
      transactions: [Object],
      audit: [Object],
      security: [Object],
      tokenCreatedTimestamp: 2025-09-26T13:38:26.000Z,
      liquidity: [Object]
    },
    {
      id: 'AieAwfurtuySgUoNbrABJUNGCpHA2UPsDWawn5WuYuUz',
      tokenName: 'trillions',
      tokenSymbol: 'trillions',
      tokenAddress: 'AxGSDwpzU2GdpSVJvsZrQPwWJreSXXv87aGBcwoL1neE',
      pairAddress: 'AieAwfurtuySgUoNbrABJUNGCpHA2UPsDWawn5WuYuUz',
      chain: 'SOL',
      exchange: 'pAMMBay6oceH9fJKBRHGP5D4bD4sWpmSwMn52FMfXEA',
      priceUsd: 0,
      volumeUsd: 25768891.67,
      mcap: 207541.59,
      priceChangePcs: [Object],
      transactions: [Object],
      audit: [Object],
      security: [Object],
      tokenCreatedTimestamp: 2025-09-27T06:14:49.000Z,
      liquidity: [Object]
    }
  ]
}
[App.tsx] dispatching scanner/pairs for Trending [
  {
    id: '0xF65a021508f0Ed52C2C1C38cD9F6c3ff04f240a9',
    tokenName: 'Sickburn Inu',
    tokenSymbol: 'SBI',
    tokenAddress: '0x0BEE91533Be2EDE0936Ea53457Ce7bd9b0B398c6',
    pairAddress: '0xF65a021508f0Ed52C2C1C38cD9F6c3ff04f240a9',
    chain: 'ETH',
    exchange: '0x7a250d5630B4cF539739dF2C5dAcb4c659F2488D',
    priceUsd: 0,
    volumeUsd: 483095431.62,
    mcap: 11944.834205863863,
    priceChangePcs: { '5m': 0, '1h': 0, '6h': 0, '24h': 0 },
    transactions: { buys: 6, sells: 7 },
    audit: {
      mintable: false,
      freezable: false,
      honeypot: false,
      contractVerified: true,
      linkTelegram: 'https://t.me/Sickburninu',
      linkTwitter: 'https://twitter.com/sickburninu',
      linkWebsite: 'https://sickburninu.com'
    },
    security: { renounced: true, locked: false },
    tokenCreatedTimestamp: 2023-04-20T21:22:23.000Z,
    liquidity: { current: 0, changePc: -100 }
  },
  {
    id: '0x172fcD41E0913e95784454622d1c3724f546f849',
    tokenName: 'Tether USD',
    tokenSymbol: 'USDT',
    tokenAddress: '0x55d398326f99059fF775485246999027B3197955',
    pairAddress: '0x172fcD41E0913e95784454622d1c3724f546f849',
    chain: 'BSC',
    exchange: '0x1b81D678ffb9C0263b24A97847620C99d213eB14',
    priceUsd: 1.0003248226424524,
    volumeUsd: 302823157.87,
    mcap: 7483969539.99,
    priceChangePcs: { '5m': 0.02, '1h': 0.05, '6h': 0, '24h': 0.01 },
    transactions: { buys: 157898, sells: 200632 },
    audit: {
      mintable: false,
      freezable: false,
      honeypot: false,
      contractVerified: true
    },
    security: { renounced: false, locked: false },
    tokenCreatedTimestamp: 2022-05-13T09:04:03.000Z,
    liquidity: { current: 25451085.88, changePc: 315.43 }
  },
  {
    id: '4VCAmmx2szE1BBQeF2w3zt2w9F5nFvxJtDtRjYKK1WLd',
    tokenName: 'Mask Coin',
    tokenSymbol: 'MetaMask',
    tokenAddress: 'AyTeAqqfmKeQdBdhtLzwmW8vPE2xeW9Re7BbArfLhdWf',
    pairAddress: '4VCAmmx2szE1BBQeF2w3zt2w9F5nFvxJtDtRjYKK1WLd',
    chain: 'SOL',
    exchange: 'pAMMBay6oceH9fJKBRHGP5D4bD4sWpmSwMn52FMfXEA',
    priceUsd: 0,
    volumeUsd: 274174439.89,
    mcap: 1067837.06,
    priceChangePcs: { '5m': 0, '1h': 0, '6h': 0, '24h': 615.98 },
    transactions: { buys: 108742, sells: 106490 },
    audit: {
      mintable: false,
      freezable: false,
      honeypot: false,
      contractVerified: true,
      linkTwitter: 'https://x.com/metamask?s=21',
      linkWebsite: 'https://metamask.io/'
    },
    security: { renounced: false, locked: true },
    tokenCreatedTimestamp: 2025-09-26T16:45:30.000Z,
    liquidity: { current: 0, changePc: -100 }
  },
  {
    id: '6aCxf9vimJNQ8aC2W69f79AHrZhq5mcYq9ciCL6fn7KM',
    tokenName: 'Falcon Finance',
    tokenSymbol: 'FF',
    tokenAddress: 'DqjhEgkNQM49r17PMJCkaQXDF4CVezo3VbGvQrGGL83N',
    pairAddress: '6aCxf9vimJNQ8aC2W69f79AHrZhq5mcYq9ciCL6fn7KM',
    chain: 'SOL',
    exchange: 'pAMMBay6oceH9fJKBRHGP5D4bD4sWpmSwMn52FMfXEA',
    priceUsd: 0,
    volumeUsd: 194493582.85,
    mcap: 1430328.15,
    priceChangePcs: { '5m': 0, '1h': 0, '6h': 12.29, '24h': 600.14 },
    transactions: { buys: 77042, sells: 71132 },
    audit: {
      mintable: false,
      freezable: false,
      honeypot: false,
      contractVerified: true,
      linkTwitter: 'https://x.com/FalconStable/status/1968285150271426988',
      linkWebsite: 'https://app.falcon.finance/claims'
    },
    security: { renounced: false, locked: false },
    tokenCreatedTimestamp: 2025-09-27T03:22:30.000Z,
    liquidity: { current: 0, changePc: -100 }
  },
  {
    id: '0xCF39e58ed4deCc9ef7Bdb2F9335602DC22BE99b4',
    tokenName: 'World of Dypians',
    tokenSymbol: 'WoD',
    tokenAddress: '0xb994882a1b9bd98A71Dd6ea5F61577c42848B0E8',
    pairAddress: '0xCF39e58ed4deCc9ef7Bdb2F9335602DC22BE99b4',
    chain: 'BSC',
    exchange: '0x1b81D678ffb9C0263b24A97847620C99d213eB14',
    priceUsd: 0.10575612367189116,
    volumeUsd: 175890037.99,
    mcap: 105189484.58,
    priceChangePcs: { '5m': -0.09, '1h': 0.11, '6h': -2.58, '24h': -4.14 },
    transactions: { buys: 128620, sells: 130480 },
    audit: {
      mintable: false,
      freezable: false,
      honeypot: false,
      contractVerified: true
    },
    security: { renounced: true, locked: false },
    tokenCreatedTimestamp: 2025-01-02T11:55:56.000Z,
    liquidity: { current: 1943279.49, changePc: 388700.45 }
  },
  {
    id: '4fDu1gxCJtqYdrovT7Hba67NzuaHsd8Kg9PXnBZNDdcq',
    tokenName: 'Mask Coin',
    tokenSymbol: 'MetaMask',
    tokenAddress: 'DBqwHc6iufkUPAQ9Yp5wcR9ovwowVksbmDF2eqJndUdN',
    pairAddress: '4fDu1gxCJtqYdrovT7Hba67NzuaHsd8Kg9PXnBZNDdcq',
    chain: 'SOL',
    exchange: 'pAMMBay6oceH9fJKBRHGP5D4bD4sWpmSwMn52FMfXEA',
    priceUsd: 0,
    volumeUsd: 161793080.1,
    mcap: 690792.94,
    priceChangePcs: { '5m': 0, '1h': 0, '6h': 0, '24h': 257.61 },
    transactions: { buys: 73209, sells: 71329 },
    audit: {
      mintable: false,
      freezable: false,
      honeypot: false,
      contractVerified: true,
      linkTwitter: 'https://x.com/metamask?s=21',
      linkWebsite: 'https://metamask.io/'
    },
    security: { renounced: false, locked: false },
    tokenCreatedTimestamp: 2025-09-27T00:38:56.000Z,
    liquidity: { current: 0, changePc: -100 }
  },
  {
    id: '2quQL4PdFzQnhs3b3F645hfteDUBcR9KppLUFshZ6YQG',
    tokenName: 'MetaMask Coin',
    tokenSymbol: 'MetaMask',
    tokenAddress: 'AMzzkoZKaBxim2Mqzu8zQyj23mHq2B38oaN2XSHuDoTF',
    pairAddress: '2quQL4PdFzQnhs3b3F645hfteDUBcR9KppLUFshZ6YQG',
    chain: 'SOL',
    exchange: 'pAMMBay6oceH9fJKBRHGP5D4bD4sWpmSwMn52FMfXEA',
    priceUsd: 0.001040519101,
    volumeUsd: 148976188.42,
    mcap: 1040518.12,
    priceChangePcs: { '5m': -1.87, '1h': 11.27, '6h': 360.77, '24h': 360.77 },
    transactions: { buys: 69571, sells: 67510 },
    audit: {
      mintable: false,
      freezable: false,
      honeypot: false,
      contractVerified: true,
      linkTwitter: 'https://x.com/metamask?s=21',
      linkWebsite: 'https://metamask.io/'
    },
    security: { renounced: false, locked: false },
    tokenCreatedTimestamp: 2025-09-27T08:44:36.000Z,
    liquidity: { current: 1463201.27, changePc: 224 }
  },
  {
    id: '0x47a90A2d92A8367A91EfA1906bFc8c1E05bf10c4',
    tokenName: 'Tether USD',
    tokenSymbol: 'USDT',
    tokenAddress: '0x55d398326f99059fF775485246999027B3197955',
    pairAddress: '0x47a90A2d92A8367A91EfA1906bFc8c1E05bf10c4',
    chain: 'BSC',
    exchange: '0xB971eF87ede563556b2ED4b1C0b0019111Dd85d2',
    priceUsd: 1.0001008289018865,
    volumeUsd: 143073377.16,
    mcap: 7482293722,
    priceChangePcs: { '5m': 0, '1h': 0.05, '6h': -0.03, '24h': -0.01 },
    transactions: { buys: 89301, sells: 85925 },
    audit: {
      mintable: false,
      freezable: false,
      honeypot: false,
      contractVerified: true
    },
    security: { renounced: false, locked: false },
    tokenCreatedTimestamp: 2022-05-14T21:49:54.000Z,
    liquidity: { current: 4277753.49, changePc: 418.37 }
  },
  {
    id: '0xf2F84C274F715ba1fE7D1D28a4E377Fb59A33386',
    tokenName: 'Tsunami',
    tokenSymbol: 'NAMI',
    tokenAddress: '0x7EB4DB4dDDB16A329c5aDE17a8a0178331267E28',
    pairAddress: '0xf2F84C274F715ba1fE7D1D28a4E377Fb59A33386',
    chain: 'ETH',
    exchange: '0x7a250d5630B4cF539739dF2C5dAcb4c659F2488D',
    priceUsd: 0.0012804149790016214,
    volumeUsd: 134794349.18,
    mcap: 935.51,
    priceChangePcs: { '5m': 0, '1h': -18.04, '6h': -38.97, '24h': 35.32 },
    transactions: { buys: 14, sells: 9 },
    audit: {
      mintable: false,
      freezable: false,
      honeypot: false,
      contractVerified: true
    },
    security: { renounced: false, locked: false },
    tokenCreatedTimestamp: 2020-10-23T09:47:51.000Z,
    liquidity: { current: 1110.97, changePc: -99.43 }
  },
  {
    id: 'HzSxT5dW8GGiTaZnsdeUJur2ZregN8zR85rdYiw2udTK',
    tokenName: 'Bitlight Labs',
    tokenSymbol: 'LIGHT',
    tokenAddress: 'HhL7vXsUVFjk37fJfmHqsvcv1k9sJJKR2pan4BQJs8Ex',
    pairAddress: 'HzSxT5dW8GGiTaZnsdeUJur2ZregN8zR85rdYiw2udTK',
    chain: 'SOL',
    exchange: 'pAMMBay6oceH9fJKBRHGP5D4bD4sWpmSwMn52FMfXEA',
    priceUsd: 0,
    volumeUsd: 112231946.63,
    mcap: 1649821.99,
    priceChangePcs: { '5m': 0, '1h': 0, '6h': 0, '24h': 728.99 },
    transactions: { buys: 44906, sells: 39304 },
    audit: {
      mintable: false,
      freezable: false,
      honeypot: false,
      contractVerified: true,
      linkTwitter: 'https://x.com/BinanceFutures/status/1971094444901642600',
      linkWebsite: 'https://bitlightlabs.com/'
    },
    security: { renounced: false, locked: true },
    tokenCreatedTimestamp: 2025-09-26T15:08:02.000Z,
    liquidity: { current: 0, changePc: -100 }
  },
  {
    id: '0xcf8d62960Fb7Ce5F1359E5D9267e32B9522d5d7C',
    tokenName: 'BURNETH',
    tokenSymbol: 'BURNETH',
    tokenAddress: '0x2EdC30CF3BB7c840c41C1BC3485Aa3619C46465a',
    pairAddress: '0xcf8d62960Fb7Ce5F1359E5D9267e32B9522d5d7C',
    chain: 'ETH',
    exchange: '0x7a250d5630B4cF539739dF2C5dAcb4c659F2488D',
    priceUsd: 1.0982931113209496e-8,
    volumeUsd: 104703000.84,
    mcap: 1079.05,
    priceChangePcs: { '5m': 0, '1h': 0, '6h': -59.76, '24h': -18.92 },
    transactions: { buys: 41, sells: 32 },
    audit: {
      mintable: false,
      freezable: false,
      honeypot: false,
      contractVerified: true
    },
    security: { renounced: true, locked: false },
    tokenCreatedTimestamp: 2024-10-30T08:58:59.000Z,
    liquidity: { current: 118.81, changePc: -98.04 }
  },
  {
    id: '3FMq5HUcKreBGB83pTZ5o9tEKfViofL4WqoSNJJxzCAY',
    tokenName: 'GOAT Network',
    tokenSymbol: 'GOATED',
    tokenAddress: 'C8V18XHwwP3ynMHfxVzuzoM3LANwojBaQAs6DuKtZnVm',
    pairAddress: '3FMq5HUcKreBGB83pTZ5o9tEKfViofL4WqoSNJJxzCAY',
    chain: 'SOL',
    exchange: 'pAMMBay6oceH9fJKBRHGP5D4bD4sWpmSwMn52FMfXEA',
    priceUsd: 0.0015332800169086502,
    volumeUsd: 100990280.53,
    mcap: 1533278,
    priceChangePcs: { '5m': 0, '1h': 0, '6h': 0, '24h': 726.69 },
    transactions: { buys: 44918, sells: 40158 },
    audit: {
      mintable: false,
      freezable: false,
      honeypot: false,
      contractVerified: true,
      linkTelegram: 'https://t.me/GOATRollup'
    },
    security: { renounced: false, locked: true },
    tokenCreatedTimestamp: 2025-09-26T15:00:39.000Z,
    liquidity: { current: 0, changePc: -99.99 }
  },
  {
    id: 'pWGMSzVa3bxktGVcDy8JASvM2ixeifNKFJiCK9Y4NUE',
    tokenName: 'Official Ronaldo',
    tokenSymbol: 'CR7',
    tokenAddress: 'FdpvkaYHkUD5vYHxAmS4foJrer1eoL9YwUFyVSdF6KFC',
    pairAddress: 'pWGMSzVa3bxktGVcDy8JASvM2ixeifNKFJiCK9Y4NUE',
    chain: 'SOL',
    exchange: 'pAMMBay6oceH9fJKBRHGP5D4bD4sWpmSwMn52FMfXEA',
    priceUsd: 0.00005194339731605096,
    volumeUsd: 99544504.23,
    mcap: 51943.38,
    priceChangePcs: { '5m': 0, '1h': 0, '6h': 0, '24h': -96.95 },
    transactions: { buys: 41093, sells: 38213 },
    audit: {
      mintable: false,
      freezable: false,
      honeypot: false,
      contractVerified: true,
      linkTwitter: 'https://x.com/Cristiano',
      linkWebsite: 'https://encrypted-tbn2.gstatic.com/images?q=tbn:ANd9GcTLSlTpucEy968UnCyONbSOBkdr_kU65ccWhisbvvpcYYRKboE8'
    },
    security: { renounced: false, locked: true },
    tokenCreatedTimestamp: 2025-09-26T16:12:55.000Z,
    liquidity: { current: 0, changePc: -99.99 }
  },
  {
    id: 'GTc2CX4pBzZEtN6PtLmnhZpFMkTXVnxnoJJhaKsaUgCe',
    tokenName: 'MetaMask Coin',
    tokenSymbol: 'MetaMask',
    tokenAddress: '91dpHfnGBkkrgQfjyTEVKuVxUdkMnCBHVV2DCdfMsBAU',
    pairAddress: 'GTc2CX4pBzZEtN6PtLmnhZpFMkTXVnxnoJJhaKsaUgCe',
    chain: 'SOL',
    exchange: 'pAMMBay6oceH9fJKBRHGP5D4bD4sWpmSwMn52FMfXEA',
    priceUsd: 0.0007352460896898907,
    volumeUsd: 96743573.35,
    mcap: 735245.53,
    priceChangePcs: { '5m': 0, '1h': 0, '6h': 0, '24h': 38.97 },
    transactions: { buys: 50051, sells: 49143 },
    audit: {
      mintable: false,
      freezable: false,
      honeypot: false,
      contractVerified: true,
      linkTwitter: 'https://x.com/metamask?s=21',
      linkWebsite: 'https://metamask.io/'
    },
    security: { renounced: false, locked: true },
    tokenCreatedTimestamp: 2025-09-26T11:52:59.000Z,
    liquidity: { current: 0, changePc: -99.99 }
  },
  {
    id: 'p3sLcnFeCcFtfMhUVR9b4x6mCcFymhnKmineJAA6Jp5',
    tokenName: 'GOAT Network',
    tokenSymbol: 'GOATED',
    tokenAddress: 'FmmLMdrGAXEpJLNTFsqL6g5ubF2DA6Tkf8fGhTeijKYe',
    pairAddress: 'p3sLcnFeCcFtfMhUVR9b4x6mCcFymhnKmineJAA6Jp5',
    chain: 'SOL',
    exchange: 'pAMMBay6oceH9fJKBRHGP5D4bD4sWpmSwMn52FMfXEA',
    priceUsd: 0,
    volumeUsd: 95610153.76,
    mcap: 1394820.34,
    priceChangePcs: { '5m': 0, '1h': 0, '6h': 51.92, '24h': 582.44 },
    transactions: { buys: 37934, sells: 32956 },
    audit: {
      mintable: false,
      freezable: false,
      honeypot: false,
      contractVerified: true,
      linkTelegram: 'https://t.me/GOATRollup'
    },
    security: { renounced: false, locked: false },
    tokenCreatedTimestamp: 2025-09-27T04:34:56.000Z,
    liquidity: { current: 0, changePc: -100 }
  },
  {
    id: 'AxSMLfSdNs1ooivbvKCdVQ15kzc2snscZJAsYZPjfBaZ',
    tokenName: 'Mira Network',
    tokenSymbol: 'MIRA',
    tokenAddress: 'AqYqbCzwWyziiM8z6AjW5adNbKfhtmeX7ojik5ULCA47',
    pairAddress: 'AxSMLfSdNs1ooivbvKCdVQ15kzc2snscZJAsYZPjfBaZ',
    chain: 'SOL',
    exchange: 'pAMMBay6oceH9fJKBRHGP5D4bD4sWpmSwMn52FMfXEA',
    priceUsd: 0.0007375740089581808,
    volumeUsd: 92204527.48,
    mcap: 737573,
    priceChangePcs: { '5m': 0, '1h': 0, '6h': 0, '24h': 351.26 },
    transactions: { buys: 35604, sells: 33030 },
    audit: {
      mintable: false,
      freezable: false,
      honeypot: false,
      contractVerified: true,
      linkTwitter: 'https://x.com/Mira_Network',
      linkWebsite: 'https://mira.network/'
    },
    security: { renounced: false, locked: true },
    tokenCreatedTimestamp: 2025-09-26T17:58:18.000Z,
    liquidity: { current: 0, changePc: -99.99 }
  },
  {
    id: '7eRYcKmvtFBot3dDGTeiQjxt65FdHRJTDhmnDTt24MK1',
    tokenName: 'GOAT Network',
    tokenSymbol: 'GOATED',
    tokenAddress: 'DsACiNAtf8TXj1kARsnb2Fa3JhKfxBz9VpQ2fnwJnjXK',
    pairAddress: '7eRYcKmvtFBot3dDGTeiQjxt65FdHRJTDhmnDTt24MK1',
    chain: 'SOL',
    exchange: 'pAMMBay6oceH9fJKBRHGP5D4bD4sWpmSwMn52FMfXEA',
    priceUsd: 0.001359642161847149,
    volumeUsd: 89783004.71,
    mcap: 1359642.08,
    priceChangePcs: { '5m': 0, '1h': 0, '6h': 0, '24h': 573.47 },
    transactions: { buys: 40791, sells: 36018 },
    audit: {
      mintable: false,
      freezable: false,
      honeypot: false,
      contractVerified: true,
      linkTelegram: 'https://t.me/GOATRollup'
    },
    security: { renounced: false, locked: true },
    tokenCreatedTimestamp: 2025-09-26T19:14:27.000Z,
    liquidity: { current: 0, changePc: -99.99 }
  },
  {
    id: '2xjWY4bXE7gH2YkoxuEN4DuC8SLi97gboEgVGE8ZSrWS',
    tokenName: 'Falcon Finance',
    tokenSymbol: 'FF',
    tokenAddress: 'Fibx6SzLVcqxicX3uDTqKZ8kZGJkFxXMcKmPLM7BsyNC',
    pairAddress: '2xjWY4bXE7gH2YkoxuEN4DuC8SLi97gboEgVGE8ZSrWS',
    chain: 'SOL',
    exchange: 'pAMMBay6oceH9fJKBRHGP5D4bD4sWpmSwMn52FMfXEA',
    priceUsd: 0,
    volumeUsd: 89155145.5,
    mcap: 1141097.07,
    priceChangePcs: { '5m': 0, '1h': 0, '6h': 0, '24h': 466.83 },
    transactions: { buys: 34850, sells: 30758 },
    audit: {
      mintable: false,
      freezable: false,
      honeypot: false,
      contractVerified: true,
      linkTwitter: 'https://x.com/BinanceWallet/status/1971528027097174516',
      linkWebsite: 'https://falconsol.xyz/'
    },
    security: { renounced: false, locked: true },
    tokenCreatedTimestamp: 2025-09-26T22:00:52.000Z,
    liquidity: { current: 0, changePc: -100 }
  },
  {
    id: 'ExT1saY11BgVtKwDE8d9vm1Yh9bQ5Gh8r4UNVY1b1Tts',
    tokenName: 'OpenEden_X',
    tokenSymbol: 'EDEN',
    tokenAddress: 'A1uqzuceHaMXXNNt9YMtr99KvNh9eJFhnw9BhdX4gHZy',
    pairAddress: 'ExT1saY11BgVtKwDE8d9vm1Yh9bQ5Gh8r4UNVY1b1Tts',
    chain: 'SOL',
    exchange: 'pAMMBay6oceH9fJKBRHGP5D4bD4sWpmSwMn52FMfXEA',
    priceUsd: 0.0009380118928188284,
    volumeUsd: 82808629.07,
    mcap: 937970.12,
    priceChangePcs: { '5m': 0, '1h': 0, '6h': 0, '24h': 421.04 },
    transactions: { buys: 30166, sells: 28150 },
    audit: {
      mintable: false,
      freezable: false,
      honeypot: false,
      contractVerified: true,
      linkTwitter: 'https://x.com/OpenEden_X'
    },
    security: { renounced: false, locked: true },
    tokenCreatedTimestamp: 2025-09-26T21:21:51.000Z,
    liquidity: { current: 0, changePc: -99.99 }
  },
  {
    id: '82ZgX2tHeVTmTt5z2Eqo7cZe99bK22PwyVRNVJF9aMaV',
    tokenName: 'GOAT Network',
    tokenSymbol: 'GOATED',
    tokenAddress: '71rYYNZ1bybEPh4vBBAyWg1wgm2n66pcwFbRv5uorWPS',
    pairAddress: '82ZgX2tHeVTmTt5z2Eqo7cZe99bK22PwyVRNVJF9aMaV',
    chain: 'SOL',
    exchange: 'pAMMBay6oceH9fJKBRHGP5D4bD4sWpmSwMn52FMfXEA',
    priceUsd: 0,
    volumeUsd: 81790606.33,
    mcap: 1228310.56,
    priceChangePcs: { '5m': 0, '1h': 14.31, '6h': 664.79, '24h': 664.79 },
    transactions: { buys: 34169, sells: 29250 },
    audit: {
      mintable: false,
      freezable: false,
      honeypot: false,
      contractVerified: false,
      linkTelegram: 'https://t.me/GOATRollup'
    },
    security: { renounced: false, locked: false },
    tokenCreatedTimestamp: 2025-09-27T09:20:38.000Z,
    liquidity: { current: 0, changePc: -100 }
  },
  {
    id: 'G75wBqjLJbZSn5p1GNwnmBgkKVwRcXKP3FaSiYgpmcRw',
    tokenName: 'GOAT Network',
    tokenSymbol: 'GOATED🟡',
    tokenAddress: 'CX1shFVzc3G8VpmDg73TMYHNrTeZFT4Yz5JWUBy2sDZv',
    pairAddress: 'G75wBqjLJbZSn5p1GNwnmBgkKVwRcXKP3FaSiYgpmcRw',
    chain: 'SOL',
    exchange: 'pAMMBay6oceH9fJKBRHGP5D4bD4sWpmSwMn52FMfXEA',
    priceUsd: 0,
    volumeUsd: 81632799.06,
    mcap: 31971.95,
    priceChangePcs: { '5m': 0, '1h': 0, '6h': -99.12, '24h': -94.86 },
    transactions: { buys: 34054, sells: 33642 },
    audit: {
      mintable: false,
      freezable: false,
      honeypot: false,
      contractVerified: true,
      linkTelegram: 'https://t.me/GOATrollup',
      linkTwitter: 'https://twitter.com/GOATrollup',
      linkWebsite: 'https://www.goat.network/'
    },
    security: { renounced: false, locked: false },
    tokenCreatedTimestamp: 2025-09-27T05:59:35.000Z,
    liquidity: { current: 0, changePc: -100 }
  },
  {
    id: 'EiuKuPvi9Cv2eQdSTcBHTkD4KcnM76XzoaCmjwnW6aw3',
    tokenName: 'Falcon Finance',
    tokenSymbol: 'FF',
    tokenAddress: 'bseLibkFaXTrG7RbTVQ2gspPvDuTbXBwxD28VyvEx7s',
    pairAddress: 'EiuKuPvi9Cv2eQdSTcBHTkD4KcnM76XzoaCmjwnW6aw3',
    chain: 'SOL',
    exchange: 'pAMMBay6oceH9fJKBRHGP5D4bD4sWpmSwMn52FMfXEA',
    priceUsd: 0.0009881765395042168,
    volumeUsd: 78735598.86,
    mcap: 988176.3,
    priceChangePcs: { '5m': 0, '1h': 0, '6h': 0, '24h': 453.04 },
    transactions: { buys: 31318, sells: 28398 },
    audit: {
      mintable: false,
      freezable: false,
      honeypot: false,
      contractVerified: true,
      linkTwitter: 'https://x.com/Falcon_Dollar',
      linkWebsite: 'https://falconsol.xyz/'
    },
    security: { renounced: false, locked: true },
    tokenCreatedTimestamp: 2025-09-26T15:10:13.000Z,
    liquidity: { current: 0, changePc: -99.99 }
  },
  {
    id: 'Jjy3AkTgDfuQmwcemcA5A7Es5gT2UdiWKuEYEkNXwg7',
    tokenName: 'MetaMask Coin',
    tokenSymbol: 'MetaMask',
    tokenAddress: '3eU4mPJbiGJ7PokKuYZywQrfZZtd4h4BYkmYdbA9CDJo',
    pairAddress: 'Jjy3AkTgDfuQmwcemcA5A7Es5gT2UdiWKuEYEkNXwg7',
    chain: 'SOL',
    exchange: 'pAMMBay6oceH9fJKBRHGP5D4bD4sWpmSwMn52FMfXEA',
    priceUsd: 0,
    volumeUsd: 78546838.49,
    mcap: 554635.8,
    priceChangePcs: { '5m': 0, '1h': 0, '6h': -24.46, '24h': 146.73 },
    transactions: { buys: 35139, sells: 34425 },
    audit: {
      mintable: false,
      freezable: false,
      honeypot: false,
      contractVerified: true,
      linkTwitter: 'https://x.com/metamask?s=21',
      linkWebsite: 'https://metamask.io/'
    },
    security: { renounced: false, locked: false },
    tokenCreatedTimestamp: 2025-09-27T06:09:44.000Z,
    liquidity: { current: 0, changePc: -100 }
  },
  {
    id: '3yKsk9wBH5Bqht6Q8BHJdHGEWd91UmFaSGdYPPqMerR4',
    tokenName: 'Mira Network',
    tokenSymbol: 'MIRA',
    tokenAddress: '8QEEkEsx8NgruD5RdmEVHcaoJDMPUz5Gq7BdZSyLCP7i',
    pairAddress: '3yKsk9wBH5Bqht6Q8BHJdHGEWd91UmFaSGdYPPqMerR4',
    chain: 'SOL',
    exchange: 'pAMMBay6oceH9fJKBRHGP5D4bD4sWpmSwMn52FMfXEA',
    priceUsd: 0,
    volumeUsd: 71255333.56,
    mcap: 481259.35,
    priceChangePcs: { '5m': 0, '1h': 0, '6h': 0, '24h': 199.71 },
    transactions: { buys: 27467, sells: 25485 },
    audit: {
      mintable: false,
      freezable: false,
      honeypot: false,
      contractVerified: true,
      linkTwitter: 'https://x.com/Mira_Network',
      linkWebsite: 'https://mira.network/'
    },
    security: { renounced: false, locked: true },
    tokenCreatedTimestamp: 2025-09-26T21:13:23.000Z,
    liquidity: { current: 0, changePc: -100 }
  },
  {
    id: 'HRaeeBu2Bhx1KDd25336ak6oeKCo7i6UjEeuxgWjqf82',
    tokenName: 'OpenEden_X',
    tokenSymbol: 'EDEN',
    tokenAddress: 'AMGYeSWL7RwykkLNTEVMd9pDbSJrEBbypypWv8XxCZfw',
    pairAddress: 'HRaeeBu2Bhx1KDd25336ak6oeKCo7i6UjEeuxgWjqf82',
    chain: 'SOL',
    exchange: 'pAMMBay6oceH9fJKBRHGP5D4bD4sWpmSwMn52FMfXEA',
    priceUsd: 0,
    volumeUsd: 69752805.36,
    mcap: 846088.34,
    priceChangePcs: { '5m': 0, '1h': 0, '6h': 0, '24h': 310.81 },
    transactions: { buys: 26094, sells: 24061 },
    audit: {
      mintable: false,
      freezable: false,
      honeypot: false,
      contractVerified: true,
      linkTwitter: 'https://x.com/OpenEden_X'
    },
    security: { renounced: false, locked: true },
    tokenCreatedTimestamp: 2025-09-26T18:41:58.000Z,
    liquidity: { current: 0, changePc: -100 }
  },
  {
    id: '3dnWHQGvTwgbYDFCLtaRBecbCF3k1ogC78hDTPyAMB4o',
    tokenName: 'OpenEden_DEX',
    tokenSymbol: 'EDEN',
    tokenAddress: '6QXcuTqsxqi7SSzYv7xFujpHWy7hmsqWDh2HnD6yc3Ks',
    pairAddress: '3dnWHQGvTwgbYDFCLtaRBecbCF3k1ogC78hDTPyAMB4o',
    chain: 'SOL',
    exchange: 'pAMMBay6oceH9fJKBRHGP5D4bD4sWpmSwMn52FMfXEA',
    priceUsd: 0.0005233944867,
    volumeUsd: 66781147.96,
    mcap: 523394.42,
    priceChangePcs: { '5m': 0, '1h': 0, '6h': -29.11, '24h': 479.15 },
    transactions: { buys: 31739, sells: 29742 },
    audit: {
      mintable: false,
      freezable: false,
      honeypot: false,
      contractVerified: false,
      linkTwitter: 'https://x.com/OpenEden_X'
    },
    security: { renounced: false, locked: false },
    tokenCreatedTimestamp: 2025-09-27T04:10:00.000Z,
    liquidity: { current: 0, changePc: -99.99 }
  },
  {
    id: '0xc7bBeC68d12a0d1830360F8Ec58fA599bA1b0e9b',
    tokenName: 'Tether USD',
    tokenSymbol: 'USDT',
    tokenAddress: '0xdAC17F958D2ee523a2206206994597C13D831ec7',
    pairAddress: '0xc7bBeC68d12a0d1830360F8Ec58fA599bA1b0e9b',
    chain: 'ETH',
    exchange: '0x68b3465833fb72A70ecDF485E0e4C7bD8665Fc45',
    priceUsd: 0.9992399566744775,
    volumeUsd: 64368309.88,
    mcap: 94701508584.23,
    priceChangePcs: { '5m': -0.02, '1h': -0.36, '6h': -0.22, '24h': 0.01 },
    transactions: { buys: 7243, sells: 7606 },
    audit: {
      mintable: false,
      freezable: false,
      honeypot: false,
      contractVerified: true
    },
    security: { renounced: false, locked: false },
    tokenCreatedTimestamp: 2022-12-26T04:37:47.000Z,
    liquidity: { current: 10343033.96, changePc: 862.98 }
  },
  {
    id: '6BJ7EWQsYHbVHni4mhfYJ32xNV6a8Tu6PSTVmrLKjKT9',
    tokenName: 'Official Ronaldo',
    tokenSymbol: 'CR7',
    tokenAddress: 'CgAJ1DwCUSjKtL1cDFrLKpSaPn6o4pmP8ZhQcxiGMF5e',
    pairAddress: '6BJ7EWQsYHbVHni4mhfYJ32xNV6a8Tu6PSTVmrLKjKT9',
    chain: 'SOL',
    exchange: 'pAMMBay6oceH9fJKBRHGP5D4bD4sWpmSwMn52FMfXEA',
    priceUsd: 0.0000219420916,
    volumeUsd: 62028114.93,
    mcap: 21942.09,
    priceChangePcs: { '5m': 0, '1h': 0, '6h': -97.1, '24h': -97.1 },
    transactions: { buys: 29125, sells: 26726 },
    audit: {
      mintable: false,
      freezable: false,
      honeypot: false,
      contractVerified: true,
      linkTwitter: 'https://x.com/Cristiano',
      linkWebsite: 'https://www.cristianoronaldo.com/#cr7'
    },
    security: { renounced: false, locked: false },
    tokenCreatedTimestamp: 2025-09-27T09:42:26.000Z,
    liquidity: { current: 0, changePc: -99.99 }
  },
  {
    id: '0xCA3F029A70d5d90000E614afD29E5c833f33CEa5',
    tokenName: 'Ark Of Panda',
    tokenSymbol: 'AOP',
    tokenAddress: '0xd5dF4d260D7a0145F655bcBf3B398076F21016C7',
    pairAddress: '0xCA3F029A70d5d90000E614afD29E5c833f33CEa5',
    chain: 'BSC',
    exchange: '0x1b81D678ffb9C0263b24A97847620C99d213eB14',
    priceUsd: 0.06387563847609318,
    volumeUsd: 61642333.75,
    mcap: 127751276.95,
    priceChangePcs: { '5m': 0.36, '1h': -0.67, '6h': -3.86, '24h': 2.87 },
    transactions: { buys: 39167, sells: 38675 },
    audit: {
      mintable: false,
      freezable: false,
      honeypot: false,
      contractVerified: true
    },
    security: { renounced: false, locked: false },
    tokenCreatedTimestamp: 2025-09-18T07:15:21.000Z,
    liquidity: { current: 2205689.08, changePc: 10928.44 }
  },
  {
    id: 'HcWiiZEBHBKWmHP4ZjxqwQWhGwovXUvThU4aNt4yANye',
    tokenName: 'Bitlight Labs',
    tokenSymbol: 'LIGHT',
    tokenAddress: 'FHZBpDdytvgDFXvfXoXpR3CNiWRzs5rVqq4L1g1HKrGk',
    pairAddress: 'HcWiiZEBHBKWmHP4ZjxqwQWhGwovXUvThU4aNt4yANye',
    chain: 'SOL',
    exchange: 'pAMMBay6oceH9fJKBRHGP5D4bD4sWpmSwMn52FMfXEA',
    priceUsd: 0,
    volumeUsd: 61386942.25,
    mcap: 796524.46,
    priceChangePcs: { '5m': 0, '1h': 0, '6h': 0, '24h': 386.43 },
    transactions: { buys: 23137, sells: 21390 },
    audit: {
      mintable: false,
      freezable: false,
      honeypot: false,
      contractVerified: true,
      linkTwitter: 'https://x.com/search?q=$LIGHT%F0%9F%94%A5',
      linkWebsite: 'https://bitlightlabs.com/'
    },
    security: { renounced: false, locked: false },
    tokenCreatedTimestamp: 2025-09-27T02:44:11.000Z,
    liquidity: { current: 0, changePc: -100 }
  },
  {
    id: '9L3eT5BxHWo8hEpGQ3NzbmYJRSvMN4ajDtDGxsqKhQGo',
    tokenName: 'OpenEden_X@@',
    tokenSymbol: 'EDEN✨',
    tokenAddress: '3FbH4RYYVZb8AMVwLigqKigjLNtr45Hbc5iJ7QXC33MP',
    pairAddress: '9L3eT5BxHWo8hEpGQ3NzbmYJRSvMN4ajDtDGxsqKhQGo',
    chain: 'SOL',
    exchange: 'pAMMBay6oceH9fJKBRHGP5D4bD4sWpmSwMn52FMfXEA',
    priceUsd: 0,
    volumeUsd: 60604758.09,
    mcap: 515825.11,
    priceChangePcs: { '5m': 0, '1h': 0, '6h': 0, '24h': 234.8 },
    transactions: { buys: 28812, sells: 27092 },
    audit: {
      mintable: false,
      freezable: false,
      honeypot: false,
      contractVerified: true,
      linkTwitter: 'https://x.com/OpenEden_X'
    },
    security: { renounced: false, locked: false },
    tokenCreatedTimestamp: 2025-09-27T00:58:19.000Z,
    liquidity: { current: 0, changePc: -100 }
  },
  {
    id: '5YWJdKDXJmi77oPT8VD4kTGH7yv1A9f5N4HEVepmgweN',
    tokenName: 'Monad (mainnet arc)',
    tokenSymbol: 'MON',
    tokenAddress: '5vLL55cHMYGFBTnLaSpzrcJgqzKmZznvmzQBQiiRzr7P',
    pairAddress: '5YWJdKDXJmi77oPT8VD4kTGH7yv1A9f5N4HEVepmgweN',
    chain: 'SOL',
    exchange: 'pAMMBay6oceH9fJKBRHGP5D4bD4sWpmSwMn52FMfXEA',
    priceUsd: 0,
    volumeUsd: 59984966.27,
    mcap: 624616.24,
    priceChangePcs: { '5m': 0, '1h': 0, '6h': 468.03, '24h': 468.03 },
    transactions: { buys: 29215, sells: 27281 },
    audit: {
      mintable: false,
      freezable: false,
      honeypot: false,
      contractVerified: false,
      linkTwitter: 'https://x.com/monad'
    },
    security: { renounced: false, locked: false },
    tokenCreatedTimestamp: 2025-09-27T07:42:22.000Z,
    liquidity: { current: 0, changePc: -100 }
  },
  {
    id: 'BDrDMa9mpQxoTkjYXgmZVjW9nxCi9tgrMmcfvu8fSYDF',
    tokenName: 'GOAT Network',
    tokenSymbol: 'GOATED',
    tokenAddress: '517im42zwkQQUgVZnk4fp19UBdgFv2cBt6cH5vPRbTAw',
    pairAddress: 'BDrDMa9mpQxoTkjYXgmZVjW9nxCi9tgrMmcfvu8fSYDF',
    chain: 'SOL',
    exchange: 'pAMMBay6oceH9fJKBRHGP5D4bD4sWpmSwMn52FMfXEA',
    priceUsd: 0.0009455779007439551,
    volumeUsd: 59748080.59,
    mcap: 945577.12,
    priceChangePcs: { '5m': 0, '1h': 0, '6h': 0, '24h': 367.18 },
    transactions: { buys: 28977, sells: 25605 },
    audit: {
      mintable: false,
      freezable: false,
      honeypot: false,
      contractVerified: true,
      linkTelegram: 'https://t.me/GOATRollup'
    },
    security: { renounced: false, locked: true },
    tokenCreatedTimestamp: 2025-09-26T22:58:11.000Z,
    liquidity: { current: 0, changePc: -99.99 }
  },
  {
    id: 'CvxgmSEvTYzs37GRSjGmGCsiCrB1X4RxMCR1pD5o7QAv',
    tokenName: 'Bitlight Labs',
    tokenSymbol: 'LIGHT',
    tokenAddress: '6izx19WzDYGreCprA5wpinxdSQqRP5h4Geb3h3cG73SA',
    pairAddress: 'CvxgmSEvTYzs37GRSjGmGCsiCrB1X4RxMCR1pD5o7QAv',
    chain: 'SOL',
    exchange: 'pAMMBay6oceH9fJKBRHGP5D4bD4sWpmSwMn52FMfXEA',
    priceUsd: 0,
    volumeUsd: 59720185.09,
    mcap: 852313.07,
    priceChangePcs: { '5m': 0, '1h': 0, '6h': 0, '24h': 422.49 },
    transactions: { buys: 22853, sells: 20999 },
    audit: {
      mintable: false,
      freezable: false,
      honeypot: false,
      contractVerified: false,
      linkTwitter: 'https://x.com/search?q=$LIGHT%F0%9F%94%A5',
      linkWebsite: 'https://bitlightlabs.com/'
    },
    security: { renounced: false, locked: false },
    tokenCreatedTimestamp: 2025-09-27T04:58:11.000Z,
    liquidity: { current: 0, changePc: -100 }
  },
  {
    id: '7EkRhnQx5dJ9pasQosJUzMxyS12b4mEL8ipjUZ4BpwW3',
    tokenName: 'OpenEden_X',
    tokenSymbol: 'EDEN',
    tokenAddress: 'HRVjSJ1kv5qunM3tCJqNNhqGAvBqHXCpDRwkt8KKMxTf',
    pairAddress: '7EkRhnQx5dJ9pasQosJUzMxyS12b4mEL8ipjUZ4BpwW3',
    chain: 'SOL',
    exchange: 'pAMMBay6oceH9fJKBRHGP5D4bD4sWpmSwMn52FMfXEA',
    priceUsd: 0.0005136990373350583,
    volumeUsd: 58900805.72,
    mcap: 513698.85,
    priceChangePcs: { '5m': 0, '1h': 0, '6h': 0, '24h': 133.14 },
    transactions: { buys: 22969, sells: 21172 },
    audit: {
      mintable: false,
      freezable: false,
      honeypot: false,
      contractVerified: true,
      linkTwitter: 'https://x.com/OpenEden_X'
    },
    security: { renounced: false, locked: true },
    tokenCreatedTimestamp: 2025-09-26T13:24:40.000Z,
    liquidity: { current: 0, changePc: -99.99 }
  },
  {
    id: '4icxYpSiggvcn6cj4F217FYvaRWVGt9tpw4FMpBUrn8e',
    tokenName: 'Opensea',
    tokenSymbol: 'SEA',
    tokenAddress: '65LPZrf4ZJKSEa3eQUBQ5fV8YCmdcX91a4pG8Zsag3Jk',
    pairAddress: '4icxYpSiggvcn6cj4F217FYvaRWVGt9tpw4FMpBUrn8e',
    chain: 'SOL',
    exchange: 'pAMMBay6oceH9fJKBRHGP5D4bD4sWpmSwMn52FMfXEA',
    priceUsd: 0.00001754391853,
    volumeUsd: 57156903.74,
    mcap: 17543.91,
    priceChangePcs: { '5m': 0, '1h': 0, '6h': -97.88, '24h': -97.88 },
    transactions: { buys: 26189, sells: 23759 },
    audit: {
      mintable: false,
      freezable: false,
      honeypot: false,
      contractVerified: false,
      linkTwitter: 'https://twitter.com/opensea',
      linkWebsite: 'https://opensea.io/'
    },
    security: { renounced: false, locked: false },
    tokenCreatedTimestamp: 2025-09-27T09:38:10.000Z,
    liquidity: { current: 0, changePc: -99.99 }
  },
  {
    id: 'CcB5AazsQ87qz4x2G2ZnNykgJzRr2gqLhTDHfktYushF',
    tokenName: 'Falcon Finance',
    tokenSymbol: 'FF',
    tokenAddress: 'FrHGaeLF8TscrKWYJFfEP7Xi91SSSYaFXZsh3Br5EPMc',
    pairAddress: 'CcB5AazsQ87qz4x2G2ZnNykgJzRr2gqLhTDHfktYushF',
    chain: 'SOL',
    exchange: 'pAMMBay6oceH9fJKBRHGP5D4bD4sWpmSwMn52FMfXEA',
    priceUsd: 0.0007532722571,
    volumeUsd: 55489769.04,
    mcap: 753271.47,
    priceChangePcs: { '5m': 0.24, '1h': 58.73, '6h': 272.81, '24h': 272.81 },
    transactions: { buys: 21783, sells: 18960 },
    audit: {
      mintable: false,
      freezable: false,
      honeypot: false,
      contractVerified: true,
      linkTwitter: 'https://x.com/FalconStable/status/1968285150271426988',
      linkWebsite: 'https://app.falcon.finance/claims'
    },
    security: { renounced: false, locked: false },
    tokenCreatedTimestamp: 2025-09-27T11:30:55.000Z,
    liquidity: { current: 967701.68, changePc: 139.48 }
  },
  {
    id: '3ucNos4NbumPLZNWztqGHNFFgkHeRMBQAVemeeomsUxv',
    tokenName: 'USD Coin',
    tokenSymbol: 'USDC',
    tokenAddress: 'EPjFWdd5AufqSSqeM2qN1xzybapC8G4wEGGkZwyTDt1v',
    pairAddress: '3ucNos4NbumPLZNWztqGHNFFgkHeRMBQAVemeeomsUxv',
    chain: 'SOL',
    exchange: 'CAMMCzo5YL8w4VFF8KVHrK22GGUsp5VTaW7grrKgrWqK',
    priceUsd: 1.000297761,
    volumeUsd: 54774911.1,
    mcap: 10148785864.32,
    priceChangePcs: { '5m': -0.01, '1h': 0.02, '6h': 0.08, '24h': 0.39 },
    transactions: { buys: 14236, sells: 14104 },
    audit: {
      mintable: false,
      freezable: false,
      honeypot: false,
      contractVerified: false
    },
    security: { renounced: false, locked: true },
    tokenCreatedTimestamp: 2025-01-12T20:36:22.000Z,
    liquidity: { current: 19947818.09, changePc: 2930.33 }
  },
  {
    id: '5U98VbSfqJPMejWxg1MC1Y4oFeyEMGTj8JNPcCvGp1vZ',
    tokenName: 'Falcon Finance',
    tokenSymbol: 'FF',
    tokenAddress: 'A8miNTG5bvVZa8DKHPwHLBbHScf6KysgMbWpToTGZEQT',
    pairAddress: '5U98VbSfqJPMejWxg1MC1Y4oFeyEMGTj8JNPcCvGp1vZ',
    chain: 'SOL',
    exchange: 'pAMMBay6oceH9fJKBRHGP5D4bD4sWpmSwMn52FMfXEA',
    priceUsd: 0,
    volumeUsd: 54281000.56,
    mcap: 967504.2,
    priceChangePcs: { '5m': 0, '1h': 0, '6h': 0, '24h': 373 },
    transactions: { buys: 22241, sells: 20549 },
    audit: {
      mintable: false,
      freezable: false,
      honeypot: false,
      contractVerified: true,
      linkTwitter: 'https://x.com/FalconStable/status/1968285150271426988',
      linkWebsite: 'https://app.falcon.finance/claims'
    },
    security: { renounced: false, locked: false },
    tokenCreatedTimestamp: 2025-09-27T01:17:42.000Z,
    liquidity: { current: 0, changePc: -100 }
  },
  {
    id: 'CMAvF24c6DHhWL18MZ9xZDsXSepnDijbEQCUnRVprxwX',
    tokenName: 'Mira_Network',
    tokenSymbol: 'MIRA',
    tokenAddress: 'BMoMNUAJoth4YH1HdSuvqjpR6BiEkTSmZLJ7vmcrNoLW',
    pairAddress: 'CMAvF24c6DHhWL18MZ9xZDsXSepnDijbEQCUnRVprxwX',
    chain: 'SOL',
    exchange: 'pAMMBay6oceH9fJKBRHGP5D4bD4sWpmSwMn52FMfXEA',
    priceUsd: 0.00001373416277,
    volumeUsd: 51634961.52,
    mcap: 13734.16,
    priceChangePcs: { '5m': 0, '1h': 0, '6h': 0, '24h': -98.31 },
    transactions: { buys: 23793, sells: 21160 },
    audit: {
      mintable: false,
      freezable: false,
      honeypot: false,
      contractVerified: true,
      linkTwitter: 'https://twitter.com/Mira_Network',
      linkWebsite: 'https://mira.network/'
    },
    security: { renounced: false, locked: false },
    tokenCreatedTimestamp: 2025-09-27T03:47:55.000Z,
    liquidity: { current: 0, changePc: -99.99 }
  },
  {
    id: 'F8m2TynBCNjLTvZDaDEYHvRSWdBwYWkNQqhWJTdtUMGB',
    tokenName: 'MetaMask Coin',
    tokenSymbol: 'MetaMask',
    tokenAddress: 'HdsopTwezQGCgrNQtcHpMRMCJpHaXmbxtdzcBwpkJbNp',
    pairAddress: 'F8m2TynBCNjLTvZDaDEYHvRSWdBwYWkNQqhWJTdtUMGB',
    chain: 'SOL',
    exchange: 'pAMMBay6oceH9fJKBRHGP5D4bD4sWpmSwMn52FMfXEA',
    priceUsd: 0.0002458071064,
    volumeUsd: 51372979.15,
    mcap: 245806.59,
    priceChangePcs: { '5m': 0, '1h': 0, '6h': 0, '24h': 465.28 },
    transactions: { buys: 24108, sells: 21166 },
    audit: {
      mintable: false,
      freezable: false,
      honeypot: false,
      contractVerified: true,
      linkTwitter: 'https://x.com/metamask?s=21',
      linkWebsite: 'http://'
    },
    security: { renounced: false, locked: false },
    tokenCreatedTimestamp: 2025-09-27T03:37:36.000Z,
    liquidity: { current: 0, changePc: -99.99 }
  },
  {
    id: 'JGLWg1ZyvvaGj7xumoFgvyBedQoTmTtgL6gfZ7TsBhu',
    tokenName: 'GOAT Network',
    tokenSymbol: 'GOATED',
    tokenAddress: 'BgGsy64smJdsW1HEeXYPpwnUYid6rcDUzdNEWeij2aTg',
    pairAddress: 'JGLWg1ZyvvaGj7xumoFgvyBedQoTmTtgL6gfZ7TsBhu',
    chain: 'SOL',
    exchange: 'pAMMBay6oceH9fJKBRHGP5D4bD4sWpmSwMn52FMfXEA',
    priceUsd: 0,
    volumeUsd: 51073311.16,
    mcap: 676084.2,
    priceChangePcs: { '5m': 0, '1h': 0, '6h': 0, '24h': 230.19 },
    transactions: { buys: 20690, sells: 17448 },
    audit: {
      mintable: false,
      freezable: false,
      honeypot: false,
      contractVerified: true,
      linkTelegram: 'https://t.me/GOATRollup'
    },
    security: { renounced: false, locked: false },
    tokenCreatedTimestamp: 2025-09-27T02:19:58.000Z,
    liquidity: { current: 0, changePc: -100 }
  },
  {
    id: '4NAdnJaeioRVcbgVusJtEpcjCdVC83icooKJ5dMZUYZb',
    tokenName: 'Mask Coin',
    tokenSymbol: 'MetaMask',
    tokenAddress: 'CV7HTQR5muoKgpdCaCHXkXiYpHAm1Tw3GHvTxZWyuYxM',
    pairAddress: '4NAdnJaeioRVcbgVusJtEpcjCdVC83icooKJ5dMZUYZb',
    chain: 'SOL',
    exchange: 'pAMMBay6oceH9fJKBRHGP5D4bD4sWpmSwMn52FMfXEA',
    priceUsd: 0.0001722366045311415,
    volumeUsd: 49586584.66,
    mcap: 172235.69,
    priceChangePcs: { '5m': 0, '1h': 0, '6h': 0, '24h': 262.44 },
    transactions: { buys: 30049, sells: 27069 },
    audit: {
      mintable: false,
      freezable: false,
      honeypot: false,
      contractVerified: true,
      linkTwitter: 'https://x.com/metamask?s=21',
      linkWebsite: 'https://metamask.io/'
    },
    security: { renounced: false, locked: true },
    tokenCreatedTimestamp: 2025-09-26T21:24:44.000Z,
    liquidity: { current: 0, changePc: -99.99 }
  },
  {
    id: '0x5777d92f208679DB4b9778590Fa3CAB3aC9e2168',
    tokenName: 'Dai Stablecoin',
    tokenSymbol: 'DAI',
    tokenAddress: '0x6B175474E89094C44Da98b954EedeAC495271d0F',
    pairAddress: '0x5777d92f208679DB4b9778590Fa3CAB3aC9e2168',
    chain: 'ETH',
    exchange: '0x68b3465833fb72A70ecDF485E0e4C7bD8665Fc45',
    priceUsd: 0.9999155108457336,
    volumeUsd: 49011422.18,
    mcap: 4601454987.11,
    priceChangePcs: { '5m': 0, '1h': -0.01, '6h': -0.01, '24h': 0 },
    transactions: { buys: 850, sells: 812 },
    audit: {
      mintable: false,
      freezable: false,
      honeypot: false,
      contractVerified: true
    },
    security: { renounced: false, locked: false },
    tokenCreatedTimestamp: 2021-11-13T02:45:03.000Z,
    liquidity: { current: 57823689.37, changePc: -20.91 }
  },
  {
    id: '84fZSnPSyjxc23X1rvtZgJSXHSo4CGjFSLnyipZrkwyV',
    tokenName: 'OpenEden_X',
    tokenSymbol: 'EDEN',
    tokenAddress: '92BAaCDPw4Q4ux2hqrwA1mbbnhJefjzWy7H31tH2xbaT',
    pairAddress: '84fZSnPSyjxc23X1rvtZgJSXHSo4CGjFSLnyipZrkwyV',
    chain: 'SOL',
    exchange: 'pAMMBay6oceH9fJKBRHGP5D4bD4sWpmSwMn52FMfXEA',
    priceUsd: 0.0005466589487718114,
    volumeUsd: 47890932.89,
    mcap: 546658.44,
    priceChangePcs: { '5m': 0, '1h': 0, '6h': 0, '24h': 242.35 },
    transactions: { buys: 18585, sells: 16572 },
    audit: {
      mintable: false,
      freezable: false,
      honeypot: false,
      contractVerified: true,
      linkTwitter: 'https://x.com/OpenEden_X'
    },
    security: { renounced: false, locked: true },
    tokenCreatedTimestamp: 2025-09-26T16:04:31.000Z,
    liquidity: { current: 0, changePc: -99.99 }
  },
  {
    id: '86y2dm9iex1emL289N62tk75awZVmYrFuHDQXdwWDUxE',
    tokenName: 'Official Ronaldo',
    tokenSymbol: 'CR7',
    tokenAddress: '6dPGogSySP69D9MVuaRPauFQDTsma8XZAwN5NtQZaFo9',
    pairAddress: '86y2dm9iex1emL289N62tk75awZVmYrFuHDQXdwWDUxE',
    chain: 'SOL',
    exchange: 'pAMMBay6oceH9fJKBRHGP5D4bD4sWpmSwMn52FMfXEA',
    priceUsd: 0.00001261652886,
    volumeUsd: 47099357.74,
    mcap: 12616.52,
    priceChangePcs: { '5m': 0, '1h': 0, '6h': -99.03, '24h': -98.42 },
    transactions: { buys: 23030, sells: 20395 },
    audit: {
      mintable: false,
      freezable: false,
      honeypot: false,
      contractVerified: false,
      linkTwitter: 'https://x.com/Cristiano',
      linkWebsite: 'https://www.cristianoronaldo.com/#cr7'
    },
    security: { renounced: false, locked: false },
    tokenCreatedTimestamp: 2025-09-27T07:12:36.000Z,
    liquidity: { current: 0, changePc: -99.99 }
  },
  {
    id: '0x88e6A0c2dDD26FEEb64F039a2c41296FcB3f5640',
    tokenName: 'USD Coin',
    tokenSymbol: 'USDC',
    tokenAddress: '0xA0b86991c6218b36c1d19D4a2e9Eb0cE3606eB48',
    pairAddress: '0x88e6A0c2dDD26FEEb64F039a2c41296FcB3f5640',
    chain: 'ETH',
    exchange: '0x68b3465833fb72A70ecDF485E0e4C7bD8665Fc45',
    priceUsd: 0.9985787857875046,
    volumeUsd: 44900233.26,
    mcap: 48698178912.27,
    priceChangePcs: { '5m': -0.06, '1h': -0.35, '6h': -0.23, '24h': 0.03 },
    transactions: { buys: 2989, sells: 2029 },
    audit: {
      mintable: false,
      freezable: false,
      honeypot: false,
      contractVerified: true
    },
    security: { renounced: false, locked: false },
    tokenCreatedTimestamp: 2021-05-05T21:42:11.000Z,
    liquidity: { current: 75584080.76, changePc: -40.47 }
  },
  {
    id: '5WRDHbRmSm7nQ73KtVCLMnTDEoSBPH6ZfX9dd68UhmuR',
    tokenName: 'Bitlight Labs',
    tokenSymbol: 'LIGHT✨',
    tokenAddress: '2KUNyDwcfw4wHkSnugapjTT1JdrtsoPfdAD6JfsyVSn5',
    pairAddress: '5WRDHbRmSm7nQ73KtVCLMnTDEoSBPH6ZfX9dd68UhmuR',
    chain: 'SOL',
    exchange: 'pAMMBay6oceH9fJKBRHGP5D4bD4sWpmSwMn52FMfXEA',
    priceUsd: 0.00001285406402,
    volumeUsd: 43954494.01,
    mcap: 12854.06,
    priceChangePcs: { '5m': 0, '1h': 0, '6h': 0, '24h': -98.8 },
    transactions: { buys: 19688, sells: 18934 },
    audit: {
      mintable: false,
      freezable: false,
      honeypot: false,
      contractVerified: true,
      linkTwitter: 'https://x.com/BinanceFutures/status/1971094444901642600',
      linkWebsite: 'https://bitlightlabs.com/'
    },
    security: { renounced: false, locked: false },
    tokenCreatedTimestamp: 2025-09-27T01:54:54.000Z,
    liquidity: { current: 0, changePc: -99.99 }
  },
  {
    id: '3XP2gPB5P6TkvUuSnpNd136TtaGxSXibjDkvFvYFB6mK',
    tokenName: 'Bitlight Labs',
    tokenSymbol: 'LIGHT',
    tokenAddress: '8pEpKLkcFB22rjg7SzervrhWPEaXVjVhtPa1EPWZEXBK',
    pairAddress: '3XP2gPB5P6TkvUuSnpNd136TtaGxSXibjDkvFvYFB6mK',
    chain: 'SOL',
    exchange: 'pAMMBay6oceH9fJKBRHGP5D4bD4sWpmSwMn52FMfXEA',
    priceUsd: 0,
    volumeUsd: 43213620.5,
    mcap: 591700.93,
    priceChangePcs: { '5m': 0, '1h': 0, '6h': 256.75, '24h': 256.75 },
    transactions: { buys: 16864, sells: 15138 },
    audit: {
      mintable: false,
      freezable: false,
      honeypot: false,
      contractVerified: true,
      linkTwitter: 'https://x.com/search?q=$LIGHT%F0%9F%94%A5',
      linkWebsite: 'https://bitlightlabs.com/'
    },
    security: { renounced: false, locked: false },
    tokenCreatedTimestamp: 2025-09-27T10:29:33.000Z,
    liquidity: { current: 0, changePc: -100 }
  },
  {
    id: '6NBeuSTRBmFhMBGAKcUT8V9YbSYz9rVypH9eoHe9j4Hj',
    tokenName: 'Plasma',
    tokenSymbol: 'XPL',
    tokenAddress: '2c61jFWDoP5uwczFnLLyahCgCmLbAPMZcoPXptFZeAHM',
    pairAddress: '6NBeuSTRBmFhMBGAKcUT8V9YbSYz9rVypH9eoHe9j4Hj',
    chain: 'SOL',
    exchange: 'pAMMBay6oceH9fJKBRHGP5D4bD4sWpmSwMn52FMfXEA',
    priceUsd: 0.000012032587287082554,
    volumeUsd: 42234470.57,
    mcap: 12032.58,
    priceChangePcs: { '5m': 0, '1h': 0, '6h': 0, '24h': -98.73 },
    transactions: { buys: 19524, sells: 16594 },
    audit: {
      mintable: false,
      freezable: false,
      honeypot: false,
      contractVerified: true,
      linkTwitter: 'https://x.com/PlasmaFDN',
      linkWebsite: 'https://www.plasma.to/zh'
    },
    security: { renounced: false, locked: true },
    tokenCreatedTimestamp: 2025-09-26T20:48:50.000Z,
    liquidity: { current: 0, changePc: -99.99 }
  },
  {
    id: 'HTvjzsfX3yU6BUodCjZ5vZkUrAxMDTrBs3CJaq43ashR',
    tokenName: 'USD Coin',
    tokenSymbol: 'USDC',
    tokenAddress: 'EPjFWdd5AufqSSqeM2qN1xzybapC8G4wEGGkZwyTDt1v',
    pairAddress: 'HTvjzsfX3yU6BUodCjZ5vZkUrAxMDTrBs3CJaq43ashR',
    chain: 'SOL',
    exchange: 'LBUZKhRxPF3XUpBCjp4YzTKgLccjZhTSDM9YuVaPwxo',
    priceUsd: 0.9996404144,
    volumeUsd: 42138387.84,
    mcap: 10142116580.29,
    priceChangePcs: { '5m': -0.04, '1h': 0, '6h': 0.01, '24h': 0.3 },
    transactions: { buys: 18676, sells: 18021 },
    audit: {
      mintable: false,
      freezable: false,
      honeypot: false,
      contractVerified: false
    },
    security: { renounced: false, locked: true },
    tokenCreatedTimestamp: 2025-01-16T08:06:00.000Z,
    liquidity: { current: 2605272.95, changePc: 1023.52 }
  },
  {
    id: 'EuPnpWGTPB5iYm34rTzk7aCvhBzZvGEjXhRwE65ShBdE',
    tokenName: 'Bitlight Labs',
    tokenSymbol: 'LIGHT',
    tokenAddress: '35ueb87P8QGLMJg8sJJL9KzsGnauNRdY3cj2gCu5rhyx',
    pairAddress: 'EuPnpWGTPB5iYm34rTzk7aCvhBzZvGEjXhRwE65ShBdE',
    chain: 'SOL',
    exchange: 'pAMMBay6oceH9fJKBRHGP5D4bD4sWpmSwMn52FMfXEA',
    priceUsd: 0,
    volumeUsd: 42110761.83,
    mcap: 510758.05,
    priceChangePcs: { '5m': 0, '1h': 0, '6h': 214.93, '24h': 214.93 },
    transactions: { buys: 16189, sells: 14583 },
    audit: {
      mintable: false,
      freezable: false,
      honeypot: false,
      contractVerified: true,
      linkWebsite: 'https://bitlightlabs.com/'
    },
    security: { renounced: false, locked: false },
    tokenCreatedTimestamp: 2025-09-27T08:24:21.000Z,
    liquidity: { current: 0, changePc: -100 }
  },
  {
    id: '7A8XiSivB8ZpRL6T7qJFYv2wkxnEubRXt5DbAx15hzAB',
    tokenName: 'BestWalletHQ',
    tokenSymbol: 'Best',
    tokenAddress: 'EPKQvx5DVHDa2cNgXtNTvCtfmhNKKPrUFDDtXDUG5Fxa',
    pairAddress: '7A8XiSivB8ZpRL6T7qJFYv2wkxnEubRXt5DbAx15hzAB',
    chain: 'SOL',
    exchange: 'pAMMBay6oceH9fJKBRHGP5D4bD4sWpmSwMn52FMfXEA',
    priceUsd: 0.00001927527081141244,
    volumeUsd: 41789323.4,
    mcap: 19275.26,
    priceChangePcs: { '5m': 0, '1h': 0, '6h': 0, '24h': -97.88 },
    transactions: { buys: 18662, sells: 15999 },
    audit: {
      mintable: false,
      freezable: false,
      honeypot: false,
      contractVerified: true,
      linkTwitter: 'https://x.com/BestWalletHQ'
    },
    security: { renounced: false, locked: true },
    tokenCreatedTimestamp: 2025-09-26T22:56:35.000Z,
    liquidity: { current: 0, changePc: -99.99 }
  },
  {
    id: '0x924E62a3689e7B94F397E61ac796DaBfEa32E93B',
    tokenName: 'TRADOOR',
    tokenSymbol: 'TRADOOR',
    tokenAddress: '0x9123400446a56176Eb1B6BE9ee5CF703e409F492',
    pairAddress: '0x924E62a3689e7B94F397E61ac796DaBfEa32E93B',
    chain: 'BSC',
    exchange: '0x1b81D678ffb9C0263b24A97847620C99d213eB14',
    priceUsd: 2.5552895577163492,
    volumeUsd: 41552637.8,
    mcap: 153317373.46,
    priceChangePcs: { '5m': 0.43, '1h': 2.29, '6h': 3.5, '24h': -1.21 },
    transactions: { buys: 17112, sells: 17357 },
    audit: {
      mintable: false,
      freezable: false,
      honeypot: false,
      contractVerified: true
    },
    security: { renounced: false, locked: false },
    tokenCreatedTimestamp: 2025-09-03T09:44:32.000Z,
    liquidity: { current: 2390204.57, changePc: 11851.02 }
  },
  {
    id: 'EPUn9VkhAHVjtbX9Rsv7RsoZwnUSxyv1eVuUqwXkAh2z',
    tokenName: 'Mira Network',
    tokenSymbol: 'MIRA',
    tokenAddress: 'BvzcpKGyhE1ACoWLzrYvH7hhgYTBUgnmvoPkB4WxHz9X',
    pairAddress: 'EPUn9VkhAHVjtbX9Rsv7RsoZwnUSxyv1eVuUqwXkAh2z',
    chain: 'SOL',
    exchange: 'pAMMBay6oceH9fJKBRHGP5D4bD4sWpmSwMn52FMfXEA',
    priceUsd: 0.00043223732593828887,
    volumeUsd: 41282234.94,
    mcap: 432237.15,
    priceChangePcs: { '5m': 0, '1h': 0, '6h': 0, '24h': 163.75 },
    transactions: { buys: 16870, sells: 15359 },
    audit: {
      mintable: false,
      freezable: false,
      honeypot: false,
      contractVerified: false
    },
    security: { renounced: false, locked: true },
    tokenCreatedTimestamp: 2025-09-26T13:34:47.000Z,
    liquidity: { current: 0, changePc: -99.99 }
  },
  {
    id: 'AY1NRnBPV1fzNaWd8AGJ2v78iFoALrBsGc4oXBTuxQ7s',
    tokenName: 'MetaMask Coin',
    tokenSymbol: 'Meta-Mask',
    tokenAddress: 'GQMBkmv3rFJEsiXfRDJbd16TmGP8RckKnjGie5JPhGWf',
    pairAddress: 'AY1NRnBPV1fzNaWd8AGJ2v78iFoALrBsGc4oXBTuxQ7s',
    chain: 'SOL',
    exchange: 'pAMMBay6oceH9fJKBRHGP5D4bD4sWpmSwMn52FMfXEA',
    priceUsd: 0.0002198564611,
    volumeUsd: 41247541,
    mcap: 219855.79,
    priceChangePcs: { '5m': 0, '1h': 0, '6h': 318.73, '24h': 318.73 },
    transactions: { buys: 19519, sells: 17083 },
    audit: {
      mintable: false,
      freezable: false,
      honeypot: false,
      contractVerified: true,
      linkTwitter: 'https://x.com/metamask?s=21',
      linkWebsite: 'http://'
    },
    security: { renounced: false, locked: false },
    tokenCreatedTimestamp: 2025-09-27T09:11:49.000Z,
    liquidity: { current: 0, changePc: -99.99 }
  },
  {
    id: '88G7sDF7RvU5x1w5uyYVoCkK7SZewNywDGQA4rL7XsoY',
    tokenName: 'Mask Coin',
    tokenSymbol: 'MetaMask',
    tokenAddress: '9c5NpRifGwvuidHBq6Vw8Hgpcg27RMpJ6Qd9FiSVgPFs',
    pairAddress: '88G7sDF7RvU5x1w5uyYVoCkK7SZewNywDGQA4rL7XsoY',
    chain: 'SOL',
    exchange: 'pAMMBay6oceH9fJKBRHGP5D4bD4sWpmSwMn52FMfXEA',
    priceUsd: 0.00019669429883955626,
    volumeUsd: 40506920.05,
    mcap: 196693.9,
    priceChangePcs: { '5m': 0, '1h': 0, '6h': 0, '24h': 71.03 },
    transactions: { buys: 24007, sells: 21472 },
    audit: {
      mintable: false,
      freezable: false,
      honeypot: false,
      contractVerified: true,
      linkTwitter: 'https://x.com/metamask?s=21',
      linkWebsite: 'https://metamask.io/'
    },
    security: { renounced: false, locked: true },
    tokenCreatedTimestamp: 2025-09-26T13:25:32.000Z,
    liquidity: { current: 0, changePc: -99.99 }
  },
  {
    id: '0xE0554a476A092703abdB3Ef35c80e0D76d32939F',
    tokenName: 'USD Coin',
    tokenSymbol: 'USDC',
    tokenAddress: '0xA0b86991c6218b36c1d19D4a2e9Eb0cE3606eB48',
    pairAddress: '0xE0554a476A092703abdB3Ef35c80e0D76d32939F',
    chain: 'ETH',
    exchange: '0x68b3465833fb72A70ecDF485E0e4C7bD8665Fc45',
    priceUsd: 0.9988846665031407,
    volumeUsd: 39975519.68,
    mcap: 48713095946.39,
    priceChangePcs: { '5m': -0.02, '1h': -0.36, '6h': -0.22, '24h': 0.02 },
    transactions: { buys: 6229, sells: 6158 },
    audit: {
      mintable: false,
      freezable: false,
      honeypot: false,
      contractVerified: true
    },
    security: { renounced: false, locked: false },
    tokenCreatedTimestamp: 2021-11-14T21:44:29.000Z,
    liquidity: { current: 5598499.05, changePc: 17384.69 }
  },
  {
    id: '8g7n7j1BJssKNA4sXAcpCuZCqiYRnaUVfQFFe8LDuALH',
    tokenName: 'MIRA',
    tokenSymbol: 'MIRA',
    tokenAddress: 'HzmH1zXBGpLttVGHev58rAs6RwJYXnWrP3kAU6BxzCYr',
    pairAddress: '8g7n7j1BJssKNA4sXAcpCuZCqiYRnaUVfQFFe8LDuALH',
    chain: 'SOL',
    exchange: 'pAMMBay6oceH9fJKBRHGP5D4bD4sWpmSwMn52FMfXEA',
    priceUsd: 0,
    volumeUsd: 39120169.9,
    mcap: 385568.85,
    priceChangePcs: { '5m': 0, '1h': 0, '6h': 0, '24h': 136.01 },
    transactions: { buys: 14803, sells: 13805 },
    audit: {
      mintable: false,
      freezable: false,
      honeypot: false,
      contractVerified: true,
      linkTwitter: 'https://x.com/Mira_Network',
      linkWebsite: 'https://mira.network/'
    },
    security: { renounced: false, locked: true },
    tokenCreatedTimestamp: 2025-09-26T23:47:34.000Z,
    liquidity: { current: 0, changePc: -100 }
  },
  {
    id: '9nQQohMsSWAYL8ZzdRSjD54SKEEvyz9wmSQrk3t4st3X',
    tokenName: 'Nyx Eternal',
    tokenSymbol: 'NYX',
    tokenAddress: 'BwUuMTwiCUruHcAXZ6C4jQX9hFnJKavq43FXiR7FPLGQ',
    pairAddress: '9nQQohMsSWAYL8ZzdRSjD54SKEEvyz9wmSQrk3t4st3X',
    chain: 'SOL',
    exchange: 'pAMMBay6oceH9fJKBRHGP5D4bD4sWpmSwMn52FMfXEA',
    priceUsd: 0.0002313684457266388,
    volumeUsd: 39019579.41,
    mcap: 231368.02,
    priceChangePcs: { '5m': 0, '1h': 0, '6h': 0, '24h': 337.54 },
    transactions: { buys: 22163, sells: 19490 },
    audit: {
      mintable: false,
      freezable: false,
      honeypot: false,
      contractVerified: true,
      linkTwitter: 'https://x.com/NyxPosts',
      linkWebsite: 'https://nyx.run/'
    },
    security: { renounced: false, locked: true },
    tokenCreatedTimestamp: 2025-09-26T22:03:13.000Z,
    liquidity: { current: 0, changePc: -99.99 }
  },
  {
    id: '7CkXEnsXAPWBdRkGAUdRS2WS2v59HRYvbVviz8Gzomgt',
    tokenName: 'trillions',
    tokenSymbol: 'trillions',
    tokenAddress: 'Axe7g3Gwnx9tBUG53PYGxMF6sJJxPKDgeqDS7zEv5TJR',
    pairAddress: '7CkXEnsXAPWBdRkGAUdRS2WS2v59HRYvbVviz8Gzomgt',
    chain: 'SOL',
    exchange: 'pAMMBay6oceH9fJKBRHGP5D4bD4sWpmSwMn52FMfXEA',
    priceUsd: 0.000221785233,
    volumeUsd: 38951038.48,
    mcap: 221784.62,
    priceChangePcs: { '5m': 0, '1h': 2.7, '6h': 319.26, '24h': 319.26 },
    transactions: { buys: 19916, sells: 17389 },
    audit: {
      mintable: false,
      freezable: false,
      honeypot: false,
      contractVerified: false,
      linkTelegram: 'https://t.me/trillions_tg',
      linkTwitter: 'https://x.com/trillions_coin',
      linkWebsite: 'https://www.trillions-coin.com/'
    },
    security: { renounced: false, locked: false },
    tokenCreatedTimestamp: 2025-09-27T11:04:43.000Z,
    liquidity: { current: 0, changePc: -99.99 }
  },
  {
    id: '9AbW2CpmDd29Qdx2irzHoRKKX8RKuXMjsWcmh86Mtqe4',
    tokenName: 'PoyeVerse',
    tokenSymbol: 'POYE',
    tokenAddress: '79B65uJCwgugDvGuha2adv8ZCEbM5gmDtUyGvY2vu3wN',
    pairAddress: '9AbW2CpmDd29Qdx2irzHoRKKX8RKuXMjsWcmh86Mtqe4',
    chain: 'SOL',
    exchange: 'pAMMBay6oceH9fJKBRHGP5D4bD4sWpmSwMn52FMfXEA',
    priceUsd: 0.0002377669249,
    volumeUsd: 38263229.38,
    mcap: 237766.53,
    priceChangePcs: { '5m': 0, '1h': 0, '6h': 0, '24h': 344.62 },
    transactions: { buys: 17037, sells: 14809 },
    audit: {
      mintable: false,
      freezable: false,
      honeypot: false,
      contractVerified: true,
      linkTwitter: 'https://x.com/poyeverse'
    },
    security: { renounced: false, locked: false },
    tokenCreatedTimestamp: 2025-09-27T01:35:39.000Z,
    liquidity: { current: 0, changePc: -99.99 }
  },
  {
    id: '5pTrEfjtKwVFRcAxh4B1rmCPJPK4G8YA5UDpgxAMsJL3',
    tokenName: 'Bowl Cut Dog',
    tokenSymbol: 'MOE',
    tokenAddress: '8N2hCvuyxpByAnDenLcLFeJr3osiVW7fuutxthc3u8Dx',
    pairAddress: '5pTrEfjtKwVFRcAxh4B1rmCPJPK4G8YA5UDpgxAMsJL3',
    chain: 'SOL',
    exchange: 'pAMMBay6oceH9fJKBRHGP5D4bD4sWpmSwMn52FMfXEA',
    priceUsd: 0.0001538352766,
    volumeUsd: 38096207.95,
    mcap: 153834.04,
    priceChangePcs: { '5m': 0, '1h': 0, '6h': 208.95, '24h': 208.95 },
    transactions: { buys: 14541, sells: 13742 },
    audit: {
      mintable: false,
      freezable: false,
      honeypot: false,
      contractVerified: true,
      linkTwitter: 'https://x.com/i/communities/1971842392564338884'
    },
    security: { renounced: false, locked: false },
    tokenCreatedTimestamp: 2025-09-27T10:36:53.000Z,
    liquidity: { current: 0, changePc: -99.99 }
  },
  {
    id: 'gA6Ceeeoc3Qy3Rdwv1nppARG8gabKMmzHNYMv5wMAYB',
    tokenName: 'Official Ronaldo',
    tokenSymbol: 'CR7',
    tokenAddress: 'Fa9pC1hrFA8XXHuGXLpvLgDxAQYArA4REDEwRevHWst8',
    pairAddress: 'gA6Ceeeoc3Qy3Rdwv1nppARG8gabKMmzHNYMv5wMAYB',
    chain: 'SOL',
    exchange: 'pAMMBay6oceH9fJKBRHGP5D4bD4sWpmSwMn52FMfXEA',
    priceUsd: 0.000007084195836,
    volumeUsd: 37678922.94,
    mcap: 7084.19,
    priceChangePcs: { '5m': 0, '1h': 0, '6h': 0, '24h': -99.07 },
    transactions: { buys: 18164, sells: 16563 },
    audit: {
      mintable: false,
      freezable: false,
      honeypot: false,
      contractVerified: true,
      linkTwitter: 'https://x.com/Cristiano',
      linkWebsite: 'https://www.cristianoronaldo.com/#cr7'
    },
    security: { renounced: false, locked: false },
    tokenCreatedTimestamp: 2025-09-27T05:15:56.000Z,
    liquidity: { current: 0, changePc: -99.99 }
  },
  {
    id: '0xd21bc2291C1aeF340f5265E257B18aa5dafed759',
    tokenName: 'Hana Token',
    tokenSymbol: 'HANA',
    tokenAddress: '0x6261963EbE9Ff014aAd10eCc3b0238D4D04E8353',
    pairAddress: '0xd21bc2291C1aeF340f5265E257B18aa5dafed759',
    chain: 'BSC',
    exchange: '0x1b81D678ffb9C0263b24A97847620C99d213eB14',
    priceUsd: 0.05834764885753,
    volumeUsd: 37665525.62,
    mcap: 58347648.85,
    priceChangePcs: { '5m': -1.08, '1h': -3.3, '6h': -1.36, '24h': -3.13 },
    transactions: { buys: 50396, sells: 50451 },
    audit: {
      mintable: false,
      freezable: false,
      honeypot: false,
      contractVerified: true
    },
    security: { renounced: false, locked: false },
    tokenCreatedTimestamp: 2025-09-25T02:15:44.000Z,
    liquidity: { current: 818806.5, changePc: 3994.03 }
  },
  {
    id: '0x4e68Ccd3E89f51C3074ca5072bbAC773960dFa36',
    tokenName: 'Tether USD',
    tokenSymbol: 'USDT',
    tokenAddress: '0xdAC17F958D2ee523a2206206994597C13D831ec7',
    pairAddress: '0x4e68Ccd3E89f51C3074ca5072bbAC773960dFa36',
    chain: 'ETH',
    exchange: '0x68b3465833fb72A70ecDF485E0e4C7bD8665Fc45',
    priceUsd: 0.9955531963609452,
    volumeUsd: 37107897,
    mcap: 94352101256.05,
    priceChangePcs: { '5m': 0, '1h': -0.91, '6h': -0.15, '24h': -0.62 },
    transactions: { buys: 554, sells: 851 },
    audit: {
      mintable: false,
      freezable: false,
      honeypot: false,
      contractVerified: true
    },
    security: { renounced: false, locked: false },
    tokenCreatedTimestamp: 2021-05-05T16:37:08.000Z,
    liquidity: { current: 141677569.78, changePc: 221.87 }
  },
  {
    id: 'E6nG5KBXw74xEXwNGWihUa9LUHKHs1dG75VCv9tewNN3',
    tokenName: 'MetaMask Coin',
    tokenSymbol: 'MetaMask',
    tokenAddress: 'HWpiyoJvaahBi4kmGVkxcaSzT54PnLqURBniEqku5HGy',
    pairAddress: 'E6nG5KBXw74xEXwNGWihUa9LUHKHs1dG75VCv9tewNN3',
    chain: 'SOL',
    exchange: 'pAMMBay6oceH9fJKBRHGP5D4bD4sWpmSwMn52FMfXEA',
    priceUsd: 0.0001619516689,
    volumeUsd: 37014877.68,
    mcap: 161950.44,
    priceChangePcs: { '5m': 0, '1h': 0, '6h': 0, '24h': 249.82 },
    transactions: { buys: 20759, sells: 18621 },
    audit: {
      mintable: false,
      freezable: false,
      honeypot: false,
      contractVerified: false,
      linkTwitter: 'https://x.com/metamask?s=21',
      linkWebsite: 'https://metamask.io/'
    },
    security: { renounced: false, locked: false },
    tokenCreatedTimestamp: 2025-09-27T04:19:50.000Z,
    liquidity: { current: 0, changePc: -99.99 }
  },
  {
    id: '8HxJVwg9JPEm72D3uR9jp79BTgJj1cMQaYGNELFFeL6n',
    tokenName: 'Aster_DEX',
    tokenSymbol: 'Aster',
    tokenAddress: '9fQRKpzq29E6brzv7c2eXVpG6yiwoCgtSR4FjKiz63JY',
    pairAddress: '8HxJVwg9JPEm72D3uR9jp79BTgJj1cMQaYGNELFFeL6n',
    chain: 'SOL',
    exchange: 'pAMMBay6oceH9fJKBRHGP5D4bD4sWpmSwMn52FMfXEA',
    priceUsd: 0.00000844746360898433,
    volumeUsd: 35799930.15,
    mcap: 8447.46,
    priceChangePcs: { '5m': 0, '1h': 0, '6h': 0, '24h': -99.54 },
    transactions: { buys: 15399, sells: 13522 },
    audit: {
      mintable: false,
      freezable: false,
      honeypot: false,
      contractVerified: true,
      linkTelegram: 'https://t.me/AsterDEX',
      linkTwitter: 'https://x.com/Aster_DEX'
    },
    security: { renounced: false, locked: true },
    tokenCreatedTimestamp: 2025-09-26T22:06:19.000Z,
    liquidity: { current: 0, changePc: -99.99 }
  },
  {
    id: 'BhkrpVukUBTvZ7xmKTXkubGBC8VncbDNRgQgbRzExxAb',
    tokenName: 'Aster Inu',
    tokenSymbol: 'ASTERINU',
    tokenAddress: 'FKieQmUYzhPPDNYHYw5YXJdPY1GfS8S4A9QbMaFtdaje',
    pairAddress: 'BhkrpVukUBTvZ7xmKTXkubGBC8VncbDNRgQgbRzExxAb',
    chain: 'SOL',
    exchange: 'pAMMBay6oceH9fJKBRHGP5D4bD4sWpmSwMn52FMfXEA',
    priceUsd: 0.000009145260837930946,
    volumeUsd: 35242965.29,
    mcap: 9145.25,
    priceChangePcs: { '5m': 0, '1h': 0, '6h': 0, '24h': -99.05 },
    transactions: { buys: 15963, sells: 13469 },
    audit: {
      mintable: false,
      freezable: false,
      honeypot: false,
      contractVerified: true,
      linkTwitter: 'https://x.com/AsterINUbsc',
      linkWebsite: 'https://asterinu.xyz/'
    },
    security: { renounced: false, locked: true },
    tokenCreatedTimestamp: 2025-09-27T00:48:09.000Z,
    liquidity: { current: 0, changePc: -99.99 }
  },
  {
    id: '0x30D59a44930B3994c116846EFe55fC8fcF608aa8',
    tokenName: 'Roam Token',
    tokenSymbol: 'ROAM',
    tokenAddress: '0x3fefe29dA25BEa166fB5f6ADe7b5976D2b0e586B',
    pairAddress: '0x30D59a44930B3994c116846EFe55fC8fcF608aa8',
    chain: 'BSC',
    exchange: '0x1b81D678ffb9C0263b24A97847620C99d213eB14',
    priceUsd: 0.09143708883771101,
    volumeUsd: 34995322.71,
    mcap: 4024184.09,
    priceChangePcs: { '5m': 0, '1h': 0.03, '6h': -1.24, '24h': 0.4 },
    transactions: { buys: 4692, sells: 4415 },
    audit: {
      mintable: false,
      freezable: false,
      honeypot: false,
      contractVerified: true
    },
    security: { renounced: false, locked: false },
    tokenCreatedTimestamp: 2025-06-12T13:31:55.000Z,
    liquidity: { current: 832504.99, changePc: 13775.04 }
  },
  {
    id: 'AA861xs52detaJZejR53MRnmyBTR9Nru2g7z12v1fngD',
    tokenName: 'Wall Street Pepe',
    tokenSymbol: 'WEPE',
    tokenAddress: 'EchVgsbGoy2WqEB9AZP8PAbGzF86sQfK3QXXpsLhmoFP',
    pairAddress: 'AA861xs52detaJZejR53MRnmyBTR9Nru2g7z12v1fngD',
    chain: 'SOL',
    exchange: 'pAMMBay6oceH9fJKBRHGP5D4bD4sWpmSwMn52FMfXEA',
    priceUsd: 0.00023050211238680884,
    volumeUsd: 33950247.95,
    mcap: 230501.46,
    priceChangePcs: { '5m': 0, '1h': 0, '6h': 0, '24h': 339.87 },
    transactions: { buys: 19212, sells: 17515 },
    audit: {
      mintable: false,
      freezable: false,
      honeypot: false,
      contractVerified: true,
      linkTwitter: 'https://x.com/SingularityRot/status/1971578252813590593',
      linkWebsite: 'https://youtu.be/GZ-bYOCMfmE?si=QvJ8hZi3q6i8v9p3&t=8'
    },
    security: { renounced: false, locked: true },
    tokenCreatedTimestamp: 2025-09-26T15:56:20.000Z,
    liquidity: { current: 0, changePc: -99.99 }
  },
  {
    id: '65oAbYggcoW2U4k65DzgnAQbm3CPfLFrA585NTB7Vj46',
    tokenName: 'trillions',
    tokenSymbol: 'trillions',
    tokenAddress: '7btk2Yxu9ySEH4HkJhZRJfuspPuZ5GP2bKnrwU1XpXTC',
    pairAddress: '65oAbYggcoW2U4k65DzgnAQbm3CPfLFrA585NTB7Vj46',
    chain: 'SOL',
    exchange: 'pAMMBay6oceH9fJKBRHGP5D4bD4sWpmSwMn52FMfXEA',
    priceUsd: 0.0001817371938,
    volumeUsd: 33835236.97,
    mcap: 181736.72,
    priceChangePcs: { '5m': 0, '1h': 0, '6h': 243.17, '24h': 243.17 },
    transactions: { buys: 15002, sells: 13030 },
    audit: {
      mintable: false,
      freezable: false,
      honeypot: false,
      contractVerified: false,
      linkTelegram: 'https://t.me/trillions_tg',
      linkTwitter: 'https://x.com/trillions_coin',
      linkWebsite: 'https://www.trillions-coin.com/'
    },
    security: { renounced: false, locked: false },
    tokenCreatedTimestamp: 2025-09-27T07:52:30.000Z,
    liquidity: { current: 0, changePc: -99.99 }
  },
  {
    id: '6nZwCPVZ21LHmrsVYLZKpFwaLmrMqBGgkE1mTaSkETJy',
    tokenName: 'Mira Network',
    tokenSymbol: 'MIRA🚀',
    tokenAddress: 'GEjNGLjNyDgbC7p5BnRq4NxUrvRArKgeR2RZ2V8k87sZ',
    pairAddress: '6nZwCPVZ21LHmrsVYLZKpFwaLmrMqBGgkE1mTaSkETJy',
    chain: 'SOL',
    exchange: 'pAMMBay6oceH9fJKBRHGP5D4bD4sWpmSwMn52FMfXEA',
    priceUsd: 0.00022092357419748333,
    volumeUsd: 33510100.63,
    mcap: 220923.33,
    priceChangePcs: { '5m': 0, '1h': 0, '6h': 0, '24h': 27.74 },
    transactions: { buys: 19721, sells: 18030 },
    audit: {
      mintable: false,
      freezable: false,
      honeypot: false,
      contractVerified: true,
      linkTwitter: 'https://x.com/Mira_Network',
      linkWebsite: 'https://mira.network/'
    },
    security: { renounced: false, locked: true },
    tokenCreatedTimestamp: 2025-09-26T13:16:57.000Z,
    liquidity: { current: 0, changePc: -99.99 }
  },
  {
    id: '9ccRB9QYL1YFyBEM5oSGd9f6BiAmBwRJUwDvrXxAnD3z',
    tokenName: 'GOAT Network',
    tokenSymbol: 'GOATED',
    tokenAddress: 'Bbb9h9kGkYFLvgAPufU8aZYnV1TFKfVrtuQBia9SBmxW',
    pairAddress: '9ccRB9QYL1YFyBEM5oSGd9f6BiAmBwRJUwDvrXxAnD3z',
    chain: 'SOL',
    exchange: 'pAMMBay6oceH9fJKBRHGP5D4bD4sWpmSwMn52FMfXEA',
    priceUsd: 0,
    volumeUsd: 33461973.8,
    mcap: 149862.08,
    priceChangePcs: { '5m': 0, '1h': 0, '6h': 185.25, '24h': 185.25 },
    transactions: { buys: 12733, sells: 11781 },
    audit: {
      mintable: false,
      freezable: false,
      honeypot: false,
      contractVerified: true,
      linkTelegram: 'https://t.me/GOATRollup',
      linkTwitter: 'https://x.com/GOATRollup',
      linkWebsite: 'https://www.goat.network/'
    },
    security: { renounced: false, locked: false },
    tokenCreatedTimestamp: 2025-09-27T09:03:08.000Z,
    liquidity: { current: 0, changePc: -100 }
  },
  {
    id: 'AXkK9xCyuupy9T3Tg6uvbbjoX1ENKfZmXe8qpc1ZTaoq',
    tokenName: 'ZEROBASE',
    tokenSymbol: 'ZBT',
    tokenAddress: '8TbQNaNGLNwqnWwkGxHt2qtTxQsXXTpwBLv8Nx2MS6Yr',
    pairAddress: 'AXkK9xCyuupy9T3Tg6uvbbjoX1ENKfZmXe8qpc1ZTaoq',
    chain: 'SOL',
    exchange: 'pAMMBay6oceH9fJKBRHGP5D4bD4sWpmSwMn52FMfXEA',
    priceUsd: 0,
    volumeUsd: 33335896.58,
    mcap: 157176.39,
    priceChangePcs: { '5m': 0, '1h': 0, '6h': 0, '24h': 147.63 },
    transactions: { buys: 11895, sells: 11337 },
    audit: {
      mintable: false,
      freezable: false,
      honeypot: false,
      contractVerified: false,
      linkTelegram: 'https://t.me/zerobasezk',
      linkTwitter: 'https://x.com/ZEROBASEzk'
    },
    security: { renounced: false, locked: false },
    tokenCreatedTimestamp: 2025-09-27T04:41:33.000Z,
    liquidity: { current: 0, changePc: -100 }
  },
  {
    id: '262D9LoRepz7KCv9oMu7vHGYnwNMrhzHgnV25BHzAQky',
    tokenName: 'Plasma',
    tokenSymbol: 'XPL',
    tokenAddress: 'CdEcPLgyfpV4wHLTD13jbKtphGSEKUnQpZ4Pf9jVJWir',
    pairAddress: '262D9LoRepz7KCv9oMu7vHGYnwNMrhzHgnV25BHzAQky',
    chain: 'SOL',
    exchange: 'pAMMBay6oceH9fJKBRHGP5D4bD4sWpmSwMn52FMfXEA',
    priceUsd: 0.000019236957213760133,
    volumeUsd: 32717528.34,
    mcap: 19236.95,
    priceChangePcs: { '5m': 0, '1h': 0, '6h': 0, '24h': -99.41 },
    transactions: { buys: 14825, sells: 14204 },
    audit: {
      mintable: false,
      freezable: false,
      honeypot: false,
      contractVerified: false
    },
    security: { renounced: false, locked: true },
    tokenCreatedTimestamp: 2025-09-26T12:09:20.000Z,
    liquidity: { current: 0, changePc: -99.99 }
  },
  {
    id: '2de6Nhy5sFVYmvqpjbzN2MSsMZb34uSVvxKCXSqek8GT',
    tokenName: 'Aark Digital',
    tokenSymbol: 'AARK',
    tokenAddress: '2aXjui2YFtL6HrUYHY4rJyFsnnwg7LCYGjeZAKh8Y8P1',
    pairAddress: '2de6Nhy5sFVYmvqpjbzN2MSsMZb34uSVvxKCXSqek8GT',
    chain: 'SOL',
    exchange: 'pAMMBay6oceH9fJKBRHGP5D4bD4sWpmSwMn52FMfXEA',
    priceUsd: 0,
    volumeUsd: 32641782.51,
    mcap: 182829.73,
    priceChangePcs: { '5m': 0, '1h': 0, '6h': 299.02, '24h': 299.02 },
    transactions: { buys: 18176, sells: 16248 },
    audit: {
      mintable: false,
      freezable: false,
      honeypot: false,
      contractVerified: false,
      linkTwitter: 'https://x.com/Aark_Digital',
      linkWebsite: 'https://link3.to/aarkdigital'
    },
    security: { renounced: false, locked: false },
    tokenCreatedTimestamp: 2025-09-27T11:06:40.000Z,
    liquidity: { current: 0, changePc: -100 }
  },
  {
    id: '3xAg7YRxqQaKoSpL9mzpJ27KDeAob8jNWtpYkQFDRBv4',
    tokenName: 'Aster',
    tokenSymbol: 'ASTER',
    tokenAddress: 'BpbsF5UVk8ZLWB3Ky2fMqmN2Km89fiKXHb5kySkWQ4Au',
    pairAddress: '3xAg7YRxqQaKoSpL9mzpJ27KDeAob8jNWtpYkQFDRBv4',
    chain: 'SOL',
    exchange: 'pAMMBay6oceH9fJKBRHGP5D4bD4sWpmSwMn52FMfXEA',
    priceUsd: 0,
    volumeUsd: 32261198.29,
    mcap: 182257.26,
    priceChangePcs: { '5m': 0, '1h': 0, '6h': 296.88, '24h': 296.88 },
    transactions: { buys: 17057, sells: 15118 },
    audit: {
      mintable: false,
      freezable: false,
      honeypot: false,
      contractVerified: true,
      linkTelegram: 'https://t.me/AsterDEX',
      linkTwitter: 'https://x.com/Aster_DEX',
      linkWebsite: 'https://www.asterdex.com/en'
    },
    security: { renounced: false, locked: false },
    tokenCreatedTimestamp: 2025-09-27T07:57:38.000Z,
    liquidity: { current: 0, changePc: -100 }
  },
  {
    id: '0xF07a660776BE8CEa92f8BF91Fc2b482213d03f02',
    tokenName: 'Golden',
    tokenSymbol: 'GOLDEN',
    tokenAddress: '0x40f8A48d7579039d42ff832E67fAD7D891640BDb',
    pairAddress: '0xF07a660776BE8CEa92f8BF91Fc2b482213d03f02',
    chain: 'ETH',
    exchange: '0x7a250d5630B4cF539739dF2C5dAcb4c659F2488D',
    priceUsd: 0,
    volumeUsd: 32165549.51,
    mcap: 1632.2807027037152,
    priceChangePcs: { '5m': 0, '1h': 0, '6h': 0, '24h': 0 },
    transactions: { buys: 4, sells: 4 },
    audit: {
      mintable: false,
      freezable: false,
      honeypot: false,
      contractVerified: true
    },
    security: { renounced: true, locked: false },
    tokenCreatedTimestamp: 2023-01-25T13:54:35.000Z,
    liquidity: { current: 0, changePc: -100 }
  },
  {
    id: '72FGNDqFm1mttWnpx4T3dUvABeJ4nytxQUg2jQUMCkmK',
    tokenName: 'Plasma',
    tokenSymbol: 'XPL',
    tokenAddress: 'F3VufeDHsoo2KKLbGv2qYyoniCnSP9bskCcXwfsEzMQ4',
    pairAddress: '72FGNDqFm1mttWnpx4T3dUvABeJ4nytxQUg2jQUMCkmK',
    chain: 'SOL',
    exchange: 'pAMMBay6oceH9fJKBRHGP5D4bD4sWpmSwMn52FMfXEA',
    priceUsd: 0.00021182323278299105,
    volumeUsd: 31973112.01,
    mcap: 211823.16,
    priceChangePcs: { '5m': 0, '1h': 0, '6h': 0, '24h': 332.95 },
    transactions: { buys: 17804, sells: 15949 },
    audit: {
      mintable: false,
      freezable: false,
      honeypot: false,
      contractVerified: true,
      linkTwitter: 'https://x.com/PlasmaFDN',
      linkWebsite: 'https://www.plasma.to/zh'
    },
    security: { renounced: false, locked: true },
    tokenCreatedTimestamp: 2025-09-26T18:19:57.000Z,
    liquidity: { current: 0, changePc: -99.99 }
  },
  {
    id: 'LSck3bJUSkkVQKzyjd8kMHEycMY52Ems5DeYeuXngMA',
    tokenName: 'HanaNetwork',
    tokenSymbol: 'HANA',
    tokenAddress: 'B6peDDugTf6wBMDwQ3VByVby6Dx2Qqwc4q7eE3NpryEF',
    pairAddress: 'LSck3bJUSkkVQKzyjd8kMHEycMY52Ems5DeYeuXngMA',
    chain: 'SOL',
    exchange: 'pAMMBay6oceH9fJKBRHGP5D4bD4sWpmSwMn52FMfXEA',
    priceUsd: 0,
    volumeUsd: 31694725.59,
    mcap: 121388.55,
    priceChangePcs: { '5m': 0, '1h': 0, '6h': -40.22, '24h': 159.27 },
    transactions: { buys: 11835, sells: 10746 },
    audit: {
      mintable: false,
      freezable: false,
      honeypot: false,
      contractVerified: false,
      linkTwitter: 'https://x.com/HanaNetwork',
      linkWebsite: 'https://hanafuda.hana.network/'
    },
    security: { renounced: false, locked: false },
    tokenCreatedTimestamp: 2025-09-27T06:21:28.000Z,
    liquidity: { current: 0, changePc: -100 }
  },
  {
    id: 'G69UieGxtHvVhtfFeJfk4NA18AS6kJE8c7PY6erpfuBx',
    tokenName: 'Bitlight Labs',
    tokenSymbol: 'LIGHT🔥',
    tokenAddress: '7e9pcKwiACvuE5vf2P855Y4j2eXXu3wKWPmHKeJBcLRK',
    pairAddress: 'G69UieGxtHvVhtfFeJfk4NA18AS6kJE8c7PY6erpfuBx',
    chain: 'SOL',
    exchange: 'pAMMBay6oceH9fJKBRHGP5D4bD4sWpmSwMn52FMfXEA',
    priceUsd: 0.1816170556,
    volumeUsd: 30653523.98,
    mcap: 181617054.78,
    priceChangePcs: { '5m': -0.34, '1h': 121.98, '6h': 484.51, '24h': 484.51 },
    transactions: { buys: 14360, sells: 12608 },
    audit: {
      mintable: false,
      freezable: false,
      honeypot: false,
      contractVerified: true,
      linkTelegram: 'https://t.me/Bitlightlabs',
      linkTwitter: 'https://twitter.com/BitlightLabs',
      linkWebsite: 'https://bitlightlabs.com/'
    },
    security: { renounced: false, locked: false },
    tokenCreatedTimestamp: 2025-09-27T12:25:48.000Z,
    liquidity: { current: 296999.36, changePc: 269.02 }
  },
  {
    id: '4xmSszrPwSrqWFN3TE9djvH4ZMzSfw8iFqvTJ1S8MwPF',
    tokenName: 'だいぞう',
    tokenSymbol: 'Daizo',
    tokenAddress: '6caVpdwUKu17xBEvajA3SgXnFnp8vra15Tv7Wj2BKScA',
    pairAddress: '4xmSszrPwSrqWFN3TE9djvH4ZMzSfw8iFqvTJ1S8MwPF',
    chain: 'SOL',
    exchange: 'pAMMBay6oceH9fJKBRHGP5D4bD4sWpmSwMn52FMfXEA',
    priceUsd: 0.000009818661301,
    volumeUsd: 30126593.07,
    mcap: 9818.66,
    priceChangePcs: { '5m': 0, '1h': 0, '6h': 0, '24h': -99.19 },
    transactions: { buys: 14206, sells: 13207 },
    audit: {
      mintable: false,
      freezable: false,
      honeypot: false,
      contractVerified: false,
      linkTwitter: 'https://x.com/TestT94306/status/1971801041743368645'
    },
    security: { renounced: false, locked: false },
    tokenCreatedTimestamp: 2025-09-27T05:29:54.000Z,
    liquidity: { current: 0, changePc: -99.99 }
  },
  {
    id: '7Q6SSQiiPtrdE24Pp7pDMoTKnhxFF7fCjZgtpK1G2iJS',
    tokenName: 'Falcon Finance',
    tokenSymbol: 'FF',
    tokenAddress: '9XMQ72WETBF74Ln2Yh9ZDBNPFnx3UheRaUU2bkymmwfk',
    pairAddress: '7Q6SSQiiPtrdE24Pp7pDMoTKnhxFF7fCjZgtpK1G2iJS',
    chain: 'SOL',
    exchange: 'pAMMBay6oceH9fJKBRHGP5D4bD4sWpmSwMn52FMfXEA',
    priceUsd: 0.00046709367328330934,
    volumeUsd: 30104475.86,
    mcap: 467092.99,
    priceChangePcs: { '5m': 0, '1h': 0, '6h': 0, '24h': 128.12 },
    transactions: { buys: 11263, sells: 10739 },
    audit: {
      mintable: false,
      freezable: false,
      honeypot: false,
      contractVerified: true,
      linkTwitter: 'https://x.com/BinanceWallet/status/1971528027097174516',
      linkWebsite: 'https://falconsol.xyz/'
    },
    security: { renounced: false, locked: true },
    tokenCreatedTimestamp: 2025-09-26T20:16:03.000Z,
    liquidity: { current: 0, changePc: -99.99 }
  },
  {
    id: '0x48DA0965ab2d2cbf1C17C09cFB5Cbe67Ad5B1406',
    tokenName: 'Dai Stablecoin',
    tokenSymbol: 'DAI',
    tokenAddress: '0x6B175474E89094C44Da98b954EedeAC495271d0F',
    pairAddress: '0x48DA0965ab2d2cbf1C17C09cFB5Cbe67Ad5B1406',
    chain: 'ETH',
    exchange: '0x68b3465833fb72A70ecDF485E0e4C7bD8665Fc45',
    priceUsd: 0.9994947172108616,
    volumeUsd: 30064240.44,
    mcap: 4599499376.14,
    priceChangePcs: { '5m': 0, '1h': 0, '6h': 0.02, '24h': 0.02 },
    transactions: { buys: 456, sells: 465 },
    audit: {
      mintable: false,
      freezable: false,
      honeypot: false,
      contractVerified: true
    },
    security: { renounced: false, locked: false },
    tokenCreatedTimestamp: 2022-07-14T19:46:36.000Z,
    liquidity: { current: 7045661.14, changePc: 98.9 }
  },
  {
    id: '7AEu3shCo6wq9Q4L1fFrmLxDR5ud997ojxhkpArhuvQL',
    tokenName: 'OpenEden (mainnet arc)_dex',
    tokenSymbol: 'EDEN',
    tokenAddress: 'DFtqYZJbBx6yE7S25gMHPvfc9CLkaZtGTn5neBqRQFoU',
    pairAddress: '7AEu3shCo6wq9Q4L1fFrmLxDR5ud997ojxhkpArhuvQL',
    chain: 'SOL',
    exchange: 'pAMMBay6oceH9fJKBRHGP5D4bD4sWpmSwMn52FMfXEA',
    priceUsd: 0.0002025367349,
    volumeUsd: 29285039.24,
    mcap: 202536.34,
    priceChangePcs: { '5m': 0, '1h': -40.62, '6h': 69.15, '24h': 69.15 },
    transactions: { buys: 14684, sells: 13223 },
    audit: {
      mintable: false,
      freezable: false,
      honeypot: false,
      contractVerified: true
    },
    security: { renounced: false, locked: false },
    tokenCreatedTimestamp: 2025-09-27T11:15:49.000Z,
    liquidity: { current: 0, changePc: -99.99 }
  },
  {
    id: 'FAAwKMiRSxg5Ly9kF7fTic9TPsUtAsBE8GzYJHGUBBnE',
    tokenName: 'BestWalletHQ',
    tokenSymbol: 'Best',
    tokenAddress: '6wqwA7D69iWYGYaRhdi6o9UVyAreGDxkCGtyZGP4GVoC',
    pairAddress: 'FAAwKMiRSxg5Ly9kF7fTic9TPsUtAsBE8GzYJHGUBBnE',
    chain: 'SOL',
    exchange: 'pAMMBay6oceH9fJKBRHGP5D4bD4sWpmSwMn52FMfXEA',
    priceUsd: 0.000007985328354202874,
    volumeUsd: 28655546.14,
    mcap: 7985.32,
    priceChangePcs: { '5m': 0, '1h': 0, '6h': 0, '24h': -99.14 },
    transactions: { buys: 13141, sells: 11225 },
    audit: {
      mintable: false,
      freezable: false,
      honeypot: false,
      contractVerified: true,
      linkTwitter: 'https://x.com/BestWalletHQ'
    },
    security: { renounced: false, locked: true },
    tokenCreatedTimestamp: 2025-09-26T16:29:03.000Z,
    liquidity: { current: 0, changePc: -99.99 }
  },
  {
    id: '8FweVMxdZDERdJ2m6YZgA2SfDSCYQr2LSPDEADExEWqM',
    tokenName: 'Plasma',
    tokenSymbol: 'XPL',
    tokenAddress: '8AJTMb3scFGBHY56AbA8Uyy5ziozftgW2eRfCAKoMkoq',
    pairAddress: '8FweVMxdZDERdJ2m6YZgA2SfDSCYQr2LSPDEADExEWqM',
    chain: 'SOL',
    exchange: 'pAMMBay6oceH9fJKBRHGP5D4bD4sWpmSwMn52FMfXEA',
    priceUsd: 0.00023051132186101769,
    volumeUsd: 28465233.01,
    mcap: 230510.67,
    priceChangePcs: { '5m': 0, '1h': 0, '6h': 0, '24h': 332.57 },
    transactions: { buys: 16185, sells: 15467 },
    audit: {
      mintable: false,
      freezable: false,
      honeypot: false,
      contractVerified: true,
      linkTwitter: 'https://x.com/PlasmaFDN',
      linkWebsite: 'https://www.plasma.to/zh'
    },
    security: { renounced: false, locked: true },
    tokenCreatedTimestamp: 2025-09-26T17:30:31.000Z,
    liquidity: { current: 0, changePc: -99.99 }
  },
  {
    id: 'BGm1tav58oGcsQJehL9WXBFXF7D27vZsKefj4xJKD5Y',
    tokenName: 'USD Coin',
    tokenSymbol: 'USDC',
    tokenAddress: 'EPjFWdd5AufqSSqeM2qN1xzybapC8G4wEGGkZwyTDt1v',
    pairAddress: 'BGm1tav58oGcsQJehL9WXBFXF7D27vZsKefj4xJKD5Y',
    chain: 'SOL',
    exchange: 'LBUZKhRxPF3XUpBCjp4YzTKgLccjZhTSDM9YuVaPwxo',
    priceUsd: 1.001125503,
    volumeUsd: 28403695.09,
    mcap: 10157202218.37,
    priceChangePcs: { '5m': 0, '1h': 0.13, '6h': 0, '24h': 0.24 },
    transactions: { buys: 1622, sells: 1589 },
    audit: {
      mintable: false,
      freezable: false,
      honeypot: false,
      contractVerified: false
    },
    security: { renounced: false, locked: true },
    tokenCreatedTimestamp: 2025-01-19T19:28:04.000Z,
    liquidity: { current: 10460510.04, changePc: 276.25 }
  },
  {
    id: 'DSDKsFEFMgosh4LXWJho2yZdmrRS8EuUCcEv8fZXcVVM',
    tokenName: 'Mask Coin',
    tokenSymbol: 'MetaMask',
    tokenAddress: 'BFRSXPfDLhyXCeLieLbEYtT5pujwVVoSg81yVHS2bjag',
    pairAddress: 'DSDKsFEFMgosh4LXWJho2yZdmrRS8EuUCcEv8fZXcVVM',
    chain: 'SOL',
    exchange: 'pAMMBay6oceH9fJKBRHGP5D4bD4sWpmSwMn52FMfXEA',
    priceUsd: 0.00023232215543845708,
    volumeUsd: 28317422.86,
    mcap: 232321.58,
    priceChangePcs: { '5m': 0, '1h': 0, '6h': 0, '24h': 385.23 },
    transactions: { buys: 15912, sells: 14273 },
    audit: {
      mintable: false,
      freezable: false,
      honeypot: false,
      contractVerified: true,
      linkTwitter: 'https://x.com/metamask?s=21',
      linkWebsite: 'https://metamask.io/'
    },
    security: { renounced: false, locked: true },
    tokenCreatedTimestamp: 2025-09-26T16:58:21.000Z,
    liquidity: { current: 0, changePc: -99.99 }
  },
  {
    id: '0x4D3bF29Ba30f8Bfe4624e7678709afA195689c5D',
    tokenName: 'AKE',
    tokenSymbol: 'AKE',
    tokenAddress: '0x2c3a8Ee94dDD97244a93Bc48298f97d2C412F7Db',
    pairAddress: '0x4D3bF29Ba30f8Bfe4624e7678709afA195689c5D',
    chain: 'BSC',
    exchange: '0x1b81D678ffb9C0263b24A97847620C99d213eB14',
    priceUsd: 0.0018440674879972303,
    volumeUsd: 28265231.19,
    mcap: 184406748.79,
    priceChangePcs: { '5m': -0.49, '1h': -4.64, '6h': -15.38, '24h': 54.76 },
    transactions: { buys: 59590, sells: 56692 },
    audit: {
      mintable: false,
      freezable: false,
      honeypot: false,
      contractVerified: true
    },
    security: { renounced: false, locked: false },
    tokenCreatedTimestamp: 2025-08-20T07:40:09.000Z,
    liquidity: { current: 2317073.33, changePc: 13.52 }
  },
  {
    id: '65jZDZQNgUUjn8nzWfWfCjTt8GADchcPQstSJrHLVgtD',
    tokenName: 'Falcon Finance',
    tokenSymbol: 'FF',
    tokenAddress: 'GkDwuYBCE6EPFU4W5p8rDNsCTRPwTpu2PEW71Qhpn1g8',
    pairAddress: '65jZDZQNgUUjn8nzWfWfCjTt8GADchcPQstSJrHLVgtD',
    chain: 'SOL',
    exchange: 'pAMMBay6oceH9fJKBRHGP5D4bD4sWpmSwMn52FMfXEA',
    priceUsd: 0.0004155427865377349,
    volumeUsd: 28015977.66,
    mcap: 415542.05,
    priceChangePcs: { '5m': 0, '1h': 0, '6h': 0, '24h': 125.47 },
    transactions: { buys: 10483, sells: 9674 },
    audit: {
      mintable: false,
      freezable: false,
      honeypot: false,
      contractVerified: true,
      linkTwitter: 'https://x.com/Falcon_Dollar',
      linkWebsite: 'https://falconsol.xyz/'
    },
    security: { renounced: false, locked: true },
    tokenCreatedTimestamp: 2025-09-27T01:06:49.000Z,
    liquidity: { current: 0, changePc: -99.99 }
  },
  {
    id: '0x51CD0752767F7EAA094b6a2D42481cE856966796',
    tokenName: 'LAYER TOKEN',
    tokenSymbol: 'LAYER',
    tokenAddress: '0x9B11E4539614dFa0CD640FAcD10495578B6F06D7',
    pairAddress: '0x51CD0752767F7EAA094b6a2D42481cE856966796',
    chain: 'BSC',
    exchange: '0xB971eF87ede563556b2ED4b1C0b0019111Dd85d2',
    priceUsd: 175314.20422068963,
    volumeUsd: 27140005.23,
    mcap: 1753142042206.89,
    priceChangePcs: { '5m': 0, '1h': 0, '6h': 0, '24h': 0.11 },
    transactions: { buys: 231, sells: 227 },
    audit: {
      mintable: false,
      freezable: false,
      honeypot: false,
      contractVerified: false
    },
    security: { renounced: false, locked: false },
    tokenCreatedTimestamp: 2025-09-11T17:08:53.000Z,
    liquidity: { current: 320253.83, changePc: 187.11 }
  },
  {
    id: 'H4dsseSVJhvUeQjsh3CxFfvTcVXMJKkgG5nvGDSUJfyN',
    tokenName: 'CORGI',
    tokenSymbol: 'CORGI',
    tokenAddress: '78MBbpRuimZoTpP39kMDTEWa8c5R5mWFt8FwbDvaur8a',
    pairAddress: 'H4dsseSVJhvUeQjsh3CxFfvTcVXMJKkgG5nvGDSUJfyN',
    chain: 'SOL',
    exchange: 'pAMMBay6oceH9fJKBRHGP5D4bD4sWpmSwMn52FMfXEA',
    priceUsd: 0,
    volumeUsd: 26914675.18,
    mcap: 212499.01,
    priceChangePcs: { '5m': 0, '1h': 0, '6h': 0, '24h': 297.58 },
    transactions: { buys: 11548, sells: 10070 },
    audit: {
      mintable: false,
      freezable: false,
      honeypot: false,
      contractVerified: true,
      linkTwitter: 'https://x.com/i/communities/1971717117155127686',
      linkWebsite: 'https://web.archive.org/web/20101023170519/https://www.reddit.com/r/ads/comments/dsxz3/lmbo_look_this_fukken_doge/'
    },
    security: { renounced: false, locked: true },
    tokenCreatedTimestamp: 2025-09-27T00:31:14.000Z,
    liquidity: { current: 0, changePc: -100 }
  },
  {
    id: 'EciycbwXyaC42yHTexhvZNt8mLrTtjcCegRXz5gDS3bK',
    tokenName: 'LittlePepe',
    tokenSymbol: 'LILPEPE',
    tokenAddress: '4JALF7To9sY4U771VTNHYb69u5w72ivqohyvgutz98cm',
    pairAddress: 'EciycbwXyaC42yHTexhvZNt8mLrTtjcCegRXz5gDS3bK',
    chain: 'SOL',
    exchange: 'pAMMBay6oceH9fJKBRHGP5D4bD4sWpmSwMn52FMfXEA',
    priceUsd: 0.003378333133,
    volumeUsd: 26679464.6,
    mcap: 3378332.88,
    priceChangePcs: { '5m': 0, '1h': 0, '6h': 315.25, '24h': 315.25 },
    transactions: { buys: 12449, sells: 11299 },
    audit: {
      mintable: false,
      freezable: false,
      honeypot: false,
      contractVerified: false
    },
    security: { renounced: false, locked: false },
    tokenCreatedTimestamp: 2025-09-27T09:50:16.000Z,
    liquidity: { current: 0, changePc: -99.99 }
  },
  {
    id: 'D9h5PPpHDa7ba95HiyLeYjnXCinGhhdjhcoeFJQ2cf7z',
    tokenName: 'WURK',
    tokenSymbol: 'WURK',
    tokenAddress: 'CzQA6NA5ykJ5ASD7swLSxcVcG1nrwzSAcyR5EFGFFtPU',
    pairAddress: 'D9h5PPpHDa7ba95HiyLeYjnXCinGhhdjhcoeFJQ2cf7z',
    chain: 'SOL',
    exchange: 'pAMMBay6oceH9fJKBRHGP5D4bD4sWpmSwMn52FMfXEA',
    priceUsd: 0,
    volumeUsd: 26597124.22,
    mcap: 183467.91,
    priceChangePcs: { '5m': 0, '1h': 0, '6h': 191.9, '24h': 191.9 },
    transactions: { buys: 11607, sells: 10494 },
    audit: {
      mintable: false,
      freezable: false,
      honeypot: false,
      contractVerified: true,
      linkTelegram: 'https://t.me/WURKDOTFUN',
      linkTwitter: 'https://x.com/WURKDOTFUN',
      linkWebsite: 'https://wurk.fun/'
    },
    security: { renounced: false, locked: false },
    tokenCreatedTimestamp: 2025-09-27T07:46:41.000Z,
    liquidity: { current: 0, changePc: -100 }
  },
  {
    id: 'FDqFiYe3QfKiLBfav7GW4EsGh3Jt465tBqLg7HTnrkqR',
    tokenName: 'Bitlight Labs',
    tokenSymbol: 'LIGHT',
    tokenAddress: 'CipEt68fvLSxyo9CYch8qqkKPULmNkTp6qLsEtS8Lovw',
    pairAddress: 'FDqFiYe3QfKiLBfav7GW4EsGh3Jt465tBqLg7HTnrkqR',
    chain: 'SOL',
    exchange: 'pAMMBay6oceH9fJKBRHGP5D4bD4sWpmSwMn52FMfXEA',
    priceUsd: 0.0005403168924762773,
    volumeUsd: 26478943.24,
    mcap: 540265.52,
    priceChangePcs: { '5m': 0, '1h': 0, '6h': 0, '24h': 44.76 },
    transactions: { buys: 10964, sells: 9388 },
    audit: {
      mintable: false,
      freezable: false,
      honeypot: false,
      contractVerified: true,
      linkTwitter: 'https://x.com/BinanceFutures/status/1971094444901642600',
      linkWebsite: 'https://bitlightlabs.com/'
    },
    security: { renounced: false, locked: true },
    tokenCreatedTimestamp: 2025-09-26T13:15:09.000Z,
    liquidity: { current: 0, changePc: -99.99 }
  },
  {
    id: 'ALnyJnYCgFqLuJEFajqBjbDp7k9apSxARLFBE736U1ZF',
    tokenName: 'TESLA AI',
    tokenSymbol: 'TESLA',
    tokenAddress: 'FjUrnJMCUG9wVE9HQr4aNFCwpK1eUCPyrEotaVBgDXfn',
    pairAddress: 'ALnyJnYCgFqLuJEFajqBjbDp7k9apSxARLFBE736U1ZF',
    chain: 'SOL',
    exchange: 'pAMMBay6oceH9fJKBRHGP5D4bD4sWpmSwMn52FMfXEA',
    priceUsd: 0,
    volumeUsd: 26341416.63,
    mcap: 4319302.69,
    priceChangePcs: { '5m': 0, '1h': 0, '6h': 34.28, '24h': 399.42 },
    transactions: { buys: 12215, sells: 11045 },
    audit: {
      mintable: false,
      freezable: false,
      honeypot: false,
      contractVerified: false,
      linkTwitter: 'https://twitter.com/tesla',
      linkWebsite: 'https://www.tesla.com/AI'
    },
    security: { renounced: false, locked: false },
    tokenCreatedTimestamp: 2025-09-27T06:49:34.000Z,
    liquidity: { current: 0, changePc: -100 }
  },
  {
    id: 'CtVm6wRPUFdgc8uh2NhFrM5fgsRAKwNZPXEuw8btXmHt',
    tokenName: 'Falcon Finance',
    tokenSymbol: 'FF',
    tokenAddress: '6shzeWC3h3Y8g2vN6B97BGvW6mS288v5gRXCejnVH1ZG',
    pairAddress: 'CtVm6wRPUFdgc8uh2NhFrM5fgsRAKwNZPXEuw8btXmHt',
    chain: 'SOL',
    exchange: 'pAMMBay6oceH9fJKBRHGP5D4bD4sWpmSwMn52FMfXEA',
    priceUsd: 0.002660817127028389,
    volumeUsd: 26319431.04,
    mcap: 2660817.04,
    priceChangePcs: { '5m': 0, '1h': 0, '6h': 0, '24h': 244.29 },
    transactions: { buys: 13108, sells: 11936 },
    audit: {
      mintable: false,
      freezable: false,
      honeypot: false,
      contractVerified: true,
      linkTwitter: 'https://x.com/FalconStable/status/1968285150271426988',
      linkWebsite: 'https://app.falcon.finance/claims'
    },
    security: { renounced: false, locked: true },
    tokenCreatedTimestamp: 2025-09-26T13:38:26.000Z,
    liquidity: { current: 0, changePc: -99.99 }
  },
  {
    id: 'AieAwfurtuySgUoNbrABJUNGCpHA2UPsDWawn5WuYuUz',
    tokenName: 'trillions',
    tokenSymbol: 'trillions',
    tokenAddress: 'AxGSDwpzU2GdpSVJvsZrQPwWJreSXXv87aGBcwoL1neE',
    pairAddress: 'AieAwfurtuySgUoNbrABJUNGCpHA2UPsDWawn5WuYuUz',
    chain: 'SOL',
    exchange: 'pAMMBay6oceH9fJKBRHGP5D4bD4sWpmSwMn52FMfXEA',
    priceUsd: 0,
    volumeUsd: 25768891.67,
    mcap: 207541.59,
    priceChangePcs: { '5m': 0, '1h': 0, '6h': 0, '24h': 291.01 },
    transactions: { buys: 10752, sells: 9443 },
    audit: {
      mintable: false,
      freezable: false,
      honeypot: false,
      contractVerified: true,
      linkTelegram: 'https://t.me/trillions_tg',
      linkTwitter: 'https://x.com/trillions_coin',
      linkWebsite: 'https://www.trillions-coin.com/'
    },
    security: { renounced: false, locked: false },
    tokenCreatedTimestamp: 2025-09-27T06:14:49.000Z,
    liquidity: { current: 0, changePc: -100 }
  }
]
[App.tsx] fetchScanner: New Tokens (effect)
[TokensPane:New Tokens] dispatching scanner/pairs: { page: 201, scannerPairs: [] }
[TokensPane:New Tokens] mapped tokens sample: []
tokensReducer executed { type: 'scanner/pairs' }
tokensReducer state after action: {
  byId: {
    '0xF65a021508f0Ed52C2C1C38cD9F6c3ff04f240a9': {
      id: '0xF65a021508f0Ed52C2C1C38cD9F6c3ff04f240a9',
      tokenName: 'Sickburn Inu',
      tokenSymbol: 'SBI',
      tokenAddress: '0x0BEE91533Be2EDE0936Ea53457Ce7bd9b0B398c6',
      pairAddress: '0xF65a021508f0Ed52C2C1C38cD9F6c3ff04f240a9',
      chain: 'ETH',
      exchange: '0x7a250d5630B4cF539739dF2C5dAcb4c659F2488D',
      priceUsd: 0,
      volumeUsd: 483095431.62,
      mcap: 11944.834205863863,
      priceChangePcs: [Object],
      transactions: [Object],
      audit: [Object],
      security: [Object],
      tokenCreatedTimestamp: 2023-04-20T21:22:23.000Z,
      liquidity: [Object],
      history: [Object],
      scannerAt: 1758994653559
    },
    '0xf65a021508f0ed52c2c1c38cd9f6c3ff04f240a9': {
      id: '0xF65a021508f0Ed52C2C1C38cD9F6c3ff04f240a9',
      tokenName: 'Sickburn Inu',
      tokenSymbol: 'SBI',
      tokenAddress: '0x0BEE91533Be2EDE0936Ea53457Ce7bd9b0B398c6',
      pairAddress: '0xF65a021508f0Ed52C2C1C38cD9F6c3ff04f240a9',
      chain: 'ETH',
      exchange: '0x7a250d5630B4cF539739dF2C5dAcb4c659F2488D',
      priceUsd: 0,
      volumeUsd: 483095431.62,
      mcap: 11944.834205863863,
      priceChangePcs: [Object],
      transactions: [Object],
      audit: [Object],
      security: [Object],
      tokenCreatedTimestamp: 2023-04-20T21:22:23.000Z,
      liquidity: [Object],
      history: [Object],
      scannerAt: 1758994653559
    },
    '0x172fcD41E0913e95784454622d1c3724f546f849': {
      id: '0x172fcD41E0913e95784454622d1c3724f546f849',
      tokenName: 'Tether USD',
      tokenSymbol: 'USDT',
      tokenAddress: '0x55d398326f99059fF775485246999027B3197955',
      pairAddress: '0x172fcD41E0913e95784454622d1c3724f546f849',
      chain: 'BSC',
      exchange: '0x1b81D678ffb9C0263b24A97847620C99d213eB14',
      priceUsd: 1.0003248226424524,
      volumeUsd: 302823157.87,
      mcap: 7483969539.99,
      priceChangePcs: [Object],
      transactions: [Object],
      audit: [Object],
      security: [Object],
      tokenCreatedTimestamp: 2022-05-13T09:04:03.000Z,
      liquidity: [Object],
      history: [Object],
      scannerAt: 1758994653559
    },
    '0x172fcd41e0913e95784454622d1c3724f546f849': {
      id: '0x172fcD41E0913e95784454622d1c3724f546f849',
      tokenName: 'Tether USD',
      tokenSymbol: 'USDT',
      tokenAddress: '0x55d398326f99059fF775485246999027B3197955',
      pairAddress: '0x172fcD41E0913e95784454622d1c3724f546f849',
      chain: 'BSC',
      exchange: '0x1b81D678ffb9C0263b24A97847620C99d213eB14',
      priceUsd: 1.0003248226424524,
      volumeUsd: 302823157.87,
      mcap: 7483969539.99,
      priceChangePcs: [Object],
      transactions: [Object],
      audit: [Object],
      security: [Object],
      tokenCreatedTimestamp: 2022-05-13T09:04:03.000Z,
      liquidity: [Object],
      history: [Object],
      scannerAt: 1758994653559
    },
    '4VCAmmx2szE1BBQeF2w3zt2w9F5nFvxJtDtRjYKK1WLd': {
      id: '4VCAmmx2szE1BBQeF2w3zt2w9F5nFvxJtDtRjYKK1WLd',
      tokenName: 'Mask Coin',
      tokenSymbol: 'MetaMask',
      tokenAddress: 'AyTeAqqfmKeQdBdhtLzwmW8vPE2xeW9Re7BbArfLhdWf',
      pairAddress: '4VCAmmx2szE1BBQeF2w3zt2w9F5nFvxJtDtRjYKK1WLd',
      chain: 'SOL',
      exchange: 'pAMMBay6oceH9fJKBRHGP5D4bD4sWpmSwMn52FMfXEA',
      priceUsd: 0,
      volumeUsd: 274174439.89,
      mcap: 1067837.06,
      priceChangePcs: [Object],
      transactions: [Object],
      audit: [Object],
      security: [Object],
      tokenCreatedTimestamp: 2025-09-26T16:45:30.000Z,
      liquidity: [Object],
      history: [Object],
      scannerAt: 1758994653559
    },
    '4vcammx2sze1bbqef2w3zt2w9f5nfvxjtdtrjykk1wld': {
      id: '4VCAmmx2szE1BBQeF2w3zt2w9F5nFvxJtDtRjYKK1WLd',
      tokenName: 'Mask Coin',
      tokenSymbol: 'MetaMask',
      tokenAddress: 'AyTeAqqfmKeQdBdhtLzwmW8vPE2xeW9Re7BbArfLhdWf',
      pairAddress: '4VCAmmx2szE1BBQeF2w3zt2w9F5nFvxJtDtRjYKK1WLd',
      chain: 'SOL',
      exchange: 'pAMMBay6oceH9fJKBRHGP5D4bD4sWpmSwMn52FMfXEA',
      priceUsd: 0,
      volumeUsd: 274174439.89,
      mcap: 1067837.06,
      priceChangePcs: [Object],
      transactions: [Object],
      audit: [Object],
      security: [Object],
      tokenCreatedTimestamp: 2025-09-26T16:45:30.000Z,
      liquidity: [Object],
      history: [Object],
      scannerAt: 1758994653559
    },
    '6aCxf9vimJNQ8aC2W69f79AHrZhq5mcYq9ciCL6fn7KM': {
      id: '6aCxf9vimJNQ8aC2W69f79AHrZhq5mcYq9ciCL6fn7KM',
      tokenName: 'Falcon Finance',
      tokenSymbol: 'FF',
      tokenAddress: 'DqjhEgkNQM49r17PMJCkaQXDF4CVezo3VbGvQrGGL83N',
      pairAddress: '6aCxf9vimJNQ8aC2W69f79AHrZhq5mcYq9ciCL6fn7KM',
      chain: 'SOL',
      exchange: 'pAMMBay6oceH9fJKBRHGP5D4bD4sWpmSwMn52FMfXEA',
      priceUsd: 0,
      volumeUsd: 194493582.85,
      mcap: 1430328.15,
      priceChangePcs: [Object],
      transactions: [Object],
      audit: [Object],
      security: [Object],
      tokenCreatedTimestamp: 2025-09-27T03:22:30.000Z,
      liquidity: [Object],
      history: [Object],
      scannerAt: 1758994653559
    },
    '6acxf9vimjnq8ac2w69f79ahrzhq5mcyq9cicl6fn7km': {
      id: '6aCxf9vimJNQ8aC2W69f79AHrZhq5mcYq9ciCL6fn7KM',
      tokenName: 'Falcon Finance',
      tokenSymbol: 'FF',
      tokenAddress: 'DqjhEgkNQM49r17PMJCkaQXDF4CVezo3VbGvQrGGL83N',
      pairAddress: '6aCxf9vimJNQ8aC2W69f79AHrZhq5mcYq9ciCL6fn7KM',
      chain: 'SOL',
      exchange: 'pAMMBay6oceH9fJKBRHGP5D4bD4sWpmSwMn52FMfXEA',
      priceUsd: 0,
      volumeUsd: 194493582.85,
      mcap: 1430328.15,
      priceChangePcs: [Object],
      transactions: [Object],
      audit: [Object],
      security: [Object],
      tokenCreatedTimestamp: 2025-09-27T03:22:30.000Z,
      liquidity: [Object],
      history: [Object],
      scannerAt: 1758994653559
    },
    '0xCF39e58ed4deCc9ef7Bdb2F9335602DC22BE99b4': {
      id: '0xCF39e58ed4deCc9ef7Bdb2F9335602DC22BE99b4',
      tokenName: 'World of Dypians',
      tokenSymbol: 'WoD',
      tokenAddress: '0xb994882a1b9bd98A71Dd6ea5F61577c42848B0E8',
      pairAddress: '0xCF39e58ed4deCc9ef7Bdb2F9335602DC22BE99b4',
      chain: 'BSC',
      exchange: '0x1b81D678ffb9C0263b24A97847620C99d213eB14',
      priceUsd: 0.10575612367189116,
      volumeUsd: 175890037.99,
      mcap: 105189484.58,
      priceChangePcs: [Object],
      transactions: [Object],
      audit: [Object],
      security: [Object],
      tokenCreatedTimestamp: 2025-01-02T11:55:56.000Z,
      liquidity: [Object],
      history: [Object],
      scannerAt: 1758994653559
    },
    '0xcf39e58ed4decc9ef7bdb2f9335602dc22be99b4': {
      id: '0xCF39e58ed4deCc9ef7Bdb2F9335602DC22BE99b4',
      tokenName: 'World of Dypians',
      tokenSymbol: 'WoD',
      tokenAddress: '0xb994882a1b9bd98A71Dd6ea5F61577c42848B0E8',
      pairAddress: '0xCF39e58ed4deCc9ef7Bdb2F9335602DC22BE99b4',
      chain: 'BSC',
      exchange: '0x1b81D678ffb9C0263b24A97847620C99d213eB14',
      priceUsd: 0.10575612367189116,
      volumeUsd: 175890037.99,
      mcap: 105189484.58,
      priceChangePcs: [Object],
      transactions: [Object],
      audit: [Object],
      security: [Object],
      tokenCreatedTimestamp: 2025-01-02T11:55:56.000Z,
      liquidity: [Object],
      history: [Object],
      scannerAt: 1758994653559
    },
    '4fDu1gxCJtqYdrovT7Hba67NzuaHsd8Kg9PXnBZNDdcq': {
      id: '4fDu1gxCJtqYdrovT7Hba67NzuaHsd8Kg9PXnBZNDdcq',
      tokenName: 'Mask Coin',
      tokenSymbol: 'MetaMask',
      tokenAddress: 'DBqwHc6iufkUPAQ9Yp5wcR9ovwowVksbmDF2eqJndUdN',
      pairAddress: '4fDu1gxCJtqYdrovT7Hba67NzuaHsd8Kg9PXnBZNDdcq',
      chain: 'SOL',
      exchange: 'pAMMBay6oceH9fJKBRHGP5D4bD4sWpmSwMn52FMfXEA',
      priceUsd: 0,
      volumeUsd: 161793080.1,
      mcap: 690792.94,
      priceChangePcs: [Object],
      transactions: [Object],
      audit: [Object],
      security: [Object],
      tokenCreatedTimestamp: 2025-09-27T00:38:56.000Z,
      liquidity: [Object],
      history: [Object],
      scannerAt: 1758994653559
    },
    '4fdu1gxcjtqydrovt7hba67nzuahsd8kg9pxnbznddcq': {
      id: '4fDu1gxCJtqYdrovT7Hba67NzuaHsd8Kg9PXnBZNDdcq',
      tokenName: 'Mask Coin',
      tokenSymbol: 'MetaMask',
      tokenAddress: 'DBqwHc6iufkUPAQ9Yp5wcR9ovwowVksbmDF2eqJndUdN',
      pairAddress: '4fDu1gxCJtqYdrovT7Hba67NzuaHsd8Kg9PXnBZNDdcq',
      chain: 'SOL',
      exchange: 'pAMMBay6oceH9fJKBRHGP5D4bD4sWpmSwMn52FMfXEA',
      priceUsd: 0,
      volumeUsd: 161793080.1,
      mcap: 690792.94,
      priceChangePcs: [Object],
      transactions: [Object],
      audit: [Object],
      security: [Object],
      tokenCreatedTimestamp: 2025-09-27T00:38:56.000Z,
      liquidity: [Object],
      history: [Object],
      scannerAt: 1758994653559
    },
    '2quQL4PdFzQnhs3b3F645hfteDUBcR9KppLUFshZ6YQG': {
      id: '2quQL4PdFzQnhs3b3F645hfteDUBcR9KppLUFshZ6YQG',
      tokenName: 'MetaMask Coin',
      tokenSymbol: 'MetaMask',
      tokenAddress: 'AMzzkoZKaBxim2Mqzu8zQyj23mHq2B38oaN2XSHuDoTF',
      pairAddress: '2quQL4PdFzQnhs3b3F645hfteDUBcR9KppLUFshZ6YQG',
      chain: 'SOL',
      exchange: 'pAMMBay6oceH9fJKBRHGP5D4bD4sWpmSwMn52FMfXEA',
      priceUsd: 0.001040519101,
      volumeUsd: 148976188.42,
      mcap: 1040518.12,
      priceChangePcs: [Object],
      transactions: [Object],
      audit: [Object],
      security: [Object],
      tokenCreatedTimestamp: 2025-09-27T08:44:36.000Z,
      liquidity: [Object],
      history: [Object],
      scannerAt: 1758994653559
    },
    '2quql4pdfzqnhs3b3f645hftedubcr9kpplufshz6yqg': {
      id: '2quQL4PdFzQnhs3b3F645hfteDUBcR9KppLUFshZ6YQG',
      tokenName: 'MetaMask Coin',
      tokenSymbol: 'MetaMask',
      tokenAddress: 'AMzzkoZKaBxim2Mqzu8zQyj23mHq2B38oaN2XSHuDoTF',
      pairAddress: '2quQL4PdFzQnhs3b3F645hfteDUBcR9KppLUFshZ6YQG',
      chain: 'SOL',
      exchange: 'pAMMBay6oceH9fJKBRHGP5D4bD4sWpmSwMn52FMfXEA',
      priceUsd: 0.001040519101,
      volumeUsd: 148976188.42,
      mcap: 1040518.12,
      priceChangePcs: [Object],
      transactions: [Object],
      audit: [Object],
      security: [Object],
      tokenCreatedTimestamp: 2025-09-27T08:44:36.000Z,
      liquidity: [Object],
      history: [Object],
      scannerAt: 1758994653559
    },
    '0x47a90A2d92A8367A91EfA1906bFc8c1E05bf10c4': {
      id: '0x47a90A2d92A8367A91EfA1906bFc8c1E05bf10c4',
      tokenName: 'Tether USD',
      tokenSymbol: 'USDT',
      tokenAddress: '0x55d398326f99059fF775485246999027B3197955',
      pairAddress: '0x47a90A2d92A8367A91EfA1906bFc8c1E05bf10c4',
      chain: 'BSC',
      exchange: '0xB971eF87ede563556b2ED4b1C0b0019111Dd85d2',
      priceUsd: 1.0001008289018865,
      volumeUsd: 143073377.16,
      mcap: 7482293722,
      priceChangePcs: [Object],
      transactions: [Object],
      audit: [Object],
      security: [Object],
      tokenCreatedTimestamp: 2022-05-14T21:49:54.000Z,
      liquidity: [Object],
      history: [Object],
      scannerAt: 1758994653559
    },
    '0x47a90a2d92a8367a91efa1906bfc8c1e05bf10c4': {
      id: '0x47a90A2d92A8367A91EfA1906bFc8c1E05bf10c4',
      tokenName: 'Tether USD',
      tokenSymbol: 'USDT',
      tokenAddress: '0x55d398326f99059fF775485246999027B3197955',
      pairAddress: '0x47a90A2d92A8367A91EfA1906bFc8c1E05bf10c4',
      chain: 'BSC',
      exchange: '0xB971eF87ede563556b2ED4b1C0b0019111Dd85d2',
      priceUsd: 1.0001008289018865,
      volumeUsd: 143073377.16,
      mcap: 7482293722,
      priceChangePcs: [Object],
      transactions: [Object],
      audit: [Object],
      security: [Object],
      tokenCreatedTimestamp: 2022-05-14T21:49:54.000Z,
      liquidity: [Object],
      history: [Object],
      scannerAt: 1758994653559
    },
    '0xf2F84C274F715ba1fE7D1D28a4E377Fb59A33386': {
      id: '0xf2F84C274F715ba1fE7D1D28a4E377Fb59A33386',
      tokenName: 'Tsunami',
      tokenSymbol: 'NAMI',
      tokenAddress: '0x7EB4DB4dDDB16A329c5aDE17a8a0178331267E28',
      pairAddress: '0xf2F84C274F715ba1fE7D1D28a4E377Fb59A33386',
      chain: 'ETH',
      exchange: '0x7a250d5630B4cF539739dF2C5dAcb4c659F2488D',
      priceUsd: 0.0012804149790016214,
      volumeUsd: 134794349.18,
      mcap: 935.51,
      priceChangePcs: [Object],
      transactions: [Object],
      audit: [Object],
      security: [Object],
      tokenCreatedTimestamp: 2020-10-23T09:47:51.000Z,
      liquidity: [Object],
      history: [Object],
      scannerAt: 1758994653559
    },
    '0xf2f84c274f715ba1fe7d1d28a4e377fb59a33386': {
      id: '0xf2F84C274F715ba1fE7D1D28a4E377Fb59A33386',
      tokenName: 'Tsunami',
      tokenSymbol: 'NAMI',
      tokenAddress: '0x7EB4DB4dDDB16A329c5aDE17a8a0178331267E28',
      pairAddress: '0xf2F84C274F715ba1fE7D1D28a4E377Fb59A33386',
      chain: 'ETH',
      exchange: '0x7a250d5630B4cF539739dF2C5dAcb4c659F2488D',
      priceUsd: 0.0012804149790016214,
      volumeUsd: 134794349.18,
      mcap: 935.51,
      priceChangePcs: [Object],
      transactions: [Object],
      audit: [Object],
      security: [Object],
      tokenCreatedTimestamp: 2020-10-23T09:47:51.000Z,
      liquidity: [Object],
      history: [Object],
      scannerAt: 1758994653559
    },
    HzSxT5dW8GGiTaZnsdeUJur2ZregN8zR85rdYiw2udTK: {
      id: 'HzSxT5dW8GGiTaZnsdeUJur2ZregN8zR85rdYiw2udTK',
      tokenName: 'Bitlight Labs',
      tokenSymbol: 'LIGHT',
      tokenAddress: 'HhL7vXsUVFjk37fJfmHqsvcv1k9sJJKR2pan4BQJs8Ex',
      pairAddress: 'HzSxT5dW8GGiTaZnsdeUJur2ZregN8zR85rdYiw2udTK',
      chain: 'SOL',
      exchange: 'pAMMBay6oceH9fJKBRHGP5D4bD4sWpmSwMn52FMfXEA',
      priceUsd: 0,
      volumeUsd: 112231946.63,
      mcap: 1649821.99,
      priceChangePcs: [Object],
      transactions: [Object],
      audit: [Object],
      security: [Object],
      tokenCreatedTimestamp: 2025-09-26T15:08:02.000Z,
      liquidity: [Object],
      history: [Object],
      scannerAt: 1758994653559
    },
    hzsxt5dw8ggitaznsdeujur2zregn8zr85rdyiw2udtk: {
      id: 'HzSxT5dW8GGiTaZnsdeUJur2ZregN8zR85rdYiw2udTK',
      tokenName: 'Bitlight Labs',
      tokenSymbol: 'LIGHT',
      tokenAddress: 'HhL7vXsUVFjk37fJfmHqsvcv1k9sJJKR2pan4BQJs8Ex',
      pairAddress: 'HzSxT5dW8GGiTaZnsdeUJur2ZregN8zR85rdYiw2udTK',
      chain: 'SOL',
      exchange: 'pAMMBay6oceH9fJKBRHGP5D4bD4sWpmSwMn52FMfXEA',
      priceUsd: 0,
      volumeUsd: 112231946.63,
      mcap: 1649821.99,
      priceChangePcs: [Object],
      transactions: [Object],
      audit: [Object],
      security: [Object],
      tokenCreatedTimestamp: 2025-09-26T15:08:02.000Z,
      liquidity: [Object],
      history: [Object],
      scannerAt: 1758994653559
    },
    '0xcf8d62960Fb7Ce5F1359E5D9267e32B9522d5d7C': {
      id: '0xcf8d62960Fb7Ce5F1359E5D9267e32B9522d5d7C',
      tokenName: 'BURNETH',
      tokenSymbol: 'BURNETH',
      tokenAddress: '0x2EdC30CF3BB7c840c41C1BC3485Aa3619C46465a',
      pairAddress: '0xcf8d62960Fb7Ce5F1359E5D9267e32B9522d5d7C',
      chain: 'ETH',
      exchange: '0x7a250d5630B4cF539739dF2C5dAcb4c659F2488D',
      priceUsd: 1.0982931113209496e-8,
      volumeUsd: 104703000.84,
      mcap: 1079.05,
      priceChangePcs: [Object],
      transactions: [Object],
      audit: [Object],
      security: [Object],
      tokenCreatedTimestamp: 2024-10-30T08:58:59.000Z,
      liquidity: [Object],
      history: [Object],
      scannerAt: 1758994653559
    },
    '0xcf8d62960fb7ce5f1359e5d9267e32b9522d5d7c': {
      id: '0xcf8d62960Fb7Ce5F1359E5D9267e32B9522d5d7C',
      tokenName: 'BURNETH',
      tokenSymbol: 'BURNETH',
      tokenAddress: '0x2EdC30CF3BB7c840c41C1BC3485Aa3619C46465a',
      pairAddress: '0xcf8d62960Fb7Ce5F1359E5D9267e32B9522d5d7C',
      chain: 'ETH',
      exchange: '0x7a250d5630B4cF539739dF2C5dAcb4c659F2488D',
      priceUsd: 1.0982931113209496e-8,
      volumeUsd: 104703000.84,
      mcap: 1079.05,
      priceChangePcs: [Object],
      transactions: [Object],
      audit: [Object],
      security: [Object],
      tokenCreatedTimestamp: 2024-10-30T08:58:59.000Z,
      liquidity: [Object],
      history: [Object],
      scannerAt: 1758994653559
    },
    '3FMq5HUcKreBGB83pTZ5o9tEKfViofL4WqoSNJJxzCAY': {
      id: '3FMq5HUcKreBGB83pTZ5o9tEKfViofL4WqoSNJJxzCAY',
      tokenName: 'GOAT Network',
      tokenSymbol: 'GOATED',
      tokenAddress: 'C8V18XHwwP3ynMHfxVzuzoM3LANwojBaQAs6DuKtZnVm',
      pairAddress: '3FMq5HUcKreBGB83pTZ5o9tEKfViofL4WqoSNJJxzCAY',
      chain: 'SOL',
      exchange: 'pAMMBay6oceH9fJKBRHGP5D4bD4sWpmSwMn52FMfXEA',
      priceUsd: 0.0015332800169086502,
      volumeUsd: 100990280.53,
      mcap: 1533278,
      priceChangePcs: [Object],
      transactions: [Object],
      audit: [Object],
      security: [Object],
      tokenCreatedTimestamp: 2025-09-26T15:00:39.000Z,
      liquidity: [Object],
      history: [Object],
      scannerAt: 1758994653559
    },
    '3fmq5huckrebgb83ptz5o9tekfviofl4wqosnjjxzcay': {
      id: '3FMq5HUcKreBGB83pTZ5o9tEKfViofL4WqoSNJJxzCAY',
      tokenName: 'GOAT Network',
      tokenSymbol: 'GOATED',
      tokenAddress: 'C8V18XHwwP3ynMHfxVzuzoM3LANwojBaQAs6DuKtZnVm',
      pairAddress: '3FMq5HUcKreBGB83pTZ5o9tEKfViofL4WqoSNJJxzCAY',
      chain: 'SOL',
      exchange: 'pAMMBay6oceH9fJKBRHGP5D4bD4sWpmSwMn52FMfXEA',
      priceUsd: 0.0015332800169086502,
      volumeUsd: 100990280.53,
      mcap: 1533278,
      priceChangePcs: [Object],
      transactions: [Object],
      audit: [Object],
      security: [Object],
      tokenCreatedTimestamp: 2025-09-26T15:00:39.000Z,
      liquidity: [Object],
      history: [Object],
      scannerAt: 1758994653559
    },
    pWGMSzVa3bxktGVcDy8JASvM2ixeifNKFJiCK9Y4NUE: {
      id: 'pWGMSzVa3bxktGVcDy8JASvM2ixeifNKFJiCK9Y4NUE',
      tokenName: 'Official Ronaldo',
      tokenSymbol: 'CR7',
      tokenAddress: 'FdpvkaYHkUD5vYHxAmS4foJrer1eoL9YwUFyVSdF6KFC',
      pairAddress: 'pWGMSzVa3bxktGVcDy8JASvM2ixeifNKFJiCK9Y4NUE',
      chain: 'SOL',
      exchange: 'pAMMBay6oceH9fJKBRHGP5D4bD4sWpmSwMn52FMfXEA',
      priceUsd: 0.00005194339731605096,
      volumeUsd: 99544504.23,
      mcap: 51943.38,
      priceChangePcs: [Object],
      transactions: [Object],
      audit: [Object],
      security: [Object],
      tokenCreatedTimestamp: 2025-09-26T16:12:55.000Z,
      liquidity: [Object],
      history: [Object],
      scannerAt: 1758994653559
    },
    pwgmszva3bxktgvcdy8jasvm2ixeifnkfjick9y4nue: {
      id: 'pWGMSzVa3bxktGVcDy8JASvM2ixeifNKFJiCK9Y4NUE',
      tokenName: 'Official Ronaldo',
      tokenSymbol: 'CR7',
      tokenAddress: 'FdpvkaYHkUD5vYHxAmS4foJrer1eoL9YwUFyVSdF6KFC',
      pairAddress: 'pWGMSzVa3bxktGVcDy8JASvM2ixeifNKFJiCK9Y4NUE',
      chain: 'SOL',
      exchange: 'pAMMBay6oceH9fJKBRHGP5D4bD4sWpmSwMn52FMfXEA',
      priceUsd: 0.00005194339731605096,
      volumeUsd: 99544504.23,
      mcap: 51943.38,
      priceChangePcs: [Object],
      transactions: [Object],
      audit: [Object],
      security: [Object],
      tokenCreatedTimestamp: 2025-09-26T16:12:55.000Z,
      liquidity: [Object],
      history: [Object],
      scannerAt: 1758994653559
    },
    GTc2CX4pBzZEtN6PtLmnhZpFMkTXVnxnoJJhaKsaUgCe: {
      id: 'GTc2CX4pBzZEtN6PtLmnhZpFMkTXVnxnoJJhaKsaUgCe',
      tokenName: 'MetaMask Coin',
      tokenSymbol: 'MetaMask',
      tokenAddress: '91dpHfnGBkkrgQfjyTEVKuVxUdkMnCBHVV2DCdfMsBAU',
      pairAddress: 'GTc2CX4pBzZEtN6PtLmnhZpFMkTXVnxnoJJhaKsaUgCe',
      chain: 'SOL',
      exchange: 'pAMMBay6oceH9fJKBRHGP5D4bD4sWpmSwMn52FMfXEA',
      priceUsd: 0.0007352460896898907,
      volumeUsd: 96743573.35,
      mcap: 735245.53,
      priceChangePcs: [Object],
      transactions: [Object],
      audit: [Object],
      security: [Object],
      tokenCreatedTimestamp: 2025-09-26T11:52:59.000Z,
      liquidity: [Object],
      history: [Object],
      scannerAt: 1758994653559
    },
    gtc2cx4pbzzetn6ptlmnhzpfmktxvnxnojjhaksaugce: {
      id: 'GTc2CX4pBzZEtN6PtLmnhZpFMkTXVnxnoJJhaKsaUgCe',
      tokenName: 'MetaMask Coin',
      tokenSymbol: 'MetaMask',
      tokenAddress: '91dpHfnGBkkrgQfjyTEVKuVxUdkMnCBHVV2DCdfMsBAU',
      pairAddress: 'GTc2CX4pBzZEtN6PtLmnhZpFMkTXVnxnoJJhaKsaUgCe',
      chain: 'SOL',
      exchange: 'pAMMBay6oceH9fJKBRHGP5D4bD4sWpmSwMn52FMfXEA',
      priceUsd: 0.0007352460896898907,
      volumeUsd: 96743573.35,
      mcap: 735245.53,
      priceChangePcs: [Object],
      transactions: [Object],
      audit: [Object],
      security: [Object],
      tokenCreatedTimestamp: 2025-09-26T11:52:59.000Z,
      liquidity: [Object],
      history: [Object],
      scannerAt: 1758994653559
    },
    p3sLcnFeCcFtfMhUVR9b4x6mCcFymhnKmineJAA6Jp5: {
      id: 'p3sLcnFeCcFtfMhUVR9b4x6mCcFymhnKmineJAA6Jp5',
      tokenName: 'GOAT Network',
      tokenSymbol: 'GOATED',
      tokenAddress: 'FmmLMdrGAXEpJLNTFsqL6g5ubF2DA6Tkf8fGhTeijKYe',
      pairAddress: 'p3sLcnFeCcFtfMhUVR9b4x6mCcFymhnKmineJAA6Jp5',
      chain: 'SOL',
      exchange: 'pAMMBay6oceH9fJKBRHGP5D4bD4sWpmSwMn52FMfXEA',
      priceUsd: 0,
      volumeUsd: 95610153.76,
      mcap: 1394820.34,
      priceChangePcs: [Object],
      transactions: [Object],
      audit: [Object],
      security: [Object],
      tokenCreatedTimestamp: 2025-09-27T04:34:56.000Z,
      liquidity: [Object],
      history: [Object],
      scannerAt: 1758994653560
    },
    p3slcnfeccftfmhuvr9b4x6mccfymhnkminejaa6jp5: {
      id: 'p3sLcnFeCcFtfMhUVR9b4x6mCcFymhnKmineJAA6Jp5',
      tokenName: 'GOAT Network',
      tokenSymbol: 'GOATED',
      tokenAddress: 'FmmLMdrGAXEpJLNTFsqL6g5ubF2DA6Tkf8fGhTeijKYe',
      pairAddress: 'p3sLcnFeCcFtfMhUVR9b4x6mCcFymhnKmineJAA6Jp5',
      chain: 'SOL',
      exchange: 'pAMMBay6oceH9fJKBRHGP5D4bD4sWpmSwMn52FMfXEA',
      priceUsd: 0,
      volumeUsd: 95610153.76,
      mcap: 1394820.34,
      priceChangePcs: [Object],
      transactions: [Object],
      audit: [Object],
      security: [Object],
      tokenCreatedTimestamp: 2025-09-27T04:34:56.000Z,
      liquidity: [Object],
      history: [Object],
      scannerAt: 1758994653560
    },
    AxSMLfSdNs1ooivbvKCdVQ15kzc2snscZJAsYZPjfBaZ: {
      id: 'AxSMLfSdNs1ooivbvKCdVQ15kzc2snscZJAsYZPjfBaZ',
      tokenName: 'Mira Network',
      tokenSymbol: 'MIRA',
      tokenAddress: 'AqYqbCzwWyziiM8z6AjW5adNbKfhtmeX7ojik5ULCA47',
      pairAddress: 'AxSMLfSdNs1ooivbvKCdVQ15kzc2snscZJAsYZPjfBaZ',
      chain: 'SOL',
      exchange: 'pAMMBay6oceH9fJKBRHGP5D4bD4sWpmSwMn52FMfXEA',
      priceUsd: 0.0007375740089581808,
      volumeUsd: 92204527.48,
      mcap: 737573,
      priceChangePcs: [Object],
      transactions: [Object],
      audit: [Object],
      security: [Object],
      tokenCreatedTimestamp: 2025-09-26T17:58:18.000Z,
      liquidity: [Object],
      history: [Object],
      scannerAt: 1758994653560
    },
    axsmlfsdns1ooivbvkcdvq15kzc2snsczjasyzpjfbaz: {
      id: 'AxSMLfSdNs1ooivbvKCdVQ15kzc2snscZJAsYZPjfBaZ',
      tokenName: 'Mira Network',
      tokenSymbol: 'MIRA',
      tokenAddress: 'AqYqbCzwWyziiM8z6AjW5adNbKfhtmeX7ojik5ULCA47',
      pairAddress: 'AxSMLfSdNs1ooivbvKCdVQ15kzc2snscZJAsYZPjfBaZ',
      chain: 'SOL',
      exchange: 'pAMMBay6oceH9fJKBRHGP5D4bD4sWpmSwMn52FMfXEA',
      priceUsd: 0.0007375740089581808,
      volumeUsd: 92204527.48,
      mcap: 737573,
      priceChangePcs: [Object],
      transactions: [Object],
      audit: [Object],
      security: [Object],
      tokenCreatedTimestamp: 2025-09-26T17:58:18.000Z,
      liquidity: [Object],
      history: [Object],
      scannerAt: 1758994653560
    },
    '7eRYcKmvtFBot3dDGTeiQjxt65FdHRJTDhmnDTt24MK1': {
      id: '7eRYcKmvtFBot3dDGTeiQjxt65FdHRJTDhmnDTt24MK1',
      tokenName: 'GOAT Network',
      tokenSymbol: 'GOATED',
      tokenAddress: 'DsACiNAtf8TXj1kARsnb2Fa3JhKfxBz9VpQ2fnwJnjXK',
      pairAddress: '7eRYcKmvtFBot3dDGTeiQjxt65FdHRJTDhmnDTt24MK1',
      chain: 'SOL',
      exchange: 'pAMMBay6oceH9fJKBRHGP5D4bD4sWpmSwMn52FMfXEA',
      priceUsd: 0.001359642161847149,
      volumeUsd: 89783004.71,
      mcap: 1359642.08,
      priceChangePcs: [Object],
      transactions: [Object],
      audit: [Object],
      security: [Object],
      tokenCreatedTimestamp: 2025-09-26T19:14:27.000Z,
      liquidity: [Object],
      history: [Object],
      scannerAt: 1758994653560
    },
    '7eryckmvtfbot3ddgteiqjxt65fdhrjtdhmndtt24mk1': {
      id: '7eRYcKmvtFBot3dDGTeiQjxt65FdHRJTDhmnDTt24MK1',
      tokenName: 'GOAT Network',
      tokenSymbol: 'GOATED',
      tokenAddress: 'DsACiNAtf8TXj1kARsnb2Fa3JhKfxBz9VpQ2fnwJnjXK',
      pairAddress: '7eRYcKmvtFBot3dDGTeiQjxt65FdHRJTDhmnDTt24MK1',
      chain: 'SOL',
      exchange: 'pAMMBay6oceH9fJKBRHGP5D4bD4sWpmSwMn52FMfXEA',
      priceUsd: 0.001359642161847149,
      volumeUsd: 89783004.71,
      mcap: 1359642.08,
      priceChangePcs: [Object],
      transactions: [Object],
      audit: [Object],
      security: [Object],
      tokenCreatedTimestamp: 2025-09-26T19:14:27.000Z,
      liquidity: [Object],
      history: [Object],
      scannerAt: 1758994653560
    },
    '2xjWY4bXE7gH2YkoxuEN4DuC8SLi97gboEgVGE8ZSrWS': {
      id: '2xjWY4bXE7gH2YkoxuEN4DuC8SLi97gboEgVGE8ZSrWS',
      tokenName: 'Falcon Finance',
      tokenSymbol: 'FF',
      tokenAddress: 'Fibx6SzLVcqxicX3uDTqKZ8kZGJkFxXMcKmPLM7BsyNC',
      pairAddress: '2xjWY4bXE7gH2YkoxuEN4DuC8SLi97gboEgVGE8ZSrWS',
      chain: 'SOL',
      exchange: 'pAMMBay6oceH9fJKBRHGP5D4bD4sWpmSwMn52FMfXEA',
      priceUsd: 0,
      volumeUsd: 89155145.5,
      mcap: 1141097.07,
      priceChangePcs: [Object],
      transactions: [Object],
      audit: [Object],
      security: [Object],
      tokenCreatedTimestamp: 2025-09-26T22:00:52.000Z,
      liquidity: [Object],
      history: [Object],
      scannerAt: 1758994653560
    },
    '2xjwy4bxe7gh2ykoxuen4duc8sli97gboegvge8zsrws': {
      id: '2xjWY4bXE7gH2YkoxuEN4DuC8SLi97gboEgVGE8ZSrWS',
      tokenName: 'Falcon Finance',
      tokenSymbol: 'FF',
      tokenAddress: 'Fibx6SzLVcqxicX3uDTqKZ8kZGJkFxXMcKmPLM7BsyNC',
      pairAddress: '2xjWY4bXE7gH2YkoxuEN4DuC8SLi97gboEgVGE8ZSrWS',
      chain: 'SOL',
      exchange: 'pAMMBay6oceH9fJKBRHGP5D4bD4sWpmSwMn52FMfXEA',
      priceUsd: 0,
      volumeUsd: 89155145.5,
      mcap: 1141097.07,
      priceChangePcs: [Object],
      transactions: [Object],
      audit: [Object],
      security: [Object],
      tokenCreatedTimestamp: 2025-09-26T22:00:52.000Z,
      liquidity: [Object],
      history: [Object],
      scannerAt: 1758994653560
    },
    ExT1saY11BgVtKwDE8d9vm1Yh9bQ5Gh8r4UNVY1b1Tts: {
      id: 'ExT1saY11BgVtKwDE8d9vm1Yh9bQ5Gh8r4UNVY1b1Tts',
      tokenName: 'OpenEden_X',
      tokenSymbol: 'EDEN',
      tokenAddress: 'A1uqzuceHaMXXNNt9YMtr99KvNh9eJFhnw9BhdX4gHZy',
      pairAddress: 'ExT1saY11BgVtKwDE8d9vm1Yh9bQ5Gh8r4UNVY1b1Tts',
      chain: 'SOL',
      exchange: 'pAMMBay6oceH9fJKBRHGP5D4bD4sWpmSwMn52FMfXEA',
      priceUsd: 0.0009380118928188284,
      volumeUsd: 82808629.07,
      mcap: 937970.12,
      priceChangePcs: [Object],
      transactions: [Object],
      audit: [Object],
      security: [Object],
      tokenCreatedTimestamp: 2025-09-26T21:21:51.000Z,
      liquidity: [Object],
      history: [Object],
      scannerAt: 1758994653560
    },
    ext1say11bgvtkwde8d9vm1yh9bq5gh8r4unvy1b1tts: {
      id: 'ExT1saY11BgVtKwDE8d9vm1Yh9bQ5Gh8r4UNVY1b1Tts',
      tokenName: 'OpenEden_X',
      tokenSymbol: 'EDEN',
      tokenAddress: 'A1uqzuceHaMXXNNt9YMtr99KvNh9eJFhnw9BhdX4gHZy',
      pairAddress: 'ExT1saY11BgVtKwDE8d9vm1Yh9bQ5Gh8r4UNVY1b1Tts',
      chain: 'SOL',
      exchange: 'pAMMBay6oceH9fJKBRHGP5D4bD4sWpmSwMn52FMfXEA',
      priceUsd: 0.0009380118928188284,
      volumeUsd: 82808629.07,
      mcap: 937970.12,
      priceChangePcs: [Object],
      transactions: [Object],
      audit: [Object],
      security: [Object],
      tokenCreatedTimestamp: 2025-09-26T21:21:51.000Z,
      liquidity: [Object],
      history: [Object],
      scannerAt: 1758994653560
    },
    '82ZgX2tHeVTmTt5z2Eqo7cZe99bK22PwyVRNVJF9aMaV': {
      id: '82ZgX2tHeVTmTt5z2Eqo7cZe99bK22PwyVRNVJF9aMaV',
      tokenName: 'GOAT Network',
      tokenSymbol: 'GOATED',
      tokenAddress: '71rYYNZ1bybEPh4vBBAyWg1wgm2n66pcwFbRv5uorWPS',
      pairAddress: '82ZgX2tHeVTmTt5z2Eqo7cZe99bK22PwyVRNVJF9aMaV',
      chain: 'SOL',
      exchange: 'pAMMBay6oceH9fJKBRHGP5D4bD4sWpmSwMn52FMfXEA',
      priceUsd: 0,
      volumeUsd: 81790606.33,
      mcap: 1228310.56,
      priceChangePcs: [Object],
      transactions: [Object],
      audit: [Object],
      security: [Object],
      tokenCreatedTimestamp: 2025-09-27T09:20:38.000Z,
      liquidity: [Object],
      history: [Object],
      scannerAt: 1758994653560
    },
    '82zgx2thevtmtt5z2eqo7cze99bk22pwyvrnvjf9amav': {
      id: '82ZgX2tHeVTmTt5z2Eqo7cZe99bK22PwyVRNVJF9aMaV',
      tokenName: 'GOAT Network',
      tokenSymbol: 'GOATED',
      tokenAddress: '71rYYNZ1bybEPh4vBBAyWg1wgm2n66pcwFbRv5uorWPS',
      pairAddress: '82ZgX2tHeVTmTt5z2Eqo7cZe99bK22PwyVRNVJF9aMaV',
      chain: 'SOL',
      exchange: 'pAMMBay6oceH9fJKBRHGP5D4bD4sWpmSwMn52FMfXEA',
      priceUsd: 0,
      volumeUsd: 81790606.33,
      mcap: 1228310.56,
      priceChangePcs: [Object],
      transactions: [Object],
      audit: [Object],
      security: [Object],
      tokenCreatedTimestamp: 2025-09-27T09:20:38.000Z,
      liquidity: [Object],
      history: [Object],
      scannerAt: 1758994653560
    },
    G75wBqjLJbZSn5p1GNwnmBgkKVwRcXKP3FaSiYgpmcRw: {
      id: 'G75wBqjLJbZSn5p1GNwnmBgkKVwRcXKP3FaSiYgpmcRw',
      tokenName: 'GOAT Network',
      tokenSymbol: 'GOATED🟡',
      tokenAddress: 'CX1shFVzc3G8VpmDg73TMYHNrTeZFT4Yz5JWUBy2sDZv',
      pairAddress: 'G75wBqjLJbZSn5p1GNwnmBgkKVwRcXKP3FaSiYgpmcRw',
      chain: 'SOL',
      exchange: 'pAMMBay6oceH9fJKBRHGP5D4bD4sWpmSwMn52FMfXEA',
      priceUsd: 0,
      volumeUsd: 81632799.06,
      mcap: 31971.95,
      priceChangePcs: [Object],
      transactions: [Object],
      audit: [Object],
      security: [Object],
      tokenCreatedTimestamp: 2025-09-27T05:59:35.000Z,
      liquidity: [Object],
      history: [Object],
      scannerAt: 1758994653560
    },
    g75wbqjljbzsn5p1gnwnmbgkkvwrcxkp3fasiygpmcrw: {
      id: 'G75wBqjLJbZSn5p1GNwnmBgkKVwRcXKP3FaSiYgpmcRw',
      tokenName: 'GOAT Network',
      tokenSymbol: 'GOATED🟡',
      tokenAddress: 'CX1shFVzc3G8VpmDg73TMYHNrTeZFT4Yz5JWUBy2sDZv',
      pairAddress: 'G75wBqjLJbZSn5p1GNwnmBgkKVwRcXKP3FaSiYgpmcRw',
      chain: 'SOL',
      exchange: 'pAMMBay6oceH9fJKBRHGP5D4bD4sWpmSwMn52FMfXEA',
      priceUsd: 0,
      volumeUsd: 81632799.06,
      mcap: 31971.95,
      priceChangePcs: [Object],
      transactions: [Object],
      audit: [Object],
      security: [Object],
      tokenCreatedTimestamp: 2025-09-27T05:59:35.000Z,
      liquidity: [Object],
      history: [Object],
      scannerAt: 1758994653560
    },
    EiuKuPvi9Cv2eQdSTcBHTkD4KcnM76XzoaCmjwnW6aw3: {
      id: 'EiuKuPvi9Cv2eQdSTcBHTkD4KcnM76XzoaCmjwnW6aw3',
      tokenName: 'Falcon Finance',
      tokenSymbol: 'FF',
      tokenAddress: 'bseLibkFaXTrG7RbTVQ2gspPvDuTbXBwxD28VyvEx7s',
      pairAddress: 'EiuKuPvi9Cv2eQdSTcBHTkD4KcnM76XzoaCmjwnW6aw3',
      chain: 'SOL',
      exchange: 'pAMMBay6oceH9fJKBRHGP5D4bD4sWpmSwMn52FMfXEA',
      priceUsd: 0.0009881765395042168,
      volumeUsd: 78735598.86,
      mcap: 988176.3,
      priceChangePcs: [Object],
      transactions: [Object],
      audit: [Object],
      security: [Object],
      tokenCreatedTimestamp: 2025-09-26T15:10:13.000Z,
      liquidity: [Object],
      history: [Object],
      scannerAt: 1758994653560
    },
    eiukupvi9cv2eqdstcbhtkd4kcnm76xzoacmjwnw6aw3: {
      id: 'EiuKuPvi9Cv2eQdSTcBHTkD4KcnM76XzoaCmjwnW6aw3',
      tokenName: 'Falcon Finance',
      tokenSymbol: 'FF',
      tokenAddress: 'bseLibkFaXTrG7RbTVQ2gspPvDuTbXBwxD28VyvEx7s',
      pairAddress: 'EiuKuPvi9Cv2eQdSTcBHTkD4KcnM76XzoaCmjwnW6aw3',
      chain: 'SOL',
      exchange: 'pAMMBay6oceH9fJKBRHGP5D4bD4sWpmSwMn52FMfXEA',
      priceUsd: 0.0009881765395042168,
      volumeUsd: 78735598.86,
      mcap: 988176.3,
      priceChangePcs: [Object],
      transactions: [Object],
      audit: [Object],
      security: [Object],
      tokenCreatedTimestamp: 2025-09-26T15:10:13.000Z,
      liquidity: [Object],
      history: [Object],
      scannerAt: 1758994653560
    },
    Jjy3AkTgDfuQmwcemcA5A7Es5gT2UdiWKuEYEkNXwg7: {
      id: 'Jjy3AkTgDfuQmwcemcA5A7Es5gT2UdiWKuEYEkNXwg7',
      tokenName: 'MetaMask Coin',
      tokenSymbol: 'MetaMask',
      tokenAddress: '3eU4mPJbiGJ7PokKuYZywQrfZZtd4h4BYkmYdbA9CDJo',
      pairAddress: 'Jjy3AkTgDfuQmwcemcA5A7Es5gT2UdiWKuEYEkNXwg7',
      chain: 'SOL',
      exchange: 'pAMMBay6oceH9fJKBRHGP5D4bD4sWpmSwMn52FMfXEA',
      priceUsd: 0,
      volumeUsd: 78546838.49,
      mcap: 554635.8,
      priceChangePcs: [Object],
      transactions: [Object],
      audit: [Object],
      security: [Object],
      tokenCreatedTimestamp: 2025-09-27T06:09:44.000Z,
      liquidity: [Object],
      history: [Object],
      scannerAt: 1758994653560
    },
    jjy3aktgdfuqmwcemca5a7es5gt2udiwkueyeknxwg7: {
      id: 'Jjy3AkTgDfuQmwcemcA5A7Es5gT2UdiWKuEYEkNXwg7',
      tokenName: 'MetaMask Coin',
      tokenSymbol: 'MetaMask',
      tokenAddress: '3eU4mPJbiGJ7PokKuYZywQrfZZtd4h4BYkmYdbA9CDJo',
      pairAddress: 'Jjy3AkTgDfuQmwcemcA5A7Es5gT2UdiWKuEYEkNXwg7',
      chain: 'SOL',
      exchange: 'pAMMBay6oceH9fJKBRHGP5D4bD4sWpmSwMn52FMfXEA',
      priceUsd: 0,
      volumeUsd: 78546838.49,
      mcap: 554635.8,
      priceChangePcs: [Object],
      transactions: [Object],
      audit: [Object],
      security: [Object],
      tokenCreatedTimestamp: 2025-09-27T06:09:44.000Z,
      liquidity: [Object],
      history: [Object],
      scannerAt: 1758994653560
    },
    '3yKsk9wBH5Bqht6Q8BHJdHGEWd91UmFaSGdYPPqMerR4': {
      id: '3yKsk9wBH5Bqht6Q8BHJdHGEWd91UmFaSGdYPPqMerR4',
      tokenName: 'Mira Network',
      tokenSymbol: 'MIRA',
      tokenAddress: '8QEEkEsx8NgruD5RdmEVHcaoJDMPUz5Gq7BdZSyLCP7i',
      pairAddress: '3yKsk9wBH5Bqht6Q8BHJdHGEWd91UmFaSGdYPPqMerR4',
      chain: 'SOL',
      exchange: 'pAMMBay6oceH9fJKBRHGP5D4bD4sWpmSwMn52FMfXEA',
      priceUsd: 0,
      volumeUsd: 71255333.56,
      mcap: 481259.35,
      priceChangePcs: [Object],
      transactions: [Object],
      audit: [Object],
      security: [Object],
      tokenCreatedTimestamp: 2025-09-26T21:13:23.000Z,
      liquidity: [Object],
      history: [Object],
      scannerAt: 1758994653560
    },
    '3yksk9wbh5bqht6q8bhjdhgewd91umfasgdyppqmerr4': {
      id: '3yKsk9wBH5Bqht6Q8BHJdHGEWd91UmFaSGdYPPqMerR4',
      tokenName: 'Mira Network',
      tokenSymbol: 'MIRA',
      tokenAddress: '8QEEkEsx8NgruD5RdmEVHcaoJDMPUz5Gq7BdZSyLCP7i',
      pairAddress: '3yKsk9wBH5Bqht6Q8BHJdHGEWd91UmFaSGdYPPqMerR4',
      chain: 'SOL',
      exchange: 'pAMMBay6oceH9fJKBRHGP5D4bD4sWpmSwMn52FMfXEA',
      priceUsd: 0,
      volumeUsd: 71255333.56,
      mcap: 481259.35,
      priceChangePcs: [Object],
      transactions: [Object],
      audit: [Object],
      security: [Object],
      tokenCreatedTimestamp: 2025-09-26T21:13:23.000Z,
      liquidity: [Object],
      history: [Object],
      scannerAt: 1758994653560
    },
    HRaeeBu2Bhx1KDd25336ak6oeKCo7i6UjEeuxgWjqf82: {
      id: 'HRaeeBu2Bhx1KDd25336ak6oeKCo7i6UjEeuxgWjqf82',
      tokenName: 'OpenEden_X',
      tokenSymbol: 'EDEN',
      tokenAddress: 'AMGYeSWL7RwykkLNTEVMd9pDbSJrEBbypypWv8XxCZfw',
      pairAddress: 'HRaeeBu2Bhx1KDd25336ak6oeKCo7i6UjEeuxgWjqf82',
      chain: 'SOL',
      exchange: 'pAMMBay6oceH9fJKBRHGP5D4bD4sWpmSwMn52FMfXEA',
      priceUsd: 0,
      volumeUsd: 69752805.36,
      mcap: 846088.34,
      priceChangePcs: [Object],
      transactions: [Object],
      audit: [Object],
      security: [Object],
      tokenCreatedTimestamp: 2025-09-26T18:41:58.000Z,
      liquidity: [Object],
      history: [Object],
      scannerAt: 1758994653560
    },
    hraeebu2bhx1kdd25336ak6oekco7i6ujeeuxgwjqf82: {
      id: 'HRaeeBu2Bhx1KDd25336ak6oeKCo7i6UjEeuxgWjqf82',
      tokenName: 'OpenEden_X',
      tokenSymbol: 'EDEN',
      tokenAddress: 'AMGYeSWL7RwykkLNTEVMd9pDbSJrEBbypypWv8XxCZfw',
      pairAddress: 'HRaeeBu2Bhx1KDd25336ak6oeKCo7i6UjEeuxgWjqf82',
      chain: 'SOL',
      exchange: 'pAMMBay6oceH9fJKBRHGP5D4bD4sWpmSwMn52FMfXEA',
      priceUsd: 0,
      volumeUsd: 69752805.36,
      mcap: 846088.34,
      priceChangePcs: [Object],
      transactions: [Object],
      audit: [Object],
      security: [Object],
      tokenCreatedTimestamp: 2025-09-26T18:41:58.000Z,
      liquidity: [Object],
      history: [Object],
      scannerAt: 1758994653560
    },
    '3dnWHQGvTwgbYDFCLtaRBecbCF3k1ogC78hDTPyAMB4o': {
      id: '3dnWHQGvTwgbYDFCLtaRBecbCF3k1ogC78hDTPyAMB4o',
      tokenName: 'OpenEden_DEX',
      tokenSymbol: 'EDEN',
      tokenAddress: '6QXcuTqsxqi7SSzYv7xFujpHWy7hmsqWDh2HnD6yc3Ks',
      pairAddress: '3dnWHQGvTwgbYDFCLtaRBecbCF3k1ogC78hDTPyAMB4o',
      chain: 'SOL',
      exchange: 'pAMMBay6oceH9fJKBRHGP5D4bD4sWpmSwMn52FMfXEA',
      priceUsd: 0.0005233944867,
      volumeUsd: 66781147.96,
      mcap: 523394.42,
      priceChangePcs: [Object],
      transactions: [Object],
      audit: [Object],
      security: [Object],
      tokenCreatedTimestamp: 2025-09-27T04:10:00.000Z,
      liquidity: [Object],
      history: [Object],
      scannerAt: 1758994653560
    },
    '3dnwhqgvtwgbydfcltarbecbcf3k1ogc78hdtpyamb4o': {
      id: '3dnWHQGvTwgbYDFCLtaRBecbCF3k1ogC78hDTPyAMB4o',
      tokenName: 'OpenEden_DEX',
      tokenSymbol: 'EDEN',
      tokenAddress: '6QXcuTqsxqi7SSzYv7xFujpHWy7hmsqWDh2HnD6yc3Ks',
      pairAddress: '3dnWHQGvTwgbYDFCLtaRBecbCF3k1ogC78hDTPyAMB4o',
      chain: 'SOL',
      exchange: 'pAMMBay6oceH9fJKBRHGP5D4bD4sWpmSwMn52FMfXEA',
      priceUsd: 0.0005233944867,
      volumeUsd: 66781147.96,
      mcap: 523394.42,
      priceChangePcs: [Object],
      transactions: [Object],
      audit: [Object],
      security: [Object],
      tokenCreatedTimestamp: 2025-09-27T04:10:00.000Z,
      liquidity: [Object],
      history: [Object],
      scannerAt: 1758994653560
    },
    '0xc7bBeC68d12a0d1830360F8Ec58fA599bA1b0e9b': {
      id: '0xc7bBeC68d12a0d1830360F8Ec58fA599bA1b0e9b',
      tokenName: 'Tether USD',
      tokenSymbol: 'USDT',
      tokenAddress: '0xdAC17F958D2ee523a2206206994597C13D831ec7',
      pairAddress: '0xc7bBeC68d12a0d1830360F8Ec58fA599bA1b0e9b',
      chain: 'ETH',
      exchange: '0x68b3465833fb72A70ecDF485E0e4C7bD8665Fc45',
      priceUsd: 0.9992399566744775,
      volumeUsd: 64368309.88,
      mcap: 94701508584.23,
      priceChangePcs: [Object],
      transactions: [Object],
      audit: [Object],
      security: [Object],
      tokenCreatedTimestamp: 2022-12-26T04:37:47.000Z,
      liquidity: [Object],
      history: [Object],
      scannerAt: 1758994653560
    },
    '0xc7bbec68d12a0d1830360f8ec58fa599ba1b0e9b': {
      id: '0xc7bBeC68d12a0d1830360F8Ec58fA599bA1b0e9b',
      tokenName: 'Tether USD',
      tokenSymbol: 'USDT',
      tokenAddress: '0xdAC17F958D2ee523a2206206994597C13D831ec7',
      pairAddress: '0xc7bBeC68d12a0d1830360F8Ec58fA599bA1b0e9b',
      chain: 'ETH',
      exchange: '0x68b3465833fb72A70ecDF485E0e4C7bD8665Fc45',
      priceUsd: 0.9992399566744775,
      volumeUsd: 64368309.88,
      mcap: 94701508584.23,
      priceChangePcs: [Object],
      transactions: [Object],
      audit: [Object],
      security: [Object],
      tokenCreatedTimestamp: 2022-12-26T04:37:47.000Z,
      liquidity: [Object],
      history: [Object],
      scannerAt: 1758994653560
    },
    '6BJ7EWQsYHbVHni4mhfYJ32xNV6a8Tu6PSTVmrLKjKT9': {
      id: '6BJ7EWQsYHbVHni4mhfYJ32xNV6a8Tu6PSTVmrLKjKT9',
      tokenName: 'Official Ronaldo',
      tokenSymbol: 'CR7',
      tokenAddress: 'CgAJ1DwCUSjKtL1cDFrLKpSaPn6o4pmP8ZhQcxiGMF5e',
      pairAddress: '6BJ7EWQsYHbVHni4mhfYJ32xNV6a8Tu6PSTVmrLKjKT9',
      chain: 'SOL',
      exchange: 'pAMMBay6oceH9fJKBRHGP5D4bD4sWpmSwMn52FMfXEA',
      priceUsd: 0.0000219420916,
      volumeUsd: 62028114.93,
      mcap: 21942.09,
      priceChangePcs: [Object],
      transactions: [Object],
      audit: [Object],
      security: [Object],
      tokenCreatedTimestamp: 2025-09-27T09:42:26.000Z,
      liquidity: [Object],
      history: [Object],
      scannerAt: 1758994653560
    },
    '6bj7ewqsyhbvhni4mhfyj32xnv6a8tu6pstvmrlkjkt9': {
      id: '6BJ7EWQsYHbVHni4mhfYJ32xNV6a8Tu6PSTVmrLKjKT9',
      tokenName: 'Official Ronaldo',
      tokenSymbol: 'CR7',
      tokenAddress: 'CgAJ1DwCUSjKtL1cDFrLKpSaPn6o4pmP8ZhQcxiGMF5e',
      pairAddress: '6BJ7EWQsYHbVHni4mhfYJ32xNV6a8Tu6PSTVmrLKjKT9',
      chain: 'SOL',
      exchange: 'pAMMBay6oceH9fJKBRHGP5D4bD4sWpmSwMn52FMfXEA',
      priceUsd: 0.0000219420916,
      volumeUsd: 62028114.93,
      mcap: 21942.09,
      priceChangePcs: [Object],
      transactions: [Object],
      audit: [Object],
      security: [Object],
      tokenCreatedTimestamp: 2025-09-27T09:42:26.000Z,
      liquidity: [Object],
      history: [Object],
      scannerAt: 1758994653560
    },
    '0xCA3F029A70d5d90000E614afD29E5c833f33CEa5': {
      id: '0xCA3F029A70d5d90000E614afD29E5c833f33CEa5',
      tokenName: 'Ark Of Panda',
      tokenSymbol: 'AOP',
      tokenAddress: '0xd5dF4d260D7a0145F655bcBf3B398076F21016C7',
      pairAddress: '0xCA3F029A70d5d90000E614afD29E5c833f33CEa5',
      chain: 'BSC',
      exchange: '0x1b81D678ffb9C0263b24A97847620C99d213eB14',
      priceUsd: 0.06387563847609318,
      volumeUsd: 61642333.75,
      mcap: 127751276.95,
      priceChangePcs: [Object],
      transactions: [Object],
      audit: [Object],
      security: [Object],
      tokenCreatedTimestamp: 2025-09-18T07:15:21.000Z,
      liquidity: [Object],
      history: [Object],
      scannerAt: 1758994653560
    },
    '0xca3f029a70d5d90000e614afd29e5c833f33cea5': {
      id: '0xCA3F029A70d5d90000E614afD29E5c833f33CEa5',
      tokenName: 'Ark Of Panda',
      tokenSymbol: 'AOP',
      tokenAddress: '0xd5dF4d260D7a0145F655bcBf3B398076F21016C7',
      pairAddress: '0xCA3F029A70d5d90000E614afD29E5c833f33CEa5',
      chain: 'BSC',
      exchange: '0x1b81D678ffb9C0263b24A97847620C99d213eB14',
      priceUsd: 0.06387563847609318,
      volumeUsd: 61642333.75,
      mcap: 127751276.95,
      priceChangePcs: [Object],
      transactions: [Object],
      audit: [Object],
      security: [Object],
      tokenCreatedTimestamp: 2025-09-18T07:15:21.000Z,
      liquidity: [Object],
      history: [Object],
      scannerAt: 1758994653560
    },
    HcWiiZEBHBKWmHP4ZjxqwQWhGwovXUvThU4aNt4yANye: {
      id: 'HcWiiZEBHBKWmHP4ZjxqwQWhGwovXUvThU4aNt4yANye',
      tokenName: 'Bitlight Labs',
      tokenSymbol: 'LIGHT',
      tokenAddress: 'FHZBpDdytvgDFXvfXoXpR3CNiWRzs5rVqq4L1g1HKrGk',
      pairAddress: 'HcWiiZEBHBKWmHP4ZjxqwQWhGwovXUvThU4aNt4yANye',
      chain: 'SOL',
      exchange: 'pAMMBay6oceH9fJKBRHGP5D4bD4sWpmSwMn52FMfXEA',
      priceUsd: 0,
      volumeUsd: 61386942.25,
      mcap: 796524.46,
      priceChangePcs: [Object],
      transactions: [Object],
      audit: [Object],
      security: [Object],
      tokenCreatedTimestamp: 2025-09-27T02:44:11.000Z,
      liquidity: [Object],
      history: [Object],
      scannerAt: 1758994653560
    },
    hcwiizebhbkwmhp4zjxqwqwhgwovxuvthu4ant4yanye: {
      id: 'HcWiiZEBHBKWmHP4ZjxqwQWhGwovXUvThU4aNt4yANye',
      tokenName: 'Bitlight Labs',
      tokenSymbol: 'LIGHT',
      tokenAddress: 'FHZBpDdytvgDFXvfXoXpR3CNiWRzs5rVqq4L1g1HKrGk',
      pairAddress: 'HcWiiZEBHBKWmHP4ZjxqwQWhGwovXUvThU4aNt4yANye',
      chain: 'SOL',
      exchange: 'pAMMBay6oceH9fJKBRHGP5D4bD4sWpmSwMn52FMfXEA',
      priceUsd: 0,
      volumeUsd: 61386942.25,
      mcap: 796524.46,
      priceChangePcs: [Object],
      transactions: [Object],
      audit: [Object],
      security: [Object],
      tokenCreatedTimestamp: 2025-09-27T02:44:11.000Z,
      liquidity: [Object],
      history: [Object],
      scannerAt: 1758994653560
    },
    '9L3eT5BxHWo8hEpGQ3NzbmYJRSvMN4ajDtDGxsqKhQGo': {
      id: '9L3eT5BxHWo8hEpGQ3NzbmYJRSvMN4ajDtDGxsqKhQGo',
      tokenName: 'OpenEden_X@@',
      tokenSymbol: 'EDEN✨',
      tokenAddress: '3FbH4RYYVZb8AMVwLigqKigjLNtr45Hbc5iJ7QXC33MP',
      pairAddress: '9L3eT5BxHWo8hEpGQ3NzbmYJRSvMN4ajDtDGxsqKhQGo',
      chain: 'SOL',
      exchange: 'pAMMBay6oceH9fJKBRHGP5D4bD4sWpmSwMn52FMfXEA',
      priceUsd: 0,
      volumeUsd: 60604758.09,
      mcap: 515825.11,
      priceChangePcs: [Object],
      transactions: [Object],
      audit: [Object],
      security: [Object],
      tokenCreatedTimestamp: 2025-09-27T00:58:19.000Z,
      liquidity: [Object],
      history: [Object],
      scannerAt: 1758994653560
    },
    '9l3et5bxhwo8hepgq3nzbmyjrsvmn4ajdtdgxsqkhqgo': {
      id: '9L3eT5BxHWo8hEpGQ3NzbmYJRSvMN4ajDtDGxsqKhQGo',
      tokenName: 'OpenEden_X@@',
      tokenSymbol: 'EDEN✨',
      tokenAddress: '3FbH4RYYVZb8AMVwLigqKigjLNtr45Hbc5iJ7QXC33MP',
      pairAddress: '9L3eT5BxHWo8hEpGQ3NzbmYJRSvMN4ajDtDGxsqKhQGo',
      chain: 'SOL',
      exchange: 'pAMMBay6oceH9fJKBRHGP5D4bD4sWpmSwMn52FMfXEA',
      priceUsd: 0,
      volumeUsd: 60604758.09,
      mcap: 515825.11,
      priceChangePcs: [Object],
      transactions: [Object],
      audit: [Object],
      security: [Object],
      tokenCreatedTimestamp: 2025-09-27T00:58:19.000Z,
      liquidity: [Object],
      history: [Object],
      scannerAt: 1758994653560
    },
    '5YWJdKDXJmi77oPT8VD4kTGH7yv1A9f5N4HEVepmgweN': {
      id: '5YWJdKDXJmi77oPT8VD4kTGH7yv1A9f5N4HEVepmgweN',
      tokenName: 'Monad (mainnet arc)',
      tokenSymbol: 'MON',
      tokenAddress: '5vLL55cHMYGFBTnLaSpzrcJgqzKmZznvmzQBQiiRzr7P',
      pairAddress: '5YWJdKDXJmi77oPT8VD4kTGH7yv1A9f5N4HEVepmgweN',
      chain: 'SOL',
      exchange: 'pAMMBay6oceH9fJKBRHGP5D4bD4sWpmSwMn52FMfXEA',
      priceUsd: 0,
      volumeUsd: 59984966.27,
      mcap: 624616.24,
      priceChangePcs: [Object],
      transactions: [Object],
      audit: [Object],
      security: [Object],
      tokenCreatedTimestamp: 2025-09-27T07:42:22.000Z,
      liquidity: [Object],
      history: [Object],
      scannerAt: 1758994653560
    },
    '5ywjdkdxjmi77opt8vd4ktgh7yv1a9f5n4hevepmgwen': {
      id: '5YWJdKDXJmi77oPT8VD4kTGH7yv1A9f5N4HEVepmgweN',
      tokenName: 'Monad (mainnet arc)',
      tokenSymbol: 'MON',
      tokenAddress: '5vLL55cHMYGFBTnLaSpzrcJgqzKmZznvmzQBQiiRzr7P',
      pairAddress: '5YWJdKDXJmi77oPT8VD4kTGH7yv1A9f5N4HEVepmgweN',
      chain: 'SOL',
      exchange: 'pAMMBay6oceH9fJKBRHGP5D4bD4sWpmSwMn52FMfXEA',
      priceUsd: 0,
      volumeUsd: 59984966.27,
      mcap: 624616.24,
      priceChangePcs: [Object],
      transactions: [Object],
      audit: [Object],
      security: [Object],
      tokenCreatedTimestamp: 2025-09-27T07:42:22.000Z,
      liquidity: [Object],
      history: [Object],
      scannerAt: 1758994653560
    },
    BDrDMa9mpQxoTkjYXgmZVjW9nxCi9tgrMmcfvu8fSYDF: {
      id: 'BDrDMa9mpQxoTkjYXgmZVjW9nxCi9tgrMmcfvu8fSYDF',
      tokenName: 'GOAT Network',
      tokenSymbol: 'GOATED',
      tokenAddress: '517im42zwkQQUgVZnk4fp19UBdgFv2cBt6cH5vPRbTAw',
      pairAddress: 'BDrDMa9mpQxoTkjYXgmZVjW9nxCi9tgrMmcfvu8fSYDF',
      chain: 'SOL',
      exchange: 'pAMMBay6oceH9fJKBRHGP5D4bD4sWpmSwMn52FMfXEA',
      priceUsd: 0.0009455779007439551,
      volumeUsd: 59748080.59,
      mcap: 945577.12,
      priceChangePcs: [Object],
      transactions: [Object],
      audit: [Object],
      security: [Object],
      tokenCreatedTimestamp: 2025-09-26T22:58:11.000Z,
      liquidity: [Object],
      history: [Object],
      scannerAt: 1758994653560
    },
    bdrdma9mpqxotkjyxgmzvjw9nxci9tgrmmcfvu8fsydf: {
      id: 'BDrDMa9mpQxoTkjYXgmZVjW9nxCi9tgrMmcfvu8fSYDF',
      tokenName: 'GOAT Network',
      tokenSymbol: 'GOATED',
      tokenAddress: '517im42zwkQQUgVZnk4fp19UBdgFv2cBt6cH5vPRbTAw',
      pairAddress: 'BDrDMa9mpQxoTkjYXgmZVjW9nxCi9tgrMmcfvu8fSYDF',
      chain: 'SOL',
      exchange: 'pAMMBay6oceH9fJKBRHGP5D4bD4sWpmSwMn52FMfXEA',
      priceUsd: 0.0009455779007439551,
      volumeUsd: 59748080.59,
      mcap: 945577.12,
      priceChangePcs: [Object],
      transactions: [Object],
      audit: [Object],
      security: [Object],
      tokenCreatedTimestamp: 2025-09-26T22:58:11.000Z,
      liquidity: [Object],
      history: [Object],
      scannerAt: 1758994653560
    },
    CvxgmSEvTYzs37GRSjGmGCsiCrB1X4RxMCR1pD5o7QAv: {
      id: 'CvxgmSEvTYzs37GRSjGmGCsiCrB1X4RxMCR1pD5o7QAv',
      tokenName: 'Bitlight Labs',
      tokenSymbol: 'LIGHT',
      tokenAddress: '6izx19WzDYGreCprA5wpinxdSQqRP5h4Geb3h3cG73SA',
      pairAddress: 'CvxgmSEvTYzs37GRSjGmGCsiCrB1X4RxMCR1pD5o7QAv',
      chain: 'SOL',
      exchange: 'pAMMBay6oceH9fJKBRHGP5D4bD4sWpmSwMn52FMfXEA',
      priceUsd: 0,
      volumeUsd: 59720185.09,
      mcap: 852313.07,
      priceChangePcs: [Object],
      transactions: [Object],
      audit: [Object],
      security: [Object],
      tokenCreatedTimestamp: 2025-09-27T04:58:11.000Z,
      liquidity: [Object],
      history: [Object],
      scannerAt: 1758994653560
    },
    cvxgmsevtyzs37grsjgmgcsicrb1x4rxmcr1pd5o7qav: {
      id: 'CvxgmSEvTYzs37GRSjGmGCsiCrB1X4RxMCR1pD5o7QAv',
      tokenName: 'Bitlight Labs',
      tokenSymbol: 'LIGHT',
      tokenAddress: '6izx19WzDYGreCprA5wpinxdSQqRP5h4Geb3h3cG73SA',
      pairAddress: 'CvxgmSEvTYzs37GRSjGmGCsiCrB1X4RxMCR1pD5o7QAv',
      chain: 'SOL',
      exchange: 'pAMMBay6oceH9fJKBRHGP5D4bD4sWpmSwMn52FMfXEA',
      priceUsd: 0,
      volumeUsd: 59720185.09,
      mcap: 852313.07,
      priceChangePcs: [Object],
      transactions: [Object],
      audit: [Object],
      security: [Object],
      tokenCreatedTimestamp: 2025-09-27T04:58:11.000Z,
      liquidity: [Object],
      history: [Object],
      scannerAt: 1758994653560
    },
    '7EkRhnQx5dJ9pasQosJUzMxyS12b4mEL8ipjUZ4BpwW3': {
      id: '7EkRhnQx5dJ9pasQosJUzMxyS12b4mEL8ipjUZ4BpwW3',
      tokenName: 'OpenEden_X',
      tokenSymbol: 'EDEN',
      tokenAddress: 'HRVjSJ1kv5qunM3tCJqNNhqGAvBqHXCpDRwkt8KKMxTf',
      pairAddress: '7EkRhnQx5dJ9pasQosJUzMxyS12b4mEL8ipjUZ4BpwW3',
      chain: 'SOL',
      exchange: 'pAMMBay6oceH9fJKBRHGP5D4bD4sWpmSwMn52FMfXEA',
      priceUsd: 0.0005136990373350583,
      volumeUsd: 58900805.72,
      mcap: 513698.85,
      priceChangePcs: [Object],
      transactions: [Object],
      audit: [Object],
      security: [Object],
      tokenCreatedTimestamp: 2025-09-26T13:24:40.000Z,
      liquidity: [Object],
      history: [Object],
      scannerAt: 1758994653560
    },
    '7ekrhnqx5dj9pasqosjuzmxys12b4mel8ipjuz4bpww3': {
      id: '7EkRhnQx5dJ9pasQosJUzMxyS12b4mEL8ipjUZ4BpwW3',
      tokenName: 'OpenEden_X',
      tokenSymbol: 'EDEN',
      tokenAddress: 'HRVjSJ1kv5qunM3tCJqNNhqGAvBqHXCpDRwkt8KKMxTf',
      pairAddress: '7EkRhnQx5dJ9pasQosJUzMxyS12b4mEL8ipjUZ4BpwW3',
      chain: 'SOL',
      exchange: 'pAMMBay6oceH9fJKBRHGP5D4bD4sWpmSwMn52FMfXEA',
      priceUsd: 0.0005136990373350583,
      volumeUsd: 58900805.72,
      mcap: 513698.85,
      priceChangePcs: [Object],
      transactions: [Object],
      audit: [Object],
      security: [Object],
      tokenCreatedTimestamp: 2025-09-26T13:24:40.000Z,
      liquidity: [Object],
      history: [Object],
      scannerAt: 1758994653560
    },
    '4icxYpSiggvcn6cj4F217FYvaRWVGt9tpw4FMpBUrn8e': {
      id: '4icxYpSiggvcn6cj4F217FYvaRWVGt9tpw4FMpBUrn8e',
      tokenName: 'Opensea',
      tokenSymbol: 'SEA',
      tokenAddress: '65LPZrf4ZJKSEa3eQUBQ5fV8YCmdcX91a4pG8Zsag3Jk',
      pairAddress: '4icxYpSiggvcn6cj4F217FYvaRWVGt9tpw4FMpBUrn8e',
      chain: 'SOL',
      exchange: 'pAMMBay6oceH9fJKBRHGP5D4bD4sWpmSwMn52FMfXEA',
      priceUsd: 0.00001754391853,
      volumeUsd: 57156903.74,
      mcap: 17543.91,
      priceChangePcs: [Object],
      transactions: [Object],
      audit: [Object],
      security: [Object],
      tokenCreatedTimestamp: 2025-09-27T09:38:10.000Z,
      liquidity: [Object],
      history: [Object],
      scannerAt: 1758994653560
    },
    '4icxypsiggvcn6cj4f217fyvarwvgt9tpw4fmpburn8e': {
      id: '4icxYpSiggvcn6cj4F217FYvaRWVGt9tpw4FMpBUrn8e',
      tokenName: 'Opensea',
      tokenSymbol: 'SEA',
      tokenAddress: '65LPZrf4ZJKSEa3eQUBQ5fV8YCmdcX91a4pG8Zsag3Jk',
      pairAddress: '4icxYpSiggvcn6cj4F217FYvaRWVGt9tpw4FMpBUrn8e',
      chain: 'SOL',
      exchange: 'pAMMBay6oceH9fJKBRHGP5D4bD4sWpmSwMn52FMfXEA',
      priceUsd: 0.00001754391853,
      volumeUsd: 57156903.74,
      mcap: 17543.91,
      priceChangePcs: [Object],
      transactions: [Object],
      audit: [Object],
      security: [Object],
      tokenCreatedTimestamp: 2025-09-27T09:38:10.000Z,
      liquidity: [Object],
      history: [Object],
      scannerAt: 1758994653560
    },
    CcB5AazsQ87qz4x2G2ZnNykgJzRr2gqLhTDHfktYushF: {
      id: 'CcB5AazsQ87qz4x2G2ZnNykgJzRr2gqLhTDHfktYushF',
      tokenName: 'Falcon Finance',
      tokenSymbol: 'FF',
      tokenAddress: 'FrHGaeLF8TscrKWYJFfEP7Xi91SSSYaFXZsh3Br5EPMc',
      pairAddress: 'CcB5AazsQ87qz4x2G2ZnNykgJzRr2gqLhTDHfktYushF',
      chain: 'SOL',
      exchange: 'pAMMBay6oceH9fJKBRHGP5D4bD4sWpmSwMn52FMfXEA',
      priceUsd: 0.0007532722571,
      volumeUsd: 55489769.04,
      mcap: 753271.47,
      priceChangePcs: [Object],
      transactions: [Object],
      audit: [Object],
      security: [Object],
      tokenCreatedTimestamp: 2025-09-27T11:30:55.000Z,
      liquidity: [Object],
      history: [Object],
      scannerAt: 1758994653560
    },
    ccb5aazsq87qz4x2g2znnykgjzrr2gqlhtdhfktyushf: {
      id: 'CcB5AazsQ87qz4x2G2ZnNykgJzRr2gqLhTDHfktYushF',
      tokenName: 'Falcon Finance',
      tokenSymbol: 'FF',
      tokenAddress: 'FrHGaeLF8TscrKWYJFfEP7Xi91SSSYaFXZsh3Br5EPMc',
      pairAddress: 'CcB5AazsQ87qz4x2G2ZnNykgJzRr2gqLhTDHfktYushF',
      chain: 'SOL',
      exchange: 'pAMMBay6oceH9fJKBRHGP5D4bD4sWpmSwMn52FMfXEA',
      priceUsd: 0.0007532722571,
      volumeUsd: 55489769.04,
      mcap: 753271.47,
      priceChangePcs: [Object],
      transactions: [Object],
      audit: [Object],
      security: [Object],
      tokenCreatedTimestamp: 2025-09-27T11:30:55.000Z,
      liquidity: [Object],
      history: [Object],
      scannerAt: 1758994653560
    },
    '3ucNos4NbumPLZNWztqGHNFFgkHeRMBQAVemeeomsUxv': {
      id: '3ucNos4NbumPLZNWztqGHNFFgkHeRMBQAVemeeomsUxv',
      tokenName: 'USD Coin',
      tokenSymbol: 'USDC',
      tokenAddress: 'EPjFWdd5AufqSSqeM2qN1xzybapC8G4wEGGkZwyTDt1v',
      pairAddress: '3ucNos4NbumPLZNWztqGHNFFgkHeRMBQAVemeeomsUxv',
      chain: 'SOL',
      exchange: 'CAMMCzo5YL8w4VFF8KVHrK22GGUsp5VTaW7grrKgrWqK',
      priceUsd: 1.000297761,
      volumeUsd: 54774911.1,
      mcap: 10148785864.32,
      priceChangePcs: [Object],
      transactions: [Object],
      audit: [Object],
      security: [Object],
      tokenCreatedTimestamp: 2025-01-12T20:36:22.000Z,
      liquidity: [Object],
      history: [Object],
      scannerAt: 1758994653560
    },
    '3ucnos4nbumplznwztqghnffgkhermbqavemeeomsuxv': {
      id: '3ucNos4NbumPLZNWztqGHNFFgkHeRMBQAVemeeomsUxv',
      tokenName: 'USD Coin',
      tokenSymbol: 'USDC',
      tokenAddress: 'EPjFWdd5AufqSSqeM2qN1xzybapC8G4wEGGkZwyTDt1v',
      pairAddress: '3ucNos4NbumPLZNWztqGHNFFgkHeRMBQAVemeeomsUxv',
      chain: 'SOL',
      exchange: 'CAMMCzo5YL8w4VFF8KVHrK22GGUsp5VTaW7grrKgrWqK',
      priceUsd: 1.000297761,
      volumeUsd: 54774911.1,
      mcap: 10148785864.32,
      priceChangePcs: [Object],
      transactions: [Object],
      audit: [Object],
      security: [Object],
      tokenCreatedTimestamp: 2025-01-12T20:36:22.000Z,
      liquidity: [Object],
      history: [Object],
      scannerAt: 1758994653560
    },
    '5U98VbSfqJPMejWxg1MC1Y4oFeyEMGTj8JNPcCvGp1vZ': {
      id: '5U98VbSfqJPMejWxg1MC1Y4oFeyEMGTj8JNPcCvGp1vZ',
      tokenName: 'Falcon Finance',
      tokenSymbol: 'FF',
      tokenAddress: 'A8miNTG5bvVZa8DKHPwHLBbHScf6KysgMbWpToTGZEQT',
      pairAddress: '5U98VbSfqJPMejWxg1MC1Y4oFeyEMGTj8JNPcCvGp1vZ',
      chain: 'SOL',
      exchange: 'pAMMBay6oceH9fJKBRHGP5D4bD4sWpmSwMn52FMfXEA',
      priceUsd: 0,
      volumeUsd: 54281000.56,
      mcap: 967504.2,
      priceChangePcs: [Object],
      transactions: [Object],
      audit: [Object],
      security: [Object],
      tokenCreatedTimestamp: 2025-09-27T01:17:42.000Z,
      liquidity: [Object],
      history: [Object],
      scannerAt: 1758994653560
    },
    '5u98vbsfqjpmejwxg1mc1y4ofeyemgtj8jnpccvgp1vz': {
      id: '5U98VbSfqJPMejWxg1MC1Y4oFeyEMGTj8JNPcCvGp1vZ',
      tokenName: 'Falcon Finance',
      tokenSymbol: 'FF',
      tokenAddress: 'A8miNTG5bvVZa8DKHPwHLBbHScf6KysgMbWpToTGZEQT',
      pairAddress: '5U98VbSfqJPMejWxg1MC1Y4oFeyEMGTj8JNPcCvGp1vZ',
      chain: 'SOL',
      exchange: 'pAMMBay6oceH9fJKBRHGP5D4bD4sWpmSwMn52FMfXEA',
      priceUsd: 0,
      volumeUsd: 54281000.56,
      mcap: 967504.2,
      priceChangePcs: [Object],
      transactions: [Object],
      audit: [Object],
      security: [Object],
      tokenCreatedTimestamp: 2025-09-27T01:17:42.000Z,
      liquidity: [Object],
      history: [Object],
      scannerAt: 1758994653560
    },
    CMAvF24c6DHhWL18MZ9xZDsXSepnDijbEQCUnRVprxwX: {
      id: 'CMAvF24c6DHhWL18MZ9xZDsXSepnDijbEQCUnRVprxwX',
      tokenName: 'Mira_Network',
      tokenSymbol: 'MIRA',
      tokenAddress: 'BMoMNUAJoth4YH1HdSuvqjpR6BiEkTSmZLJ7vmcrNoLW',
      pairAddress: 'CMAvF24c6DHhWL18MZ9xZDsXSepnDijbEQCUnRVprxwX',
      chain: 'SOL',
      exchange: 'pAMMBay6oceH9fJKBRHGP5D4bD4sWpmSwMn52FMfXEA',
      priceUsd: 0.00001373416277,
      volumeUsd: 51634961.52,
      mcap: 13734.16,
      priceChangePcs: [Object],
      transactions: [Object],
      audit: [Object],
      security: [Object],
      tokenCreatedTimestamp: 2025-09-27T03:47:55.000Z,
      liquidity: [Object],
      history: [Object],
      scannerAt: 1758994653560
    },
    cmavf24c6dhhwl18mz9xzdsxsepndijbeqcunrvprxwx: {
      id: 'CMAvF24c6DHhWL18MZ9xZDsXSepnDijbEQCUnRVprxwX',
      tokenName: 'Mira_Network',
      tokenSymbol: 'MIRA',
      tokenAddress: 'BMoMNUAJoth4YH1HdSuvqjpR6BiEkTSmZLJ7vmcrNoLW',
      pairAddress: 'CMAvF24c6DHhWL18MZ9xZDsXSepnDijbEQCUnRVprxwX',
      chain: 'SOL',
      exchange: 'pAMMBay6oceH9fJKBRHGP5D4bD4sWpmSwMn52FMfXEA',
      priceUsd: 0.00001373416277,
      volumeUsd: 51634961.52,
      mcap: 13734.16,
      priceChangePcs: [Object],
      transactions: [Object],
      audit: [Object],
      security: [Object],
      tokenCreatedTimestamp: 2025-09-27T03:47:55.000Z,
      liquidity: [Object],
      history: [Object],
      scannerAt: 1758994653560
    },
    F8m2TynBCNjLTvZDaDEYHvRSWdBwYWkNQqhWJTdtUMGB: {
      id: 'F8m2TynBCNjLTvZDaDEYHvRSWdBwYWkNQqhWJTdtUMGB',
      tokenName: 'MetaMask Coin',
      tokenSymbol: 'MetaMask',
      tokenAddress: 'HdsopTwezQGCgrNQtcHpMRMCJpHaXmbxtdzcBwpkJbNp',
      pairAddress: 'F8m2TynBCNjLTvZDaDEYHvRSWdBwYWkNQqhWJTdtUMGB',
      chain: 'SOL',
      exchange: 'pAMMBay6oceH9fJKBRHGP5D4bD4sWpmSwMn52FMfXEA',
      priceUsd: 0.0002458071064,
      volumeUsd: 51372979.15,
      mcap: 245806.59,
      priceChangePcs: [Object],
      transactions: [Object],
      audit: [Object],
      security: [Object],
      tokenCreatedTimestamp: 2025-09-27T03:37:36.000Z,
      liquidity: [Object],
      history: [Object],
      scannerAt: 1758994653560
    },
    f8m2tynbcnjltvzdadeyhvrswdbwywknqqhwjtdtumgb: {
      id: 'F8m2TynBCNjLTvZDaDEYHvRSWdBwYWkNQqhWJTdtUMGB',
      tokenName: 'MetaMask Coin',
      tokenSymbol: 'MetaMask',
      tokenAddress: 'HdsopTwezQGCgrNQtcHpMRMCJpHaXmbxtdzcBwpkJbNp',
      pairAddress: 'F8m2TynBCNjLTvZDaDEYHvRSWdBwYWkNQqhWJTdtUMGB',
      chain: 'SOL',
      exchange: 'pAMMBay6oceH9fJKBRHGP5D4bD4sWpmSwMn52FMfXEA',
      priceUsd: 0.0002458071064,
      volumeUsd: 51372979.15,
      mcap: 245806.59,
      priceChangePcs: [Object],
      transactions: [Object],
      audit: [Object],
      security: [Object],
      tokenCreatedTimestamp: 2025-09-27T03:37:36.000Z,
      liquidity: [Object],
      history: [Object],
      scannerAt: 1758994653560
    },
    JGLWg1ZyvvaGj7xumoFgvyBedQoTmTtgL6gfZ7TsBhu: {
      id: 'JGLWg1ZyvvaGj7xumoFgvyBedQoTmTtgL6gfZ7TsBhu',
      tokenName: 'GOAT Network',
      tokenSymbol: 'GOATED',
      tokenAddress: 'BgGsy64smJdsW1HEeXYPpwnUYid6rcDUzdNEWeij2aTg',
      pairAddress: 'JGLWg1ZyvvaGj7xumoFgvyBedQoTmTtgL6gfZ7TsBhu',
      chain: 'SOL',
      exchange: 'pAMMBay6oceH9fJKBRHGP5D4bD4sWpmSwMn52FMfXEA',
      priceUsd: 0,
      volumeUsd: 51073311.16,
      mcap: 676084.2,
      priceChangePcs: [Object],
      transactions: [Object],
      audit: [Object],
      security: [Object],
      tokenCreatedTimestamp: 2025-09-27T02:19:58.000Z,
      liquidity: [Object],
      history: [Object],
      scannerAt: 1758994653560
    },
    jglwg1zyvvagj7xumofgvybedqotmttgl6gfz7tsbhu: {
      id: 'JGLWg1ZyvvaGj7xumoFgvyBedQoTmTtgL6gfZ7TsBhu',
      tokenName: 'GOAT Network',
      tokenSymbol: 'GOATED',
      tokenAddress: 'BgGsy64smJdsW1HEeXYPpwnUYid6rcDUzdNEWeij2aTg',
      pairAddress: 'JGLWg1ZyvvaGj7xumoFgvyBedQoTmTtgL6gfZ7TsBhu',
      chain: 'SOL',
      exchange: 'pAMMBay6oceH9fJKBRHGP5D4bD4sWpmSwMn52FMfXEA',
      priceUsd: 0,
      volumeUsd: 51073311.16,
      mcap: 676084.2,
      priceChangePcs: [Object],
      transactions: [Object],
      audit: [Object],
      security: [Object],
      tokenCreatedTimestamp: 2025-09-27T02:19:58.000Z,
      liquidity: [Object],
      history: [Object],
      scannerAt: 1758994653560
    },
    '4NAdnJaeioRVcbgVusJtEpcjCdVC83icooKJ5dMZUYZb': {
      id: '4NAdnJaeioRVcbgVusJtEpcjCdVC83icooKJ5dMZUYZb',
      tokenName: 'Mask Coin',
      tokenSymbol: 'MetaMask',
      tokenAddress: 'CV7HTQR5muoKgpdCaCHXkXiYpHAm1Tw3GHvTxZWyuYxM',
      pairAddress: '4NAdnJaeioRVcbgVusJtEpcjCdVC83icooKJ5dMZUYZb',
      chain: 'SOL',
      exchange: 'pAMMBay6oceH9fJKBRHGP5D4bD4sWpmSwMn52FMfXEA',
      priceUsd: 0.0001722366045311415,
      volumeUsd: 49586584.66,
      mcap: 172235.69,
      priceChangePcs: [Object],
      transactions: [Object],
      audit: [Object],
      security: [Object],
      tokenCreatedTimestamp: 2025-09-26T21:24:44.000Z,
      liquidity: [Object],
      history: [Object],
      scannerAt: 1758994653560
    },
    '4nadnjaeiorvcbgvusjtepcjcdvc83icookj5dmzuyzb': {
      id: '4NAdnJaeioRVcbgVusJtEpcjCdVC83icooKJ5dMZUYZb',
      tokenName: 'Mask Coin',
      tokenSymbol: 'MetaMask',
      tokenAddress: 'CV7HTQR5muoKgpdCaCHXkXiYpHAm1Tw3GHvTxZWyuYxM',
      pairAddress: '4NAdnJaeioRVcbgVusJtEpcjCdVC83icooKJ5dMZUYZb',
      chain: 'SOL',
      exchange: 'pAMMBay6oceH9fJKBRHGP5D4bD4sWpmSwMn52FMfXEA',
      priceUsd: 0.0001722366045311415,
      volumeUsd: 49586584.66,
      mcap: 172235.69,
      priceChangePcs: [Object],
      transactions: [Object],
      audit: [Object],
      security: [Object],
      tokenCreatedTimestamp: 2025-09-26T21:24:44.000Z,
      liquidity: [Object],
      history: [Object],
      scannerAt: 1758994653560
    },
    '0x5777d92f208679DB4b9778590Fa3CAB3aC9e2168': {
      id: '0x5777d92f208679DB4b9778590Fa3CAB3aC9e2168',
      tokenName: 'Dai Stablecoin',
      tokenSymbol: 'DAI',
      tokenAddress: '0x6B175474E89094C44Da98b954EedeAC495271d0F',
      pairAddress: '0x5777d92f208679DB4b9778590Fa3CAB3aC9e2168',
      chain: 'ETH',
      exchange: '0x68b3465833fb72A70ecDF485E0e4C7bD8665Fc45',
      priceUsd: 0.9999155108457336,
      volumeUsd: 49011422.18,
      mcap: 4601454987.11,
      priceChangePcs: [Object],
      transactions: [Object],
      audit: [Object],
      security: [Object],
      tokenCreatedTimestamp: 2021-11-13T02:45:03.000Z,
      liquidity: [Object],
      history: [Object],
      scannerAt: 1758994653560
    },
    '0x5777d92f208679db4b9778590fa3cab3ac9e2168': {
      id: '0x5777d92f208679DB4b9778590Fa3CAB3aC9e2168',
      tokenName: 'Dai Stablecoin',
      tokenSymbol: 'DAI',
      tokenAddress: '0x6B175474E89094C44Da98b954EedeAC495271d0F',
      pairAddress: '0x5777d92f208679DB4b9778590Fa3CAB3aC9e2168',
      chain: 'ETH',
      exchange: '0x68b3465833fb72A70ecDF485E0e4C7bD8665Fc45',
      priceUsd: 0.9999155108457336,
      volumeUsd: 49011422.18,
      mcap: 4601454987.11,
      priceChangePcs: [Object],
      transactions: [Object],
      audit: [Object],
      security: [Object],
      tokenCreatedTimestamp: 2021-11-13T02:45:03.000Z,
      liquidity: [Object],
      history: [Object],
      scannerAt: 1758994653560
    },
    '84fZSnPSyjxc23X1rvtZgJSXHSo4CGjFSLnyipZrkwyV': {
      id: '84fZSnPSyjxc23X1rvtZgJSXHSo4CGjFSLnyipZrkwyV',
      tokenName: 'OpenEden_X',
      tokenSymbol: 'EDEN',
      tokenAddress: '92BAaCDPw4Q4ux2hqrwA1mbbnhJefjzWy7H31tH2xbaT',
      pairAddress: '84fZSnPSyjxc23X1rvtZgJSXHSo4CGjFSLnyipZrkwyV',
      chain: 'SOL',
      exchange: 'pAMMBay6oceH9fJKBRHGP5D4bD4sWpmSwMn52FMfXEA',
      priceUsd: 0.0005466589487718114,
      volumeUsd: 47890932.89,
      mcap: 546658.44,
      priceChangePcs: [Object],
      transactions: [Object],
      audit: [Object],
      security: [Object],
      tokenCreatedTimestamp: 2025-09-26T16:04:31.000Z,
      liquidity: [Object],
      history: [Object],
      scannerAt: 1758994653560
    },
    '84fzsnpsyjxc23x1rvtzgjsxhso4cgjfslnyipzrkwyv': {
      id: '84fZSnPSyjxc23X1rvtZgJSXHSo4CGjFSLnyipZrkwyV',
      tokenName: 'OpenEden_X',
      tokenSymbol: 'EDEN',
      tokenAddress: '92BAaCDPw4Q4ux2hqrwA1mbbnhJefjzWy7H31tH2xbaT',
      pairAddress: '84fZSnPSyjxc23X1rvtZgJSXHSo4CGjFSLnyipZrkwyV',
      chain: 'SOL',
      exchange: 'pAMMBay6oceH9fJKBRHGP5D4bD4sWpmSwMn52FMfXEA',
      priceUsd: 0.0005466589487718114,
      volumeUsd: 47890932.89,
      mcap: 546658.44,
      priceChangePcs: [Object],
      transactions: [Object],
      audit: [Object],
      security: [Object],
      tokenCreatedTimestamp: 2025-09-26T16:04:31.000Z,
      liquidity: [Object],
      history: [Object],
      scannerAt: 1758994653560
    },
    '86y2dm9iex1emL289N62tk75awZVmYrFuHDQXdwWDUxE': {
      id: '86y2dm9iex1emL289N62tk75awZVmYrFuHDQXdwWDUxE',
      tokenName: 'Official Ronaldo',
      tokenSymbol: 'CR7',
      tokenAddress: '6dPGogSySP69D9MVuaRPauFQDTsma8XZAwN5NtQZaFo9',
      pairAddress: '86y2dm9iex1emL289N62tk75awZVmYrFuHDQXdwWDUxE',
      chain: 'SOL',
      exchange: 'pAMMBay6oceH9fJKBRHGP5D4bD4sWpmSwMn52FMfXEA',
      priceUsd: 0.00001261652886,
      volumeUsd: 47099357.74,
      mcap: 12616.52,
      priceChangePcs: [Object],
      transactions: [Object],
      audit: [Object],
      security: [Object],
      tokenCreatedTimestamp: 2025-09-27T07:12:36.000Z,
      liquidity: [Object],
      history: [Object],
      scannerAt: 1758994653560
    },
    '86y2dm9iex1eml289n62tk75awzvmyrfuhdqxdwwduxe': {
      id: '86y2dm9iex1emL289N62tk75awZVmYrFuHDQXdwWDUxE',
      tokenName: 'Official Ronaldo',
      tokenSymbol: 'CR7',
      tokenAddress: '6dPGogSySP69D9MVuaRPauFQDTsma8XZAwN5NtQZaFo9',
      pairAddress: '86y2dm9iex1emL289N62tk75awZVmYrFuHDQXdwWDUxE',
      chain: 'SOL',
      exchange: 'pAMMBay6oceH9fJKBRHGP5D4bD4sWpmSwMn52FMfXEA',
      priceUsd: 0.00001261652886,
      volumeUsd: 47099357.74,
      mcap: 12616.52,
      priceChangePcs: [Object],
      transactions: [Object],
      audit: [Object],
      security: [Object],
      tokenCreatedTimestamp: 2025-09-27T07:12:36.000Z,
      liquidity: [Object],
      history: [Object],
      scannerAt: 1758994653560
    },
    '0x88e6A0c2dDD26FEEb64F039a2c41296FcB3f5640': {
      id: '0x88e6A0c2dDD26FEEb64F039a2c41296FcB3f5640',
      tokenName: 'USD Coin',
      tokenSymbol: 'USDC',
      tokenAddress: '0xA0b86991c6218b36c1d19D4a2e9Eb0cE3606eB48',
      pairAddress: '0x88e6A0c2dDD26FEEb64F039a2c41296FcB3f5640',
      chain: 'ETH',
      exchange: '0x68b3465833fb72A70ecDF485E0e4C7bD8665Fc45',
      priceUsd: 0.9985787857875046,
      volumeUsd: 44900233.26,
      mcap: 48698178912.27,
      priceChangePcs: [Object],
      transactions: [Object],
      audit: [Object],
      security: [Object],
      tokenCreatedTimestamp: 2021-05-05T21:42:11.000Z,
      liquidity: [Object],
      history: [Object],
      scannerAt: 1758994653560
    },
    '0x88e6a0c2ddd26feeb64f039a2c41296fcb3f5640': {
      id: '0x88e6A0c2dDD26FEEb64F039a2c41296FcB3f5640',
      tokenName: 'USD Coin',
      tokenSymbol: 'USDC',
      tokenAddress: '0xA0b86991c6218b36c1d19D4a2e9Eb0cE3606eB48',
      pairAddress: '0x88e6A0c2dDD26FEEb64F039a2c41296FcB3f5640',
      chain: 'ETH',
      exchange: '0x68b3465833fb72A70ecDF485E0e4C7bD8665Fc45',
      priceUsd: 0.9985787857875046,
      volumeUsd: 44900233.26,
      mcap: 48698178912.27,
      priceChangePcs: [Object],
      transactions: [Object],
      audit: [Object],
      security: [Object],
      tokenCreatedTimestamp: 2021-05-05T21:42:11.000Z,
      liquidity: [Object],
      history: [Object],
      scannerAt: 1758994653560
    },
    '5WRDHbRmSm7nQ73KtVCLMnTDEoSBPH6ZfX9dd68UhmuR': {
      id: '5WRDHbRmSm7nQ73KtVCLMnTDEoSBPH6ZfX9dd68UhmuR',
      tokenName: 'Bitlight Labs',
      tokenSymbol: 'LIGHT✨',
      tokenAddress: '2KUNyDwcfw4wHkSnugapjTT1JdrtsoPfdAD6JfsyVSn5',
      pairAddress: '5WRDHbRmSm7nQ73KtVCLMnTDEoSBPH6ZfX9dd68UhmuR',
      chain: 'SOL',
      exchange: 'pAMMBay6oceH9fJKBRHGP5D4bD4sWpmSwMn52FMfXEA',
      priceUsd: 0.00001285406402,
      volumeUsd: 43954494.01,
      mcap: 12854.06,
      priceChangePcs: [Object],
      transactions: [Object],
      audit: [Object],
      security: [Object],
      tokenCreatedTimestamp: 2025-09-27T01:54:54.000Z,
      liquidity: [Object],
      history: [Object],
      scannerAt: 1758994653560
    },
    '5wrdhbrmsm7nq73ktvclmntdeosbph6zfx9dd68uhmur': {
      id: '5WRDHbRmSm7nQ73KtVCLMnTDEoSBPH6ZfX9dd68UhmuR',
      tokenName: 'Bitlight Labs',
      tokenSymbol: 'LIGHT✨',
      tokenAddress: '2KUNyDwcfw4wHkSnugapjTT1JdrtsoPfdAD6JfsyVSn5',
      pairAddress: '5WRDHbRmSm7nQ73KtVCLMnTDEoSBPH6ZfX9dd68UhmuR',
      chain: 'SOL',
      exchange: 'pAMMBay6oceH9fJKBRHGP5D4bD4sWpmSwMn52FMfXEA',
      priceUsd: 0.00001285406402,
      volumeUsd: 43954494.01,
      mcap: 12854.06,
      priceChangePcs: [Object],
      transactions: [Object],
      audit: [Object],
      security: [Object],
      tokenCreatedTimestamp: 2025-09-27T01:54:54.000Z,
      liquidity: [Object],
      history: [Object],
      scannerAt: 1758994653560
    },
    '3XP2gPB5P6TkvUuSnpNd136TtaGxSXibjDkvFvYFB6mK': {
      id: '3XP2gPB5P6TkvUuSnpNd136TtaGxSXibjDkvFvYFB6mK',
      tokenName: 'Bitlight Labs',
      tokenSymbol: 'LIGHT',
      tokenAddress: '8pEpKLkcFB22rjg7SzervrhWPEaXVjVhtPa1EPWZEXBK',
      pairAddress: '3XP2gPB5P6TkvUuSnpNd136TtaGxSXibjDkvFvYFB6mK',
      chain: 'SOL',
      exchange: 'pAMMBay6oceH9fJKBRHGP5D4bD4sWpmSwMn52FMfXEA',
      priceUsd: 0,
      volumeUsd: 43213620.5,
      mcap: 591700.93,
      priceChangePcs: [Object],
      transactions: [Object],
      audit: [Object],
      security: [Object],
      tokenCreatedTimestamp: 2025-09-27T10:29:33.000Z,
      liquidity: [Object],
      history: [Object],
      scannerAt: 1758994653560
    },
    '3xp2gpb5p6tkvuusnpnd136ttagxsxibjdkvfvyfb6mk': {
      id: '3XP2gPB5P6TkvUuSnpNd136TtaGxSXibjDkvFvYFB6mK',
      tokenName: 'Bitlight Labs',
      tokenSymbol: 'LIGHT',
      tokenAddress: '8pEpKLkcFB22rjg7SzervrhWPEaXVjVhtPa1EPWZEXBK',
      pairAddress: '3XP2gPB5P6TkvUuSnpNd136TtaGxSXibjDkvFvYFB6mK',
      chain: 'SOL',
      exchange: 'pAMMBay6oceH9fJKBRHGP5D4bD4sWpmSwMn52FMfXEA',
      priceUsd: 0,
      volumeUsd: 43213620.5,
      mcap: 591700.93,
      priceChangePcs: [Object],
      transactions: [Object],
      audit: [Object],
      security: [Object],
      tokenCreatedTimestamp: 2025-09-27T10:29:33.000Z,
      liquidity: [Object],
      history: [Object],
      scannerAt: 1758994653560
    },
    '6NBeuSTRBmFhMBGAKcUT8V9YbSYz9rVypH9eoHe9j4Hj': {
      id: '6NBeuSTRBmFhMBGAKcUT8V9YbSYz9rVypH9eoHe9j4Hj',
      tokenName: 'Plasma',
      tokenSymbol: 'XPL',
      tokenAddress: '2c61jFWDoP5uwczFnLLyahCgCmLbAPMZcoPXptFZeAHM',
      pairAddress: '6NBeuSTRBmFhMBGAKcUT8V9YbSYz9rVypH9eoHe9j4Hj',
      chain: 'SOL',
      exchange: 'pAMMBay6oceH9fJKBRHGP5D4bD4sWpmSwMn52FMfXEA',
      priceUsd: 0.000012032587287082554,
      volumeUsd: 42234470.57,
      mcap: 12032.58,
      priceChangePcs: [Object],
      transactions: [Object],
      audit: [Object],
      security: [Object],
      tokenCreatedTimestamp: 2025-09-26T20:48:50.000Z,
      liquidity: [Object],
      history: [Object],
      scannerAt: 1758994653560
    },
    '6nbeustrbmfhmbgakcut8v9ybsyz9rvyph9eohe9j4hj': {
      id: '6NBeuSTRBmFhMBGAKcUT8V9YbSYz9rVypH9eoHe9j4Hj',
      tokenName: 'Plasma',
      tokenSymbol: 'XPL',
      tokenAddress: '2c61jFWDoP5uwczFnLLyahCgCmLbAPMZcoPXptFZeAHM',
      pairAddress: '6NBeuSTRBmFhMBGAKcUT8V9YbSYz9rVypH9eoHe9j4Hj',
      chain: 'SOL',
      exchange: 'pAMMBay6oceH9fJKBRHGP5D4bD4sWpmSwMn52FMfXEA',
      priceUsd: 0.000012032587287082554,
      volumeUsd: 42234470.57,
      mcap: 12032.58,
      priceChangePcs: [Object],
      transactions: [Object],
      audit: [Object],
      security: [Object],
      tokenCreatedTimestamp: 2025-09-26T20:48:50.000Z,
      liquidity: [Object],
      history: [Object],
      scannerAt: 1758994653560
    },
    HTvjzsfX3yU6BUodCjZ5vZkUrAxMDTrBs3CJaq43ashR: {
      id: 'HTvjzsfX3yU6BUodCjZ5vZkUrAxMDTrBs3CJaq43ashR',
      tokenName: 'USD Coin',
      tokenSymbol: 'USDC',
      tokenAddress: 'EPjFWdd5AufqSSqeM2qN1xzybapC8G4wEGGkZwyTDt1v',
      pairAddress: 'HTvjzsfX3yU6BUodCjZ5vZkUrAxMDTrBs3CJaq43ashR',
      chain: 'SOL',
      exchange: 'LBUZKhRxPF3XUpBCjp4YzTKgLccjZhTSDM9YuVaPwxo',
      priceUsd: 0.9996404144,
      volumeUsd: 42138387.84,
      mcap: 10142116580.29,
      priceChangePcs: [Object],
      transactions: [Object],
      audit: [Object],
      security: [Object],
      tokenCreatedTimestamp: 2025-01-16T08:06:00.000Z,
      liquidity: [Object],
      history: [Object],
      scannerAt: 1758994653560
    },
    htvjzsfx3yu6buodcjz5vzkuraxmdtrbs3cjaq43ashr: {
      id: 'HTvjzsfX3yU6BUodCjZ5vZkUrAxMDTrBs3CJaq43ashR',
      tokenName: 'USD Coin',
      tokenSymbol: 'USDC',
      tokenAddress: 'EPjFWdd5AufqSSqeM2qN1xzybapC8G4wEGGkZwyTDt1v',
      pairAddress: 'HTvjzsfX3yU6BUodCjZ5vZkUrAxMDTrBs3CJaq43ashR',
      chain: 'SOL',
      exchange: 'LBUZKhRxPF3XUpBCjp4YzTKgLccjZhTSDM9YuVaPwxo',
      priceUsd: 0.9996404144,
      volumeUsd: 42138387.84,
      mcap: 10142116580.29,
      priceChangePcs: [Object],
      transactions: [Object],
      audit: [Object],
      security: [Object],
      tokenCreatedTimestamp: 2025-01-16T08:06:00.000Z,
      liquidity: [Object],
      history: [Object],
      scannerAt: 1758994653560
    },
    EuPnpWGTPB5iYm34rTzk7aCvhBzZvGEjXhRwE65ShBdE: {
      id: 'EuPnpWGTPB5iYm34rTzk7aCvhBzZvGEjXhRwE65ShBdE',
      tokenName: 'Bitlight Labs',
      tokenSymbol: 'LIGHT',
      tokenAddress: '35ueb87P8QGLMJg8sJJL9KzsGnauNRdY3cj2gCu5rhyx',
      pairAddress: 'EuPnpWGTPB5iYm34rTzk7aCvhBzZvGEjXhRwE65ShBdE',
      chain: 'SOL',
      exchange: 'pAMMBay6oceH9fJKBRHGP5D4bD4sWpmSwMn52FMfXEA',
      priceUsd: 0,
      volumeUsd: 42110761.83,
      mcap: 510758.05,
      priceChangePcs: [Object],
      transactions: [Object],
      audit: [Object],
      security: [Object],
      tokenCreatedTimestamp: 2025-09-27T08:24:21.000Z,
      liquidity: [Object],
      history: [Object],
      scannerAt: 1758994653560
    },
    eupnpwgtpb5iym34rtzk7acvhbzzvgejxhrwe65shbde: {
      id: 'EuPnpWGTPB5iYm34rTzk7aCvhBzZvGEjXhRwE65ShBdE',
      tokenName: 'Bitlight Labs',
      tokenSymbol: 'LIGHT',
      tokenAddress: '35ueb87P8QGLMJg8sJJL9KzsGnauNRdY3cj2gCu5rhyx',
      pairAddress: 'EuPnpWGTPB5iYm34rTzk7aCvhBzZvGEjXhRwE65ShBdE',
      chain: 'SOL',
      exchange: 'pAMMBay6oceH9fJKBRHGP5D4bD4sWpmSwMn52FMfXEA',
      priceUsd: 0,
      volumeUsd: 42110761.83,
      mcap: 510758.05,
      priceChangePcs: [Object],
      transactions: [Object],
      audit: [Object],
      security: [Object],
      tokenCreatedTimestamp: 2025-09-27T08:24:21.000Z,
      liquidity: [Object],
      history: [Object],
      scannerAt: 1758994653560
    },
    '7A8XiSivB8ZpRL6T7qJFYv2wkxnEubRXt5DbAx15hzAB': {
      id: '7A8XiSivB8ZpRL6T7qJFYv2wkxnEubRXt5DbAx15hzAB',
      tokenName: 'BestWalletHQ',
      tokenSymbol: 'Best',
      tokenAddress: 'EPKQvx5DVHDa2cNgXtNTvCtfmhNKKPrUFDDtXDUG5Fxa',
      pairAddress: '7A8XiSivB8ZpRL6T7qJFYv2wkxnEubRXt5DbAx15hzAB',
      chain: 'SOL',
      exchange: 'pAMMBay6oceH9fJKBRHGP5D4bD4sWpmSwMn52FMfXEA',
      priceUsd: 0.00001927527081141244,
      volumeUsd: 41789323.4,
      mcap: 19275.26,
      priceChangePcs: [Object],
      transactions: [Object],
      audit: [Object],
      security: [Object],
      tokenCreatedTimestamp: 2025-09-26T22:56:35.000Z,
      liquidity: [Object],
      history: [Object],
      scannerAt: 1758994653560
    },
    '7a8xisivb8zprl6t7qjfyv2wkxneubrxt5dbax15hzab': {
      id: '7A8XiSivB8ZpRL6T7qJFYv2wkxnEubRXt5DbAx15hzAB',
      tokenName: 'BestWalletHQ',
      tokenSymbol: 'Best',
      tokenAddress: 'EPKQvx5DVHDa2cNgXtNTvCtfmhNKKPrUFDDtXDUG5Fxa',
      pairAddress: '7A8XiSivB8ZpRL6T7qJFYv2wkxnEubRXt5DbAx15hzAB',
      chain: 'SOL',
      exchange: 'pAMMBay6oceH9fJKBRHGP5D4bD4sWpmSwMn52FMfXEA',
      priceUsd: 0.00001927527081141244,
      volumeUsd: 41789323.4,
      mcap: 19275.26,
      priceChangePcs: [Object],
      transactions: [Object],
      audit: [Object],
      security: [Object],
      tokenCreatedTimestamp: 2025-09-26T22:56:35.000Z,
      liquidity: [Object],
      history: [Object],
      scannerAt: 1758994653560
    },
    '0x924E62a3689e7B94F397E61ac796DaBfEa32E93B': {
      id: '0x924E62a3689e7B94F397E61ac796DaBfEa32E93B',
      tokenName: 'TRADOOR',
      tokenSymbol: 'TRADOOR',
      tokenAddress: '0x9123400446a56176Eb1B6BE9ee5CF703e409F492',
      pairAddress: '0x924E62a3689e7B94F397E61ac796DaBfEa32E93B',
      chain: 'BSC',
      exchange: '0x1b81D678ffb9C0263b24A97847620C99d213eB14',
      priceUsd: 2.5552895577163492,
      volumeUsd: 41552637.8,
      mcap: 153317373.46,
      priceChangePcs: [Object],
      transactions: [Object],
      audit: [Object],
      security: [Object],
      tokenCreatedTimestamp: 2025-09-03T09:44:32.000Z,
      liquidity: [Object],
      history: [Object],
      scannerAt: 1758994653560
    },
    '0x924e62a3689e7b94f397e61ac796dabfea32e93b': {
      id: '0x924E62a3689e7B94F397E61ac796DaBfEa32E93B',
      tokenName: 'TRADOOR',
      tokenSymbol: 'TRADOOR',
      tokenAddress: '0x9123400446a56176Eb1B6BE9ee5CF703e409F492',
      pairAddress: '0x924E62a3689e7B94F397E61ac796DaBfEa32E93B',
      chain: 'BSC',
      exchange: '0x1b81D678ffb9C0263b24A97847620C99d213eB14',
      priceUsd: 2.5552895577163492,
      volumeUsd: 41552637.8,
      mcap: 153317373.46,
      priceChangePcs: [Object],
      transactions: [Object],
      audit: [Object],
      security: [Object],
      tokenCreatedTimestamp: 2025-09-03T09:44:32.000Z,
      liquidity: [Object],
      history: [Object],
      scannerAt: 1758994653560
    },
    EPUn9VkhAHVjtbX9Rsv7RsoZwnUSxyv1eVuUqwXkAh2z: {
      id: 'EPUn9VkhAHVjtbX9Rsv7RsoZwnUSxyv1eVuUqwXkAh2z',
      tokenName: 'Mira Network',
      tokenSymbol: 'MIRA',
      tokenAddress: 'BvzcpKGyhE1ACoWLzrYvH7hhgYTBUgnmvoPkB4WxHz9X',
      pairAddress: 'EPUn9VkhAHVjtbX9Rsv7RsoZwnUSxyv1eVuUqwXkAh2z',
      chain: 'SOL',
      exchange: 'pAMMBay6oceH9fJKBRHGP5D4bD4sWpmSwMn52FMfXEA',
      priceUsd: 0.00043223732593828887,
      volumeUsd: 41282234.94,
      mcap: 432237.15,
      priceChangePcs: [Object],
      transactions: [Object],
      audit: [Object],
      security: [Object],
      tokenCreatedTimestamp: 2025-09-26T13:34:47.000Z,
      liquidity: [Object],
      history: [Object],
      scannerAt: 1758994653560
    },
    epun9vkhahvjtbx9rsv7rsozwnusxyv1evuuqwxkah2z: {
      id: 'EPUn9VkhAHVjtbX9Rsv7RsoZwnUSxyv1eVuUqwXkAh2z',
      tokenName: 'Mira Network',
      tokenSymbol: 'MIRA',
      tokenAddress: 'BvzcpKGyhE1ACoWLzrYvH7hhgYTBUgnmvoPkB4WxHz9X',
      pairAddress: 'EPUn9VkhAHVjtbX9Rsv7RsoZwnUSxyv1eVuUqwXkAh2z',
      chain: 'SOL',
      exchange: 'pAMMBay6oceH9fJKBRHGP5D4bD4sWpmSwMn52FMfXEA',
      priceUsd: 0.00043223732593828887,
      volumeUsd: 41282234.94,
      mcap: 432237.15,
      priceChangePcs: [Object],
      transactions: [Object],
      audit: [Object],
      security: [Object],
      tokenCreatedTimestamp: 2025-09-26T13:34:47.000Z,
      liquidity: [Object],
      history: [Object],
      scannerAt: 1758994653560
    },
    AY1NRnBPV1fzNaWd8AGJ2v78iFoALrBsGc4oXBTuxQ7s: {
      id: 'AY1NRnBPV1fzNaWd8AGJ2v78iFoALrBsGc4oXBTuxQ7s',
      tokenName: 'MetaMask Coin',
      tokenSymbol: 'Meta-Mask',
      tokenAddress: 'GQMBkmv3rFJEsiXfRDJbd16TmGP8RckKnjGie5JPhGWf',
      pairAddress: 'AY1NRnBPV1fzNaWd8AGJ2v78iFoALrBsGc4oXBTuxQ7s',
      chain: 'SOL',
      exchange: 'pAMMBay6oceH9fJKBRHGP5D4bD4sWpmSwMn52FMfXEA',
      priceUsd: 0.0002198564611,
      volumeUsd: 41247541,
      mcap: 219855.79,
      priceChangePcs: [Object],
      transactions: [Object],
      audit: [Object],
      security: [Object],
      tokenCreatedTimestamp: 2025-09-27T09:11:49.000Z,
      liquidity: [Object],
      history: [Object],
      scannerAt: 1758994653560
    },
    ay1nrnbpv1fznawd8agj2v78ifoalrbsgc4oxbtuxq7s: {
      id: 'AY1NRnBPV1fzNaWd8AGJ2v78iFoALrBsGc4oXBTuxQ7s',
      tokenName: 'MetaMask Coin',
      tokenSymbol: 'Meta-Mask',
      tokenAddress: 'GQMBkmv3rFJEsiXfRDJbd16TmGP8RckKnjGie5JPhGWf',
      pairAddress: 'AY1NRnBPV1fzNaWd8AGJ2v78iFoALrBsGc4oXBTuxQ7s',
      chain: 'SOL',
      exchange: 'pAMMBay6oceH9fJKBRHGP5D4bD4sWpmSwMn52FMfXEA',
      priceUsd: 0.0002198564611,
      volumeUsd: 41247541,
      mcap: 219855.79,
      priceChangePcs: [Object],
      transactions: [Object],
      audit: [Object],
      security: [Object],
      tokenCreatedTimestamp: 2025-09-27T09:11:49.000Z,
      liquidity: [Object],
      history: [Object],
      scannerAt: 1758994653560
    },
    '88G7sDF7RvU5x1w5uyYVoCkK7SZewNywDGQA4rL7XsoY': {
      id: '88G7sDF7RvU5x1w5uyYVoCkK7SZewNywDGQA4rL7XsoY',
      tokenName: 'Mask Coin',
      tokenSymbol: 'MetaMask',
      tokenAddress: '9c5NpRifGwvuidHBq6Vw8Hgpcg27RMpJ6Qd9FiSVgPFs',
      pairAddress: '88G7sDF7RvU5x1w5uyYVoCkK7SZewNywDGQA4rL7XsoY',
      chain: 'SOL',
      exchange: 'pAMMBay6oceH9fJKBRHGP5D4bD4sWpmSwMn52FMfXEA',
      priceUsd: 0.00019669429883955626,
      volumeUsd: 40506920.05,
      mcap: 196693.9,
      priceChangePcs: [Object],
      transactions: [Object],
      audit: [Object],
      security: [Object],
      tokenCreatedTimestamp: 2025-09-26T13:25:32.000Z,
      liquidity: [Object],
      history: [Object],
      scannerAt: 1758994653560
    },
    '88g7sdf7rvu5x1w5uyyvockk7szewnywdgqa4rl7xsoy': {
      id: '88G7sDF7RvU5x1w5uyYVoCkK7SZewNywDGQA4rL7XsoY',
      tokenName: 'Mask Coin',
      tokenSymbol: 'MetaMask',
      tokenAddress: '9c5NpRifGwvuidHBq6Vw8Hgpcg27RMpJ6Qd9FiSVgPFs',
      pairAddress: '88G7sDF7RvU5x1w5uyYVoCkK7SZewNywDGQA4rL7XsoY',
      chain: 'SOL',
      exchange: 'pAMMBay6oceH9fJKBRHGP5D4bD4sWpmSwMn52FMfXEA',
      priceUsd: 0.00019669429883955626,
      volumeUsd: 40506920.05,
      mcap: 196693.9,
      priceChangePcs: [Object],
      transactions: [Object],
      audit: [Object],
      security: [Object],
      tokenCreatedTimestamp: 2025-09-26T13:25:32.000Z,
      liquidity: [Object],
      history: [Object],
      scannerAt: 1758994653560
    },
    '0xE0554a476A092703abdB3Ef35c80e0D76d32939F': {
      id: '0xE0554a476A092703abdB3Ef35c80e0D76d32939F',
      tokenName: 'USD Coin',
      tokenSymbol: 'USDC',
      tokenAddress: '0xA0b86991c6218b36c1d19D4a2e9Eb0cE3606eB48',
      pairAddress: '0xE0554a476A092703abdB3Ef35c80e0D76d32939F',
      chain: 'ETH',
      exchange: '0x68b3465833fb72A70ecDF485E0e4C7bD8665Fc45',
      priceUsd: 0.9988846665031407,
      volumeUsd: 39975519.68,
      mcap: 48713095946.39,
      priceChangePcs: [Object],
      transactions: [Object],
      audit: [Object],
      security: [Object],
      tokenCreatedTimestamp: 2021-11-14T21:44:29.000Z,
      liquidity: [Object],
      history: [Object],
      scannerAt: 1758994653560
    },
    '0xe0554a476a092703abdb3ef35c80e0d76d32939f': {
      id: '0xE0554a476A092703abdB3Ef35c80e0D76d32939F',
      tokenName: 'USD Coin',
      tokenSymbol: 'USDC',
      tokenAddress: '0xA0b86991c6218b36c1d19D4a2e9Eb0cE3606eB48',
      pairAddress: '0xE0554a476A092703abdB3Ef35c80e0D76d32939F',
      chain: 'ETH',
      exchange: '0x68b3465833fb72A70ecDF485E0e4C7bD8665Fc45',
      priceUsd: 0.9988846665031407,
      volumeUsd: 39975519.68,
      mcap: 48713095946.39,
      priceChangePcs: [Object],
      transactions: [Object],
      audit: [Object],
      security: [Object],
      tokenCreatedTimestamp: 2021-11-14T21:44:29.000Z,
      liquidity: [Object],
      history: [Object],
      scannerAt: 1758994653560
    },
    '8g7n7j1BJssKNA4sXAcpCuZCqiYRnaUVfQFFe8LDuALH': {
      id: '8g7n7j1BJssKNA4sXAcpCuZCqiYRnaUVfQFFe8LDuALH',
      tokenName: 'MIRA',
      tokenSymbol: 'MIRA',
      tokenAddress: 'HzmH1zXBGpLttVGHev58rAs6RwJYXnWrP3kAU6BxzCYr',
      pairAddress: '8g7n7j1BJssKNA4sXAcpCuZCqiYRnaUVfQFFe8LDuALH',
      chain: 'SOL',
      exchange: 'pAMMBay6oceH9fJKBRHGP5D4bD4sWpmSwMn52FMfXEA',
      priceUsd: 0,
      volumeUsd: 39120169.9,
      mcap: 385568.85,
      priceChangePcs: [Object],
      transactions: [Object],
      audit: [Object],
      security: [Object],
      tokenCreatedTimestamp: 2025-09-26T23:47:34.000Z,
      liquidity: [Object],
      history: [Object],
      scannerAt: 1758994653560
    },
    '8g7n7j1bjsskna4sxacpcuzcqiyrnauvfqffe8ldualh': {
      id: '8g7n7j1BJssKNA4sXAcpCuZCqiYRnaUVfQFFe8LDuALH',
      tokenName: 'MIRA',
      tokenSymbol: 'MIRA',
      tokenAddress: 'HzmH1zXBGpLttVGHev58rAs6RwJYXnWrP3kAU6BxzCYr',
      pairAddress: '8g7n7j1BJssKNA4sXAcpCuZCqiYRnaUVfQFFe8LDuALH',
      chain: 'SOL',
      exchange: 'pAMMBay6oceH9fJKBRHGP5D4bD4sWpmSwMn52FMfXEA',
      priceUsd: 0,
      volumeUsd: 39120169.9,
      mcap: 385568.85,
      priceChangePcs: [Object],
      transactions: [Object],
      audit: [Object],
      security: [Object],
      tokenCreatedTimestamp: 2025-09-26T23:47:34.000Z,
      liquidity: [Object],
      history: [Object],
      scannerAt: 1758994653560
    },
    '9nQQohMsSWAYL8ZzdRSjD54SKEEvyz9wmSQrk3t4st3X': {
      id: '9nQQohMsSWAYL8ZzdRSjD54SKEEvyz9wmSQrk3t4st3X',
      tokenName: 'Nyx Eternal',
      tokenSymbol: 'NYX',
      tokenAddress: 'BwUuMTwiCUruHcAXZ6C4jQX9hFnJKavq43FXiR7FPLGQ',
      pairAddress: '9nQQohMsSWAYL8ZzdRSjD54SKEEvyz9wmSQrk3t4st3X',
      chain: 'SOL',
      exchange: 'pAMMBay6oceH9fJKBRHGP5D4bD4sWpmSwMn52FMfXEA',
      priceUsd: 0.0002313684457266388,
      volumeUsd: 39019579.41,
      mcap: 231368.02,
      priceChangePcs: [Object],
      transactions: [Object],
      audit: [Object],
      security: [Object],
      tokenCreatedTimestamp: 2025-09-26T22:03:13.000Z,
      liquidity: [Object],
      history: [Object],
      scannerAt: 1758994653560
    },
    '9nqqohmsswayl8zzdrsjd54skeevyz9wmsqrk3t4st3x': {
      id: '9nQQohMsSWAYL8ZzdRSjD54SKEEvyz9wmSQrk3t4st3X',
      tokenName: 'Nyx Eternal',
      tokenSymbol: 'NYX',
      tokenAddress: 'BwUuMTwiCUruHcAXZ6C4jQX9hFnJKavq43FXiR7FPLGQ',
      pairAddress: '9nQQohMsSWAYL8ZzdRSjD54SKEEvyz9wmSQrk3t4st3X',
      chain: 'SOL',
      exchange: 'pAMMBay6oceH9fJKBRHGP5D4bD4sWpmSwMn52FMfXEA',
      priceUsd: 0.0002313684457266388,
      volumeUsd: 39019579.41,
      mcap: 231368.02,
      priceChangePcs: [Object],
      transactions: [Object],
      audit: [Object],
      security: [Object],
      tokenCreatedTimestamp: 2025-09-26T22:03:13.000Z,
      liquidity: [Object],
      history: [Object],
      scannerAt: 1758994653560
    },
    '7CkXEnsXAPWBdRkGAUdRS2WS2v59HRYvbVviz8Gzomgt': {
      id: '7CkXEnsXAPWBdRkGAUdRS2WS2v59HRYvbVviz8Gzomgt',
      tokenName: 'trillions',
      tokenSymbol: 'trillions',
      tokenAddress: 'Axe7g3Gwnx9tBUG53PYGxMF6sJJxPKDgeqDS7zEv5TJR',
      pairAddress: '7CkXEnsXAPWBdRkGAUdRS2WS2v59HRYvbVviz8Gzomgt',
      chain: 'SOL',
      exchange: 'pAMMBay6oceH9fJKBRHGP5D4bD4sWpmSwMn52FMfXEA',
      priceUsd: 0.000221785233,
      volumeUsd: 38951038.48,
      mcap: 221784.62,
      priceChangePcs: [Object],
      transactions: [Object],
      audit: [Object],
      security: [Object],
      tokenCreatedTimestamp: 2025-09-27T11:04:43.000Z,
      liquidity: [Object],
      history: [Object],
      scannerAt: 1758994653560
    },
    '7ckxensxapwbdrkgaudrs2ws2v59hryvbvviz8gzomgt': {
      id: '7CkXEnsXAPWBdRkGAUdRS2WS2v59HRYvbVviz8Gzomgt',
      tokenName: 'trillions',
      tokenSymbol: 'trillions',
      tokenAddress: 'Axe7g3Gwnx9tBUG53PYGxMF6sJJxPKDgeqDS7zEv5TJR',
      pairAddress: '7CkXEnsXAPWBdRkGAUdRS2WS2v59HRYvbVviz8Gzomgt',
      chain: 'SOL',
      exchange: 'pAMMBay6oceH9fJKBRHGP5D4bD4sWpmSwMn52FMfXEA',
      priceUsd: 0.000221785233,
      volumeUsd: 38951038.48,
      mcap: 221784.62,
      priceChangePcs: [Object],
      transactions: [Object],
      audit: [Object],
      security: [Object],
      tokenCreatedTimestamp: 2025-09-27T11:04:43.000Z,
      liquidity: [Object],
      history: [Object],
      scannerAt: 1758994653560
    },
    '9AbW2CpmDd29Qdx2irzHoRKKX8RKuXMjsWcmh86Mtqe4': {
      id: '9AbW2CpmDd29Qdx2irzHoRKKX8RKuXMjsWcmh86Mtqe4',
      tokenName: 'PoyeVerse',
      tokenSymbol: 'POYE',
      tokenAddress: '79B65uJCwgugDvGuha2adv8ZCEbM5gmDtUyGvY2vu3wN',
      pairAddress: '9AbW2CpmDd29Qdx2irzHoRKKX8RKuXMjsWcmh86Mtqe4',
      chain: 'SOL',
      exchange: 'pAMMBay6oceH9fJKBRHGP5D4bD4sWpmSwMn52FMfXEA',
      priceUsd: 0.0002377669249,
      volumeUsd: 38263229.38,
      mcap: 237766.53,
      priceChangePcs: [Object],
      transactions: [Object],
      audit: [Object],
      security: [Object],
      tokenCreatedTimestamp: 2025-09-27T01:35:39.000Z,
      liquidity: [Object],
      history: [Object],
      scannerAt: 1758994653560
    },
    '9abw2cpmdd29qdx2irzhorkkx8rkuxmjswcmh86mtqe4': {
      id: '9AbW2CpmDd29Qdx2irzHoRKKX8RKuXMjsWcmh86Mtqe4',
      tokenName: 'PoyeVerse',
      tokenSymbol: 'POYE',
      tokenAddress: '79B65uJCwgugDvGuha2adv8ZCEbM5gmDtUyGvY2vu3wN',
      pairAddress: '9AbW2CpmDd29Qdx2irzHoRKKX8RKuXMjsWcmh86Mtqe4',
      chain: 'SOL',
      exchange: 'pAMMBay6oceH9fJKBRHGP5D4bD4sWpmSwMn52FMfXEA',
      priceUsd: 0.0002377669249,
      volumeUsd: 38263229.38,
      mcap: 237766.53,
      priceChangePcs: [Object],
      transactions: [Object],
      audit: [Object],
      security: [Object],
      tokenCreatedTimestamp: 2025-09-27T01:35:39.000Z,
      liquidity: [Object],
      history: [Object],
      scannerAt: 1758994653560
    },
    '5pTrEfjtKwVFRcAxh4B1rmCPJPK4G8YA5UDpgxAMsJL3': {
      id: '5pTrEfjtKwVFRcAxh4B1rmCPJPK4G8YA5UDpgxAMsJL3',
      tokenName: 'Bowl Cut Dog',
      tokenSymbol: 'MOE',
      tokenAddress: '8N2hCvuyxpByAnDenLcLFeJr3osiVW7fuutxthc3u8Dx',
      pairAddress: '5pTrEfjtKwVFRcAxh4B1rmCPJPK4G8YA5UDpgxAMsJL3',
      chain: 'SOL',
      exchange: 'pAMMBay6oceH9fJKBRHGP5D4bD4sWpmSwMn52FMfXEA',
      priceUsd: 0.0001538352766,
      volumeUsd: 38096207.95,
      mcap: 153834.04,
      priceChangePcs: [Object],
      transactions: [Object],
      audit: [Object],
      security: [Object],
      tokenCreatedTimestamp: 2025-09-27T10:36:53.000Z,
      liquidity: [Object],
      history: [Object],
      scannerAt: 1758994653560
    },
    '5ptrefjtkwvfrcaxh4b1rmcpjpk4g8ya5udpgxamsjl3': {
      id: '5pTrEfjtKwVFRcAxh4B1rmCPJPK4G8YA5UDpgxAMsJL3',
      tokenName: 'Bowl Cut Dog',
      tokenSymbol: 'MOE',
      tokenAddress: '8N2hCvuyxpByAnDenLcLFeJr3osiVW7fuutxthc3u8Dx',
      pairAddress: '5pTrEfjtKwVFRcAxh4B1rmCPJPK4G8YA5UDpgxAMsJL3',
      chain: 'SOL',
      exchange: 'pAMMBay6oceH9fJKBRHGP5D4bD4sWpmSwMn52FMfXEA',
      priceUsd: 0.0001538352766,
      volumeUsd: 38096207.95,
      mcap: 153834.04,
      priceChangePcs: [Object],
      transactions: [Object],
      audit: [Object],
      security: [Object],
      tokenCreatedTimestamp: 2025-09-27T10:36:53.000Z,
      liquidity: [Object],
      history: [Object],
      scannerAt: 1758994653560
    },
    gA6Ceeeoc3Qy3Rdwv1nppARG8gabKMmzHNYMv5wMAYB: {
      id: 'gA6Ceeeoc3Qy3Rdwv1nppARG8gabKMmzHNYMv5wMAYB',
      tokenName: 'Official Ronaldo',
      tokenSymbol: 'CR7',
      tokenAddress: 'Fa9pC1hrFA8XXHuGXLpvLgDxAQYArA4REDEwRevHWst8',
      pairAddress: 'gA6Ceeeoc3Qy3Rdwv1nppARG8gabKMmzHNYMv5wMAYB',
      chain: 'SOL',
      exchange: 'pAMMBay6oceH9fJKBRHGP5D4bD4sWpmSwMn52FMfXEA',
      priceUsd: 0.000007084195836,
      volumeUsd: 37678922.94,
      mcap: 7084.19,
      priceChangePcs: [Object],
      transactions: [Object],
      audit: [Object],
      security: [Object],
      tokenCreatedTimestamp: 2025-09-27T05:15:56.000Z,
      liquidity: [Object],
      history: [Object],
      scannerAt: 1758994653560
    },
    ga6ceeeoc3qy3rdwv1npparg8gabkmmzhnymv5wmayb: {
      id: 'gA6Ceeeoc3Qy3Rdwv1nppARG8gabKMmzHNYMv5wMAYB',
      tokenName: 'Official Ronaldo',
      tokenSymbol: 'CR7',
      tokenAddress: 'Fa9pC1hrFA8XXHuGXLpvLgDxAQYArA4REDEwRevHWst8',
      pairAddress: 'gA6Ceeeoc3Qy3Rdwv1nppARG8gabKMmzHNYMv5wMAYB',
      chain: 'SOL',
      exchange: 'pAMMBay6oceH9fJKBRHGP5D4bD4sWpmSwMn52FMfXEA',
      priceUsd: 0.000007084195836,
      volumeUsd: 37678922.94,
      mcap: 7084.19,
      priceChangePcs: [Object],
      transactions: [Object],
      audit: [Object],
      security: [Object],
      tokenCreatedTimestamp: 2025-09-27T05:15:56.000Z,
      liquidity: [Object],
      history: [Object],
      scannerAt: 1758994653560
    },
    '0xd21bc2291C1aeF340f5265E257B18aa5dafed759': {
      id: '0xd21bc2291C1aeF340f5265E257B18aa5dafed759',
      tokenName: 'Hana Token',
      tokenSymbol: 'HANA',
      tokenAddress: '0x6261963EbE9Ff014aAd10eCc3b0238D4D04E8353',
      pairAddress: '0xd21bc2291C1aeF340f5265E257B18aa5dafed759',
      chain: 'BSC',
      exchange: '0x1b81D678ffb9C0263b24A97847620C99d213eB14',
      priceUsd: 0.05834764885753,
      volumeUsd: 37665525.62,
      mcap: 58347648.85,
      priceChangePcs: [Object],
      transactions: [Object],
      audit: [Object],
      security: [Object],
      tokenCreatedTimestamp: 2025-09-25T02:15:44.000Z,
      liquidity: [Object],
      history: [Object],
      scannerAt: 1758994653560
    },
    '0xd21bc2291c1aef340f5265e257b18aa5dafed759': {
      id: '0xd21bc2291C1aeF340f5265E257B18aa5dafed759',
      tokenName: 'Hana Token',
      tokenSymbol: 'HANA',
      tokenAddress: '0x6261963EbE9Ff014aAd10eCc3b0238D4D04E8353',
      pairAddress: '0xd21bc2291C1aeF340f5265E257B18aa5dafed759',
      chain: 'BSC',
      exchange: '0x1b81D678ffb9C0263b24A97847620C99d213eB14',
      priceUsd: 0.05834764885753,
      volumeUsd: 37665525.62,
      mcap: 58347648.85,
      priceChangePcs: [Object],
      transactions: [Object],
      audit: [Object],
      security: [Object],
      tokenCreatedTimestamp: 2025-09-25T02:15:44.000Z,
      liquidity: [Object],
      history: [Object],
      scannerAt: 1758994653560
    },
    '0x4e68Ccd3E89f51C3074ca5072bbAC773960dFa36': {
      id: '0x4e68Ccd3E89f51C3074ca5072bbAC773960dFa36',
      tokenName: 'Tether USD',
      tokenSymbol: 'USDT',
      tokenAddress: '0xdAC17F958D2ee523a2206206994597C13D831ec7',
      pairAddress: '0x4e68Ccd3E89f51C3074ca5072bbAC773960dFa36',
      chain: 'ETH',
      exchange: '0x68b3465833fb72A70ecDF485E0e4C7bD8665Fc45',
      priceUsd: 0.9955531963609452,
      volumeUsd: 37107897,
      mcap: 94352101256.05,
      priceChangePcs: [Object],
      transactions: [Object],
      audit: [Object],
      security: [Object],
      tokenCreatedTimestamp: 2021-05-05T16:37:08.000Z,
      liquidity: [Object],
      history: [Object],
      scannerAt: 1758994653560
    },
    '0x4e68ccd3e89f51c3074ca5072bbac773960dfa36': {
      id: '0x4e68Ccd3E89f51C3074ca5072bbAC773960dFa36',
      tokenName: 'Tether USD',
      tokenSymbol: 'USDT',
      tokenAddress: '0xdAC17F958D2ee523a2206206994597C13D831ec7',
      pairAddress: '0x4e68Ccd3E89f51C3074ca5072bbAC773960dFa36',
      chain: 'ETH',
      exchange: '0x68b3465833fb72A70ecDF485E0e4C7bD8665Fc45',
      priceUsd: 0.9955531963609452,
      volumeUsd: 37107897,
      mcap: 94352101256.05,
      priceChangePcs: [Object],
      transactions: [Object],
      audit: [Object],
      security: [Object],
      tokenCreatedTimestamp: 2021-05-05T16:37:08.000Z,
      liquidity: [Object],
      history: [Object],
      scannerAt: 1758994653560
    },
    E6nG5KBXw74xEXwNGWihUa9LUHKHs1dG75VCv9tewNN3: {
      id: 'E6nG5KBXw74xEXwNGWihUa9LUHKHs1dG75VCv9tewNN3',
      tokenName: 'MetaMask Coin',
      tokenSymbol: 'MetaMask',
      tokenAddress: 'HWpiyoJvaahBi4kmGVkxcaSzT54PnLqURBniEqku5HGy',
      pairAddress: 'E6nG5KBXw74xEXwNGWihUa9LUHKHs1dG75VCv9tewNN3',
      chain: 'SOL',
      exchange: 'pAMMBay6oceH9fJKBRHGP5D4bD4sWpmSwMn52FMfXEA',
      priceUsd: 0.0001619516689,
      volumeUsd: 37014877.68,
      mcap: 161950.44,
      priceChangePcs: [Object],
      transactions: [Object],
      audit: [Object],
      security: [Object],
      tokenCreatedTimestamp: 2025-09-27T04:19:50.000Z,
      liquidity: [Object],
      history: [Object],
      scannerAt: 1758994653560
    },
    e6ng5kbxw74xexwngwihua9luhkhs1dg75vcv9tewnn3: {
      id: 'E6nG5KBXw74xEXwNGWihUa9LUHKHs1dG75VCv9tewNN3',
      tokenName: 'MetaMask Coin',
      tokenSymbol: 'MetaMask',
      tokenAddress: 'HWpiyoJvaahBi4kmGVkxcaSzT54PnLqURBniEqku5HGy',
      pairAddress: 'E6nG5KBXw74xEXwNGWihUa9LUHKHs1dG75VCv9tewNN3',
      chain: 'SOL',
      exchange: 'pAMMBay6oceH9fJKBRHGP5D4bD4sWpmSwMn52FMfXEA',
      priceUsd: 0.0001619516689,
      volumeUsd: 37014877.68,
      mcap: 161950.44,
      priceChangePcs: [Object],
      transactions: [Object],
      audit: [Object],
      security: [Object],
      tokenCreatedTimestamp: 2025-09-27T04:19:50.000Z,
      liquidity: [Object],
      history: [Object],
      scannerAt: 1758994653560
    },
    '8HxJVwg9JPEm72D3uR9jp79BTgJj1cMQaYGNELFFeL6n': {
      id: '8HxJVwg9JPEm72D3uR9jp79BTgJj1cMQaYGNELFFeL6n',
      tokenName: 'Aster_DEX',
      tokenSymbol: 'Aster',
      tokenAddress: '9fQRKpzq29E6brzv7c2eXVpG6yiwoCgtSR4FjKiz63JY',
      pairAddress: '8HxJVwg9JPEm72D3uR9jp79BTgJj1cMQaYGNELFFeL6n',
      chain: 'SOL',
      exchange: 'pAMMBay6oceH9fJKBRHGP5D4bD4sWpmSwMn52FMfXEA',
      priceUsd: 0.00000844746360898433,
      volumeUsd: 35799930.15,
      mcap: 8447.46,
      priceChangePcs: [Object],
      transactions: [Object],
      audit: [Object],
      security: [Object],
      tokenCreatedTimestamp: 2025-09-26T22:06:19.000Z,
      liquidity: [Object],
      history: [Object],
      scannerAt: 1758994653560
    },
    '8hxjvwg9jpem72d3ur9jp79btgjj1cmqaygnelffel6n': {
      id: '8HxJVwg9JPEm72D3uR9jp79BTgJj1cMQaYGNELFFeL6n',
      tokenName: 'Aster_DEX',
      tokenSymbol: 'Aster',
      tokenAddress: '9fQRKpzq29E6brzv7c2eXVpG6yiwoCgtSR4FjKiz63JY',
      pairAddress: '8HxJVwg9JPEm72D3uR9jp79BTgJj1cMQaYGNELFFeL6n',
      chain: 'SOL',
      exchange: 'pAMMBay6oceH9fJKBRHGP5D4bD4sWpmSwMn52FMfXEA',
      priceUsd: 0.00000844746360898433,
      volumeUsd: 35799930.15,
      mcap: 8447.46,
      priceChangePcs: [Object],
      transactions: [Object],
      audit: [Object],
      security: [Object],
      tokenCreatedTimestamp: 2025-09-26T22:06:19.000Z,
      liquidity: [Object],
      history: [Object],
      scannerAt: 1758994653560
    },
    BhkrpVukUBTvZ7xmKTXkubGBC8VncbDNRgQgbRzExxAb: {
      id: 'BhkrpVukUBTvZ7xmKTXkubGBC8VncbDNRgQgbRzExxAb',
      tokenName: 'Aster Inu',
      tokenSymbol: 'ASTERINU',
      tokenAddress: 'FKieQmUYzhPPDNYHYw5YXJdPY1GfS8S4A9QbMaFtdaje',
      pairAddress: 'BhkrpVukUBTvZ7xmKTXkubGBC8VncbDNRgQgbRzExxAb',
      chain: 'SOL',
      exchange: 'pAMMBay6oceH9fJKBRHGP5D4bD4sWpmSwMn52FMfXEA',
      priceUsd: 0.000009145260837930946,
      volumeUsd: 35242965.29,
      mcap: 9145.25,
      priceChangePcs: [Object],
      transactions: [Object],
      audit: [Object],
      security: [Object],
      tokenCreatedTimestamp: 2025-09-27T00:48:09.000Z,
      liquidity: [Object],
      history: [Object],
      scannerAt: 1758994653560
    },
    bhkrpvukubtvz7xmktxkubgbc8vncbdnrgqgbrzexxab: {
      id: 'BhkrpVukUBTvZ7xmKTXkubGBC8VncbDNRgQgbRzExxAb',
      tokenName: 'Aster Inu',
      tokenSymbol: 'ASTERINU',
      tokenAddress: 'FKieQmUYzhPPDNYHYw5YXJdPY1GfS8S4A9QbMaFtdaje',
      pairAddress: 'BhkrpVukUBTvZ7xmKTXkubGBC8VncbDNRgQgbRzExxAb',
      chain: 'SOL',
      exchange: 'pAMMBay6oceH9fJKBRHGP5D4bD4sWpmSwMn52FMfXEA',
      priceUsd: 0.000009145260837930946,
      volumeUsd: 35242965.29,
      mcap: 9145.25,
      priceChangePcs: [Object],
      transactions: [Object],
      audit: [Object],
      security: [Object],
      tokenCreatedTimestamp: 2025-09-27T00:48:09.000Z,
      liquidity: [Object],
      history: [Object],
      scannerAt: 1758994653560
    },
    '0x30D59a44930B3994c116846EFe55fC8fcF608aa8': {
      id: '0x30D59a44930B3994c116846EFe55fC8fcF608aa8',
      tokenName: 'Roam Token',
      tokenSymbol: 'ROAM',
      tokenAddress: '0x3fefe29dA25BEa166fB5f6ADe7b5976D2b0e586B',
      pairAddress: '0x30D59a44930B3994c116846EFe55fC8fcF608aa8',
      chain: 'BSC',
      exchange: '0x1b81D678ffb9C0263b24A97847620C99d213eB14',
      priceUsd: 0.09143708883771101,
      volumeUsd: 34995322.71,
      mcap: 4024184.09,
      priceChangePcs: [Object],
      transactions: [Object],
      audit: [Object],
      security: [Object],
      tokenCreatedTimestamp: 2025-06-12T13:31:55.000Z,
      liquidity: [Object],
      history: [Object],
      scannerAt: 1758994653560
    },
    '0x30d59a44930b3994c116846efe55fc8fcf608aa8': {
      id: '0x30D59a44930B3994c116846EFe55fC8fcF608aa8',
      tokenName: 'Roam Token',
      tokenSymbol: 'ROAM',
      tokenAddress: '0x3fefe29dA25BEa166fB5f6ADe7b5976D2b0e586B',
      pairAddress: '0x30D59a44930B3994c116846EFe55fC8fcF608aa8',
      chain: 'BSC',
      exchange: '0x1b81D678ffb9C0263b24A97847620C99d213eB14',
      priceUsd: 0.09143708883771101,
      volumeUsd: 34995322.71,
      mcap: 4024184.09,
      priceChangePcs: [Object],
      transactions: [Object],
      audit: [Object],
      security: [Object],
      tokenCreatedTimestamp: 2025-06-12T13:31:55.000Z,
      liquidity: [Object],
      history: [Object],
      scannerAt: 1758994653560
    },
    AA861xs52detaJZejR53MRnmyBTR9Nru2g7z12v1fngD: {
      id: 'AA861xs52detaJZejR53MRnmyBTR9Nru2g7z12v1fngD',
      tokenName: 'Wall Street Pepe',
      tokenSymbol: 'WEPE',
      tokenAddress: 'EchVgsbGoy2WqEB9AZP8PAbGzF86sQfK3QXXpsLhmoFP',
      pairAddress: 'AA861xs52detaJZejR53MRnmyBTR9Nru2g7z12v1fngD',
      chain: 'SOL',
      exchange: 'pAMMBay6oceH9fJKBRHGP5D4bD4sWpmSwMn52FMfXEA',
      priceUsd: 0.00023050211238680884,
      volumeUsd: 33950247.95,
      mcap: 230501.46,
      priceChangePcs: [Object],
      transactions: [Object],
      audit: [Object],
      security: [Object],
      tokenCreatedTimestamp: 2025-09-26T15:56:20.000Z,
      liquidity: [Object],
      history: [Object],
      scannerAt: 1758994653560
    },
    aa861xs52detajzejr53mrnmybtr9nru2g7z12v1fngd: {
      id: 'AA861xs52detaJZejR53MRnmyBTR9Nru2g7z12v1fngD',
      tokenName: 'Wall Street Pepe',
      tokenSymbol: 'WEPE',
      tokenAddress: 'EchVgsbGoy2WqEB9AZP8PAbGzF86sQfK3QXXpsLhmoFP',
      pairAddress: 'AA861xs52detaJZejR53MRnmyBTR9Nru2g7z12v1fngD',
      chain: 'SOL',
      exchange: 'pAMMBay6oceH9fJKBRHGP5D4bD4sWpmSwMn52FMfXEA',
      priceUsd: 0.00023050211238680884,
      volumeUsd: 33950247.95,
      mcap: 230501.46,
      priceChangePcs: [Object],
      transactions: [Object],
      audit: [Object],
      security: [Object],
      tokenCreatedTimestamp: 2025-09-26T15:56:20.000Z,
      liquidity: [Object],
      history: [Object],
      scannerAt: 1758994653560
    },
    '65oAbYggcoW2U4k65DzgnAQbm3CPfLFrA585NTB7Vj46': {
      id: '65oAbYggcoW2U4k65DzgnAQbm3CPfLFrA585NTB7Vj46',
      tokenName: 'trillions',
      tokenSymbol: 'trillions',
      tokenAddress: '7btk2Yxu9ySEH4HkJhZRJfuspPuZ5GP2bKnrwU1XpXTC',
      pairAddress: '65oAbYggcoW2U4k65DzgnAQbm3CPfLFrA585NTB7Vj46',
      chain: 'SOL',
      exchange: 'pAMMBay6oceH9fJKBRHGP5D4bD4sWpmSwMn52FMfXEA',
      priceUsd: 0.0001817371938,
      volumeUsd: 33835236.97,
      mcap: 181736.72,
      priceChangePcs: [Object],
      transactions: [Object],
      audit: [Object],
      security: [Object],
      tokenCreatedTimestamp: 2025-09-27T07:52:30.000Z,
      liquidity: [Object],
      history: [Object],
      scannerAt: 1758994653560
    },
    '65oabyggcow2u4k65dzgnaqbm3cpflfra585ntb7vj46': {
      id: '65oAbYggcoW2U4k65DzgnAQbm3CPfLFrA585NTB7Vj46',
      tokenName: 'trillions',
      tokenSymbol: 'trillions',
      tokenAddress: '7btk2Yxu9ySEH4HkJhZRJfuspPuZ5GP2bKnrwU1XpXTC',
      pairAddress: '65oAbYggcoW2U4k65DzgnAQbm3CPfLFrA585NTB7Vj46',
      chain: 'SOL',
      exchange: 'pAMMBay6oceH9fJKBRHGP5D4bD4sWpmSwMn52FMfXEA',
      priceUsd: 0.0001817371938,
      volumeUsd: 33835236.97,
      mcap: 181736.72,
      priceChangePcs: [Object],
      transactions: [Object],
      audit: [Object],
      security: [Object],
      tokenCreatedTimestamp: 2025-09-27T07:52:30.000Z,
      liquidity: [Object],
      history: [Object],
      scannerAt: 1758994653560
    },
    '6nZwCPVZ21LHmrsVYLZKpFwaLmrMqBGgkE1mTaSkETJy': {
      id: '6nZwCPVZ21LHmrsVYLZKpFwaLmrMqBGgkE1mTaSkETJy',
      tokenName: 'Mira Network',
      tokenSymbol: 'MIRA🚀',
      tokenAddress: 'GEjNGLjNyDgbC7p5BnRq4NxUrvRArKgeR2RZ2V8k87sZ',
      pairAddress: '6nZwCPVZ21LHmrsVYLZKpFwaLmrMqBGgkE1mTaSkETJy',
      chain: 'SOL',
      exchange: 'pAMMBay6oceH9fJKBRHGP5D4bD4sWpmSwMn52FMfXEA',
      priceUsd: 0.00022092357419748333,
      volumeUsd: 33510100.63,
      mcap: 220923.33,
      priceChangePcs: [Object],
      transactions: [Object],
      audit: [Object],
      security: [Object],
      tokenCreatedTimestamp: 2025-09-26T13:16:57.000Z,
      liquidity: [Object],
      history: [Object],
      scannerAt: 1758994653560
    },
    '6nzwcpvz21lhmrsvylzkpfwalmrmqbggke1mtasketjy': {
      id: '6nZwCPVZ21LHmrsVYLZKpFwaLmrMqBGgkE1mTaSkETJy',
      tokenName: 'Mira Network',
      tokenSymbol: 'MIRA🚀',
      tokenAddress: 'GEjNGLjNyDgbC7p5BnRq4NxUrvRArKgeR2RZ2V8k87sZ',
      pairAddress: '6nZwCPVZ21LHmrsVYLZKpFwaLmrMqBGgkE1mTaSkETJy',
      chain: 'SOL',
      exchange: 'pAMMBay6oceH9fJKBRHGP5D4bD4sWpmSwMn52FMfXEA',
      priceUsd: 0.00022092357419748333,
      volumeUsd: 33510100.63,
      mcap: 220923.33,
      priceChangePcs: [Object],
      transactions: [Object],
      audit: [Object],
      security: [Object],
      tokenCreatedTimestamp: 2025-09-26T13:16:57.000Z,
      liquidity: [Object],
      history: [Object],
      scannerAt: 1758994653560
    },
    '9ccRB9QYL1YFyBEM5oSGd9f6BiAmBwRJUwDvrXxAnD3z': {
      id: '9ccRB9QYL1YFyBEM5oSGd9f6BiAmBwRJUwDvrXxAnD3z',
      tokenName: 'GOAT Network',
      tokenSymbol: 'GOATED',
      tokenAddress: 'Bbb9h9kGkYFLvgAPufU8aZYnV1TFKfVrtuQBia9SBmxW',
      pairAddress: '9ccRB9QYL1YFyBEM5oSGd9f6BiAmBwRJUwDvrXxAnD3z',
      chain: 'SOL',
      exchange: 'pAMMBay6oceH9fJKBRHGP5D4bD4sWpmSwMn52FMfXEA',
      priceUsd: 0,
      volumeUsd: 33461973.8,
      mcap: 149862.08,
      priceChangePcs: [Object],
      transactions: [Object],
      audit: [Object],
      security: [Object],
      tokenCreatedTimestamp: 2025-09-27T09:03:08.000Z,
      liquidity: [Object],
      history: [Object],
      scannerAt: 1758994653560
    },
    '9ccrb9qyl1yfybem5osgd9f6biambwrjuwdvrxxand3z': {
      id: '9ccRB9QYL1YFyBEM5oSGd9f6BiAmBwRJUwDvrXxAnD3z',
      tokenName: 'GOAT Network',
      tokenSymbol: 'GOATED',
      tokenAddress: 'Bbb9h9kGkYFLvgAPufU8aZYnV1TFKfVrtuQBia9SBmxW',
      pairAddress: '9ccRB9QYL1YFyBEM5oSGd9f6BiAmBwRJUwDvrXxAnD3z',
      chain: 'SOL',
      exchange: 'pAMMBay6oceH9fJKBRHGP5D4bD4sWpmSwMn52FMfXEA',
      priceUsd: 0,
      volumeUsd: 33461973.8,
      mcap: 149862.08,
      priceChangePcs: [Object],
      transactions: [Object],
      audit: [Object],
      security: [Object],
      tokenCreatedTimestamp: 2025-09-27T09:03:08.000Z,
      liquidity: [Object],
      history: [Object],
      scannerAt: 1758994653560
    },
    AXkK9xCyuupy9T3Tg6uvbbjoX1ENKfZmXe8qpc1ZTaoq: {
      id: 'AXkK9xCyuupy9T3Tg6uvbbjoX1ENKfZmXe8qpc1ZTaoq',
      tokenName: 'ZEROBASE',
      tokenSymbol: 'ZBT',
      tokenAddress: '8TbQNaNGLNwqnWwkGxHt2qtTxQsXXTpwBLv8Nx2MS6Yr',
      pairAddress: 'AXkK9xCyuupy9T3Tg6uvbbjoX1ENKfZmXe8qpc1ZTaoq',
      chain: 'SOL',
      exchange: 'pAMMBay6oceH9fJKBRHGP5D4bD4sWpmSwMn52FMfXEA',
      priceUsd: 0,
      volumeUsd: 33335896.58,
      mcap: 157176.39,
      priceChangePcs: [Object],
      transactions: [Object],
      audit: [Object],
      security: [Object],
      tokenCreatedTimestamp: 2025-09-27T04:41:33.000Z,
      liquidity: [Object],
      history: [Object],
      scannerAt: 1758994653560
    },
    axkk9xcyuupy9t3tg6uvbbjox1enkfzmxe8qpc1ztaoq: {
      id: 'AXkK9xCyuupy9T3Tg6uvbbjoX1ENKfZmXe8qpc1ZTaoq',
      tokenName: 'ZEROBASE',
      tokenSymbol: 'ZBT',
      tokenAddress: '8TbQNaNGLNwqnWwkGxHt2qtTxQsXXTpwBLv8Nx2MS6Yr',
      pairAddress: 'AXkK9xCyuupy9T3Tg6uvbbjoX1ENKfZmXe8qpc1ZTaoq',
      chain: 'SOL',
      exchange: 'pAMMBay6oceH9fJKBRHGP5D4bD4sWpmSwMn52FMfXEA',
      priceUsd: 0,
      volumeUsd: 33335896.58,
      mcap: 157176.39,
      priceChangePcs: [Object],
      transactions: [Object],
      audit: [Object],
      security: [Object],
      tokenCreatedTimestamp: 2025-09-27T04:41:33.000Z,
      liquidity: [Object],
      history: [Object],
      scannerAt: 1758994653560
    },
    '262D9LoRepz7KCv9oMu7vHGYnwNMrhzHgnV25BHzAQky': {
      id: '262D9LoRepz7KCv9oMu7vHGYnwNMrhzHgnV25BHzAQky',
      tokenName: 'Plasma',
      tokenSymbol: 'XPL',
      tokenAddress: 'CdEcPLgyfpV4wHLTD13jbKtphGSEKUnQpZ4Pf9jVJWir',
      pairAddress: '262D9LoRepz7KCv9oMu7vHGYnwNMrhzHgnV25BHzAQky',
      chain: 'SOL',
      exchange: 'pAMMBay6oceH9fJKBRHGP5D4bD4sWpmSwMn52FMfXEA',
      priceUsd: 0.000019236957213760133,
      volumeUsd: 32717528.34,
      mcap: 19236.95,
      priceChangePcs: [Object],
      transactions: [Object],
      audit: [Object],
      security: [Object],
      tokenCreatedTimestamp: 2025-09-26T12:09:20.000Z,
      liquidity: [Object],
      history: [Object],
      scannerAt: 1758994653560
    },
    '262d9lorepz7kcv9omu7vhgynwnmrhzhgnv25bhzaqky': {
      id: '262D9LoRepz7KCv9oMu7vHGYnwNMrhzHgnV25BHzAQky',
      tokenName: 'Plasma',
      tokenSymbol: 'XPL',
      tokenAddress: 'CdEcPLgyfpV4wHLTD13jbKtphGSEKUnQpZ4Pf9jVJWir',
      pairAddress: '262D9LoRepz7KCv9oMu7vHGYnwNMrhzHgnV25BHzAQky',
      chain: 'SOL',
      exchange: 'pAMMBay6oceH9fJKBRHGP5D4bD4sWpmSwMn52FMfXEA',
      priceUsd: 0.000019236957213760133,
      volumeUsd: 32717528.34,
      mcap: 19236.95,
      priceChangePcs: [Object],
      transactions: [Object],
      audit: [Object],
      security: [Object],
      tokenCreatedTimestamp: 2025-09-26T12:09:20.000Z,
      liquidity: [Object],
      history: [Object],
      scannerAt: 1758994653560
    },
    '2de6Nhy5sFVYmvqpjbzN2MSsMZb34uSVvxKCXSqek8GT': {
      id: '2de6Nhy5sFVYmvqpjbzN2MSsMZb34uSVvxKCXSqek8GT',
      tokenName: 'Aark Digital',
      tokenSymbol: 'AARK',
      tokenAddress: '2aXjui2YFtL6HrUYHY4rJyFsnnwg7LCYGjeZAKh8Y8P1',
      pairAddress: '2de6Nhy5sFVYmvqpjbzN2MSsMZb34uSVvxKCXSqek8GT',
      chain: 'SOL',
      exchange: 'pAMMBay6oceH9fJKBRHGP5D4bD4sWpmSwMn52FMfXEA',
      priceUsd: 0,
      volumeUsd: 32641782.51,
      mcap: 182829.73,
      priceChangePcs: [Object],
      transactions: [Object],
      audit: [Object],
      security: [Object],
      tokenCreatedTimestamp: 2025-09-27T11:06:40.000Z,
      liquidity: [Object],
      history: [Object],
      scannerAt: 1758994653560
    },
    '2de6nhy5sfvymvqpjbzn2mssmzb34usvvxkcxsqek8gt': {
      id: '2de6Nhy5sFVYmvqpjbzN2MSsMZb34uSVvxKCXSqek8GT',
      tokenName: 'Aark Digital',
      tokenSymbol: 'AARK',
      tokenAddress: '2aXjui2YFtL6HrUYHY4rJyFsnnwg7LCYGjeZAKh8Y8P1',
      pairAddress: '2de6Nhy5sFVYmvqpjbzN2MSsMZb34uSVvxKCXSqek8GT',
      chain: 'SOL',
      exchange: 'pAMMBay6oceH9fJKBRHGP5D4bD4sWpmSwMn52FMfXEA',
      priceUsd: 0,
      volumeUsd: 32641782.51,
      mcap: 182829.73,
      priceChangePcs: [Object],
      transactions: [Object],
      audit: [Object],
      security: [Object],
      tokenCreatedTimestamp: 2025-09-27T11:06:40.000Z,
      liquidity: [Object],
      history: [Object],
      scannerAt: 1758994653560
    },
    '3xAg7YRxqQaKoSpL9mzpJ27KDeAob8jNWtpYkQFDRBv4': {
      id: '3xAg7YRxqQaKoSpL9mzpJ27KDeAob8jNWtpYkQFDRBv4',
      tokenName: 'Aster',
      tokenSymbol: 'ASTER',
      tokenAddress: 'BpbsF5UVk8ZLWB3Ky2fMqmN2Km89fiKXHb5kySkWQ4Au',
      pairAddress: '3xAg7YRxqQaKoSpL9mzpJ27KDeAob8jNWtpYkQFDRBv4',
      chain: 'SOL',
      exchange: 'pAMMBay6oceH9fJKBRHGP5D4bD4sWpmSwMn52FMfXEA',
      priceUsd: 0,
      volumeUsd: 32261198.29,
      mcap: 182257.26,
      priceChangePcs: [Object],
      transactions: [Object],
      audit: [Object],
      security: [Object],
      tokenCreatedTimestamp: 2025-09-27T07:57:38.000Z,
      liquidity: [Object],
      history: [Object],
      scannerAt: 1758994653560
    },
    '3xag7yrxqqakospl9mzpj27kdeaob8jnwtpykqfdrbv4': {
      id: '3xAg7YRxqQaKoSpL9mzpJ27KDeAob8jNWtpYkQFDRBv4',
      tokenName: 'Aster',
      tokenSymbol: 'ASTER',
      tokenAddress: 'BpbsF5UVk8ZLWB3Ky2fMqmN2Km89fiKXHb5kySkWQ4Au',
      pairAddress: '3xAg7YRxqQaKoSpL9mzpJ27KDeAob8jNWtpYkQFDRBv4',
      chain: 'SOL',
      exchange: 'pAMMBay6oceH9fJKBRHGP5D4bD4sWpmSwMn52FMfXEA',
      priceUsd: 0,
      volumeUsd: 32261198.29,
      mcap: 182257.26,
      priceChangePcs: [Object],
      transactions: [Object],
      audit: [Object],
      security: [Object],
      tokenCreatedTimestamp: 2025-09-27T07:57:38.000Z,
      liquidity: [Object],
      history: [Object],
      scannerAt: 1758994653560
    },
    '0xF07a660776BE8CEa92f8BF91Fc2b482213d03f02': {
      id: '0xF07a660776BE8CEa92f8BF91Fc2b482213d03f02',
      tokenName: 'Golden',
      tokenSymbol: 'GOLDEN',
      tokenAddress: '0x40f8A48d7579039d42ff832E67fAD7D891640BDb',
      pairAddress: '0xF07a660776BE8CEa92f8BF91Fc2b482213d03f02',
      chain: 'ETH',
      exchange: '0x7a250d5630B4cF539739dF2C5dAcb4c659F2488D',
      priceUsd: 0,
      volumeUsd: 32165549.51,
      mcap: 1632.2807027037152,
      priceChangePcs: [Object],
      transactions: [Object],
      audit: [Object],
      security: [Object],
      tokenCreatedTimestamp: 2023-01-25T13:54:35.000Z,
      liquidity: [Object],
      history: [Object],
      scannerAt: 1758994653560
    },
    '0xf07a660776be8cea92f8bf91fc2b482213d03f02': {
      id: '0xF07a660776BE8CEa92f8BF91Fc2b482213d03f02',
      tokenName: 'Golden',
      tokenSymbol: 'GOLDEN',
      tokenAddress: '0x40f8A48d7579039d42ff832E67fAD7D891640BDb',
      pairAddress: '0xF07a660776BE8CEa92f8BF91Fc2b482213d03f02',
      chain: 'ETH',
      exchange: '0x7a250d5630B4cF539739dF2C5dAcb4c659F2488D',
      priceUsd: 0,
      volumeUsd: 32165549.51,
      mcap: 1632.2807027037152,
      priceChangePcs: [Object],
      transactions: [Object],
      audit: [Object],
      security: [Object],
      tokenCreatedTimestamp: 2023-01-25T13:54:35.000Z,
      liquidity: [Object],
      history: [Object],
      scannerAt: 1758994653560
    },
    '72FGNDqFm1mttWnpx4T3dUvABeJ4nytxQUg2jQUMCkmK': {
      id: '72FGNDqFm1mttWnpx4T3dUvABeJ4nytxQUg2jQUMCkmK',
      tokenName: 'Plasma',
      tokenSymbol: 'XPL',
      tokenAddress: 'F3VufeDHsoo2KKLbGv2qYyoniCnSP9bskCcXwfsEzMQ4',
      pairAddress: '72FGNDqFm1mttWnpx4T3dUvABeJ4nytxQUg2jQUMCkmK',
      chain: 'SOL',
      exchange: 'pAMMBay6oceH9fJKBRHGP5D4bD4sWpmSwMn52FMfXEA',
      priceUsd: 0.00021182323278299105,
      volumeUsd: 31973112.01,
      mcap: 211823.16,
      priceChangePcs: [Object],
      transactions: [Object],
      audit: [Object],
      security: [Object],
      tokenCreatedTimestamp: 2025-09-26T18:19:57.000Z,
      liquidity: [Object],
      history: [Object],
      scannerAt: 1758994653560
    },
    '72fgndqfm1mttwnpx4t3duvabej4nytxqug2jqumckmk': {
      id: '72FGNDqFm1mttWnpx4T3dUvABeJ4nytxQUg2jQUMCkmK',
      tokenName: 'Plasma',
      tokenSymbol: 'XPL',
      tokenAddress: 'F3VufeDHsoo2KKLbGv2qYyoniCnSP9bskCcXwfsEzMQ4',
      pairAddress: '72FGNDqFm1mttWnpx4T3dUvABeJ4nytxQUg2jQUMCkmK',
      chain: 'SOL',
      exchange: 'pAMMBay6oceH9fJKBRHGP5D4bD4sWpmSwMn52FMfXEA',
      priceUsd: 0.00021182323278299105,
      volumeUsd: 31973112.01,
      mcap: 211823.16,
      priceChangePcs: [Object],
      transactions: [Object],
      audit: [Object],
      security: [Object],
      tokenCreatedTimestamp: 2025-09-26T18:19:57.000Z,
      liquidity: [Object],
      history: [Object],
      scannerAt: 1758994653560
    },
    LSck3bJUSkkVQKzyjd8kMHEycMY52Ems5DeYeuXngMA: {
      id: 'LSck3bJUSkkVQKzyjd8kMHEycMY52Ems5DeYeuXngMA',
      tokenName: 'HanaNetwork',
      tokenSymbol: 'HANA',
      tokenAddress: 'B6peDDugTf6wBMDwQ3VByVby6Dx2Qqwc4q7eE3NpryEF',
      pairAddress: 'LSck3bJUSkkVQKzyjd8kMHEycMY52Ems5DeYeuXngMA',
      chain: 'SOL',
      exchange: 'pAMMBay6oceH9fJKBRHGP5D4bD4sWpmSwMn52FMfXEA',
      priceUsd: 0,
      volumeUsd: 31694725.59,
      mcap: 121388.55,
      priceChangePcs: [Object],
      transactions: [Object],
      audit: [Object],
      security: [Object],
      tokenCreatedTimestamp: 2025-09-27T06:21:28.000Z,
      liquidity: [Object],
      history: [Object],
      scannerAt: 1758994653560
    },
    lsck3bjuskkvqkzyjd8kmheycmy52ems5deyeuxngma: {
      id: 'LSck3bJUSkkVQKzyjd8kMHEycMY52Ems5DeYeuXngMA',
      tokenName: 'HanaNetwork',
      tokenSymbol: 'HANA',
      tokenAddress: 'B6peDDugTf6wBMDwQ3VByVby6Dx2Qqwc4q7eE3NpryEF',
      pairAddress: 'LSck3bJUSkkVQKzyjd8kMHEycMY52Ems5DeYeuXngMA',
      chain: 'SOL',
      exchange: 'pAMMBay6oceH9fJKBRHGP5D4bD4sWpmSwMn52FMfXEA',
      priceUsd: 0,
      volumeUsd: 31694725.59,
      mcap: 121388.55,
      priceChangePcs: [Object],
      transactions: [Object],
      audit: [Object],
      security: [Object],
      tokenCreatedTimestamp: 2025-09-27T06:21:28.000Z,
      liquidity: [Object],
      history: [Object],
      scannerAt: 1758994653560
    },
    G69UieGxtHvVhtfFeJfk4NA18AS6kJE8c7PY6erpfuBx: {
      id: 'G69UieGxtHvVhtfFeJfk4NA18AS6kJE8c7PY6erpfuBx',
      tokenName: 'Bitlight Labs',
      tokenSymbol: 'LIGHT🔥',
      tokenAddress: '7e9pcKwiACvuE5vf2P855Y4j2eXXu3wKWPmHKeJBcLRK',
      pairAddress: 'G69UieGxtHvVhtfFeJfk4NA18AS6kJE8c7PY6erpfuBx',
      chain: 'SOL',
      exchange: 'pAMMBay6oceH9fJKBRHGP5D4bD4sWpmSwMn52FMfXEA',
      priceUsd: 0.1816170556,
      volumeUsd: 30653523.98,
      mcap: 181617054.78,
      priceChangePcs: [Object],
      transactions: [Object],
      audit: [Object],
      security: [Object],
      tokenCreatedTimestamp: 2025-09-27T12:25:48.000Z,
      liquidity: [Object],
      history: [Object],
      scannerAt: 1758994653560
    },
    g69uiegxthvvhtffejfk4na18as6kje8c7py6erpfubx: {
      id: 'G69UieGxtHvVhtfFeJfk4NA18AS6kJE8c7PY6erpfuBx',
      tokenName: 'Bitlight Labs',
      tokenSymbol: 'LIGHT🔥',
      tokenAddress: '7e9pcKwiACvuE5vf2P855Y4j2eXXu3wKWPmHKeJBcLRK',
      pairAddress: 'G69UieGxtHvVhtfFeJfk4NA18AS6kJE8c7PY6erpfuBx',
      chain: 'SOL',
      exchange: 'pAMMBay6oceH9fJKBRHGP5D4bD4sWpmSwMn52FMfXEA',
      priceUsd: 0.1816170556,
      volumeUsd: 30653523.98,
      mcap: 181617054.78,
      priceChangePcs: [Object],
      transactions: [Object],
      audit: [Object],
      security: [Object],
      tokenCreatedTimestamp: 2025-09-27T12:25:48.000Z,
      liquidity: [Object],
      history: [Object],
      scannerAt: 1758994653560
    },
    '4xmSszrPwSrqWFN3TE9djvH4ZMzSfw8iFqvTJ1S8MwPF': {
      id: '4xmSszrPwSrqWFN3TE9djvH4ZMzSfw8iFqvTJ1S8MwPF',
      tokenName: 'だいぞう',
      tokenSymbol: 'Daizo',
      tokenAddress: '6caVpdwUKu17xBEvajA3SgXnFnp8vra15Tv7Wj2BKScA',
      pairAddress: '4xmSszrPwSrqWFN3TE9djvH4ZMzSfw8iFqvTJ1S8MwPF',
      chain: 'SOL',
      exchange: 'pAMMBay6oceH9fJKBRHGP5D4bD4sWpmSwMn52FMfXEA',
      priceUsd: 0.000009818661301,
      volumeUsd: 30126593.07,
      mcap: 9818.66,
      priceChangePcs: [Object],
      transactions: [Object],
      audit: [Object],
      security: [Object],
      tokenCreatedTimestamp: 2025-09-27T05:29:54.000Z,
      liquidity: [Object],
      history: [Object],
      scannerAt: 1758994653560
    },
    '4xmsszrpwsrqwfn3te9djvh4zmzsfw8ifqvtj1s8mwpf': {
      id: '4xmSszrPwSrqWFN3TE9djvH4ZMzSfw8iFqvTJ1S8MwPF',
      tokenName: 'だいぞう',
      tokenSymbol: 'Daizo',
      tokenAddress: '6caVpdwUKu17xBEvajA3SgXnFnp8vra15Tv7Wj2BKScA',
      pairAddress: '4xmSszrPwSrqWFN3TE9djvH4ZMzSfw8iFqvTJ1S8MwPF',
      chain: 'SOL',
      exchange: 'pAMMBay6oceH9fJKBRHGP5D4bD4sWpmSwMn52FMfXEA',
      priceUsd: 0.000009818661301,
      volumeUsd: 30126593.07,
      mcap: 9818.66,
      priceChangePcs: [Object],
      transactions: [Object],
      audit: [Object],
      security: [Object],
      tokenCreatedTimestamp: 2025-09-27T05:29:54.000Z,
      liquidity: [Object],
      history: [Object],
      scannerAt: 1758994653560
    },
    '7Q6SSQiiPtrdE24Pp7pDMoTKnhxFF7fCjZgtpK1G2iJS': {
      id: '7Q6SSQiiPtrdE24Pp7pDMoTKnhxFF7fCjZgtpK1G2iJS',
      tokenName: 'Falcon Finance',
      tokenSymbol: 'FF',
      tokenAddress: '9XMQ72WETBF74Ln2Yh9ZDBNPFnx3UheRaUU2bkymmwfk',
      pairAddress: '7Q6SSQiiPtrdE24Pp7pDMoTKnhxFF7fCjZgtpK1G2iJS',
      chain: 'SOL',
      exchange: 'pAMMBay6oceH9fJKBRHGP5D4bD4sWpmSwMn52FMfXEA',
      priceUsd: 0.00046709367328330934,
      volumeUsd: 30104475.86,
      mcap: 467092.99,
      priceChangePcs: [Object],
      transactions: [Object],
      audit: [Object],
      security: [Object],
      tokenCreatedTimestamp: 2025-09-26T20:16:03.000Z,
      liquidity: [Object],
      history: [Object],
      scannerAt: 1758994653560
    },
    '7q6ssqiiptrde24pp7pdmotknhxff7fcjzgtpk1g2ijs': {
      id: '7Q6SSQiiPtrdE24Pp7pDMoTKnhxFF7fCjZgtpK1G2iJS',
      tokenName: 'Falcon Finance',
      tokenSymbol: 'FF',
      tokenAddress: '9XMQ72WETBF74Ln2Yh9ZDBNPFnx3UheRaUU2bkymmwfk',
      pairAddress: '7Q6SSQiiPtrdE24Pp7pDMoTKnhxFF7fCjZgtpK1G2iJS',
      chain: 'SOL',
      exchange: 'pAMMBay6oceH9fJKBRHGP5D4bD4sWpmSwMn52FMfXEA',
      priceUsd: 0.00046709367328330934,
      volumeUsd: 30104475.86,
      mcap: 467092.99,
      priceChangePcs: [Object],
      transactions: [Object],
      audit: [Object],
      security: [Object],
      tokenCreatedTimestamp: 2025-09-26T20:16:03.000Z,
      liquidity: [Object],
      history: [Object],
      scannerAt: 1758994653560
    },
    '0x48DA0965ab2d2cbf1C17C09cFB5Cbe67Ad5B1406': {
      id: '0x48DA0965ab2d2cbf1C17C09cFB5Cbe67Ad5B1406',
      tokenName: 'Dai Stablecoin',
      tokenSymbol: 'DAI',
      tokenAddress: '0x6B175474E89094C44Da98b954EedeAC495271d0F',
      pairAddress: '0x48DA0965ab2d2cbf1C17C09cFB5Cbe67Ad5B1406',
      chain: 'ETH',
      exchange: '0x68b3465833fb72A70ecDF485E0e4C7bD8665Fc45',
      priceUsd: 0.9994947172108616,
      volumeUsd: 30064240.44,
      mcap: 4599499376.14,
      priceChangePcs: [Object],
      transactions: [Object],
      audit: [Object],
      security: [Object],
      tokenCreatedTimestamp: 2022-07-14T19:46:36.000Z,
      liquidity: [Object],
      history: [Object],
      scannerAt: 1758994653560
    },
    '0x48da0965ab2d2cbf1c17c09cfb5cbe67ad5b1406': {
      id: '0x48DA0965ab2d2cbf1C17C09cFB5Cbe67Ad5B1406',
      tokenName: 'Dai Stablecoin',
      tokenSymbol: 'DAI',
      tokenAddress: '0x6B175474E89094C44Da98b954EedeAC495271d0F',
      pairAddress: '0x48DA0965ab2d2cbf1C17C09cFB5Cbe67Ad5B1406',
      chain: 'ETH',
      exchange: '0x68b3465833fb72A70ecDF485E0e4C7bD8665Fc45',
      priceUsd: 0.9994947172108616,
      volumeUsd: 30064240.44,
      mcap: 4599499376.14,
      priceChangePcs: [Object],
      transactions: [Object],
      audit: [Object],
      security: [Object],
      tokenCreatedTimestamp: 2022-07-14T19:46:36.000Z,
      liquidity: [Object],
      history: [Object],
      scannerAt: 1758994653560
    },
    '7AEu3shCo6wq9Q4L1fFrmLxDR5ud997ojxhkpArhuvQL': {
      id: '7AEu3shCo6wq9Q4L1fFrmLxDR5ud997ojxhkpArhuvQL',
      tokenName: 'OpenEden (mainnet arc)_dex',
      tokenSymbol: 'EDEN',
      tokenAddress: 'DFtqYZJbBx6yE7S25gMHPvfc9CLkaZtGTn5neBqRQFoU',
      pairAddress: '7AEu3shCo6wq9Q4L1fFrmLxDR5ud997ojxhkpArhuvQL',
      chain: 'SOL',
      exchange: 'pAMMBay6oceH9fJKBRHGP5D4bD4sWpmSwMn52FMfXEA',
      priceUsd: 0.0002025367349,
      volumeUsd: 29285039.24,
      mcap: 202536.34,
      priceChangePcs: [Object],
      transactions: [Object],
      audit: [Object],
      security: [Object],
      tokenCreatedTimestamp: 2025-09-27T11:15:49.000Z,
      liquidity: [Object],
      history: [Object],
      scannerAt: 1758994653560
    },
    '7aeu3shco6wq9q4l1ffrmlxdr5ud997ojxhkparhuvql': {
      id: '7AEu3shCo6wq9Q4L1fFrmLxDR5ud997ojxhkpArhuvQL',
      tokenName: 'OpenEden (mainnet arc)_dex',
      tokenSymbol: 'EDEN',
      tokenAddress: 'DFtqYZJbBx6yE7S25gMHPvfc9CLkaZtGTn5neBqRQFoU',
      pairAddress: '7AEu3shCo6wq9Q4L1fFrmLxDR5ud997ojxhkpArhuvQL',
      chain: 'SOL',
      exchange: 'pAMMBay6oceH9fJKBRHGP5D4bD4sWpmSwMn52FMfXEA',
      priceUsd: 0.0002025367349,
      volumeUsd: 29285039.24,
      mcap: 202536.34,
      priceChangePcs: [Object],
      transactions: [Object],
      audit: [Object],
      security: [Object],
      tokenCreatedTimestamp: 2025-09-27T11:15:49.000Z,
      liquidity: [Object],
      history: [Object],
      scannerAt: 1758994653560
    },
    FAAwKMiRSxg5Ly9kF7fTic9TPsUtAsBE8GzYJHGUBBnE: {
      id: 'FAAwKMiRSxg5Ly9kF7fTic9TPsUtAsBE8GzYJHGUBBnE',
      tokenName: 'BestWalletHQ',
      tokenSymbol: 'Best',
      tokenAddress: '6wqwA7D69iWYGYaRhdi6o9UVyAreGDxkCGtyZGP4GVoC',
      pairAddress: 'FAAwKMiRSxg5Ly9kF7fTic9TPsUtAsBE8GzYJHGUBBnE',
      chain: 'SOL',
      exchange: 'pAMMBay6oceH9fJKBRHGP5D4bD4sWpmSwMn52FMfXEA',
      priceUsd: 0.000007985328354202874,
      volumeUsd: 28655546.14,
      mcap: 7985.32,
      priceChangePcs: [Object],
      transactions: [Object],
      audit: [Object],
      security: [Object],
      tokenCreatedTimestamp: 2025-09-26T16:29:03.000Z,
      liquidity: [Object],
      history: [Object],
      scannerAt: 1758994653560
    },
    faawkmirsxg5ly9kf7ftic9tpsutasbe8gzyjhgubbne: {
      id: 'FAAwKMiRSxg5Ly9kF7fTic9TPsUtAsBE8GzYJHGUBBnE',
      tokenName: 'BestWalletHQ',
      tokenSymbol: 'Best',
      tokenAddress: '6wqwA7D69iWYGYaRhdi6o9UVyAreGDxkCGtyZGP4GVoC',
      pairAddress: 'FAAwKMiRSxg5Ly9kF7fTic9TPsUtAsBE8GzYJHGUBBnE',
      chain: 'SOL',
      exchange: 'pAMMBay6oceH9fJKBRHGP5D4bD4sWpmSwMn52FMfXEA',
      priceUsd: 0.000007985328354202874,
      volumeUsd: 28655546.14,
      mcap: 7985.32,
      priceChangePcs: [Object],
      transactions: [Object],
      audit: [Object],
      security: [Object],
      tokenCreatedTimestamp: 2025-09-26T16:29:03.000Z,
      liquidity: [Object],
      history: [Object],
      scannerAt: 1758994653560
    },
    '8FweVMxdZDERdJ2m6YZgA2SfDSCYQr2LSPDEADExEWqM': {
      id: '8FweVMxdZDERdJ2m6YZgA2SfDSCYQr2LSPDEADExEWqM',
      tokenName: 'Plasma',
      tokenSymbol: 'XPL',
      tokenAddress: '8AJTMb3scFGBHY56AbA8Uyy5ziozftgW2eRfCAKoMkoq',
      pairAddress: '8FweVMxdZDERdJ2m6YZgA2SfDSCYQr2LSPDEADExEWqM',
      chain: 'SOL',
      exchange: 'pAMMBay6oceH9fJKBRHGP5D4bD4sWpmSwMn52FMfXEA',
      priceUsd: 0.00023051132186101769,
      volumeUsd: 28465233.01,
      mcap: 230510.67,
      priceChangePcs: [Object],
      transactions: [Object],
      audit: [Object],
      security: [Object],
      tokenCreatedTimestamp: 2025-09-26T17:30:31.000Z,
      liquidity: [Object],
      history: [Object],
      scannerAt: 1758994653560
    },
    '8fwevmxdzderdj2m6yzga2sfdscyqr2lspdeadexewqm': {
      id: '8FweVMxdZDERdJ2m6YZgA2SfDSCYQr2LSPDEADExEWqM',
      tokenName: 'Plasma',
      tokenSymbol: 'XPL',
      tokenAddress: '8AJTMb3scFGBHY56AbA8Uyy5ziozftgW2eRfCAKoMkoq',
      pairAddress: '8FweVMxdZDERdJ2m6YZgA2SfDSCYQr2LSPDEADExEWqM',
      chain: 'SOL',
      exchange: 'pAMMBay6oceH9fJKBRHGP5D4bD4sWpmSwMn52FMfXEA',
      priceUsd: 0.00023051132186101769,
      volumeUsd: 28465233.01,
      mcap: 230510.67,
      priceChangePcs: [Object],
      transactions: [Object],
      audit: [Object],
      security: [Object],
      tokenCreatedTimestamp: 2025-09-26T17:30:31.000Z,
      liquidity: [Object],
      history: [Object],
      scannerAt: 1758994653560
    },
    BGm1tav58oGcsQJehL9WXBFXF7D27vZsKefj4xJKD5Y: {
      id: 'BGm1tav58oGcsQJehL9WXBFXF7D27vZsKefj4xJKD5Y',
      tokenName: 'USD Coin',
      tokenSymbol: 'USDC',
      tokenAddress: 'EPjFWdd5AufqSSqeM2qN1xzybapC8G4wEGGkZwyTDt1v',
      pairAddress: 'BGm1tav58oGcsQJehL9WXBFXF7D27vZsKefj4xJKD5Y',
      chain: 'SOL',
      exchange: 'LBUZKhRxPF3XUpBCjp4YzTKgLccjZhTSDM9YuVaPwxo',
      priceUsd: 1.001125503,
      volumeUsd: 28403695.09,
      mcap: 10157202218.37,
      priceChangePcs: [Object],
      transactions: [Object],
      audit: [Object],
      security: [Object],
      tokenCreatedTimestamp: 2025-01-19T19:28:04.000Z,
      liquidity: [Object],
      history: [Object],
      scannerAt: 1758994653560
    },
    bgm1tav58ogcsqjehl9wxbfxf7d27vzskefj4xjkd5y: {
      id: 'BGm1tav58oGcsQJehL9WXBFXF7D27vZsKefj4xJKD5Y',
      tokenName: 'USD Coin',
      tokenSymbol: 'USDC',
      tokenAddress: 'EPjFWdd5AufqSSqeM2qN1xzybapC8G4wEGGkZwyTDt1v',
      pairAddress: 'BGm1tav58oGcsQJehL9WXBFXF7D27vZsKefj4xJKD5Y',
      chain: 'SOL',
      exchange: 'LBUZKhRxPF3XUpBCjp4YzTKgLccjZhTSDM9YuVaPwxo',
      priceUsd: 1.001125503,
      volumeUsd: 28403695.09,
      mcap: 10157202218.37,
      priceChangePcs: [Object],
      transactions: [Object],
      audit: [Object],
      security: [Object],
      tokenCreatedTimestamp: 2025-01-19T19:28:04.000Z,
      liquidity: [Object],
      history: [Object],
      scannerAt: 1758994653560
    },
    DSDKsFEFMgosh4LXWJho2yZdmrRS8EuUCcEv8fZXcVVM: {
      id: 'DSDKsFEFMgosh4LXWJho2yZdmrRS8EuUCcEv8fZXcVVM',
      tokenName: 'Mask Coin',
      tokenSymbol: 'MetaMask',
      tokenAddress: 'BFRSXPfDLhyXCeLieLbEYtT5pujwVVoSg81yVHS2bjag',
      pairAddress: 'DSDKsFEFMgosh4LXWJho2yZdmrRS8EuUCcEv8fZXcVVM',
      chain: 'SOL',
      exchange: 'pAMMBay6oceH9fJKBRHGP5D4bD4sWpmSwMn52FMfXEA',
      priceUsd: 0.00023232215543845708,
      volumeUsd: 28317422.86,
      mcap: 232321.58,
      priceChangePcs: [Object],
      transactions: [Object],
      audit: [Object],
      security: [Object],
      tokenCreatedTimestamp: 2025-09-26T16:58:21.000Z,
      liquidity: [Object],
      history: [Object],
      scannerAt: 1758994653560
    },
    dsdksfefmgosh4lxwjho2yzdmrrs8euuccev8fzxcvvm: {
      id: 'DSDKsFEFMgosh4LXWJho2yZdmrRS8EuUCcEv8fZXcVVM',
      tokenName: 'Mask Coin',
      tokenSymbol: 'MetaMask',
      tokenAddress: 'BFRSXPfDLhyXCeLieLbEYtT5pujwVVoSg81yVHS2bjag',
      pairAddress: 'DSDKsFEFMgosh4LXWJho2yZdmrRS8EuUCcEv8fZXcVVM',
      chain: 'SOL',
      exchange: 'pAMMBay6oceH9fJKBRHGP5D4bD4sWpmSwMn52FMfXEA',
      priceUsd: 0.00023232215543845708,
      volumeUsd: 28317422.86,
      mcap: 232321.58,
      priceChangePcs: [Object],
      transactions: [Object],
      audit: [Object],
      security: [Object],
      tokenCreatedTimestamp: 2025-09-26T16:58:21.000Z,
      liquidity: [Object],
      history: [Object],
      scannerAt: 1758994653560
    },
    '0x4D3bF29Ba30f8Bfe4624e7678709afA195689c5D': {
      id: '0x4D3bF29Ba30f8Bfe4624e7678709afA195689c5D',
      tokenName: 'AKE',
      tokenSymbol: 'AKE',
      tokenAddress: '0x2c3a8Ee94dDD97244a93Bc48298f97d2C412F7Db',
      pairAddress: '0x4D3bF29Ba30f8Bfe4624e7678709afA195689c5D',
      chain: 'BSC',
      exchange: '0x1b81D678ffb9C0263b24A97847620C99d213eB14',
      priceUsd: 0.0018440674879972303,
      volumeUsd: 28265231.19,
      mcap: 184406748.79,
      priceChangePcs: [Object],
      transactions: [Object],
      audit: [Object],
      security: [Object],
      tokenCreatedTimestamp: 2025-08-20T07:40:09.000Z,
      liquidity: [Object],
      history: [Object],
      scannerAt: 1758994653560
    },
    '0x4d3bf29ba30f8bfe4624e7678709afa195689c5d': {
      id: '0x4D3bF29Ba30f8Bfe4624e7678709afA195689c5D',
      tokenName: 'AKE',
      tokenSymbol: 'AKE',
      tokenAddress: '0x2c3a8Ee94dDD97244a93Bc48298f97d2C412F7Db',
      pairAddress: '0x4D3bF29Ba30f8Bfe4624e7678709afA195689c5D',
      chain: 'BSC',
      exchange: '0x1b81D678ffb9C0263b24A97847620C99d213eB14',
      priceUsd: 0.0018440674879972303,
      volumeUsd: 28265231.19,
      mcap: 184406748.79,
      priceChangePcs: [Object],
      transactions: [Object],
      audit: [Object],
      security: [Object],
      tokenCreatedTimestamp: 2025-08-20T07:40:09.000Z,
      liquidity: [Object],
      history: [Object],
      scannerAt: 1758994653560
    },
    '65jZDZQNgUUjn8nzWfWfCjTt8GADchcPQstSJrHLVgtD': {
      id: '65jZDZQNgUUjn8nzWfWfCjTt8GADchcPQstSJrHLVgtD',
      tokenName: 'Falcon Finance',
      tokenSymbol: 'FF',
      tokenAddress: 'GkDwuYBCE6EPFU4W5p8rDNsCTRPwTpu2PEW71Qhpn1g8',
      pairAddress: '65jZDZQNgUUjn8nzWfWfCjTt8GADchcPQstSJrHLVgtD',
      chain: 'SOL',
      exchange: 'pAMMBay6oceH9fJKBRHGP5D4bD4sWpmSwMn52FMfXEA',
      priceUsd: 0.0004155427865377349,
      volumeUsd: 28015977.66,
      mcap: 415542.05,
      priceChangePcs: [Object],
      transactions: [Object],
      audit: [Object],
      security: [Object],
      tokenCreatedTimestamp: 2025-09-27T01:06:49.000Z,
      liquidity: [Object],
      history: [Object],
      scannerAt: 1758994653560
    },
    '65jzdzqnguujn8nzwfwfcjtt8gadchcpqstsjrhlvgtd': {
      id: '65jZDZQNgUUjn8nzWfWfCjTt8GADchcPQstSJrHLVgtD',
      tokenName: 'Falcon Finance',
      tokenSymbol: 'FF',
      tokenAddress: 'GkDwuYBCE6EPFU4W5p8rDNsCTRPwTpu2PEW71Qhpn1g8',
      pairAddress: '65jZDZQNgUUjn8nzWfWfCjTt8GADchcPQstSJrHLVgtD',
      chain: 'SOL',
      exchange: 'pAMMBay6oceH9fJKBRHGP5D4bD4sWpmSwMn52FMfXEA',
      priceUsd: 0.0004155427865377349,
      volumeUsd: 28015977.66,
      mcap: 415542.05,
      priceChangePcs: [Object],
      transactions: [Object],
      audit: [Object],
      security: [Object],
      tokenCreatedTimestamp: 2025-09-27T01:06:49.000Z,
      liquidity: [Object],
      history: [Object],
      scannerAt: 1758994653560
    },
    '0x51CD0752767F7EAA094b6a2D42481cE856966796': {
      id: '0x51CD0752767F7EAA094b6a2D42481cE856966796',
      tokenName: 'LAYER TOKEN',
      tokenSymbol: 'LAYER',
      tokenAddress: '0x9B11E4539614dFa0CD640FAcD10495578B6F06D7',
      pairAddress: '0x51CD0752767F7EAA094b6a2D42481cE856966796',
      chain: 'BSC',
      exchange: '0xB971eF87ede563556b2ED4b1C0b0019111Dd85d2',
      priceUsd: 175314.20422068963,
      volumeUsd: 27140005.23,
      mcap: 1753142042206.89,
      priceChangePcs: [Object],
      transactions: [Object],
      audit: [Object],
      security: [Object],
      tokenCreatedTimestamp: 2025-09-11T17:08:53.000Z,
      liquidity: [Object],
      history: [Object],
      scannerAt: 1758994653560
    },
    '0x51cd0752767f7eaa094b6a2d42481ce856966796': {
      id: '0x51CD0752767F7EAA094b6a2D42481cE856966796',
      tokenName: 'LAYER TOKEN',
      tokenSymbol: 'LAYER',
      tokenAddress: '0x9B11E4539614dFa0CD640FAcD10495578B6F06D7',
      pairAddress: '0x51CD0752767F7EAA094b6a2D42481cE856966796',
      chain: 'BSC',
      exchange: '0xB971eF87ede563556b2ED4b1C0b0019111Dd85d2',
      priceUsd: 175314.20422068963,
      volumeUsd: 27140005.23,
      mcap: 1753142042206.89,
      priceChangePcs: [Object],
      transactions: [Object],
      audit: [Object],
      security: [Object],
      tokenCreatedTimestamp: 2025-09-11T17:08:53.000Z,
      liquidity: [Object],
      history: [Object],
      scannerAt: 1758994653560
    },
    H4dsseSVJhvUeQjsh3CxFfvTcVXMJKkgG5nvGDSUJfyN: {
      id: 'H4dsseSVJhvUeQjsh3CxFfvTcVXMJKkgG5nvGDSUJfyN',
      tokenName: 'CORGI',
      tokenSymbol: 'CORGI',
      tokenAddress: '78MBbpRuimZoTpP39kMDTEWa8c5R5mWFt8FwbDvaur8a',
      pairAddress: 'H4dsseSVJhvUeQjsh3CxFfvTcVXMJKkgG5nvGDSUJfyN',
      chain: 'SOL',
      exchange: 'pAMMBay6oceH9fJKBRHGP5D4bD4sWpmSwMn52FMfXEA',
      priceUsd: 0,
      volumeUsd: 26914675.18,
      mcap: 212499.01,
      priceChangePcs: [Object],
      transactions: [Object],
      audit: [Object],
      security: [Object],
      tokenCreatedTimestamp: 2025-09-27T00:31:14.000Z,
      liquidity: [Object],
      history: [Object],
      scannerAt: 1758994653560
    },
    h4dssesvjhvueqjsh3cxffvtcvxmjkkgg5nvgdsujfyn: {
      id: 'H4dsseSVJhvUeQjsh3CxFfvTcVXMJKkgG5nvGDSUJfyN',
      tokenName: 'CORGI',
      tokenSymbol: 'CORGI',
      tokenAddress: '78MBbpRuimZoTpP39kMDTEWa8c5R5mWFt8FwbDvaur8a',
      pairAddress: 'H4dsseSVJhvUeQjsh3CxFfvTcVXMJKkgG5nvGDSUJfyN',
      chain: 'SOL',
      exchange: 'pAMMBay6oceH9fJKBRHGP5D4bD4sWpmSwMn52FMfXEA',
      priceUsd: 0,
      volumeUsd: 26914675.18,
      mcap: 212499.01,
      priceChangePcs: [Object],
      transactions: [Object],
      audit: [Object],
      security: [Object],
      tokenCreatedTimestamp: 2025-09-27T00:31:14.000Z,
      liquidity: [Object],
      history: [Object],
      scannerAt: 1758994653560
    },
    EciycbwXyaC42yHTexhvZNt8mLrTtjcCegRXz5gDS3bK: {
      id: 'EciycbwXyaC42yHTexhvZNt8mLrTtjcCegRXz5gDS3bK',
      tokenName: 'LittlePepe',
      tokenSymbol: 'LILPEPE',
      tokenAddress: '4JALF7To9sY4U771VTNHYb69u5w72ivqohyvgutz98cm',
      pairAddress: 'EciycbwXyaC42yHTexhvZNt8mLrTtjcCegRXz5gDS3bK',
      chain: 'SOL',
      exchange: 'pAMMBay6oceH9fJKBRHGP5D4bD4sWpmSwMn52FMfXEA',
      priceUsd: 0.003378333133,
      volumeUsd: 26679464.6,
      mcap: 3378332.88,
      priceChangePcs: [Object],
      transactions: [Object],
      audit: [Object],
      security: [Object],
      tokenCreatedTimestamp: 2025-09-27T09:50:16.000Z,
      liquidity: [Object],
      history: [Object],
      scannerAt: 1758994653560
    },
    eciycbwxyac42yhtexhvznt8mlrttjccegrxz5gds3bk: {
      id: 'EciycbwXyaC42yHTexhvZNt8mLrTtjcCegRXz5gDS3bK',
      tokenName: 'LittlePepe',
      tokenSymbol: 'LILPEPE',
      tokenAddress: '4JALF7To9sY4U771VTNHYb69u5w72ivqohyvgutz98cm',
      pairAddress: 'EciycbwXyaC42yHTexhvZNt8mLrTtjcCegRXz5gDS3bK',
      chain: 'SOL',
      exchange: 'pAMMBay6oceH9fJKBRHGP5D4bD4sWpmSwMn52FMfXEA',
      priceUsd: 0.003378333133,
      volumeUsd: 26679464.6,
      mcap: 3378332.88,
      priceChangePcs: [Object],
      transactions: [Object],
      audit: [Object],
      security: [Object],
      tokenCreatedTimestamp: 2025-09-27T09:50:16.000Z,
      liquidity: [Object],
      history: [Object],
      scannerAt: 1758994653560
    },
    D9h5PPpHDa7ba95HiyLeYjnXCinGhhdjhcoeFJQ2cf7z: {
      id: 'D9h5PPpHDa7ba95HiyLeYjnXCinGhhdjhcoeFJQ2cf7z',
      tokenName: 'WURK',
      tokenSymbol: 'WURK',
      tokenAddress: 'CzQA6NA5ykJ5ASD7swLSxcVcG1nrwzSAcyR5EFGFFtPU',
      pairAddress: 'D9h5PPpHDa7ba95HiyLeYjnXCinGhhdjhcoeFJQ2cf7z',
      chain: 'SOL',
      exchange: 'pAMMBay6oceH9fJKBRHGP5D4bD4sWpmSwMn52FMfXEA',
      priceUsd: 0,
      volumeUsd: 26597124.22,
      mcap: 183467.91,
      priceChangePcs: [Object],
      transactions: [Object],
      audit: [Object],
      security: [Object],
      tokenCreatedTimestamp: 2025-09-27T07:46:41.000Z,
      liquidity: [Object],
      history: [Object],
      scannerAt: 1758994653560
    },
    d9h5ppphda7ba95hiyleyjnxcinghhdjhcoefjq2cf7z: {
      id: 'D9h5PPpHDa7ba95HiyLeYjnXCinGhhdjhcoeFJQ2cf7z',
      tokenName: 'WURK',
      tokenSymbol: 'WURK',
      tokenAddress: 'CzQA6NA5ykJ5ASD7swLSxcVcG1nrwzSAcyR5EFGFFtPU',
      pairAddress: 'D9h5PPpHDa7ba95HiyLeYjnXCinGhhdjhcoeFJQ2cf7z',
      chain: 'SOL',
      exchange: 'pAMMBay6oceH9fJKBRHGP5D4bD4sWpmSwMn52FMfXEA',
      priceUsd: 0,
      volumeUsd: 26597124.22,
      mcap: 183467.91,
      priceChangePcs: [Object],
      transactions: [Object],
      audit: [Object],
      security: [Object],
      tokenCreatedTimestamp: 2025-09-27T07:46:41.000Z,
      liquidity: [Object],
      history: [Object],
      scannerAt: 1758994653560
    },
    FDqFiYe3QfKiLBfav7GW4EsGh3Jt465tBqLg7HTnrkqR: {
      id: 'FDqFiYe3QfKiLBfav7GW4EsGh3Jt465tBqLg7HTnrkqR',
      tokenName: 'Bitlight Labs',
      tokenSymbol: 'LIGHT',
      tokenAddress: 'CipEt68fvLSxyo9CYch8qqkKPULmNkTp6qLsEtS8Lovw',
      pairAddress: 'FDqFiYe3QfKiLBfav7GW4EsGh3Jt465tBqLg7HTnrkqR',
      chain: 'SOL',
      exchange: 'pAMMBay6oceH9fJKBRHGP5D4bD4sWpmSwMn52FMfXEA',
      priceUsd: 0.0005403168924762773,
      volumeUsd: 26478943.24,
      mcap: 540265.52,
      priceChangePcs: [Object],
      transactions: [Object],
      audit: [Object],
      security: [Object],
      tokenCreatedTimestamp: 2025-09-26T13:15:09.000Z,
      liquidity: [Object],
      history: [Object],
      scannerAt: 1758994653560
    },
    fdqfiye3qfkilbfav7gw4esgh3jt465tbqlg7htnrkqr: {
      id: 'FDqFiYe3QfKiLBfav7GW4EsGh3Jt465tBqLg7HTnrkqR',
      tokenName: 'Bitlight Labs',
      tokenSymbol: 'LIGHT',
      tokenAddress: 'CipEt68fvLSxyo9CYch8qqkKPULmNkTp6qLsEtS8Lovw',
      pairAddress: 'FDqFiYe3QfKiLBfav7GW4EsGh3Jt465tBqLg7HTnrkqR',
      chain: 'SOL',
      exchange: 'pAMMBay6oceH9fJKBRHGP5D4bD4sWpmSwMn52FMfXEA',
      priceUsd: 0.0005403168924762773,
      volumeUsd: 26478943.24,
      mcap: 540265.52,
      priceChangePcs: [Object],
      transactions: [Object],
      audit: [Object],
      security: [Object],
      tokenCreatedTimestamp: 2025-09-26T13:15:09.000Z,
      liquidity: [Object],
      history: [Object],
      scannerAt: 1758994653560
    },
    ALnyJnYCgFqLuJEFajqBjbDp7k9apSxARLFBE736U1ZF: {
      id: 'ALnyJnYCgFqLuJEFajqBjbDp7k9apSxARLFBE736U1ZF',
      tokenName: 'TESLA AI',
      tokenSymbol: 'TESLA',
      tokenAddress: 'FjUrnJMCUG9wVE9HQr4aNFCwpK1eUCPyrEotaVBgDXfn',
      pairAddress: 'ALnyJnYCgFqLuJEFajqBjbDp7k9apSxARLFBE736U1ZF',
      chain: 'SOL',
      exchange: 'pAMMBay6oceH9fJKBRHGP5D4bD4sWpmSwMn52FMfXEA',
      priceUsd: 0,
      volumeUsd: 26341416.63,
      mcap: 4319302.69,
      priceChangePcs: [Object],
      transactions: [Object],
      audit: [Object],
      security: [Object],
      tokenCreatedTimestamp: 2025-09-27T06:49:34.000Z,
      liquidity: [Object],
      history: [Object],
      scannerAt: 1758994653560
    },
    alnyjnycgfqlujefajqbjbdp7k9apsxarlfbe736u1zf: {
      id: 'ALnyJnYCgFqLuJEFajqBjbDp7k9apSxARLFBE736U1ZF',
      tokenName: 'TESLA AI',
      tokenSymbol: 'TESLA',
      tokenAddress: 'FjUrnJMCUG9wVE9HQr4aNFCwpK1eUCPyrEotaVBgDXfn',
      pairAddress: 'ALnyJnYCgFqLuJEFajqBjbDp7k9apSxARLFBE736U1ZF',
      chain: 'SOL',
      exchange: 'pAMMBay6oceH9fJKBRHGP5D4bD4sWpmSwMn52FMfXEA',
      priceUsd: 0,
      volumeUsd: 26341416.63,
      mcap: 4319302.69,
      priceChangePcs: [Object],
      transactions: [Object],
      audit: [Object],
      security: [Object],
      tokenCreatedTimestamp: 2025-09-27T06:49:34.000Z,
      liquidity: [Object],
      history: [Object],
      scannerAt: 1758994653560
    },
    CtVm6wRPUFdgc8uh2NhFrM5fgsRAKwNZPXEuw8btXmHt: {
      id: 'CtVm6wRPUFdgc8uh2NhFrM5fgsRAKwNZPXEuw8btXmHt',
      tokenName: 'Falcon Finance',
      tokenSymbol: 'FF',
      tokenAddress: '6shzeWC3h3Y8g2vN6B97BGvW6mS288v5gRXCejnVH1ZG',
      pairAddress: 'CtVm6wRPUFdgc8uh2NhFrM5fgsRAKwNZPXEuw8btXmHt',
      chain: 'SOL',
      exchange: 'pAMMBay6oceH9fJKBRHGP5D4bD4sWpmSwMn52FMfXEA',
      priceUsd: 0.002660817127028389,
      volumeUsd: 26319431.04,
      mcap: 2660817.04,
      priceChangePcs: [Object],
      transactions: [Object],
      audit: [Object],
      security: [Object],
      tokenCreatedTimestamp: 2025-09-26T13:38:26.000Z,
      liquidity: [Object],
      history: [Object],
      scannerAt: 1758994653560
    },
    ctvm6wrpufdgc8uh2nhfrm5fgsrakwnzpxeuw8btxmht: {
      id: 'CtVm6wRPUFdgc8uh2NhFrM5fgsRAKwNZPXEuw8btXmHt',
      tokenName: 'Falcon Finance',
      tokenSymbol: 'FF',
      tokenAddress: '6shzeWC3h3Y8g2vN6B97BGvW6mS288v5gRXCejnVH1ZG',
      pairAddress: 'CtVm6wRPUFdgc8uh2NhFrM5fgsRAKwNZPXEuw8btXmHt',
      chain: 'SOL',
      exchange: 'pAMMBay6oceH9fJKBRHGP5D4bD4sWpmSwMn52FMfXEA',
      priceUsd: 0.002660817127028389,
      volumeUsd: 26319431.04,
      mcap: 2660817.04,
      priceChangePcs: [Object],
      transactions: [Object],
      audit: [Object],
      security: [Object],
      tokenCreatedTimestamp: 2025-09-26T13:38:26.000Z,
      liquidity: [Object],
      history: [Object],
      scannerAt: 1758994653560
    },
    AieAwfurtuySgUoNbrABJUNGCpHA2UPsDWawn5WuYuUz: {
      id: 'AieAwfurtuySgUoNbrABJUNGCpHA2UPsDWawn5WuYuUz',
      tokenName: 'trillions',
      tokenSymbol: 'trillions',
      tokenAddress: 'AxGSDwpzU2GdpSVJvsZrQPwWJreSXXv87aGBcwoL1neE',
      pairAddress: 'AieAwfurtuySgUoNbrABJUNGCpHA2UPsDWawn5WuYuUz',
      chain: 'SOL',
      exchange: 'pAMMBay6oceH9fJKBRHGP5D4bD4sWpmSwMn52FMfXEA',
      priceUsd: 0,
      volumeUsd: 25768891.67,
      mcap: 207541.59,
      priceChangePcs: [Object],
      transactions: [Object],
      audit: [Object],
      security: [Object],
      tokenCreatedTimestamp: 2025-09-27T06:14:49.000Z,
      liquidity: [Object],
      history: [Object],
      scannerAt: 1758994653560
    },
    aieawfurtuysguonbrabjungcpha2upsdwawn5wuyuuz: {
      id: 'AieAwfurtuySgUoNbrABJUNGCpHA2UPsDWawn5WuYuUz',
      tokenName: 'trillions',
      tokenSymbol: 'trillions',
      tokenAddress: 'AxGSDwpzU2GdpSVJvsZrQPwWJreSXXv87aGBcwoL1neE',
      pairAddress: 'AieAwfurtuySgUoNbrABJUNGCpHA2UPsDWawn5WuYuUz',
      chain: 'SOL',
      exchange: 'pAMMBay6oceH9fJKBRHGP5D4bD4sWpmSwMn52FMfXEA',
      priceUsd: 0,
      volumeUsd: 25768891.67,
      mcap: 207541.59,
      priceChangePcs: [Object],
      transactions: [Object],
      audit: [Object],
      security: [Object],
      tokenCreatedTimestamp: 2025-09-27T06:14:49.000Z,
      liquidity: [Object],
      history: [Object],
      scannerAt: 1758994653560
    }
  },
  meta: {
    '0xF65a021508f0Ed52C2C1C38cD9F6c3ff04f240a9': {},
    '0xf65a021508f0ed52c2c1c38cd9f6c3ff04f240a9': {},
    '0x172fcD41E0913e95784454622d1c3724f546f849': {},
    '0x172fcd41e0913e95784454622d1c3724f546f849': {},
    '4VCAmmx2szE1BBQeF2w3zt2w9F5nFvxJtDtRjYKK1WLd': {},
    '4vcammx2sze1bbqef2w3zt2w9f5nfvxjtdtrjykk1wld': {},
    '6aCxf9vimJNQ8aC2W69f79AHrZhq5mcYq9ciCL6fn7KM': {},
    '6acxf9vimjnq8ac2w69f79ahrzhq5mcyq9cicl6fn7km': {},
    '0xCF39e58ed4deCc9ef7Bdb2F9335602DC22BE99b4': {},
    '0xcf39e58ed4decc9ef7bdb2f9335602dc22be99b4': {},
    '4fDu1gxCJtqYdrovT7Hba67NzuaHsd8Kg9PXnBZNDdcq': {},
    '4fdu1gxcjtqydrovt7hba67nzuahsd8kg9pxnbznddcq': {},
    '2quQL4PdFzQnhs3b3F645hfteDUBcR9KppLUFshZ6YQG': {},
    '2quql4pdfzqnhs3b3f645hftedubcr9kpplufshz6yqg': {},
    '0x47a90A2d92A8367A91EfA1906bFc8c1E05bf10c4': {},
    '0x47a90a2d92a8367a91efa1906bfc8c1e05bf10c4': {},
    '0xf2F84C274F715ba1fE7D1D28a4E377Fb59A33386': {},
    '0xf2f84c274f715ba1fe7d1d28a4e377fb59a33386': {},
    HzSxT5dW8GGiTaZnsdeUJur2ZregN8zR85rdYiw2udTK: {},
    hzsxt5dw8ggitaznsdeujur2zregn8zr85rdyiw2udtk: {},
    '0xcf8d62960Fb7Ce5F1359E5D9267e32B9522d5d7C': {},
    '0xcf8d62960fb7ce5f1359e5d9267e32b9522d5d7c': {},
    '3FMq5HUcKreBGB83pTZ5o9tEKfViofL4WqoSNJJxzCAY': {},
    '3fmq5huckrebgb83ptz5o9tekfviofl4wqosnjjxzcay': {},
    pWGMSzVa3bxktGVcDy8JASvM2ixeifNKFJiCK9Y4NUE: {},
    pwgmszva3bxktgvcdy8jasvm2ixeifnkfjick9y4nue: {},
    GTc2CX4pBzZEtN6PtLmnhZpFMkTXVnxnoJJhaKsaUgCe: {},
    gtc2cx4pbzzetn6ptlmnhzpfmktxvnxnojjhaksaugce: {},
    p3sLcnFeCcFtfMhUVR9b4x6mCcFymhnKmineJAA6Jp5: {},
    p3slcnfeccftfmhuvr9b4x6mccfymhnkminejaa6jp5: {},
    AxSMLfSdNs1ooivbvKCdVQ15kzc2snscZJAsYZPjfBaZ: {},
    axsmlfsdns1ooivbvkcdvq15kzc2snsczjasyzpjfbaz: {},
    '7eRYcKmvtFBot3dDGTeiQjxt65FdHRJTDhmnDTt24MK1': {},
    '7eryckmvtfbot3ddgteiqjxt65fdhrjtdhmndtt24mk1': {},
    '2xjWY4bXE7gH2YkoxuEN4DuC8SLi97gboEgVGE8ZSrWS': {},
    '2xjwy4bxe7gh2ykoxuen4duc8sli97gboegvge8zsrws': {},
    ExT1saY11BgVtKwDE8d9vm1Yh9bQ5Gh8r4UNVY1b1Tts: {},
    ext1say11bgvtkwde8d9vm1yh9bq5gh8r4unvy1b1tts: {},
    '82ZgX2tHeVTmTt5z2Eqo7cZe99bK22PwyVRNVJF9aMaV': {},
    '82zgx2thevtmtt5z2eqo7cze99bk22pwyvrnvjf9amav': {},
    G75wBqjLJbZSn5p1GNwnmBgkKVwRcXKP3FaSiYgpmcRw: {},
    g75wbqjljbzsn5p1gnwnmbgkkvwrcxkp3fasiygpmcrw: {},
    EiuKuPvi9Cv2eQdSTcBHTkD4KcnM76XzoaCmjwnW6aw3: {},
    eiukupvi9cv2eqdstcbhtkd4kcnm76xzoacmjwnw6aw3: {},
    Jjy3AkTgDfuQmwcemcA5A7Es5gT2UdiWKuEYEkNXwg7: {},
    jjy3aktgdfuqmwcemca5a7es5gt2udiwkueyeknxwg7: {},
    '3yKsk9wBH5Bqht6Q8BHJdHGEWd91UmFaSGdYPPqMerR4': {},
    '3yksk9wbh5bqht6q8bhjdhgewd91umfasgdyppqmerr4': {},
    HRaeeBu2Bhx1KDd25336ak6oeKCo7i6UjEeuxgWjqf82: {},
    hraeebu2bhx1kdd25336ak6oekco7i6ujeeuxgwjqf82: {},
    '3dnWHQGvTwgbYDFCLtaRBecbCF3k1ogC78hDTPyAMB4o': {},
    '3dnwhqgvtwgbydfcltarbecbcf3k1ogc78hdtpyamb4o': {},
    '0xc7bBeC68d12a0d1830360F8Ec58fA599bA1b0e9b': {},
    '0xc7bbec68d12a0d1830360f8ec58fa599ba1b0e9b': {},
    '6BJ7EWQsYHbVHni4mhfYJ32xNV6a8Tu6PSTVmrLKjKT9': {},
    '6bj7ewqsyhbvhni4mhfyj32xnv6a8tu6pstvmrlkjkt9': {},
    '0xCA3F029A70d5d90000E614afD29E5c833f33CEa5': {},
    '0xca3f029a70d5d90000e614afd29e5c833f33cea5': {},
    HcWiiZEBHBKWmHP4ZjxqwQWhGwovXUvThU4aNt4yANye: {},
    hcwiizebhbkwmhp4zjxqwqwhgwovxuvthu4ant4yanye: {},
    '9L3eT5BxHWo8hEpGQ3NzbmYJRSvMN4ajDtDGxsqKhQGo': {},
    '9l3et5bxhwo8hepgq3nzbmyjrsvmn4ajdtdgxsqkhqgo': {},
    '5YWJdKDXJmi77oPT8VD4kTGH7yv1A9f5N4HEVepmgweN': {},
    '5ywjdkdxjmi77opt8vd4ktgh7yv1a9f5n4hevepmgwen': {},
    BDrDMa9mpQxoTkjYXgmZVjW9nxCi9tgrMmcfvu8fSYDF: {},
    bdrdma9mpqxotkjyxgmzvjw9nxci9tgrmmcfvu8fsydf: {},
    CvxgmSEvTYzs37GRSjGmGCsiCrB1X4RxMCR1pD5o7QAv: {},
    cvxgmsevtyzs37grsjgmgcsicrb1x4rxmcr1pd5o7qav: {},
    '7EkRhnQx5dJ9pasQosJUzMxyS12b4mEL8ipjUZ4BpwW3': {},
    '7ekrhnqx5dj9pasqosjuzmxys12b4mel8ipjuz4bpww3': {},
    '4icxYpSiggvcn6cj4F217FYvaRWVGt9tpw4FMpBUrn8e': {},
    '4icxypsiggvcn6cj4f217fyvarwvgt9tpw4fmpburn8e': {},
    CcB5AazsQ87qz4x2G2ZnNykgJzRr2gqLhTDHfktYushF: {},
    ccb5aazsq87qz4x2g2znnykgjzrr2gqlhtdhfktyushf: {},
    '3ucNos4NbumPLZNWztqGHNFFgkHeRMBQAVemeeomsUxv': {},
    '3ucnos4nbumplznwztqghnffgkhermbqavemeeomsuxv': {},
    '5U98VbSfqJPMejWxg1MC1Y4oFeyEMGTj8JNPcCvGp1vZ': {},
    '5u98vbsfqjpmejwxg1mc1y4ofeyemgtj8jnpccvgp1vz': {},
    CMAvF24c6DHhWL18MZ9xZDsXSepnDijbEQCUnRVprxwX: {},
    cmavf24c6dhhwl18mz9xzdsxsepndijbeqcunrvprxwx: {},
    F8m2TynBCNjLTvZDaDEYHvRSWdBwYWkNQqhWJTdtUMGB: {},
    f8m2tynbcnjltvzdadeyhvrswdbwywknqqhwjtdtumgb: {},
    JGLWg1ZyvvaGj7xumoFgvyBedQoTmTtgL6gfZ7TsBhu: {},
    jglwg1zyvvagj7xumofgvybedqotmttgl6gfz7tsbhu: {},
    '4NAdnJaeioRVcbgVusJtEpcjCdVC83icooKJ5dMZUYZb': {},
    '4nadnjaeiorvcbgvusjtepcjcdvc83icookj5dmzuyzb': {},
    '0x5777d92f208679DB4b9778590Fa3CAB3aC9e2168': {},
    '0x5777d92f208679db4b9778590fa3cab3ac9e2168': {},
    '84fZSnPSyjxc23X1rvtZgJSXHSo4CGjFSLnyipZrkwyV': {},
    '84fzsnpsyjxc23x1rvtzgjsxhso4cgjfslnyipzrkwyv': {},
    '86y2dm9iex1emL289N62tk75awZVmYrFuHDQXdwWDUxE': {},
    '86y2dm9iex1eml289n62tk75awzvmyrfuhdqxdwwduxe': {},
    '0x88e6A0c2dDD26FEEb64F039a2c41296FcB3f5640': {},
    '0x88e6a0c2ddd26feeb64f039a2c41296fcb3f5640': {},
    '5WRDHbRmSm7nQ73KtVCLMnTDEoSBPH6ZfX9dd68UhmuR': {},
    '5wrdhbrmsm7nq73ktvclmntdeosbph6zfx9dd68uhmur': {},
    '3XP2gPB5P6TkvUuSnpNd136TtaGxSXibjDkvFvYFB6mK': {},
    '3xp2gpb5p6tkvuusnpnd136ttagxsxibjdkvfvyfb6mk': {},
    '6NBeuSTRBmFhMBGAKcUT8V9YbSYz9rVypH9eoHe9j4Hj': {},
    '6nbeustrbmfhmbgakcut8v9ybsyz9rvyph9eohe9j4hj': {},
    HTvjzsfX3yU6BUodCjZ5vZkUrAxMDTrBs3CJaq43ashR: {},
    htvjzsfx3yu6buodcjz5vzkuraxmdtrbs3cjaq43ashr: {},
    EuPnpWGTPB5iYm34rTzk7aCvhBzZvGEjXhRwE65ShBdE: {},
    eupnpwgtpb5iym34rtzk7acvhbzzvgejxhrwe65shbde: {},
    '7A8XiSivB8ZpRL6T7qJFYv2wkxnEubRXt5DbAx15hzAB': {},
    '7a8xisivb8zprl6t7qjfyv2wkxneubrxt5dbax15hzab': {},
    '0x924E62a3689e7B94F397E61ac796DaBfEa32E93B': {},
    '0x924e62a3689e7b94f397e61ac796dabfea32e93b': {},
    EPUn9VkhAHVjtbX9Rsv7RsoZwnUSxyv1eVuUqwXkAh2z: {},
    epun9vkhahvjtbx9rsv7rsozwnusxyv1evuuqwxkah2z: {},
    AY1NRnBPV1fzNaWd8AGJ2v78iFoALrBsGc4oXBTuxQ7s: {},
    ay1nrnbpv1fznawd8agj2v78ifoalrbsgc4oxbtuxq7s: {},
    '88G7sDF7RvU5x1w5uyYVoCkK7SZewNywDGQA4rL7XsoY': {},
    '88g7sdf7rvu5x1w5uyyvockk7szewnywdgqa4rl7xsoy': {},
    '0xE0554a476A092703abdB3Ef35c80e0D76d32939F': {},
    '0xe0554a476a092703abdb3ef35c80e0d76d32939f': {},
    '8g7n7j1BJssKNA4sXAcpCuZCqiYRnaUVfQFFe8LDuALH': {},
    '8g7n7j1bjsskna4sxacpcuzcqiyrnauvfqffe8ldualh': {},
    '9nQQohMsSWAYL8ZzdRSjD54SKEEvyz9wmSQrk3t4st3X': {},
    '9nqqohmsswayl8zzdrsjd54skeevyz9wmsqrk3t4st3x': {},
    '7CkXEnsXAPWBdRkGAUdRS2WS2v59HRYvbVviz8Gzomgt': {},
    '7ckxensxapwbdrkgaudrs2ws2v59hryvbvviz8gzomgt': {},
    '9AbW2CpmDd29Qdx2irzHoRKKX8RKuXMjsWcmh86Mtqe4': {},
    '9abw2cpmdd29qdx2irzhorkkx8rkuxmjswcmh86mtqe4': {},
    '5pTrEfjtKwVFRcAxh4B1rmCPJPK4G8YA5UDpgxAMsJL3': {},
    '5ptrefjtkwvfrcaxh4b1rmcpjpk4g8ya5udpgxamsjl3': {},
    gA6Ceeeoc3Qy3Rdwv1nppARG8gabKMmzHNYMv5wMAYB: {},
    ga6ceeeoc3qy3rdwv1npparg8gabkmmzhnymv5wmayb: {},
    '0xd21bc2291C1aeF340f5265E257B18aa5dafed759': {},
    '0xd21bc2291c1aef340f5265e257b18aa5dafed759': {},
    '0x4e68Ccd3E89f51C3074ca5072bbAC773960dFa36': {},
    '0x4e68ccd3e89f51c3074ca5072bbac773960dfa36': {},
    E6nG5KBXw74xEXwNGWihUa9LUHKHs1dG75VCv9tewNN3: {},
    e6ng5kbxw74xexwngwihua9luhkhs1dg75vcv9tewnn3: {},
    '8HxJVwg9JPEm72D3uR9jp79BTgJj1cMQaYGNELFFeL6n': {},
    '8hxjvwg9jpem72d3ur9jp79btgjj1cmqaygnelffel6n': {},
    BhkrpVukUBTvZ7xmKTXkubGBC8VncbDNRgQgbRzExxAb: {},
    bhkrpvukubtvz7xmktxkubgbc8vncbdnrgqgbrzexxab: {},
    '0x30D59a44930B3994c116846EFe55fC8fcF608aa8': {},
    '0x30d59a44930b3994c116846efe55fc8fcf608aa8': {},
    AA861xs52detaJZejR53MRnmyBTR9Nru2g7z12v1fngD: {},
    aa861xs52detajzejr53mrnmybtr9nru2g7z12v1fngd: {},
    '65oAbYggcoW2U4k65DzgnAQbm3CPfLFrA585NTB7Vj46': {},
    '65oabyggcow2u4k65dzgnaqbm3cpflfra585ntb7vj46': {},
    '6nZwCPVZ21LHmrsVYLZKpFwaLmrMqBGgkE1mTaSkETJy': {},
    '6nzwcpvz21lhmrsvylzkpfwalmrmqbggke1mtasketjy': {},
    '9ccRB9QYL1YFyBEM5oSGd9f6BiAmBwRJUwDvrXxAnD3z': {},
    '9ccrb9qyl1yfybem5osgd9f6biambwrjuwdvrxxand3z': {},
    AXkK9xCyuupy9T3Tg6uvbbjoX1ENKfZmXe8qpc1ZTaoq: {},
    axkk9xcyuupy9t3tg6uvbbjox1enkfzmxe8qpc1ztaoq: {},
    '262D9LoRepz7KCv9oMu7vHGYnwNMrhzHgnV25BHzAQky': {},
    '262d9lorepz7kcv9omu7vhgynwnmrhzhgnv25bhzaqky': {},
    '2de6Nhy5sFVYmvqpjbzN2MSsMZb34uSVvxKCXSqek8GT': {},
    '2de6nhy5sfvymvqpjbzn2mssmzb34usvvxkcxsqek8gt': {},
    '3xAg7YRxqQaKoSpL9mzpJ27KDeAob8jNWtpYkQFDRBv4': {},
    '3xag7yrxqqakospl9mzpj27kdeaob8jnwtpykqfdrbv4': {},
    '0xF07a660776BE8CEa92f8BF91Fc2b482213d03f02': {},
    '0xf07a660776be8cea92f8bf91fc2b482213d03f02': {},
    '72FGNDqFm1mttWnpx4T3dUvABeJ4nytxQUg2jQUMCkmK': {},
    '72fgndqfm1mttwnpx4t3duvabej4nytxqug2jqumckmk': {},
    LSck3bJUSkkVQKzyjd8kMHEycMY52Ems5DeYeuXngMA: {},
    lsck3bjuskkvqkzyjd8kmheycmy52ems5deyeuxngma: {},
    G69UieGxtHvVhtfFeJfk4NA18AS6kJE8c7PY6erpfuBx: {},
    g69uiegxthvvhtffejfk4na18as6kje8c7py6erpfubx: {},
    '4xmSszrPwSrqWFN3TE9djvH4ZMzSfw8iFqvTJ1S8MwPF': {},
    '4xmsszrpwsrqwfn3te9djvh4zmzsfw8ifqvtj1s8mwpf': {},
    '7Q6SSQiiPtrdE24Pp7pDMoTKnhxFF7fCjZgtpK1G2iJS': {},
    '7q6ssqiiptrde24pp7pdmotknhxff7fcjzgtpk1g2ijs': {},
    '0x48DA0965ab2d2cbf1C17C09cFB5Cbe67Ad5B1406': {},
    '0x48da0965ab2d2cbf1c17c09cfb5cbe67ad5b1406': {},
    '7AEu3shCo6wq9Q4L1fFrmLxDR5ud997ojxhkpArhuvQL': {},
    '7aeu3shco6wq9q4l1ffrmlxdr5ud997ojxhkparhuvql': {},
    FAAwKMiRSxg5Ly9kF7fTic9TPsUtAsBE8GzYJHGUBBnE: {},
    faawkmirsxg5ly9kf7ftic9tpsutasbe8gzyjhgubbne: {},
    '8FweVMxdZDERdJ2m6YZgA2SfDSCYQr2LSPDEADExEWqM': {},
    '8fwevmxdzderdj2m6yzga2sfdscyqr2lspdeadexewqm': {},
    BGm1tav58oGcsQJehL9WXBFXF7D27vZsKefj4xJKD5Y: {},
    bgm1tav58ogcsqjehl9wxbfxf7d27vzskefj4xjkd5y: {},
    DSDKsFEFMgosh4LXWJho2yZdmrRS8EuUCcEv8fZXcVVM: {},
    dsdksfefmgosh4lxwjho2yzdmrrs8euuccev8fzxcvvm: {},
    '0x4D3bF29Ba30f8Bfe4624e7678709afA195689c5D': {},
    '0x4d3bf29ba30f8bfe4624e7678709afa195689c5d': {},
    '65jZDZQNgUUjn8nzWfWfCjTt8GADchcPQstSJrHLVgtD': {},
    '65jzdzqnguujn8nzwfwfcjtt8gadchcpqstsjrhlvgtd': {},
    '0x51CD0752767F7EAA094b6a2D42481cE856966796': {},
    '0x51cd0752767f7eaa094b6a2d42481ce856966796': {},
    H4dsseSVJhvUeQjsh3CxFfvTcVXMJKkgG5nvGDSUJfyN: {},
    h4dssesvjhvueqjsh3cxffvtcvxmjkkgg5nvgdsujfyn: {},
    EciycbwXyaC42yHTexhvZNt8mLrTtjcCegRXz5gDS3bK: {},
    eciycbwxyac42yhtexhvznt8mlrttjccegrxz5gds3bk: {},
    D9h5PPpHDa7ba95HiyLeYjnXCinGhhdjhcoeFJQ2cf7z: {},
    d9h5ppphda7ba95hiyleyjnxcinghhdjhcoefjq2cf7z: {},
    FDqFiYe3QfKiLBfav7GW4EsGh3Jt465tBqLg7HTnrkqR: {},
    fdqfiye3qfkilbfav7gw4esgh3jt465tbqlg7htnrkqr: {},
    ALnyJnYCgFqLuJEFajqBjbDp7k9apSxARLFBE736U1ZF: {},
    alnyjnycgfqlujefajqbjbdp7k9apsxarlfbe736u1zf: {},
    CtVm6wRPUFdgc8uh2NhFrM5fgsRAKwNZPXEuw8btXmHt: {},
    ctvm6wrpufdgc8uh2nhfrm5fgsrakwnzpxeuw8btxmht: {},
    AieAwfurtuySgUoNbrABJUNGCpHA2UPsDWawn5WuYuUz: {},
    aieawfurtuysguonbrabjungcpha2upsdwawn5wuyuuz: {}
  },
  pages: {
    '101': [
      '0xF65a021508f0Ed52C2C1C38cD9F6c3ff04f240a9',
      '0x172fcD41E0913e95784454622d1c3724f546f849',
      '4VCAmmx2szE1BBQeF2w3zt2w9F5nFvxJtDtRjYKK1WLd',
      '6aCxf9vimJNQ8aC2W69f79AHrZhq5mcYq9ciCL6fn7KM',
      '0xCF39e58ed4deCc9ef7Bdb2F9335602DC22BE99b4',
      '4fDu1gxCJtqYdrovT7Hba67NzuaHsd8Kg9PXnBZNDdcq',
      '2quQL4PdFzQnhs3b3F645hfteDUBcR9KppLUFshZ6YQG',
      '0x47a90A2d92A8367A91EfA1906bFc8c1E05bf10c4',
      '0xf2F84C274F715ba1fE7D1D28a4E377Fb59A33386',
      'HzSxT5dW8GGiTaZnsdeUJur2ZregN8zR85rdYiw2udTK',
      '0xcf8d62960Fb7Ce5F1359E5D9267e32B9522d5d7C',
      '3FMq5HUcKreBGB83pTZ5o9tEKfViofL4WqoSNJJxzCAY',
      'pWGMSzVa3bxktGVcDy8JASvM2ixeifNKFJiCK9Y4NUE',
      'GTc2CX4pBzZEtN6PtLmnhZpFMkTXVnxnoJJhaKsaUgCe',
      'p3sLcnFeCcFtfMhUVR9b4x6mCcFymhnKmineJAA6Jp5',
      'AxSMLfSdNs1ooivbvKCdVQ15kzc2snscZJAsYZPjfBaZ',
      '7eRYcKmvtFBot3dDGTeiQjxt65FdHRJTDhmnDTt24MK1',
      '2xjWY4bXE7gH2YkoxuEN4DuC8SLi97gboEgVGE8ZSrWS',
      'ExT1saY11BgVtKwDE8d9vm1Yh9bQ5Gh8r4UNVY1b1Tts',
      '82ZgX2tHeVTmTt5z2Eqo7cZe99bK22PwyVRNVJF9aMaV',
      'G75wBqjLJbZSn5p1GNwnmBgkKVwRcXKP3FaSiYgpmcRw',
      'EiuKuPvi9Cv2eQdSTcBHTkD4KcnM76XzoaCmjwnW6aw3',
      'Jjy3AkTgDfuQmwcemcA5A7Es5gT2UdiWKuEYEkNXwg7',
      '3yKsk9wBH5Bqht6Q8BHJdHGEWd91UmFaSGdYPPqMerR4',
      'HRaeeBu2Bhx1KDd25336ak6oeKCo7i6UjEeuxgWjqf82',
      '3dnWHQGvTwgbYDFCLtaRBecbCF3k1ogC78hDTPyAMB4o',
      '0xc7bBeC68d12a0d1830360F8Ec58fA599bA1b0e9b',
      '6BJ7EWQsYHbVHni4mhfYJ32xNV6a8Tu6PSTVmrLKjKT9',
      '0xCA3F029A70d5d90000E614afD29E5c833f33CEa5',
      'HcWiiZEBHBKWmHP4ZjxqwQWhGwovXUvThU4aNt4yANye',
      '9L3eT5BxHWo8hEpGQ3NzbmYJRSvMN4ajDtDGxsqKhQGo',
      '5YWJdKDXJmi77oPT8VD4kTGH7yv1A9f5N4HEVepmgweN',
      'BDrDMa9mpQxoTkjYXgmZVjW9nxCi9tgrMmcfvu8fSYDF',
      'CvxgmSEvTYzs37GRSjGmGCsiCrB1X4RxMCR1pD5o7QAv',
      '7EkRhnQx5dJ9pasQosJUzMxyS12b4mEL8ipjUZ4BpwW3',
      '4icxYpSiggvcn6cj4F217FYvaRWVGt9tpw4FMpBUrn8e',
      'CcB5AazsQ87qz4x2G2ZnNykgJzRr2gqLhTDHfktYushF',
      '3ucNos4NbumPLZNWztqGHNFFgkHeRMBQAVemeeomsUxv',
      '5U98VbSfqJPMejWxg1MC1Y4oFeyEMGTj8JNPcCvGp1vZ',
      'CMAvF24c6DHhWL18MZ9xZDsXSepnDijbEQCUnRVprxwX',
      'F8m2TynBCNjLTvZDaDEYHvRSWdBwYWkNQqhWJTdtUMGB',
      'JGLWg1ZyvvaGj7xumoFgvyBedQoTmTtgL6gfZ7TsBhu',
      '4NAdnJaeioRVcbgVusJtEpcjCdVC83icooKJ5dMZUYZb',
      '0x5777d92f208679DB4b9778590Fa3CAB3aC9e2168',
      '84fZSnPSyjxc23X1rvtZgJSXHSo4CGjFSLnyipZrkwyV',
      '86y2dm9iex1emL289N62tk75awZVmYrFuHDQXdwWDUxE',
      '0x88e6A0c2dDD26FEEb64F039a2c41296FcB3f5640',
      '5WRDHbRmSm7nQ73KtVCLMnTDEoSBPH6ZfX9dd68UhmuR',
      '3XP2gPB5P6TkvUuSnpNd136TtaGxSXibjDkvFvYFB6mK',
      '6NBeuSTRBmFhMBGAKcUT8V9YbSYz9rVypH9eoHe9j4Hj',
      'HTvjzsfX3yU6BUodCjZ5vZkUrAxMDTrBs3CJaq43ashR',
      'EuPnpWGTPB5iYm34rTzk7aCvhBzZvGEjXhRwE65ShBdE',
      '7A8XiSivB8ZpRL6T7qJFYv2wkxnEubRXt5DbAx15hzAB',
      '0x924E62a3689e7B94F397E61ac796DaBfEa32E93B',
      'EPUn9VkhAHVjtbX9Rsv7RsoZwnUSxyv1eVuUqwXkAh2z',
      'AY1NRnBPV1fzNaWd8AGJ2v78iFoALrBsGc4oXBTuxQ7s',
      '88G7sDF7RvU5x1w5uyYVoCkK7SZewNywDGQA4rL7XsoY',
      '0xE0554a476A092703abdB3Ef35c80e0D76d32939F',
      '8g7n7j1BJssKNA4sXAcpCuZCqiYRnaUVfQFFe8LDuALH',
      '9nQQohMsSWAYL8ZzdRSjD54SKEEvyz9wmSQrk3t4st3X',
      '7CkXEnsXAPWBdRkGAUdRS2WS2v59HRYvbVviz8Gzomgt',
      '9AbW2CpmDd29Qdx2irzHoRKKX8RKuXMjsWcmh86Mtqe4',
      '5pTrEfjtKwVFRcAxh4B1rmCPJPK4G8YA5UDpgxAMsJL3',
      'gA6Ceeeoc3Qy3Rdwv1nppARG8gabKMmzHNYMv5wMAYB',
      '0xd21bc2291C1aeF340f5265E257B18aa5dafed759',
      '0x4e68Ccd3E89f51C3074ca5072bbAC773960dFa36',
      'E6nG5KBXw74xEXwNGWihUa9LUHKHs1dG75VCv9tewNN3',
      '8HxJVwg9JPEm72D3uR9jp79BTgJj1cMQaYGNELFFeL6n',
      'BhkrpVukUBTvZ7xmKTXkubGBC8VncbDNRgQgbRzExxAb',
      '0x30D59a44930B3994c116846EFe55fC8fcF608aa8',
      'AA861xs52detaJZejR53MRnmyBTR9Nru2g7z12v1fngD',
      '65oAbYggcoW2U4k65DzgnAQbm3CPfLFrA585NTB7Vj46',
      '6nZwCPVZ21LHmrsVYLZKpFwaLmrMqBGgkE1mTaSkETJy',
      '9ccRB9QYL1YFyBEM5oSGd9f6BiAmBwRJUwDvrXxAnD3z',
      'AXkK9xCyuupy9T3Tg6uvbbjoX1ENKfZmXe8qpc1ZTaoq',
      '262D9LoRepz7KCv9oMu7vHGYnwNMrhzHgnV25BHzAQky',
      '2de6Nhy5sFVYmvqpjbzN2MSsMZb34uSVvxKCXSqek8GT',
      '3xAg7YRxqQaKoSpL9mzpJ27KDeAob8jNWtpYkQFDRBv4',
      '0xF07a660776BE8CEa92f8BF91Fc2b482213d03f02',
      '72FGNDqFm1mttWnpx4T3dUvABeJ4nytxQUg2jQUMCkmK',
      'LSck3bJUSkkVQKzyjd8kMHEycMY52Ems5DeYeuXngMA',
      'G69UieGxtHvVhtfFeJfk4NA18AS6kJE8c7PY6erpfuBx',
      '4xmSszrPwSrqWFN3TE9djvH4ZMzSfw8iFqvTJ1S8MwPF',
      '7Q6SSQiiPtrdE24Pp7pDMoTKnhxFF7fCjZgtpK1G2iJS',
      '0x48DA0965ab2d2cbf1C17C09cFB5Cbe67Ad5B1406',
      '7AEu3shCo6wq9Q4L1fFrmLxDR5ud997ojxhkpArhuvQL',
      'FAAwKMiRSxg5Ly9kF7fTic9TPsUtAsBE8GzYJHGUBBnE',
      '8FweVMxdZDERdJ2m6YZgA2SfDSCYQr2LSPDEADExEWqM',
      'BGm1tav58oGcsQJehL9WXBFXF7D27vZsKefj4xJKD5Y',
      'DSDKsFEFMgosh4LXWJho2yZdmrRS8EuUCcEv8fZXcVVM',
      '0x4D3bF29Ba30f8Bfe4624e7678709afA195689c5D',
      '65jZDZQNgUUjn8nzWfWfCjTt8GADchcPQstSJrHLVgtD',
      '0x51CD0752767F7EAA094b6a2D42481cE856966796',
      'H4dsseSVJhvUeQjsh3CxFfvTcVXMJKkgG5nvGDSUJfyN',
      'EciycbwXyaC42yHTexhvZNt8mLrTtjcCegRXz5gDS3bK',
      'D9h5PPpHDa7ba95HiyLeYjnXCinGhhdjhcoeFJQ2cf7z',
      'FDqFiYe3QfKiLBfav7GW4EsGh3Jt465tBqLg7HTnrkqR',
      'ALnyJnYCgFqLuJEFajqBjbDp7k9apSxARLFBE736U1ZF',
      'CtVm6wRPUFdgc8uh2NhFrM5fgsRAKwNZPXEuw8btXmHt',
      'AieAwfurtuySgUoNbrABJUNGCpHA2UPsDWawn5WuYuUz'
    ]
  },
  filters: {
    excludeHoneypots: false,
    chains: [ 'ETH', 'SOL', 'BASE', 'BSC' ],
    minVolume: 0,
    maxAgeHours: null,
    minMcap: 0,
    limit: 200,
    tokenQuery: '',
    includeStale: false,
    includeDegraded: false
  },
  wpegPrices: {},
  version: 1
}
tokensReducer executed { type: 'scanner/pairs' }
tokensReducer state after action: {
  byId: {
    '0xF65a021508f0Ed52C2C1C38cD9F6c3ff04f240a9': {
      id: '0xF65a021508f0Ed52C2C1C38cD9F6c3ff04f240a9',
      tokenName: 'Sickburn Inu',
      tokenSymbol: 'SBI',
      tokenAddress: '0x0BEE91533Be2EDE0936Ea53457Ce7bd9b0B398c6',
      pairAddress: '0xF65a021508f0Ed52C2C1C38cD9F6c3ff04f240a9',
      chain: 'ETH',
      exchange: '0x7a250d5630B4cF539739dF2C5dAcb4c659F2488D',
      priceUsd: 0,
      volumeUsd: 483095431.62,
      mcap: 11944.834205863863,
      priceChangePcs: [Object],
      transactions: [Object],
      audit: [Object],
      security: [Object],
      tokenCreatedTimestamp: 2023-04-20T21:22:23.000Z,
      liquidity: [Object],
      history: [Object],
      scannerAt: 1758994653559
    },
    '0xf65a021508f0ed52c2c1c38cd9f6c3ff04f240a9': {
      id: '0xF65a021508f0Ed52C2C1C38cD9F6c3ff04f240a9',
      tokenName: 'Sickburn Inu',
      tokenSymbol: 'SBI',
      tokenAddress: '0x0BEE91533Be2EDE0936Ea53457Ce7bd9b0B398c6',
      pairAddress: '0xF65a021508f0Ed52C2C1C38cD9F6c3ff04f240a9',
      chain: 'ETH',
      exchange: '0x7a250d5630B4cF539739dF2C5dAcb4c659F2488D',
      priceUsd: 0,
      volumeUsd: 483095431.62,
      mcap: 11944.834205863863,
      priceChangePcs: [Object],
      transactions: [Object],
      audit: [Object],
      security: [Object],
      tokenCreatedTimestamp: 2023-04-20T21:22:23.000Z,
      liquidity: [Object],
      history: [Object],
      scannerAt: 1758994653559
    },
    '0x172fcD41E0913e95784454622d1c3724f546f849': {
      id: '0x172fcD41E0913e95784454622d1c3724f546f849',
      tokenName: 'Tether USD',
      tokenSymbol: 'USDT',
      tokenAddress: '0x55d398326f99059fF775485246999027B3197955',
      pairAddress: '0x172fcD41E0913e95784454622d1c3724f546f849',
      chain: 'BSC',
      exchange: '0x1b81D678ffb9C0263b24A97847620C99d213eB14',
      priceUsd: 1.0003248226424524,
      volumeUsd: 302823157.87,
      mcap: 7483969539.99,
      priceChangePcs: [Object],
      transactions: [Object],
      audit: [Object],
      security: [Object],
      tokenCreatedTimestamp: 2022-05-13T09:04:03.000Z,
      liquidity: [Object],
      history: [Object],
      scannerAt: 1758994653559
    },
    '0x172fcd41e0913e95784454622d1c3724f546f849': {
      id: '0x172fcD41E0913e95784454622d1c3724f546f849',
      tokenName: 'Tether USD',
      tokenSymbol: 'USDT',
      tokenAddress: '0x55d398326f99059fF775485246999027B3197955',
      pairAddress: '0x172fcD41E0913e95784454622d1c3724f546f849',
      chain: 'BSC',
      exchange: '0x1b81D678ffb9C0263b24A97847620C99d213eB14',
      priceUsd: 1.0003248226424524,
      volumeUsd: 302823157.87,
      mcap: 7483969539.99,
      priceChangePcs: [Object],
      transactions: [Object],
      audit: [Object],
      security: [Object],
      tokenCreatedTimestamp: 2022-05-13T09:04:03.000Z,
      liquidity: [Object],
      history: [Object],
      scannerAt: 1758994653559
    },
    '4VCAmmx2szE1BBQeF2w3zt2w9F5nFvxJtDtRjYKK1WLd': {
      id: '4VCAmmx2szE1BBQeF2w3zt2w9F5nFvxJtDtRjYKK1WLd',
      tokenName: 'Mask Coin',
      tokenSymbol: 'MetaMask',
      tokenAddress: 'AyTeAqqfmKeQdBdhtLzwmW8vPE2xeW9Re7BbArfLhdWf',
      pairAddress: '4VCAmmx2szE1BBQeF2w3zt2w9F5nFvxJtDtRjYKK1WLd',
      chain: 'SOL',
      exchange: 'pAMMBay6oceH9fJKBRHGP5D4bD4sWpmSwMn52FMfXEA',
      priceUsd: 0,
      volumeUsd: 274174439.89,
      mcap: 1067837.06,
      priceChangePcs: [Object],
      transactions: [Object],
      audit: [Object],
      security: [Object],
      tokenCreatedTimestamp: 2025-09-26T16:45:30.000Z,
      liquidity: [Object],
      history: [Object],
      scannerAt: 1758994653559
    },
    '4vcammx2sze1bbqef2w3zt2w9f5nfvxjtdtrjykk1wld': {
      id: '4VCAmmx2szE1BBQeF2w3zt2w9F5nFvxJtDtRjYKK1WLd',
      tokenName: 'Mask Coin',
      tokenSymbol: 'MetaMask',
      tokenAddress: 'AyTeAqqfmKeQdBdhtLzwmW8vPE2xeW9Re7BbArfLhdWf',
      pairAddress: '4VCAmmx2szE1BBQeF2w3zt2w9F5nFvxJtDtRjYKK1WLd',
      chain: 'SOL',
      exchange: 'pAMMBay6oceH9fJKBRHGP5D4bD4sWpmSwMn52FMfXEA',
      priceUsd: 0,
      volumeUsd: 274174439.89,
      mcap: 1067837.06,
      priceChangePcs: [Object],
      transactions: [Object],
      audit: [Object],
      security: [Object],
      tokenCreatedTimestamp: 2025-09-26T16:45:30.000Z,
      liquidity: [Object],
      history: [Object],
      scannerAt: 1758994653559
    },
    '6aCxf9vimJNQ8aC2W69f79AHrZhq5mcYq9ciCL6fn7KM': {
      id: '6aCxf9vimJNQ8aC2W69f79AHrZhq5mcYq9ciCL6fn7KM',
      tokenName: 'Falcon Finance',
      tokenSymbol: 'FF',
      tokenAddress: 'DqjhEgkNQM49r17PMJCkaQXDF4CVezo3VbGvQrGGL83N',
      pairAddress: '6aCxf9vimJNQ8aC2W69f79AHrZhq5mcYq9ciCL6fn7KM',
      chain: 'SOL',
      exchange: 'pAMMBay6oceH9fJKBRHGP5D4bD4sWpmSwMn52FMfXEA',
      priceUsd: 0,
      volumeUsd: 194493582.85,
      mcap: 1430328.15,
      priceChangePcs: [Object],
      transactions: [Object],
      audit: [Object],
      security: [Object],
      tokenCreatedTimestamp: 2025-09-27T03:22:30.000Z,
      liquidity: [Object],
      history: [Object],
      scannerAt: 1758994653559
    },
    '6acxf9vimjnq8ac2w69f79ahrzhq5mcyq9cicl6fn7km': {
      id: '6aCxf9vimJNQ8aC2W69f79AHrZhq5mcYq9ciCL6fn7KM',
      tokenName: 'Falcon Finance',
      tokenSymbol: 'FF',
      tokenAddress: 'DqjhEgkNQM49r17PMJCkaQXDF4CVezo3VbGvQrGGL83N',
      pairAddress: '6aCxf9vimJNQ8aC2W69f79AHrZhq5mcYq9ciCL6fn7KM',
      chain: 'SOL',
      exchange: 'pAMMBay6oceH9fJKBRHGP5D4bD4sWpmSwMn52FMfXEA',
      priceUsd: 0,
      volumeUsd: 194493582.85,
      mcap: 1430328.15,
      priceChangePcs: [Object],
      transactions: [Object],
      audit: [Object],
      security: [Object],
      tokenCreatedTimestamp: 2025-09-27T03:22:30.000Z,
      liquidity: [Object],
      history: [Object],
      scannerAt: 1758994653559
    },
    '0xCF39e58ed4deCc9ef7Bdb2F9335602DC22BE99b4': {
      id: '0xCF39e58ed4deCc9ef7Bdb2F9335602DC22BE99b4',
      tokenName: 'World of Dypians',
      tokenSymbol: 'WoD',
      tokenAddress: '0xb994882a1b9bd98A71Dd6ea5F61577c42848B0E8',
      pairAddress: '0xCF39e58ed4deCc9ef7Bdb2F9335602DC22BE99b4',
      chain: 'BSC',
      exchange: '0x1b81D678ffb9C0263b24A97847620C99d213eB14',
      priceUsd: 0.10575612367189116,
      volumeUsd: 175890037.99,
      mcap: 105189484.58,
      priceChangePcs: [Object],
      transactions: [Object],
      audit: [Object],
      security: [Object],
      tokenCreatedTimestamp: 2025-01-02T11:55:56.000Z,
      liquidity: [Object],
      history: [Object],
      scannerAt: 1758994653559
    },
    '0xcf39e58ed4decc9ef7bdb2f9335602dc22be99b4': {
      id: '0xCF39e58ed4deCc9ef7Bdb2F9335602DC22BE99b4',
      tokenName: 'World of Dypians',
      tokenSymbol: 'WoD',
      tokenAddress: '0xb994882a1b9bd98A71Dd6ea5F61577c42848B0E8',
      pairAddress: '0xCF39e58ed4deCc9ef7Bdb2F9335602DC22BE99b4',
      chain: 'BSC',
      exchange: '0x1b81D678ffb9C0263b24A97847620C99d213eB14',
      priceUsd: 0.10575612367189116,
      volumeUsd: 175890037.99,
      mcap: 105189484.58,
      priceChangePcs: [Object],
      transactions: [Object],
      audit: [Object],
      security: [Object],
      tokenCreatedTimestamp: 2025-01-02T11:55:56.000Z,
      liquidity: [Object],
      history: [Object],
      scannerAt: 1758994653559
    },
    '4fDu1gxCJtqYdrovT7Hba67NzuaHsd8Kg9PXnBZNDdcq': {
      id: '4fDu1gxCJtqYdrovT7Hba67NzuaHsd8Kg9PXnBZNDdcq',
      tokenName: 'Mask Coin',
      tokenSymbol: 'MetaMask',
      tokenAddress: 'DBqwHc6iufkUPAQ9Yp5wcR9ovwowVksbmDF2eqJndUdN',
      pairAddress: '4fDu1gxCJtqYdrovT7Hba67NzuaHsd8Kg9PXnBZNDdcq',
      chain: 'SOL',
      exchange: 'pAMMBay6oceH9fJKBRHGP5D4bD4sWpmSwMn52FMfXEA',
      priceUsd: 0,
      volumeUsd: 161793080.1,
      mcap: 690792.94,
      priceChangePcs: [Object],
      transactions: [Object],
      audit: [Object],
      security: [Object],
      tokenCreatedTimestamp: 2025-09-27T00:38:56.000Z,
      liquidity: [Object],
      history: [Object],
      scannerAt: 1758994653559
    },
    '4fdu1gxcjtqydrovt7hba67nzuahsd8kg9pxnbznddcq': {
      id: '4fDu1gxCJtqYdrovT7Hba67NzuaHsd8Kg9PXnBZNDdcq',
      tokenName: 'Mask Coin',
      tokenSymbol: 'MetaMask',
      tokenAddress: 'DBqwHc6iufkUPAQ9Yp5wcR9ovwowVksbmDF2eqJndUdN',
      pairAddress: '4fDu1gxCJtqYdrovT7Hba67NzuaHsd8Kg9PXnBZNDdcq',
      chain: 'SOL',
      exchange: 'pAMMBay6oceH9fJKBRHGP5D4bD4sWpmSwMn52FMfXEA',
      priceUsd: 0,
      volumeUsd: 161793080.1,
      mcap: 690792.94,
      priceChangePcs: [Object],
      transactions: [Object],
      audit: [Object],
      security: [Object],
      tokenCreatedTimestamp: 2025-09-27T00:38:56.000Z,
      liquidity: [Object],
      history: [Object],
      scannerAt: 1758994653559
    },
    '2quQL4PdFzQnhs3b3F645hfteDUBcR9KppLUFshZ6YQG': {
      id: '2quQL4PdFzQnhs3b3F645hfteDUBcR9KppLUFshZ6YQG',
      tokenName: 'MetaMask Coin',
      tokenSymbol: 'MetaMask',
      tokenAddress: 'AMzzkoZKaBxim2Mqzu8zQyj23mHq2B38oaN2XSHuDoTF',
      pairAddress: '2quQL4PdFzQnhs3b3F645hfteDUBcR9KppLUFshZ6YQG',
      chain: 'SOL',
      exchange: 'pAMMBay6oceH9fJKBRHGP5D4bD4sWpmSwMn52FMfXEA',
      priceUsd: 0.001040519101,
      volumeUsd: 148976188.42,
      mcap: 1040518.12,
      priceChangePcs: [Object],
      transactions: [Object],
      audit: [Object],
      security: [Object],
      tokenCreatedTimestamp: 2025-09-27T08:44:36.000Z,
      liquidity: [Object],
      history: [Object],
      scannerAt: 1758994653559
    },
    '2quql4pdfzqnhs3b3f645hftedubcr9kpplufshz6yqg': {
      id: '2quQL4PdFzQnhs3b3F645hfteDUBcR9KppLUFshZ6YQG',
      tokenName: 'MetaMask Coin',
      tokenSymbol: 'MetaMask',
      tokenAddress: 'AMzzkoZKaBxim2Mqzu8zQyj23mHq2B38oaN2XSHuDoTF',
      pairAddress: '2quQL4PdFzQnhs3b3F645hfteDUBcR9KppLUFshZ6YQG',
      chain: 'SOL',
      exchange: 'pAMMBay6oceH9fJKBRHGP5D4bD4sWpmSwMn52FMfXEA',
      priceUsd: 0.001040519101,
      volumeUsd: 148976188.42,
      mcap: 1040518.12,
      priceChangePcs: [Object],
      transactions: [Object],
      audit: [Object],
      security: [Object],
      tokenCreatedTimestamp: 2025-09-27T08:44:36.000Z,
      liquidity: [Object],
      history: [Object],
      scannerAt: 1758994653559
    },
    '0x47a90A2d92A8367A91EfA1906bFc8c1E05bf10c4': {
      id: '0x47a90A2d92A8367A91EfA1906bFc8c1E05bf10c4',
      tokenName: 'Tether USD',
      tokenSymbol: 'USDT',
      tokenAddress: '0x55d398326f99059fF775485246999027B3197955',
      pairAddress: '0x47a90A2d92A8367A91EfA1906bFc8c1E05bf10c4',
      chain: 'BSC',
      exchange: '0xB971eF87ede563556b2ED4b1C0b0019111Dd85d2',
      priceUsd: 1.0001008289018865,
      volumeUsd: 143073377.16,
      mcap: 7482293722,
      priceChangePcs: [Object],
      transactions: [Object],
      audit: [Object],
      security: [Object],
      tokenCreatedTimestamp: 2022-05-14T21:49:54.000Z,
      liquidity: [Object],
      history: [Object],
      scannerAt: 1758994653559
    },
    '0x47a90a2d92a8367a91efa1906bfc8c1e05bf10c4': {
      id: '0x47a90A2d92A8367A91EfA1906bFc8c1E05bf10c4',
      tokenName: 'Tether USD',
      tokenSymbol: 'USDT',
      tokenAddress: '0x55d398326f99059fF775485246999027B3197955',
      pairAddress: '0x47a90A2d92A8367A91EfA1906bFc8c1E05bf10c4',
      chain: 'BSC',
      exchange: '0xB971eF87ede563556b2ED4b1C0b0019111Dd85d2',
      priceUsd: 1.0001008289018865,
      volumeUsd: 143073377.16,
      mcap: 7482293722,
      priceChangePcs: [Object],
      transactions: [Object],
      audit: [Object],
      security: [Object],
      tokenCreatedTimestamp: 2022-05-14T21:49:54.000Z,
      liquidity: [Object],
      history: [Object],
      scannerAt: 1758994653559
    },
    '0xf2F84C274F715ba1fE7D1D28a4E377Fb59A33386': {
      id: '0xf2F84C274F715ba1fE7D1D28a4E377Fb59A33386',
      tokenName: 'Tsunami',
      tokenSymbol: 'NAMI',
      tokenAddress: '0x7EB4DB4dDDB16A329c5aDE17a8a0178331267E28',
      pairAddress: '0xf2F84C274F715ba1fE7D1D28a4E377Fb59A33386',
      chain: 'ETH',
      exchange: '0x7a250d5630B4cF539739dF2C5dAcb4c659F2488D',
      priceUsd: 0.0012804149790016214,
      volumeUsd: 134794349.18,
      mcap: 935.51,
      priceChangePcs: [Object],
      transactions: [Object],
      audit: [Object],
      security: [Object],
      tokenCreatedTimestamp: 2020-10-23T09:47:51.000Z,
      liquidity: [Object],
      history: [Object],
      scannerAt: 1758994653559
    },
    '0xf2f84c274f715ba1fe7d1d28a4e377fb59a33386': {
      id: '0xf2F84C274F715ba1fE7D1D28a4E377Fb59A33386',
      tokenName: 'Tsunami',
      tokenSymbol: 'NAMI',
      tokenAddress: '0x7EB4DB4dDDB16A329c5aDE17a8a0178331267E28',
      pairAddress: '0xf2F84C274F715ba1fE7D1D28a4E377Fb59A33386',
      chain: 'ETH',
      exchange: '0x7a250d5630B4cF539739dF2C5dAcb4c659F2488D',
      priceUsd: 0.0012804149790016214,
      volumeUsd: 134794349.18,
      mcap: 935.51,
      priceChangePcs: [Object],
      transactions: [Object],
      audit: [Object],
      security: [Object],
      tokenCreatedTimestamp: 2020-10-23T09:47:51.000Z,
      liquidity: [Object],
      history: [Object],
      scannerAt: 1758994653559
    },
    HzSxT5dW8GGiTaZnsdeUJur2ZregN8zR85rdYiw2udTK: {
      id: 'HzSxT5dW8GGiTaZnsdeUJur2ZregN8zR85rdYiw2udTK',
      tokenName: 'Bitlight Labs',
      tokenSymbol: 'LIGHT',
      tokenAddress: 'HhL7vXsUVFjk37fJfmHqsvcv1k9sJJKR2pan4BQJs8Ex',
      pairAddress: 'HzSxT5dW8GGiTaZnsdeUJur2ZregN8zR85rdYiw2udTK',
      chain: 'SOL',
      exchange: 'pAMMBay6oceH9fJKBRHGP5D4bD4sWpmSwMn52FMfXEA',
      priceUsd: 0,
      volumeUsd: 112231946.63,
      mcap: 1649821.99,
      priceChangePcs: [Object],
      transactions: [Object],
      audit: [Object],
      security: [Object],
      tokenCreatedTimestamp: 2025-09-26T15:08:02.000Z,
      liquidity: [Object],
      history: [Object],
      scannerAt: 1758994653559
    },
    hzsxt5dw8ggitaznsdeujur2zregn8zr85rdyiw2udtk: {
      id: 'HzSxT5dW8GGiTaZnsdeUJur2ZregN8zR85rdYiw2udTK',
      tokenName: 'Bitlight Labs',
      tokenSymbol: 'LIGHT',
      tokenAddress: 'HhL7vXsUVFjk37fJfmHqsvcv1k9sJJKR2pan4BQJs8Ex',
      pairAddress: 'HzSxT5dW8GGiTaZnsdeUJur2ZregN8zR85rdYiw2udTK',
      chain: 'SOL',
      exchange: 'pAMMBay6oceH9fJKBRHGP5D4bD4sWpmSwMn52FMfXEA',
      priceUsd: 0,
      volumeUsd: 112231946.63,
      mcap: 1649821.99,
      priceChangePcs: [Object],
      transactions: [Object],
      audit: [Object],
      security: [Object],
      tokenCreatedTimestamp: 2025-09-26T15:08:02.000Z,
      liquidity: [Object],
      history: [Object],
      scannerAt: 1758994653559
    },
    '0xcf8d62960Fb7Ce5F1359E5D9267e32B9522d5d7C': {
      id: '0xcf8d62960Fb7Ce5F1359E5D9267e32B9522d5d7C',
      tokenName: 'BURNETH',
      tokenSymbol: 'BURNETH',
      tokenAddress: '0x2EdC30CF3BB7c840c41C1BC3485Aa3619C46465a',
      pairAddress: '0xcf8d62960Fb7Ce5F1359E5D9267e32B9522d5d7C',
      chain: 'ETH',
      exchange: '0x7a250d5630B4cF539739dF2C5dAcb4c659F2488D',
      priceUsd: 1.0982931113209496e-8,
      volumeUsd: 104703000.84,
      mcap: 1079.05,
      priceChangePcs: [Object],
      transactions: [Object],
      audit: [Object],
      security: [Object],
      tokenCreatedTimestamp: 2024-10-30T08:58:59.000Z,
      liquidity: [Object],
      history: [Object],
      scannerAt: 1758994653559
    },
    '0xcf8d62960fb7ce5f1359e5d9267e32b9522d5d7c': {
      id: '0xcf8d62960Fb7Ce5F1359E5D9267e32B9522d5d7C',
      tokenName: 'BURNETH',
      tokenSymbol: 'BURNETH',
      tokenAddress: '0x2EdC30CF3BB7c840c41C1BC3485Aa3619C46465a',
      pairAddress: '0xcf8d62960Fb7Ce5F1359E5D9267e32B9522d5d7C',
      chain: 'ETH',
      exchange: '0x7a250d5630B4cF539739dF2C5dAcb4c659F2488D',
      priceUsd: 1.0982931113209496e-8,
      volumeUsd: 104703000.84,
      mcap: 1079.05,
      priceChangePcs: [Object],
      transactions: [Object],
      audit: [Object],
      security: [Object],
      tokenCreatedTimestamp: 2024-10-30T08:58:59.000Z,
      liquidity: [Object],
      history: [Object],
      scannerAt: 1758994653559
    },
    '3FMq5HUcKreBGB83pTZ5o9tEKfViofL4WqoSNJJxzCAY': {
      id: '3FMq5HUcKreBGB83pTZ5o9tEKfViofL4WqoSNJJxzCAY',
      tokenName: 'GOAT Network',
      tokenSymbol: 'GOATED',
      tokenAddress: 'C8V18XHwwP3ynMHfxVzuzoM3LANwojBaQAs6DuKtZnVm',
      pairAddress: '3FMq5HUcKreBGB83pTZ5o9tEKfViofL4WqoSNJJxzCAY',
      chain: 'SOL',
      exchange: 'pAMMBay6oceH9fJKBRHGP5D4bD4sWpmSwMn52FMfXEA',
      priceUsd: 0.0015332800169086502,
      volumeUsd: 100990280.53,
      mcap: 1533278,
      priceChangePcs: [Object],
      transactions: [Object],
      audit: [Object],
      security: [Object],
      tokenCreatedTimestamp: 2025-09-26T15:00:39.000Z,
      liquidity: [Object],
      history: [Object],
      scannerAt: 1758994653559
    },
    '3fmq5huckrebgb83ptz5o9tekfviofl4wqosnjjxzcay': {
      id: '3FMq5HUcKreBGB83pTZ5o9tEKfViofL4WqoSNJJxzCAY',
      tokenName: 'GOAT Network',
      tokenSymbol: 'GOATED',
      tokenAddress: 'C8V18XHwwP3ynMHfxVzuzoM3LANwojBaQAs6DuKtZnVm',
      pairAddress: '3FMq5HUcKreBGB83pTZ5o9tEKfViofL4WqoSNJJxzCAY',
      chain: 'SOL',
      exchange: 'pAMMBay6oceH9fJKBRHGP5D4bD4sWpmSwMn52FMfXEA',
      priceUsd: 0.0015332800169086502,
      volumeUsd: 100990280.53,
      mcap: 1533278,
      priceChangePcs: [Object],
      transactions: [Object],
      audit: [Object],
      security: [Object],
      tokenCreatedTimestamp: 2025-09-26T15:00:39.000Z,
      liquidity: [Object],
      history: [Object],
      scannerAt: 1758994653559
    },
    pWGMSzVa3bxktGVcDy8JASvM2ixeifNKFJiCK9Y4NUE: {
      id: 'pWGMSzVa3bxktGVcDy8JASvM2ixeifNKFJiCK9Y4NUE',
      tokenName: 'Official Ronaldo',
      tokenSymbol: 'CR7',
      tokenAddress: 'FdpvkaYHkUD5vYHxAmS4foJrer1eoL9YwUFyVSdF6KFC',
      pairAddress: 'pWGMSzVa3bxktGVcDy8JASvM2ixeifNKFJiCK9Y4NUE',
      chain: 'SOL',
      exchange: 'pAMMBay6oceH9fJKBRHGP5D4bD4sWpmSwMn52FMfXEA',
      priceUsd: 0.00005194339731605096,
      volumeUsd: 99544504.23,
      mcap: 51943.38,
      priceChangePcs: [Object],
      transactions: [Object],
      audit: [Object],
      security: [Object],
      tokenCreatedTimestamp: 2025-09-26T16:12:55.000Z,
      liquidity: [Object],
      history: [Object],
      scannerAt: 1758994653559
    },
    pwgmszva3bxktgvcdy8jasvm2ixeifnkfjick9y4nue: {
      id: 'pWGMSzVa3bxktGVcDy8JASvM2ixeifNKFJiCK9Y4NUE',
      tokenName: 'Official Ronaldo',
      tokenSymbol: 'CR7',
      tokenAddress: 'FdpvkaYHkUD5vYHxAmS4foJrer1eoL9YwUFyVSdF6KFC',
      pairAddress: 'pWGMSzVa3bxktGVcDy8JASvM2ixeifNKFJiCK9Y4NUE',
      chain: 'SOL',
      exchange: 'pAMMBay6oceH9fJKBRHGP5D4bD4sWpmSwMn52FMfXEA',
      priceUsd: 0.00005194339731605096,
      volumeUsd: 99544504.23,
      mcap: 51943.38,
      priceChangePcs: [Object],
      transactions: [Object],
      audit: [Object],
      security: [Object],
      tokenCreatedTimestamp: 2025-09-26T16:12:55.000Z,
      liquidity: [Object],
      history: [Object],
      scannerAt: 1758994653559
    },
    GTc2CX4pBzZEtN6PtLmnhZpFMkTXVnxnoJJhaKsaUgCe: {
      id: 'GTc2CX4pBzZEtN6PtLmnhZpFMkTXVnxnoJJhaKsaUgCe',
      tokenName: 'MetaMask Coin',
      tokenSymbol: 'MetaMask',
      tokenAddress: '91dpHfnGBkkrgQfjyTEVKuVxUdkMnCBHVV2DCdfMsBAU',
      pairAddress: 'GTc2CX4pBzZEtN6PtLmnhZpFMkTXVnxnoJJhaKsaUgCe',
      chain: 'SOL',
      exchange: 'pAMMBay6oceH9fJKBRHGP5D4bD4sWpmSwMn52FMfXEA',
      priceUsd: 0.0007352460896898907,
      volumeUsd: 96743573.35,
      mcap: 735245.53,
      priceChangePcs: [Object],
      transactions: [Object],
      audit: [Object],
      security: [Object],
      tokenCreatedTimestamp: 2025-09-26T11:52:59.000Z,
      liquidity: [Object],
      history: [Object],
      scannerAt: 1758994653559
    },
    gtc2cx4pbzzetn6ptlmnhzpfmktxvnxnojjhaksaugce: {
      id: 'GTc2CX4pBzZEtN6PtLmnhZpFMkTXVnxnoJJhaKsaUgCe',
      tokenName: 'MetaMask Coin',
      tokenSymbol: 'MetaMask',
      tokenAddress: '91dpHfnGBkkrgQfjyTEVKuVxUdkMnCBHVV2DCdfMsBAU',
      pairAddress: 'GTc2CX4pBzZEtN6PtLmnhZpFMkTXVnxnoJJhaKsaUgCe',
      chain: 'SOL',
      exchange: 'pAMMBay6oceH9fJKBRHGP5D4bD4sWpmSwMn52FMfXEA',
      priceUsd: 0.0007352460896898907,
      volumeUsd: 96743573.35,
      mcap: 735245.53,
      priceChangePcs: [Object],
      transactions: [Object],
      audit: [Object],
      security: [Object],
      tokenCreatedTimestamp: 2025-09-26T11:52:59.000Z,
      liquidity: [Object],
      history: [Object],
      scannerAt: 1758994653559
    },
    p3sLcnFeCcFtfMhUVR9b4x6mCcFymhnKmineJAA6Jp5: {
      id: 'p3sLcnFeCcFtfMhUVR9b4x6mCcFymhnKmineJAA6Jp5',
      tokenName: 'GOAT Network',
      tokenSymbol: 'GOATED',
      tokenAddress: 'FmmLMdrGAXEpJLNTFsqL6g5ubF2DA6Tkf8fGhTeijKYe',
      pairAddress: 'p3sLcnFeCcFtfMhUVR9b4x6mCcFymhnKmineJAA6Jp5',
      chain: 'SOL',
      exchange: 'pAMMBay6oceH9fJKBRHGP5D4bD4sWpmSwMn52FMfXEA',
      priceUsd: 0,
      volumeUsd: 95610153.76,
      mcap: 1394820.34,
      priceChangePcs: [Object],
      transactions: [Object],
      audit: [Object],
      security: [Object],
      tokenCreatedTimestamp: 2025-09-27T04:34:56.000Z,
      liquidity: [Object],
      history: [Object],
      scannerAt: 1758994653560
    },
    p3slcnfeccftfmhuvr9b4x6mccfymhnkminejaa6jp5: {
      id: 'p3sLcnFeCcFtfMhUVR9b4x6mCcFymhnKmineJAA6Jp5',
      tokenName: 'GOAT Network',
      tokenSymbol: 'GOATED',
      tokenAddress: 'FmmLMdrGAXEpJLNTFsqL6g5ubF2DA6Tkf8fGhTeijKYe',
      pairAddress: 'p3sLcnFeCcFtfMhUVR9b4x6mCcFymhnKmineJAA6Jp5',
      chain: 'SOL',
      exchange: 'pAMMBay6oceH9fJKBRHGP5D4bD4sWpmSwMn52FMfXEA',
      priceUsd: 0,
      volumeUsd: 95610153.76,
      mcap: 1394820.34,
      priceChangePcs: [Object],
      transactions: [Object],
      audit: [Object],
      security: [Object],
      tokenCreatedTimestamp: 2025-09-27T04:34:56.000Z,
      liquidity: [Object],
      history: [Object],
      scannerAt: 1758994653560
    },
    AxSMLfSdNs1ooivbvKCdVQ15kzc2snscZJAsYZPjfBaZ: {
      id: 'AxSMLfSdNs1ooivbvKCdVQ15kzc2snscZJAsYZPjfBaZ',
      tokenName: 'Mira Network',
      tokenSymbol: 'MIRA',
      tokenAddress: 'AqYqbCzwWyziiM8z6AjW5adNbKfhtmeX7ojik5ULCA47',
      pairAddress: 'AxSMLfSdNs1ooivbvKCdVQ15kzc2snscZJAsYZPjfBaZ',
      chain: 'SOL',
      exchange: 'pAMMBay6oceH9fJKBRHGP5D4bD4sWpmSwMn52FMfXEA',
      priceUsd: 0.0007375740089581808,
      volumeUsd: 92204527.48,
      mcap: 737573,
      priceChangePcs: [Object],
      transactions: [Object],
      audit: [Object],
      security: [Object],
      tokenCreatedTimestamp: 2025-09-26T17:58:18.000Z,
      liquidity: [Object],
      history: [Object],
      scannerAt: 1758994653560
    },
    axsmlfsdns1ooivbvkcdvq15kzc2snsczjasyzpjfbaz: {
      id: 'AxSMLfSdNs1ooivbvKCdVQ15kzc2snscZJAsYZPjfBaZ',
      tokenName: 'Mira Network',
      tokenSymbol: 'MIRA',
      tokenAddress: 'AqYqbCzwWyziiM8z6AjW5adNbKfhtmeX7ojik5ULCA47',
      pairAddress: 'AxSMLfSdNs1ooivbvKCdVQ15kzc2snscZJAsYZPjfBaZ',
      chain: 'SOL',
      exchange: 'pAMMBay6oceH9fJKBRHGP5D4bD4sWpmSwMn52FMfXEA',
      priceUsd: 0.0007375740089581808,
      volumeUsd: 92204527.48,
      mcap: 737573,
      priceChangePcs: [Object],
      transactions: [Object],
      audit: [Object],
      security: [Object],
      tokenCreatedTimestamp: 2025-09-26T17:58:18.000Z,
      liquidity: [Object],
      history: [Object],
      scannerAt: 1758994653560
    },
    '7eRYcKmvtFBot3dDGTeiQjxt65FdHRJTDhmnDTt24MK1': {
      id: '7eRYcKmvtFBot3dDGTeiQjxt65FdHRJTDhmnDTt24MK1',
      tokenName: 'GOAT Network',
      tokenSymbol: 'GOATED',
      tokenAddress: 'DsACiNAtf8TXj1kARsnb2Fa3JhKfxBz9VpQ2fnwJnjXK',
      pairAddress: '7eRYcKmvtFBot3dDGTeiQjxt65FdHRJTDhmnDTt24MK1',
      chain: 'SOL',
      exchange: 'pAMMBay6oceH9fJKBRHGP5D4bD4sWpmSwMn52FMfXEA',
      priceUsd: 0.001359642161847149,
      volumeUsd: 89783004.71,
      mcap: 1359642.08,
      priceChangePcs: [Object],
      transactions: [Object],
      audit: [Object],
      security: [Object],
      tokenCreatedTimestamp: 2025-09-26T19:14:27.000Z,
      liquidity: [Object],
      history: [Object],
      scannerAt: 1758994653560
    },
    '7eryckmvtfbot3ddgteiqjxt65fdhrjtdhmndtt24mk1': {
      id: '7eRYcKmvtFBot3dDGTeiQjxt65FdHRJTDhmnDTt24MK1',
      tokenName: 'GOAT Network',
      tokenSymbol: 'GOATED',
      tokenAddress: 'DsACiNAtf8TXj1kARsnb2Fa3JhKfxBz9VpQ2fnwJnjXK',
      pairAddress: '7eRYcKmvtFBot3dDGTeiQjxt65FdHRJTDhmnDTt24MK1',
      chain: 'SOL',
      exchange: 'pAMMBay6oceH9fJKBRHGP5D4bD4sWpmSwMn52FMfXEA',
      priceUsd: 0.001359642161847149,
      volumeUsd: 89783004.71,
      mcap: 1359642.08,
      priceChangePcs: [Object],
      transactions: [Object],
      audit: [Object],
      security: [Object],
      tokenCreatedTimestamp: 2025-09-26T19:14:27.000Z,
      liquidity: [Object],
      history: [Object],
      scannerAt: 1758994653560
    },
    '2xjWY4bXE7gH2YkoxuEN4DuC8SLi97gboEgVGE8ZSrWS': {
      id: '2xjWY4bXE7gH2YkoxuEN4DuC8SLi97gboEgVGE8ZSrWS',
      tokenName: 'Falcon Finance',
      tokenSymbol: 'FF',
      tokenAddress: 'Fibx6SzLVcqxicX3uDTqKZ8kZGJkFxXMcKmPLM7BsyNC',
      pairAddress: '2xjWY4bXE7gH2YkoxuEN4DuC8SLi97gboEgVGE8ZSrWS',
      chain: 'SOL',
      exchange: 'pAMMBay6oceH9fJKBRHGP5D4bD4sWpmSwMn52FMfXEA',
      priceUsd: 0,
      volumeUsd: 89155145.5,
      mcap: 1141097.07,
      priceChangePcs: [Object],
      transactions: [Object],
      audit: [Object],
      security: [Object],
      tokenCreatedTimestamp: 2025-09-26T22:00:52.000Z,
      liquidity: [Object],
      history: [Object],
      scannerAt: 1758994653560
    },
    '2xjwy4bxe7gh2ykoxuen4duc8sli97gboegvge8zsrws': {
      id: '2xjWY4bXE7gH2YkoxuEN4DuC8SLi97gboEgVGE8ZSrWS',
      tokenName: 'Falcon Finance',
      tokenSymbol: 'FF',
      tokenAddress: 'Fibx6SzLVcqxicX3uDTqKZ8kZGJkFxXMcKmPLM7BsyNC',
      pairAddress: '2xjWY4bXE7gH2YkoxuEN4DuC8SLi97gboEgVGE8ZSrWS',
      chain: 'SOL',
      exchange: 'pAMMBay6oceH9fJKBRHGP5D4bD4sWpmSwMn52FMfXEA',
      priceUsd: 0,
      volumeUsd: 89155145.5,
      mcap: 1141097.07,
      priceChangePcs: [Object],
      transactions: [Object],
      audit: [Object],
      security: [Object],
      tokenCreatedTimestamp: 2025-09-26T22:00:52.000Z,
      liquidity: [Object],
      history: [Object],
      scannerAt: 1758994653560
    },
    ExT1saY11BgVtKwDE8d9vm1Yh9bQ5Gh8r4UNVY1b1Tts: {
      id: 'ExT1saY11BgVtKwDE8d9vm1Yh9bQ5Gh8r4UNVY1b1Tts',
      tokenName: 'OpenEden_X',
      tokenSymbol: 'EDEN',
      tokenAddress: 'A1uqzuceHaMXXNNt9YMtr99KvNh9eJFhnw9BhdX4gHZy',
      pairAddress: 'ExT1saY11BgVtKwDE8d9vm1Yh9bQ5Gh8r4UNVY1b1Tts',
      chain: 'SOL',
      exchange: 'pAMMBay6oceH9fJKBRHGP5D4bD4sWpmSwMn52FMfXEA',
      priceUsd: 0.0009380118928188284,
      volumeUsd: 82808629.07,
      mcap: 937970.12,
      priceChangePcs: [Object],
      transactions: [Object],
      audit: [Object],
      security: [Object],
      tokenCreatedTimestamp: 2025-09-26T21:21:51.000Z,
      liquidity: [Object],
      history: [Object],
      scannerAt: 1758994653560
    },
    ext1say11bgvtkwde8d9vm1yh9bq5gh8r4unvy1b1tts: {
      id: 'ExT1saY11BgVtKwDE8d9vm1Yh9bQ5Gh8r4UNVY1b1Tts',
      tokenName: 'OpenEden_X',
      tokenSymbol: 'EDEN',
      tokenAddress: 'A1uqzuceHaMXXNNt9YMtr99KvNh9eJFhnw9BhdX4gHZy',
      pairAddress: 'ExT1saY11BgVtKwDE8d9vm1Yh9bQ5Gh8r4UNVY1b1Tts',
      chain: 'SOL',
      exchange: 'pAMMBay6oceH9fJKBRHGP5D4bD4sWpmSwMn52FMfXEA',
      priceUsd: 0.0009380118928188284,
      volumeUsd: 82808629.07,
      mcap: 937970.12,
      priceChangePcs: [Object],
      transactions: [Object],
      audit: [Object],
      security: [Object],
      tokenCreatedTimestamp: 2025-09-26T21:21:51.000Z,
      liquidity: [Object],
      history: [Object],
      scannerAt: 1758994653560
    },
    '82ZgX2tHeVTmTt5z2Eqo7cZe99bK22PwyVRNVJF9aMaV': {
      id: '82ZgX2tHeVTmTt5z2Eqo7cZe99bK22PwyVRNVJF9aMaV',
      tokenName: 'GOAT Network',
      tokenSymbol: 'GOATED',
      tokenAddress: '71rYYNZ1bybEPh4vBBAyWg1wgm2n66pcwFbRv5uorWPS',
      pairAddress: '82ZgX2tHeVTmTt5z2Eqo7cZe99bK22PwyVRNVJF9aMaV',
      chain: 'SOL',
      exchange: 'pAMMBay6oceH9fJKBRHGP5D4bD4sWpmSwMn52FMfXEA',
      priceUsd: 0,
      volumeUsd: 81790606.33,
      mcap: 1228310.56,
      priceChangePcs: [Object],
      transactions: [Object],
      audit: [Object],
      security: [Object],
      tokenCreatedTimestamp: 2025-09-27T09:20:38.000Z,
      liquidity: [Object],
      history: [Object],
      scannerAt: 1758994653560
    },
    '82zgx2thevtmtt5z2eqo7cze99bk22pwyvrnvjf9amav': {
      id: '82ZgX2tHeVTmTt5z2Eqo7cZe99bK22PwyVRNVJF9aMaV',
      tokenName: 'GOAT Network',
      tokenSymbol: 'GOATED',
      tokenAddress: '71rYYNZ1bybEPh4vBBAyWg1wgm2n66pcwFbRv5uorWPS',
      pairAddress: '82ZgX2tHeVTmTt5z2Eqo7cZe99bK22PwyVRNVJF9aMaV',
      chain: 'SOL',
      exchange: 'pAMMBay6oceH9fJKBRHGP5D4bD4sWpmSwMn52FMfXEA',
      priceUsd: 0,
      volumeUsd: 81790606.33,
      mcap: 1228310.56,
      priceChangePcs: [Object],
      transactions: [Object],
      audit: [Object],
      security: [Object],
      tokenCreatedTimestamp: 2025-09-27T09:20:38.000Z,
      liquidity: [Object],
      history: [Object],
      scannerAt: 1758994653560
    },
    G75wBqjLJbZSn5p1GNwnmBgkKVwRcXKP3FaSiYgpmcRw: {
      id: 'G75wBqjLJbZSn5p1GNwnmBgkKVwRcXKP3FaSiYgpmcRw',
      tokenName: 'GOAT Network',
      tokenSymbol: 'GOATED🟡',
      tokenAddress: 'CX1shFVzc3G8VpmDg73TMYHNrTeZFT4Yz5JWUBy2sDZv',
      pairAddress: 'G75wBqjLJbZSn5p1GNwnmBgkKVwRcXKP3FaSiYgpmcRw',
      chain: 'SOL',
      exchange: 'pAMMBay6oceH9fJKBRHGP5D4bD4sWpmSwMn52FMfXEA',
      priceUsd: 0,
      volumeUsd: 81632799.06,
      mcap: 31971.95,
      priceChangePcs: [Object],
      transactions: [Object],
      audit: [Object],
      security: [Object],
      tokenCreatedTimestamp: 2025-09-27T05:59:35.000Z,
      liquidity: [Object],
      history: [Object],
      scannerAt: 1758994653560
    },
    g75wbqjljbzsn5p1gnwnmbgkkvwrcxkp3fasiygpmcrw: {
      id: 'G75wBqjLJbZSn5p1GNwnmBgkKVwRcXKP3FaSiYgpmcRw',
      tokenName: 'GOAT Network',
      tokenSymbol: 'GOATED🟡',
      tokenAddress: 'CX1shFVzc3G8VpmDg73TMYHNrTeZFT4Yz5JWUBy2sDZv',
      pairAddress: 'G75wBqjLJbZSn5p1GNwnmBgkKVwRcXKP3FaSiYgpmcRw',
      chain: 'SOL',
      exchange: 'pAMMBay6oceH9fJKBRHGP5D4bD4sWpmSwMn52FMfXEA',
      priceUsd: 0,
      volumeUsd: 81632799.06,
      mcap: 31971.95,
      priceChangePcs: [Object],
      transactions: [Object],
      audit: [Object],
      security: [Object],
      tokenCreatedTimestamp: 2025-09-27T05:59:35.000Z,
      liquidity: [Object],
      history: [Object],
      scannerAt: 1758994653560
    },
    EiuKuPvi9Cv2eQdSTcBHTkD4KcnM76XzoaCmjwnW6aw3: {
      id: 'EiuKuPvi9Cv2eQdSTcBHTkD4KcnM76XzoaCmjwnW6aw3',
      tokenName: 'Falcon Finance',
      tokenSymbol: 'FF',
      tokenAddress: 'bseLibkFaXTrG7RbTVQ2gspPvDuTbXBwxD28VyvEx7s',
      pairAddress: 'EiuKuPvi9Cv2eQdSTcBHTkD4KcnM76XzoaCmjwnW6aw3',
      chain: 'SOL',
      exchange: 'pAMMBay6oceH9fJKBRHGP5D4bD4sWpmSwMn52FMfXEA',
      priceUsd: 0.0009881765395042168,
      volumeUsd: 78735598.86,
      mcap: 988176.3,
      priceChangePcs: [Object],
      transactions: [Object],
      audit: [Object],
      security: [Object],
      tokenCreatedTimestamp: 2025-09-26T15:10:13.000Z,
      liquidity: [Object],
      history: [Object],
      scannerAt: 1758994653560
    },
    eiukupvi9cv2eqdstcbhtkd4kcnm76xzoacmjwnw6aw3: {
      id: 'EiuKuPvi9Cv2eQdSTcBHTkD4KcnM76XzoaCmjwnW6aw3',
      tokenName: 'Falcon Finance',
      tokenSymbol: 'FF',
      tokenAddress: 'bseLibkFaXTrG7RbTVQ2gspPvDuTbXBwxD28VyvEx7s',
      pairAddress: 'EiuKuPvi9Cv2eQdSTcBHTkD4KcnM76XzoaCmjwnW6aw3',
      chain: 'SOL',
      exchange: 'pAMMBay6oceH9fJKBRHGP5D4bD4sWpmSwMn52FMfXEA',
      priceUsd: 0.0009881765395042168,
      volumeUsd: 78735598.86,
      mcap: 988176.3,
      priceChangePcs: [Object],
      transactions: [Object],
      audit: [Object],
      security: [Object],
      tokenCreatedTimestamp: 2025-09-26T15:10:13.000Z,
      liquidity: [Object],
      history: [Object],
      scannerAt: 1758994653560
    },
    Jjy3AkTgDfuQmwcemcA5A7Es5gT2UdiWKuEYEkNXwg7: {
      id: 'Jjy3AkTgDfuQmwcemcA5A7Es5gT2UdiWKuEYEkNXwg7',
      tokenName: 'MetaMask Coin',
      tokenSymbol: 'MetaMask',
      tokenAddress: '3eU4mPJbiGJ7PokKuYZywQrfZZtd4h4BYkmYdbA9CDJo',
      pairAddress: 'Jjy3AkTgDfuQmwcemcA5A7Es5gT2UdiWKuEYEkNXwg7',
      chain: 'SOL',
      exchange: 'pAMMBay6oceH9fJKBRHGP5D4bD4sWpmSwMn52FMfXEA',
      priceUsd: 0,
      volumeUsd: 78546838.49,
      mcap: 554635.8,
      priceChangePcs: [Object],
      transactions: [Object],
      audit: [Object],
      security: [Object],
      tokenCreatedTimestamp: 2025-09-27T06:09:44.000Z,
      liquidity: [Object],
      history: [Object],
      scannerAt: 1758994653560
    },
    jjy3aktgdfuqmwcemca5a7es5gt2udiwkueyeknxwg7: {
      id: 'Jjy3AkTgDfuQmwcemcA5A7Es5gT2UdiWKuEYEkNXwg7',
      tokenName: 'MetaMask Coin',
      tokenSymbol: 'MetaMask',
      tokenAddress: '3eU4mPJbiGJ7PokKuYZywQrfZZtd4h4BYkmYdbA9CDJo',
      pairAddress: 'Jjy3AkTgDfuQmwcemcA5A7Es5gT2UdiWKuEYEkNXwg7',
      chain: 'SOL',
      exchange: 'pAMMBay6oceH9fJKBRHGP5D4bD4sWpmSwMn52FMfXEA',
      priceUsd: 0,
      volumeUsd: 78546838.49,
      mcap: 554635.8,
      priceChangePcs: [Object],
      transactions: [Object],
      audit: [Object],
      security: [Object],
      tokenCreatedTimestamp: 2025-09-27T06:09:44.000Z,
      liquidity: [Object],
      history: [Object],
      scannerAt: 1758994653560
    },
    '3yKsk9wBH5Bqht6Q8BHJdHGEWd91UmFaSGdYPPqMerR4': {
      id: '3yKsk9wBH5Bqht6Q8BHJdHGEWd91UmFaSGdYPPqMerR4',
      tokenName: 'Mira Network',
      tokenSymbol: 'MIRA',
      tokenAddress: '8QEEkEsx8NgruD5RdmEVHcaoJDMPUz5Gq7BdZSyLCP7i',
      pairAddress: '3yKsk9wBH5Bqht6Q8BHJdHGEWd91UmFaSGdYPPqMerR4',
      chain: 'SOL',
      exchange: 'pAMMBay6oceH9fJKBRHGP5D4bD4sWpmSwMn52FMfXEA',
      priceUsd: 0,
      volumeUsd: 71255333.56,
      mcap: 481259.35,
      priceChangePcs: [Object],
      transactions: [Object],
      audit: [Object],
      security: [Object],
      tokenCreatedTimestamp: 2025-09-26T21:13:23.000Z,
      liquidity: [Object],
      history: [Object],
      scannerAt: 1758994653560
    },
    '3yksk9wbh5bqht6q8bhjdhgewd91umfasgdyppqmerr4': {
      id: '3yKsk9wBH5Bqht6Q8BHJdHGEWd91UmFaSGdYPPqMerR4',
      tokenName: 'Mira Network',
      tokenSymbol: 'MIRA',
      tokenAddress: '8QEEkEsx8NgruD5RdmEVHcaoJDMPUz5Gq7BdZSyLCP7i',
      pairAddress: '3yKsk9wBH5Bqht6Q8BHJdHGEWd91UmFaSGdYPPqMerR4',
      chain: 'SOL',
      exchange: 'pAMMBay6oceH9fJKBRHGP5D4bD4sWpmSwMn52FMfXEA',
      priceUsd: 0,
      volumeUsd: 71255333.56,
      mcap: 481259.35,
      priceChangePcs: [Object],
      transactions: [Object],
      audit: [Object],
      security: [Object],
      tokenCreatedTimestamp: 2025-09-26T21:13:23.000Z,
      liquidity: [Object],
      history: [Object],
      scannerAt: 1758994653560
    },
    HRaeeBu2Bhx1KDd25336ak6oeKCo7i6UjEeuxgWjqf82: {
      id: 'HRaeeBu2Bhx1KDd25336ak6oeKCo7i6UjEeuxgWjqf82',
      tokenName: 'OpenEden_X',
      tokenSymbol: 'EDEN',
      tokenAddress: 'AMGYeSWL7RwykkLNTEVMd9pDbSJrEBbypypWv8XxCZfw',
      pairAddress: 'HRaeeBu2Bhx1KDd25336ak6oeKCo7i6UjEeuxgWjqf82',
      chain: 'SOL',
      exchange: 'pAMMBay6oceH9fJKBRHGP5D4bD4sWpmSwMn52FMfXEA',
      priceUsd: 0,
      volumeUsd: 69752805.36,
      mcap: 846088.34,
      priceChangePcs: [Object],
      transactions: [Object],
      audit: [Object],
      security: [Object],
      tokenCreatedTimestamp: 2025-09-26T18:41:58.000Z,
      liquidity: [Object],
      history: [Object],
      scannerAt: 1758994653560
    },
    hraeebu2bhx1kdd25336ak6oekco7i6ujeeuxgwjqf82: {
      id: 'HRaeeBu2Bhx1KDd25336ak6oeKCo7i6UjEeuxgWjqf82',
      tokenName: 'OpenEden_X',
      tokenSymbol: 'EDEN',
      tokenAddress: 'AMGYeSWL7RwykkLNTEVMd9pDbSJrEBbypypWv8XxCZfw',
      pairAddress: 'HRaeeBu2Bhx1KDd25336ak6oeKCo7i6UjEeuxgWjqf82',
      chain: 'SOL',
      exchange: 'pAMMBay6oceH9fJKBRHGP5D4bD4sWpmSwMn52FMfXEA',
      priceUsd: 0,
      volumeUsd: 69752805.36,
      mcap: 846088.34,
      priceChangePcs: [Object],
      transactions: [Object],
      audit: [Object],
      security: [Object],
      tokenCreatedTimestamp: 2025-09-26T18:41:58.000Z,
      liquidity: [Object],
      history: [Object],
      scannerAt: 1758994653560
    },
    '3dnWHQGvTwgbYDFCLtaRBecbCF3k1ogC78hDTPyAMB4o': {
      id: '3dnWHQGvTwgbYDFCLtaRBecbCF3k1ogC78hDTPyAMB4o',
      tokenName: 'OpenEden_DEX',
      tokenSymbol: 'EDEN',
      tokenAddress: '6QXcuTqsxqi7SSzYv7xFujpHWy7hmsqWDh2HnD6yc3Ks',
      pairAddress: '3dnWHQGvTwgbYDFCLtaRBecbCF3k1ogC78hDTPyAMB4o',
      chain: 'SOL',
      exchange: 'pAMMBay6oceH9fJKBRHGP5D4bD4sWpmSwMn52FMfXEA',
      priceUsd: 0.0005233944867,
      volumeUsd: 66781147.96,
      mcap: 523394.42,
      priceChangePcs: [Object],
      transactions: [Object],
      audit: [Object],
      security: [Object],
      tokenCreatedTimestamp: 2025-09-27T04:10:00.000Z,
      liquidity: [Object],
      history: [Object],
      scannerAt: 1758994653560
    },
    '3dnwhqgvtwgbydfcltarbecbcf3k1ogc78hdtpyamb4o': {
      id: '3dnWHQGvTwgbYDFCLtaRBecbCF3k1ogC78hDTPyAMB4o',
      tokenName: 'OpenEden_DEX',
      tokenSymbol: 'EDEN',
      tokenAddress: '6QXcuTqsxqi7SSzYv7xFujpHWy7hmsqWDh2HnD6yc3Ks',
      pairAddress: '3dnWHQGvTwgbYDFCLtaRBecbCF3k1ogC78hDTPyAMB4o',
      chain: 'SOL',
      exchange: 'pAMMBay6oceH9fJKBRHGP5D4bD4sWpmSwMn52FMfXEA',
      priceUsd: 0.0005233944867,
      volumeUsd: 66781147.96,
      mcap: 523394.42,
      priceChangePcs: [Object],
      transactions: [Object],
      audit: [Object],
      security: [Object],
      tokenCreatedTimestamp: 2025-09-27T04:10:00.000Z,
      liquidity: [Object],
      history: [Object],
      scannerAt: 1758994653560
    },
    '0xc7bBeC68d12a0d1830360F8Ec58fA599bA1b0e9b': {
      id: '0xc7bBeC68d12a0d1830360F8Ec58fA599bA1b0e9b',
      tokenName: 'Tether USD',
      tokenSymbol: 'USDT',
      tokenAddress: '0xdAC17F958D2ee523a2206206994597C13D831ec7',
      pairAddress: '0xc7bBeC68d12a0d1830360F8Ec58fA599bA1b0e9b',
      chain: 'ETH',
      exchange: '0x68b3465833fb72A70ecDF485E0e4C7bD8665Fc45',
      priceUsd: 0.9992399566744775,
      volumeUsd: 64368309.88,
      mcap: 94701508584.23,
      priceChangePcs: [Object],
      transactions: [Object],
      audit: [Object],
      security: [Object],
      tokenCreatedTimestamp: 2022-12-26T04:37:47.000Z,
      liquidity: [Object],
      history: [Object],
      scannerAt: 1758994653560
    },
    '0xc7bbec68d12a0d1830360f8ec58fa599ba1b0e9b': {
      id: '0xc7bBeC68d12a0d1830360F8Ec58fA599bA1b0e9b',
      tokenName: 'Tether USD',
      tokenSymbol: 'USDT',
      tokenAddress: '0xdAC17F958D2ee523a2206206994597C13D831ec7',
      pairAddress: '0xc7bBeC68d12a0d1830360F8Ec58fA599bA1b0e9b',
      chain: 'ETH',
      exchange: '0x68b3465833fb72A70ecDF485E0e4C7bD8665Fc45',
      priceUsd: 0.9992399566744775,
      volumeUsd: 64368309.88,
      mcap: 94701508584.23,
      priceChangePcs: [Object],
      transactions: [Object],
      audit: [Object],
      security: [Object],
      tokenCreatedTimestamp: 2022-12-26T04:37:47.000Z,
      liquidity: [Object],
      history: [Object],
      scannerAt: 1758994653560
    },
    '6BJ7EWQsYHbVHni4mhfYJ32xNV6a8Tu6PSTVmrLKjKT9': {
      id: '6BJ7EWQsYHbVHni4mhfYJ32xNV6a8Tu6PSTVmrLKjKT9',
      tokenName: 'Official Ronaldo',
      tokenSymbol: 'CR7',
      tokenAddress: 'CgAJ1DwCUSjKtL1cDFrLKpSaPn6o4pmP8ZhQcxiGMF5e',
      pairAddress: '6BJ7EWQsYHbVHni4mhfYJ32xNV6a8Tu6PSTVmrLKjKT9',
      chain: 'SOL',
      exchange: 'pAMMBay6oceH9fJKBRHGP5D4bD4sWpmSwMn52FMfXEA',
      priceUsd: 0.0000219420916,
      volumeUsd: 62028114.93,
      mcap: 21942.09,
      priceChangePcs: [Object],
      transactions: [Object],
      audit: [Object],
      security: [Object],
      tokenCreatedTimestamp: 2025-09-27T09:42:26.000Z,
      liquidity: [Object],
      history: [Object],
      scannerAt: 1758994653560
    },
    '6bj7ewqsyhbvhni4mhfyj32xnv6a8tu6pstvmrlkjkt9': {
      id: '6BJ7EWQsYHbVHni4mhfYJ32xNV6a8Tu6PSTVmrLKjKT9',
      tokenName: 'Official Ronaldo',
      tokenSymbol: 'CR7',
      tokenAddress: 'CgAJ1DwCUSjKtL1cDFrLKpSaPn6o4pmP8ZhQcxiGMF5e',
      pairAddress: '6BJ7EWQsYHbVHni4mhfYJ32xNV6a8Tu6PSTVmrLKjKT9',
      chain: 'SOL',
      exchange: 'pAMMBay6oceH9fJKBRHGP5D4bD4sWpmSwMn52FMfXEA',
      priceUsd: 0.0000219420916,
      volumeUsd: 62028114.93,
      mcap: 21942.09,
      priceChangePcs: [Object],
      transactions: [Object],
      audit: [Object],
      security: [Object],
      tokenCreatedTimestamp: 2025-09-27T09:42:26.000Z,
      liquidity: [Object],
      history: [Object],
      scannerAt: 1758994653560
    },
    '0xCA3F029A70d5d90000E614afD29E5c833f33CEa5': {
      id: '0xCA3F029A70d5d90000E614afD29E5c833f33CEa5',
      tokenName: 'Ark Of Panda',
      tokenSymbol: 'AOP',
      tokenAddress: '0xd5dF4d260D7a0145F655bcBf3B398076F21016C7',
      pairAddress: '0xCA3F029A70d5d90000E614afD29E5c833f33CEa5',
      chain: 'BSC',
      exchange: '0x1b81D678ffb9C0263b24A97847620C99d213eB14',
      priceUsd: 0.06387563847609318,
      volumeUsd: 61642333.75,
      mcap: 127751276.95,
      priceChangePcs: [Object],
      transactions: [Object],
      audit: [Object],
      security: [Object],
      tokenCreatedTimestamp: 2025-09-18T07:15:21.000Z,
      liquidity: [Object],
      history: [Object],
      scannerAt: 1758994653560
    },
    '0xca3f029a70d5d90000e614afd29e5c833f33cea5': {
      id: '0xCA3F029A70d5d90000E614afD29E5c833f33CEa5',
      tokenName: 'Ark Of Panda',
      tokenSymbol: 'AOP',
      tokenAddress: '0xd5dF4d260D7a0145F655bcBf3B398076F21016C7',
      pairAddress: '0xCA3F029A70d5d90000E614afD29E5c833f33CEa5',
      chain: 'BSC',
      exchange: '0x1b81D678ffb9C0263b24A97847620C99d213eB14',
      priceUsd: 0.06387563847609318,
      volumeUsd: 61642333.75,
      mcap: 127751276.95,
      priceChangePcs: [Object],
      transactions: [Object],
      audit: [Object],
      security: [Object],
      tokenCreatedTimestamp: 2025-09-18T07:15:21.000Z,
      liquidity: [Object],
      history: [Object],
      scannerAt: 1758994653560
    },
    HcWiiZEBHBKWmHP4ZjxqwQWhGwovXUvThU4aNt4yANye: {
      id: 'HcWiiZEBHBKWmHP4ZjxqwQWhGwovXUvThU4aNt4yANye',
      tokenName: 'Bitlight Labs',
      tokenSymbol: 'LIGHT',
      tokenAddress: 'FHZBpDdytvgDFXvfXoXpR3CNiWRzs5rVqq4L1g1HKrGk',
      pairAddress: 'HcWiiZEBHBKWmHP4ZjxqwQWhGwovXUvThU4aNt4yANye',
      chain: 'SOL',
      exchange: 'pAMMBay6oceH9fJKBRHGP5D4bD4sWpmSwMn52FMfXEA',
      priceUsd: 0,
      volumeUsd: 61386942.25,
      mcap: 796524.46,
      priceChangePcs: [Object],
      transactions: [Object],
      audit: [Object],
      security: [Object],
      tokenCreatedTimestamp: 2025-09-27T02:44:11.000Z,
      liquidity: [Object],
      history: [Object],
      scannerAt: 1758994653560
    },
    hcwiizebhbkwmhp4zjxqwqwhgwovxuvthu4ant4yanye: {
      id: 'HcWiiZEBHBKWmHP4ZjxqwQWhGwovXUvThU4aNt4yANye',
      tokenName: 'Bitlight Labs',
      tokenSymbol: 'LIGHT',
      tokenAddress: 'FHZBpDdytvgDFXvfXoXpR3CNiWRzs5rVqq4L1g1HKrGk',
      pairAddress: 'HcWiiZEBHBKWmHP4ZjxqwQWhGwovXUvThU4aNt4yANye',
      chain: 'SOL',
      exchange: 'pAMMBay6oceH9fJKBRHGP5D4bD4sWpmSwMn52FMfXEA',
      priceUsd: 0,
      volumeUsd: 61386942.25,
      mcap: 796524.46,
      priceChangePcs: [Object],
      transactions: [Object],
      audit: [Object],
      security: [Object],
      tokenCreatedTimestamp: 2025-09-27T02:44:11.000Z,
      liquidity: [Object],
      history: [Object],
      scannerAt: 1758994653560
    },
    '9L3eT5BxHWo8hEpGQ3NzbmYJRSvMN4ajDtDGxsqKhQGo': {
      id: '9L3eT5BxHWo8hEpGQ3NzbmYJRSvMN4ajDtDGxsqKhQGo',
      tokenName: 'OpenEden_X@@',
      tokenSymbol: 'EDEN✨',
      tokenAddress: '3FbH4RYYVZb8AMVwLigqKigjLNtr45Hbc5iJ7QXC33MP',
      pairAddress: '9L3eT5BxHWo8hEpGQ3NzbmYJRSvMN4ajDtDGxsqKhQGo',
      chain: 'SOL',
      exchange: 'pAMMBay6oceH9fJKBRHGP5D4bD4sWpmSwMn52FMfXEA',
      priceUsd: 0,
      volumeUsd: 60604758.09,
      mcap: 515825.11,
      priceChangePcs: [Object],
      transactions: [Object],
      audit: [Object],
      security: [Object],
      tokenCreatedTimestamp: 2025-09-27T00:58:19.000Z,
      liquidity: [Object],
      history: [Object],
      scannerAt: 1758994653560
    },
    '9l3et5bxhwo8hepgq3nzbmyjrsvmn4ajdtdgxsqkhqgo': {
      id: '9L3eT5BxHWo8hEpGQ3NzbmYJRSvMN4ajDtDGxsqKhQGo',
      tokenName: 'OpenEden_X@@',
      tokenSymbol: 'EDEN✨',
      tokenAddress: '3FbH4RYYVZb8AMVwLigqKigjLNtr45Hbc5iJ7QXC33MP',
      pairAddress: '9L3eT5BxHWo8hEpGQ3NzbmYJRSvMN4ajDtDGxsqKhQGo',
      chain: 'SOL',
      exchange: 'pAMMBay6oceH9fJKBRHGP5D4bD4sWpmSwMn52FMfXEA',
      priceUsd: 0,
      volumeUsd: 60604758.09,
      mcap: 515825.11,
      priceChangePcs: [Object],
      transactions: [Object],
      audit: [Object],
      security: [Object],
      tokenCreatedTimestamp: 2025-09-27T00:58:19.000Z,
      liquidity: [Object],
      history: [Object],
      scannerAt: 1758994653560
    },
    '5YWJdKDXJmi77oPT8VD4kTGH7yv1A9f5N4HEVepmgweN': {
      id: '5YWJdKDXJmi77oPT8VD4kTGH7yv1A9f5N4HEVepmgweN',
      tokenName: 'Monad (mainnet arc)',
      tokenSymbol: 'MON',
      tokenAddress: '5vLL55cHMYGFBTnLaSpzrcJgqzKmZznvmzQBQiiRzr7P',
      pairAddress: '5YWJdKDXJmi77oPT8VD4kTGH7yv1A9f5N4HEVepmgweN',
      chain: 'SOL',
      exchange: 'pAMMBay6oceH9fJKBRHGP5D4bD4sWpmSwMn52FMfXEA',
      priceUsd: 0,
      volumeUsd: 59984966.27,
      mcap: 624616.24,
      priceChangePcs: [Object],
      transactions: [Object],
      audit: [Object],
      security: [Object],
      tokenCreatedTimestamp: 2025-09-27T07:42:22.000Z,
      liquidity: [Object],
      history: [Object],
      scannerAt: 1758994653560
    },
    '5ywjdkdxjmi77opt8vd4ktgh7yv1a9f5n4hevepmgwen': {
      id: '5YWJdKDXJmi77oPT8VD4kTGH7yv1A9f5N4HEVepmgweN',
      tokenName: 'Monad (mainnet arc)',
      tokenSymbol: 'MON',
      tokenAddress: '5vLL55cHMYGFBTnLaSpzrcJgqzKmZznvmzQBQiiRzr7P',
      pairAddress: '5YWJdKDXJmi77oPT8VD4kTGH7yv1A9f5N4HEVepmgweN',
      chain: 'SOL',
      exchange: 'pAMMBay6oceH9fJKBRHGP5D4bD4sWpmSwMn52FMfXEA',
      priceUsd: 0,
      volumeUsd: 59984966.27,
      mcap: 624616.24,
      priceChangePcs: [Object],
      transactions: [Object],
      audit: [Object],
      security: [Object],
      tokenCreatedTimestamp: 2025-09-27T07:42:22.000Z,
      liquidity: [Object],
      history: [Object],
      scannerAt: 1758994653560
    },
    BDrDMa9mpQxoTkjYXgmZVjW9nxCi9tgrMmcfvu8fSYDF: {
      id: 'BDrDMa9mpQxoTkjYXgmZVjW9nxCi9tgrMmcfvu8fSYDF',
      tokenName: 'GOAT Network',
      tokenSymbol: 'GOATED',
      tokenAddress: '517im42zwkQQUgVZnk4fp19UBdgFv2cBt6cH5vPRbTAw',
      pairAddress: 'BDrDMa9mpQxoTkjYXgmZVjW9nxCi9tgrMmcfvu8fSYDF',
      chain: 'SOL',
      exchange: 'pAMMBay6oceH9fJKBRHGP5D4bD4sWpmSwMn52FMfXEA',
      priceUsd: 0.0009455779007439551,
      volumeUsd: 59748080.59,
      mcap: 945577.12,
      priceChangePcs: [Object],
      transactions: [Object],
      audit: [Object],
      security: [Object],
      tokenCreatedTimestamp: 2025-09-26T22:58:11.000Z,
      liquidity: [Object],
      history: [Object],
      scannerAt: 1758994653560
    },
    bdrdma9mpqxotkjyxgmzvjw9nxci9tgrmmcfvu8fsydf: {
      id: 'BDrDMa9mpQxoTkjYXgmZVjW9nxCi9tgrMmcfvu8fSYDF',
      tokenName: 'GOAT Network',
      tokenSymbol: 'GOATED',
      tokenAddress: '517im42zwkQQUgVZnk4fp19UBdgFv2cBt6cH5vPRbTAw',
      pairAddress: 'BDrDMa9mpQxoTkjYXgmZVjW9nxCi9tgrMmcfvu8fSYDF',
      chain: 'SOL',
      exchange: 'pAMMBay6oceH9fJKBRHGP5D4bD4sWpmSwMn52FMfXEA',
      priceUsd: 0.0009455779007439551,
      volumeUsd: 59748080.59,
      mcap: 945577.12,
      priceChangePcs: [Object],
      transactions: [Object],
      audit: [Object],
      security: [Object],
      tokenCreatedTimestamp: 2025-09-26T22:58:11.000Z,
      liquidity: [Object],
      history: [Object],
      scannerAt: 1758994653560
    },
    CvxgmSEvTYzs37GRSjGmGCsiCrB1X4RxMCR1pD5o7QAv: {
      id: 'CvxgmSEvTYzs37GRSjGmGCsiCrB1X4RxMCR1pD5o7QAv',
      tokenName: 'Bitlight Labs',
      tokenSymbol: 'LIGHT',
      tokenAddress: '6izx19WzDYGreCprA5wpinxdSQqRP5h4Geb3h3cG73SA',
      pairAddress: 'CvxgmSEvTYzs37GRSjGmGCsiCrB1X4RxMCR1pD5o7QAv',
      chain: 'SOL',
      exchange: 'pAMMBay6oceH9fJKBRHGP5D4bD4sWpmSwMn52FMfXEA',
      priceUsd: 0,
      volumeUsd: 59720185.09,
      mcap: 852313.07,
      priceChangePcs: [Object],
      transactions: [Object],
      audit: [Object],
      security: [Object],
      tokenCreatedTimestamp: 2025-09-27T04:58:11.000Z,
      liquidity: [Object],
      history: [Object],
      scannerAt: 1758994653560
    },
    cvxgmsevtyzs37grsjgmgcsicrb1x4rxmcr1pd5o7qav: {
      id: 'CvxgmSEvTYzs37GRSjGmGCsiCrB1X4RxMCR1pD5o7QAv',
      tokenName: 'Bitlight Labs',
      tokenSymbol: 'LIGHT',
      tokenAddress: '6izx19WzDYGreCprA5wpinxdSQqRP5h4Geb3h3cG73SA',
      pairAddress: 'CvxgmSEvTYzs37GRSjGmGCsiCrB1X4RxMCR1pD5o7QAv',
      chain: 'SOL',
      exchange: 'pAMMBay6oceH9fJKBRHGP5D4bD4sWpmSwMn52FMfXEA',
      priceUsd: 0,
      volumeUsd: 59720185.09,
      mcap: 852313.07,
      priceChangePcs: [Object],
      transactions: [Object],
      audit: [Object],
      security: [Object],
      tokenCreatedTimestamp: 2025-09-27T04:58:11.000Z,
      liquidity: [Object],
      history: [Object],
      scannerAt: 1758994653560
    },
    '7EkRhnQx5dJ9pasQosJUzMxyS12b4mEL8ipjUZ4BpwW3': {
      id: '7EkRhnQx5dJ9pasQosJUzMxyS12b4mEL8ipjUZ4BpwW3',
      tokenName: 'OpenEden_X',
      tokenSymbol: 'EDEN',
      tokenAddress: 'HRVjSJ1kv5qunM3tCJqNNhqGAvBqHXCpDRwkt8KKMxTf',
      pairAddress: '7EkRhnQx5dJ9pasQosJUzMxyS12b4mEL8ipjUZ4BpwW3',
      chain: 'SOL',
      exchange: 'pAMMBay6oceH9fJKBRHGP5D4bD4sWpmSwMn52FMfXEA',
      priceUsd: 0.0005136990373350583,
      volumeUsd: 58900805.72,
      mcap: 513698.85,
      priceChangePcs: [Object],
      transactions: [Object],
      audit: [Object],
      security: [Object],
      tokenCreatedTimestamp: 2025-09-26T13:24:40.000Z,
      liquidity: [Object],
      history: [Object],
      scannerAt: 1758994653560
    },
    '7ekrhnqx5dj9pasqosjuzmxys12b4mel8ipjuz4bpww3': {
      id: '7EkRhnQx5dJ9pasQosJUzMxyS12b4mEL8ipjUZ4BpwW3',
      tokenName: 'OpenEden_X',
      tokenSymbol: 'EDEN',
      tokenAddress: 'HRVjSJ1kv5qunM3tCJqNNhqGAvBqHXCpDRwkt8KKMxTf',
      pairAddress: '7EkRhnQx5dJ9pasQosJUzMxyS12b4mEL8ipjUZ4BpwW3',
      chain: 'SOL',
      exchange: 'pAMMBay6oceH9fJKBRHGP5D4bD4sWpmSwMn52FMfXEA',
      priceUsd: 0.0005136990373350583,
      volumeUsd: 58900805.72,
      mcap: 513698.85,
      priceChangePcs: [Object],
      transactions: [Object],
      audit: [Object],
      security: [Object],
      tokenCreatedTimestamp: 2025-09-26T13:24:40.000Z,
      liquidity: [Object],
      history: [Object],
      scannerAt: 1758994653560
    },
    '4icxYpSiggvcn6cj4F217FYvaRWVGt9tpw4FMpBUrn8e': {
      id: '4icxYpSiggvcn6cj4F217FYvaRWVGt9tpw4FMpBUrn8e',
      tokenName: 'Opensea',
      tokenSymbol: 'SEA',
      tokenAddress: '65LPZrf4ZJKSEa3eQUBQ5fV8YCmdcX91a4pG8Zsag3Jk',
      pairAddress: '4icxYpSiggvcn6cj4F217FYvaRWVGt9tpw4FMpBUrn8e',
      chain: 'SOL',
      exchange: 'pAMMBay6oceH9fJKBRHGP5D4bD4sWpmSwMn52FMfXEA',
      priceUsd: 0.00001754391853,
      volumeUsd: 57156903.74,
      mcap: 17543.91,
      priceChangePcs: [Object],
      transactions: [Object],
      audit: [Object],
      security: [Object],
      tokenCreatedTimestamp: 2025-09-27T09:38:10.000Z,
      liquidity: [Object],
      history: [Object],
      scannerAt: 1758994653560
    },
    '4icxypsiggvcn6cj4f217fyvarwvgt9tpw4fmpburn8e': {
      id: '4icxYpSiggvcn6cj4F217FYvaRWVGt9tpw4FMpBUrn8e',
      tokenName: 'Opensea',
      tokenSymbol: 'SEA',
      tokenAddress: '65LPZrf4ZJKSEa3eQUBQ5fV8YCmdcX91a4pG8Zsag3Jk',
      pairAddress: '4icxYpSiggvcn6cj4F217FYvaRWVGt9tpw4FMpBUrn8e',
      chain: 'SOL',
      exchange: 'pAMMBay6oceH9fJKBRHGP5D4bD4sWpmSwMn52FMfXEA',
      priceUsd: 0.00001754391853,
      volumeUsd: 57156903.74,
      mcap: 17543.91,
      priceChangePcs: [Object],
      transactions: [Object],
      audit: [Object],
      security: [Object],
      tokenCreatedTimestamp: 2025-09-27T09:38:10.000Z,
      liquidity: [Object],
      history: [Object],
      scannerAt: 1758994653560
    },
    CcB5AazsQ87qz4x2G2ZnNykgJzRr2gqLhTDHfktYushF: {
      id: 'CcB5AazsQ87qz4x2G2ZnNykgJzRr2gqLhTDHfktYushF',
      tokenName: 'Falcon Finance',
      tokenSymbol: 'FF',
      tokenAddress: 'FrHGaeLF8TscrKWYJFfEP7Xi91SSSYaFXZsh3Br5EPMc',
      pairAddress: 'CcB5AazsQ87qz4x2G2ZnNykgJzRr2gqLhTDHfktYushF',
      chain: 'SOL',
      exchange: 'pAMMBay6oceH9fJKBRHGP5D4bD4sWpmSwMn52FMfXEA',
      priceUsd: 0.0007532722571,
      volumeUsd: 55489769.04,
      mcap: 753271.47,
      priceChangePcs: [Object],
      transactions: [Object],
      audit: [Object],
      security: [Object],
      tokenCreatedTimestamp: 2025-09-27T11:30:55.000Z,
      liquidity: [Object],
      history: [Object],
      scannerAt: 1758994653560
    },
    ccb5aazsq87qz4x2g2znnykgjzrr2gqlhtdhfktyushf: {
      id: 'CcB5AazsQ87qz4x2G2ZnNykgJzRr2gqLhTDHfktYushF',
      tokenName: 'Falcon Finance',
      tokenSymbol: 'FF',
      tokenAddress: 'FrHGaeLF8TscrKWYJFfEP7Xi91SSSYaFXZsh3Br5EPMc',
      pairAddress: 'CcB5AazsQ87qz4x2G2ZnNykgJzRr2gqLhTDHfktYushF',
      chain: 'SOL',
      exchange: 'pAMMBay6oceH9fJKBRHGP5D4bD4sWpmSwMn52FMfXEA',
      priceUsd: 0.0007532722571,
      volumeUsd: 55489769.04,
      mcap: 753271.47,
      priceChangePcs: [Object],
      transactions: [Object],
      audit: [Object],
      security: [Object],
      tokenCreatedTimestamp: 2025-09-27T11:30:55.000Z,
      liquidity: [Object],
      history: [Object],
      scannerAt: 1758994653560
    },
    '3ucNos4NbumPLZNWztqGHNFFgkHeRMBQAVemeeomsUxv': {
      id: '3ucNos4NbumPLZNWztqGHNFFgkHeRMBQAVemeeomsUxv',
      tokenName: 'USD Coin',
      tokenSymbol: 'USDC',
      tokenAddress: 'EPjFWdd5AufqSSqeM2qN1xzybapC8G4wEGGkZwyTDt1v',
      pairAddress: '3ucNos4NbumPLZNWztqGHNFFgkHeRMBQAVemeeomsUxv',
      chain: 'SOL',
      exchange: 'CAMMCzo5YL8w4VFF8KVHrK22GGUsp5VTaW7grrKgrWqK',
      priceUsd: 1.000297761,
      volumeUsd: 54774911.1,
      mcap: 10148785864.32,
      priceChangePcs: [Object],
      transactions: [Object],
      audit: [Object],
      security: [Object],
      tokenCreatedTimestamp: 2025-01-12T20:36:22.000Z,
      liquidity: [Object],
      history: [Object],
      scannerAt: 1758994653560
    },
    '3ucnos4nbumplznwztqghnffgkhermbqavemeeomsuxv': {
      id: '3ucNos4NbumPLZNWztqGHNFFgkHeRMBQAVemeeomsUxv',
      tokenName: 'USD Coin',
      tokenSymbol: 'USDC',
      tokenAddress: 'EPjFWdd5AufqSSqeM2qN1xzybapC8G4wEGGkZwyTDt1v',
      pairAddress: '3ucNos4NbumPLZNWztqGHNFFgkHeRMBQAVemeeomsUxv',
      chain: 'SOL',
      exchange: 'CAMMCzo5YL8w4VFF8KVHrK22GGUsp5VTaW7grrKgrWqK',
      priceUsd: 1.000297761,
      volumeUsd: 54774911.1,
      mcap: 10148785864.32,
      priceChangePcs: [Object],
      transactions: [Object],
      audit: [Object],
      security: [Object],
      tokenCreatedTimestamp: 2025-01-12T20:36:22.000Z,
      liquidity: [Object],
      history: [Object],
      scannerAt: 1758994653560
    },
    '5U98VbSfqJPMejWxg1MC1Y4oFeyEMGTj8JNPcCvGp1vZ': {
      id: '5U98VbSfqJPMejWxg1MC1Y4oFeyEMGTj8JNPcCvGp1vZ',
      tokenName: 'Falcon Finance',
      tokenSymbol: 'FF',
      tokenAddress: 'A8miNTG5bvVZa8DKHPwHLBbHScf6KysgMbWpToTGZEQT',
      pairAddress: '5U98VbSfqJPMejWxg1MC1Y4oFeyEMGTj8JNPcCvGp1vZ',
      chain: 'SOL',
      exchange: 'pAMMBay6oceH9fJKBRHGP5D4bD4sWpmSwMn52FMfXEA',
      priceUsd: 0,
      volumeUsd: 54281000.56,
      mcap: 967504.2,
      priceChangePcs: [Object],
      transactions: [Object],
      audit: [Object],
      security: [Object],
      tokenCreatedTimestamp: 2025-09-27T01:17:42.000Z,
      liquidity: [Object],
      history: [Object],
      scannerAt: 1758994653560
    },
    '5u98vbsfqjpmejwxg1mc1y4ofeyemgtj8jnpccvgp1vz': {
      id: '5U98VbSfqJPMejWxg1MC1Y4oFeyEMGTj8JNPcCvGp1vZ',
      tokenName: 'Falcon Finance',
      tokenSymbol: 'FF',
      tokenAddress: 'A8miNTG5bvVZa8DKHPwHLBbHScf6KysgMbWpToTGZEQT',
      pairAddress: '5U98VbSfqJPMejWxg1MC1Y4oFeyEMGTj8JNPcCvGp1vZ',
      chain: 'SOL',
      exchange: 'pAMMBay6oceH9fJKBRHGP5D4bD4sWpmSwMn52FMfXEA',
      priceUsd: 0,
      volumeUsd: 54281000.56,
      mcap: 967504.2,
      priceChangePcs: [Object],
      transactions: [Object],
      audit: [Object],
      security: [Object],
      tokenCreatedTimestamp: 2025-09-27T01:17:42.000Z,
      liquidity: [Object],
      history: [Object],
      scannerAt: 1758994653560
    },
    CMAvF24c6DHhWL18MZ9xZDsXSepnDijbEQCUnRVprxwX: {
      id: 'CMAvF24c6DHhWL18MZ9xZDsXSepnDijbEQCUnRVprxwX',
      tokenName: 'Mira_Network',
      tokenSymbol: 'MIRA',
      tokenAddress: 'BMoMNUAJoth4YH1HdSuvqjpR6BiEkTSmZLJ7vmcrNoLW',
      pairAddress: 'CMAvF24c6DHhWL18MZ9xZDsXSepnDijbEQCUnRVprxwX',
      chain: 'SOL',
      exchange: 'pAMMBay6oceH9fJKBRHGP5D4bD4sWpmSwMn52FMfXEA',
      priceUsd: 0.00001373416277,
      volumeUsd: 51634961.52,
      mcap: 13734.16,
      priceChangePcs: [Object],
      transactions: [Object],
      audit: [Object],
      security: [Object],
      tokenCreatedTimestamp: 2025-09-27T03:47:55.000Z,
      liquidity: [Object],
      history: [Object],
      scannerAt: 1758994653560
    },
    cmavf24c6dhhwl18mz9xzdsxsepndijbeqcunrvprxwx: {
      id: 'CMAvF24c6DHhWL18MZ9xZDsXSepnDijbEQCUnRVprxwX',
      tokenName: 'Mira_Network',
      tokenSymbol: 'MIRA',
      tokenAddress: 'BMoMNUAJoth4YH1HdSuvqjpR6BiEkTSmZLJ7vmcrNoLW',
      pairAddress: 'CMAvF24c6DHhWL18MZ9xZDsXSepnDijbEQCUnRVprxwX',
      chain: 'SOL',
      exchange: 'pAMMBay6oceH9fJKBRHGP5D4bD4sWpmSwMn52FMfXEA',
      priceUsd: 0.00001373416277,
      volumeUsd: 51634961.52,
      mcap: 13734.16,
      priceChangePcs: [Object],
      transactions: [Object],
      audit: [Object],
      security: [Object],
      tokenCreatedTimestamp: 2025-09-27T03:47:55.000Z,
      liquidity: [Object],
      history: [Object],
      scannerAt: 1758994653560
    },
    F8m2TynBCNjLTvZDaDEYHvRSWdBwYWkNQqhWJTdtUMGB: {
      id: 'F8m2TynBCNjLTvZDaDEYHvRSWdBwYWkNQqhWJTdtUMGB',
      tokenName: 'MetaMask Coin',
      tokenSymbol: 'MetaMask',
      tokenAddress: 'HdsopTwezQGCgrNQtcHpMRMCJpHaXmbxtdzcBwpkJbNp',
      pairAddress: 'F8m2TynBCNjLTvZDaDEYHvRSWdBwYWkNQqhWJTdtUMGB',
      chain: 'SOL',
      exchange: 'pAMMBay6oceH9fJKBRHGP5D4bD4sWpmSwMn52FMfXEA',
      priceUsd: 0.0002458071064,
      volumeUsd: 51372979.15,
      mcap: 245806.59,
      priceChangePcs: [Object],
      transactions: [Object],
      audit: [Object],
      security: [Object],
      tokenCreatedTimestamp: 2025-09-27T03:37:36.000Z,
      liquidity: [Object],
      history: [Object],
      scannerAt: 1758994653560
    },
    f8m2tynbcnjltvzdadeyhvrswdbwywknqqhwjtdtumgb: {
      id: 'F8m2TynBCNjLTvZDaDEYHvRSWdBwYWkNQqhWJTdtUMGB',
      tokenName: 'MetaMask Coin',
      tokenSymbol: 'MetaMask',
      tokenAddress: 'HdsopTwezQGCgrNQtcHpMRMCJpHaXmbxtdzcBwpkJbNp',
      pairAddress: 'F8m2TynBCNjLTvZDaDEYHvRSWdBwYWkNQqhWJTdtUMGB',
      chain: 'SOL',
      exchange: 'pAMMBay6oceH9fJKBRHGP5D4bD4sWpmSwMn52FMfXEA',
      priceUsd: 0.0002458071064,
      volumeUsd: 51372979.15,
      mcap: 245806.59,
      priceChangePcs: [Object],
      transactions: [Object],
      audit: [Object],
      security: [Object],
      tokenCreatedTimestamp: 2025-09-27T03:37:36.000Z,
      liquidity: [Object],
      history: [Object],
      scannerAt: 1758994653560
    },
    JGLWg1ZyvvaGj7xumoFgvyBedQoTmTtgL6gfZ7TsBhu: {
      id: 'JGLWg1ZyvvaGj7xumoFgvyBedQoTmTtgL6gfZ7TsBhu',
      tokenName: 'GOAT Network',
      tokenSymbol: 'GOATED',
      tokenAddress: 'BgGsy64smJdsW1HEeXYPpwnUYid6rcDUzdNEWeij2aTg',
      pairAddress: 'JGLWg1ZyvvaGj7xumoFgvyBedQoTmTtgL6gfZ7TsBhu',
      chain: 'SOL',
      exchange: 'pAMMBay6oceH9fJKBRHGP5D4bD4sWpmSwMn52FMfXEA',
      priceUsd: 0,
      volumeUsd: 51073311.16,
      mcap: 676084.2,
      priceChangePcs: [Object],
      transactions: [Object],
      audit: [Object],
      security: [Object],
      tokenCreatedTimestamp: 2025-09-27T02:19:58.000Z,
      liquidity: [Object],
      history: [Object],
      scannerAt: 1758994653560
    },
    jglwg1zyvvagj7xumofgvybedqotmttgl6gfz7tsbhu: {
      id: 'JGLWg1ZyvvaGj7xumoFgvyBedQoTmTtgL6gfZ7TsBhu',
      tokenName: 'GOAT Network',
      tokenSymbol: 'GOATED',
      tokenAddress: 'BgGsy64smJdsW1HEeXYPpwnUYid6rcDUzdNEWeij2aTg',
      pairAddress: 'JGLWg1ZyvvaGj7xumoFgvyBedQoTmTtgL6gfZ7TsBhu',
      chain: 'SOL',
      exchange: 'pAMMBay6oceH9fJKBRHGP5D4bD4sWpmSwMn52FMfXEA',
      priceUsd: 0,
      volumeUsd: 51073311.16,
      mcap: 676084.2,
      priceChangePcs: [Object],
      transactions: [Object],
      audit: [Object],
      security: [Object],
      tokenCreatedTimestamp: 2025-09-27T02:19:58.000Z,
      liquidity: [Object],
      history: [Object],
      scannerAt: 1758994653560
    },
    '4NAdnJaeioRVcbgVusJtEpcjCdVC83icooKJ5dMZUYZb': {
      id: '4NAdnJaeioRVcbgVusJtEpcjCdVC83icooKJ5dMZUYZb',
      tokenName: 'Mask Coin',
      tokenSymbol: 'MetaMask',
      tokenAddress: 'CV7HTQR5muoKgpdCaCHXkXiYpHAm1Tw3GHvTxZWyuYxM',
      pairAddress: '4NAdnJaeioRVcbgVusJtEpcjCdVC83icooKJ5dMZUYZb',
      chain: 'SOL',
      exchange: 'pAMMBay6oceH9fJKBRHGP5D4bD4sWpmSwMn52FMfXEA',
      priceUsd: 0.0001722366045311415,
      volumeUsd: 49586584.66,
      mcap: 172235.69,
      priceChangePcs: [Object],
      transactions: [Object],
      audit: [Object],
      security: [Object],
      tokenCreatedTimestamp: 2025-09-26T21:24:44.000Z,
      liquidity: [Object],
      history: [Object],
      scannerAt: 1758994653560
    },
    '4nadnjaeiorvcbgvusjtepcjcdvc83icookj5dmzuyzb': {
      id: '4NAdnJaeioRVcbgVusJtEpcjCdVC83icooKJ5dMZUYZb',
      tokenName: 'Mask Coin',
      tokenSymbol: 'MetaMask',
      tokenAddress: 'CV7HTQR5muoKgpdCaCHXkXiYpHAm1Tw3GHvTxZWyuYxM',
      pairAddress: '4NAdnJaeioRVcbgVusJtEpcjCdVC83icooKJ5dMZUYZb',
      chain: 'SOL',
      exchange: 'pAMMBay6oceH9fJKBRHGP5D4bD4sWpmSwMn52FMfXEA',
      priceUsd: 0.0001722366045311415,
      volumeUsd: 49586584.66,
      mcap: 172235.69,
      priceChangePcs: [Object],
      transactions: [Object],
      audit: [Object],
      security: [Object],
      tokenCreatedTimestamp: 2025-09-26T21:24:44.000Z,
      liquidity: [Object],
      history: [Object],
      scannerAt: 1758994653560
    },
    '0x5777d92f208679DB4b9778590Fa3CAB3aC9e2168': {
      id: '0x5777d92f208679DB4b9778590Fa3CAB3aC9e2168',
      tokenName: 'Dai Stablecoin',
      tokenSymbol: 'DAI',
      tokenAddress: '0x6B175474E89094C44Da98b954EedeAC495271d0F',
      pairAddress: '0x5777d92f208679DB4b9778590Fa3CAB3aC9e2168',
      chain: 'ETH',
      exchange: '0x68b3465833fb72A70ecDF485E0e4C7bD8665Fc45',
      priceUsd: 0.9999155108457336,
      volumeUsd: 49011422.18,
      mcap: 4601454987.11,
      priceChangePcs: [Object],
      transactions: [Object],
      audit: [Object],
      security: [Object],
      tokenCreatedTimestamp: 2021-11-13T02:45:03.000Z,
      liquidity: [Object],
      history: [Object],
      scannerAt: 1758994653560
    },
    '0x5777d92f208679db4b9778590fa3cab3ac9e2168': {
      id: '0x5777d92f208679DB4b9778590Fa3CAB3aC9e2168',
      tokenName: 'Dai Stablecoin',
      tokenSymbol: 'DAI',
      tokenAddress: '0x6B175474E89094C44Da98b954EedeAC495271d0F',
      pairAddress: '0x5777d92f208679DB4b9778590Fa3CAB3aC9e2168',
      chain: 'ETH',
      exchange: '0x68b3465833fb72A70ecDF485E0e4C7bD8665Fc45',
      priceUsd: 0.9999155108457336,
      volumeUsd: 49011422.18,
      mcap: 4601454987.11,
      priceChangePcs: [Object],
      transactions: [Object],
      audit: [Object],
      security: [Object],
      tokenCreatedTimestamp: 2021-11-13T02:45:03.000Z,
      liquidity: [Object],
      history: [Object],
      scannerAt: 1758994653560
    },
    '84fZSnPSyjxc23X1rvtZgJSXHSo4CGjFSLnyipZrkwyV': {
      id: '84fZSnPSyjxc23X1rvtZgJSXHSo4CGjFSLnyipZrkwyV',
      tokenName: 'OpenEden_X',
      tokenSymbol: 'EDEN',
      tokenAddress: '92BAaCDPw4Q4ux2hqrwA1mbbnhJefjzWy7H31tH2xbaT',
      pairAddress: '84fZSnPSyjxc23X1rvtZgJSXHSo4CGjFSLnyipZrkwyV',
      chain: 'SOL',
      exchange: 'pAMMBay6oceH9fJKBRHGP5D4bD4sWpmSwMn52FMfXEA',
      priceUsd: 0.0005466589487718114,
      volumeUsd: 47890932.89,
      mcap: 546658.44,
      priceChangePcs: [Object],
      transactions: [Object],
      audit: [Object],
      security: [Object],
      tokenCreatedTimestamp: 2025-09-26T16:04:31.000Z,
      liquidity: [Object],
      history: [Object],
      scannerAt: 1758994653560
    },
    '84fzsnpsyjxc23x1rvtzgjsxhso4cgjfslnyipzrkwyv': {
      id: '84fZSnPSyjxc23X1rvtZgJSXHSo4CGjFSLnyipZrkwyV',
      tokenName: 'OpenEden_X',
      tokenSymbol: 'EDEN',
      tokenAddress: '92BAaCDPw4Q4ux2hqrwA1mbbnhJefjzWy7H31tH2xbaT',
      pairAddress: '84fZSnPSyjxc23X1rvtZgJSXHSo4CGjFSLnyipZrkwyV',
      chain: 'SOL',
      exchange: 'pAMMBay6oceH9fJKBRHGP5D4bD4sWpmSwMn52FMfXEA',
      priceUsd: 0.0005466589487718114,
      volumeUsd: 47890932.89,
      mcap: 546658.44,
      priceChangePcs: [Object],
      transactions: [Object],
      audit: [Object],
      security: [Object],
      tokenCreatedTimestamp: 2025-09-26T16:04:31.000Z,
      liquidity: [Object],
      history: [Object],
      scannerAt: 1758994653560
    },
    '86y2dm9iex1emL289N62tk75awZVmYrFuHDQXdwWDUxE': {
      id: '86y2dm9iex1emL289N62tk75awZVmYrFuHDQXdwWDUxE',
      tokenName: 'Official Ronaldo',
      tokenSymbol: 'CR7',
      tokenAddress: '6dPGogSySP69D9MVuaRPauFQDTsma8XZAwN5NtQZaFo9',
      pairAddress: '86y2dm9iex1emL289N62tk75awZVmYrFuHDQXdwWDUxE',
      chain: 'SOL',
      exchange: 'pAMMBay6oceH9fJKBRHGP5D4bD4sWpmSwMn52FMfXEA',
      priceUsd: 0.00001261652886,
      volumeUsd: 47099357.74,
      mcap: 12616.52,
      priceChangePcs: [Object],
      transactions: [Object],
      audit: [Object],
      security: [Object],
      tokenCreatedTimestamp: 2025-09-27T07:12:36.000Z,
      liquidity: [Object],
      history: [Object],
      scannerAt: 1758994653560
    },
    '86y2dm9iex1eml289n62tk75awzvmyrfuhdqxdwwduxe': {
      id: '86y2dm9iex1emL289N62tk75awZVmYrFuHDQXdwWDUxE',
      tokenName: 'Official Ronaldo',
      tokenSymbol: 'CR7',
      tokenAddress: '6dPGogSySP69D9MVuaRPauFQDTsma8XZAwN5NtQZaFo9',
      pairAddress: '86y2dm9iex1emL289N62tk75awZVmYrFuHDQXdwWDUxE',
      chain: 'SOL',
      exchange: 'pAMMBay6oceH9fJKBRHGP5D4bD4sWpmSwMn52FMfXEA',
      priceUsd: 0.00001261652886,
      volumeUsd: 47099357.74,
      mcap: 12616.52,
      priceChangePcs: [Object],
      transactions: [Object],
      audit: [Object],
      security: [Object],
      tokenCreatedTimestamp: 2025-09-27T07:12:36.000Z,
      liquidity: [Object],
      history: [Object],
      scannerAt: 1758994653560
    },
    '0x88e6A0c2dDD26FEEb64F039a2c41296FcB3f5640': {
      id: '0x88e6A0c2dDD26FEEb64F039a2c41296FcB3f5640',
      tokenName: 'USD Coin',
      tokenSymbol: 'USDC',
      tokenAddress: '0xA0b86991c6218b36c1d19D4a2e9Eb0cE3606eB48',
      pairAddress: '0x88e6A0c2dDD26FEEb64F039a2c41296FcB3f5640',
      chain: 'ETH',
      exchange: '0x68b3465833fb72A70ecDF485E0e4C7bD8665Fc45',
      priceUsd: 0.9985787857875046,
      volumeUsd: 44900233.26,
      mcap: 48698178912.27,
      priceChangePcs: [Object],
      transactions: [Object],
      audit: [Object],
      security: [Object],
      tokenCreatedTimestamp: 2021-05-05T21:42:11.000Z,
      liquidity: [Object],
      history: [Object],
      scannerAt: 1758994653560
    },
    '0x88e6a0c2ddd26feeb64f039a2c41296fcb3f5640': {
      id: '0x88e6A0c2dDD26FEEb64F039a2c41296FcB3f5640',
      tokenName: 'USD Coin',
      tokenSymbol: 'USDC',
      tokenAddress: '0xA0b86991c6218b36c1d19D4a2e9Eb0cE3606eB48',
      pairAddress: '0x88e6A0c2dDD26FEEb64F039a2c41296FcB3f5640',
      chain: 'ETH',
      exchange: '0x68b3465833fb72A70ecDF485E0e4C7bD8665Fc45',
      priceUsd: 0.9985787857875046,
      volumeUsd: 44900233.26,
      mcap: 48698178912.27,
      priceChangePcs: [Object],
      transactions: [Object],
      audit: [Object],
      security: [Object],
      tokenCreatedTimestamp: 2021-05-05T21:42:11.000Z,
      liquidity: [Object],
      history: [Object],
      scannerAt: 1758994653560
    },
    '5WRDHbRmSm7nQ73KtVCLMnTDEoSBPH6ZfX9dd68UhmuR': {
      id: '5WRDHbRmSm7nQ73KtVCLMnTDEoSBPH6ZfX9dd68UhmuR',
      tokenName: 'Bitlight Labs',
      tokenSymbol: 'LIGHT✨',
      tokenAddress: '2KUNyDwcfw4wHkSnugapjTT1JdrtsoPfdAD6JfsyVSn5',
      pairAddress: '5WRDHbRmSm7nQ73KtVCLMnTDEoSBPH6ZfX9dd68UhmuR',
      chain: 'SOL',
      exchange: 'pAMMBay6oceH9fJKBRHGP5D4bD4sWpmSwMn52FMfXEA',
      priceUsd: 0.00001285406402,
      volumeUsd: 43954494.01,
      mcap: 12854.06,
      priceChangePcs: [Object],
      transactions: [Object],
      audit: [Object],
      security: [Object],
      tokenCreatedTimestamp: 2025-09-27T01:54:54.000Z,
      liquidity: [Object],
      history: [Object],
      scannerAt: 1758994653560
    },
    '5wrdhbrmsm7nq73ktvclmntdeosbph6zfx9dd68uhmur': {
      id: '5WRDHbRmSm7nQ73KtVCLMnTDEoSBPH6ZfX9dd68UhmuR',
      tokenName: 'Bitlight Labs',
      tokenSymbol: 'LIGHT✨',
      tokenAddress: '2KUNyDwcfw4wHkSnugapjTT1JdrtsoPfdAD6JfsyVSn5',
      pairAddress: '5WRDHbRmSm7nQ73KtVCLMnTDEoSBPH6ZfX9dd68UhmuR',
      chain: 'SOL',
      exchange: 'pAMMBay6oceH9fJKBRHGP5D4bD4sWpmSwMn52FMfXEA',
      priceUsd: 0.00001285406402,
      volumeUsd: 43954494.01,
      mcap: 12854.06,
      priceChangePcs: [Object],
      transactions: [Object],
      audit: [Object],
      security: [Object],
      tokenCreatedTimestamp: 2025-09-27T01:54:54.000Z,
      liquidity: [Object],
      history: [Object],
      scannerAt: 1758994653560
    },
    '3XP2gPB5P6TkvUuSnpNd136TtaGxSXibjDkvFvYFB6mK': {
      id: '3XP2gPB5P6TkvUuSnpNd136TtaGxSXibjDkvFvYFB6mK',
      tokenName: 'Bitlight Labs',
      tokenSymbol: 'LIGHT',
      tokenAddress: '8pEpKLkcFB22rjg7SzervrhWPEaXVjVhtPa1EPWZEXBK',
      pairAddress: '3XP2gPB5P6TkvUuSnpNd136TtaGxSXibjDkvFvYFB6mK',
      chain: 'SOL',
      exchange: 'pAMMBay6oceH9fJKBRHGP5D4bD4sWpmSwMn52FMfXEA',
      priceUsd: 0,
      volumeUsd: 43213620.5,
      mcap: 591700.93,
      priceChangePcs: [Object],
      transactions: [Object],
      audit: [Object],
      security: [Object],
      tokenCreatedTimestamp: 2025-09-27T10:29:33.000Z,
      liquidity: [Object],
      history: [Object],
      scannerAt: 1758994653560
    },
    '3xp2gpb5p6tkvuusnpnd136ttagxsxibjdkvfvyfb6mk': {
      id: '3XP2gPB5P6TkvUuSnpNd136TtaGxSXibjDkvFvYFB6mK',
      tokenName: 'Bitlight Labs',
      tokenSymbol: 'LIGHT',
      tokenAddress: '8pEpKLkcFB22rjg7SzervrhWPEaXVjVhtPa1EPWZEXBK',
      pairAddress: '3XP2gPB5P6TkvUuSnpNd136TtaGxSXibjDkvFvYFB6mK',
      chain: 'SOL',
      exchange: 'pAMMBay6oceH9fJKBRHGP5D4bD4sWpmSwMn52FMfXEA',
      priceUsd: 0,
      volumeUsd: 43213620.5,
      mcap: 591700.93,
      priceChangePcs: [Object],
      transactions: [Object],
      audit: [Object],
      security: [Object],
      tokenCreatedTimestamp: 2025-09-27T10:29:33.000Z,
      liquidity: [Object],
      history: [Object],
      scannerAt: 1758994653560
    },
    '6NBeuSTRBmFhMBGAKcUT8V9YbSYz9rVypH9eoHe9j4Hj': {
      id: '6NBeuSTRBmFhMBGAKcUT8V9YbSYz9rVypH9eoHe9j4Hj',
      tokenName: 'Plasma',
      tokenSymbol: 'XPL',
      tokenAddress: '2c61jFWDoP5uwczFnLLyahCgCmLbAPMZcoPXptFZeAHM',
      pairAddress: '6NBeuSTRBmFhMBGAKcUT8V9YbSYz9rVypH9eoHe9j4Hj',
      chain: 'SOL',
      exchange: 'pAMMBay6oceH9fJKBRHGP5D4bD4sWpmSwMn52FMfXEA',
      priceUsd: 0.000012032587287082554,
      volumeUsd: 42234470.57,
      mcap: 12032.58,
      priceChangePcs: [Object],
      transactions: [Object],
      audit: [Object],
      security: [Object],
      tokenCreatedTimestamp: 2025-09-26T20:48:50.000Z,
      liquidity: [Object],
      history: [Object],
      scannerAt: 1758994653560
    },
    '6nbeustrbmfhmbgakcut8v9ybsyz9rvyph9eohe9j4hj': {
      id: '6NBeuSTRBmFhMBGAKcUT8V9YbSYz9rVypH9eoHe9j4Hj',
      tokenName: 'Plasma',
      tokenSymbol: 'XPL',
      tokenAddress: '2c61jFWDoP5uwczFnLLyahCgCmLbAPMZcoPXptFZeAHM',
      pairAddress: '6NBeuSTRBmFhMBGAKcUT8V9YbSYz9rVypH9eoHe9j4Hj',
      chain: 'SOL',
      exchange: 'pAMMBay6oceH9fJKBRHGP5D4bD4sWpmSwMn52FMfXEA',
      priceUsd: 0.000012032587287082554,
      volumeUsd: 42234470.57,
      mcap: 12032.58,
      priceChangePcs: [Object],
      transactions: [Object],
      audit: [Object],
      security: [Object],
      tokenCreatedTimestamp: 2025-09-26T20:48:50.000Z,
      liquidity: [Object],
      history: [Object],
      scannerAt: 1758994653560
    },
    HTvjzsfX3yU6BUodCjZ5vZkUrAxMDTrBs3CJaq43ashR: {
      id: 'HTvjzsfX3yU6BUodCjZ5vZkUrAxMDTrBs3CJaq43ashR',
      tokenName: 'USD Coin',
      tokenSymbol: 'USDC',
      tokenAddress: 'EPjFWdd5AufqSSqeM2qN1xzybapC8G4wEGGkZwyTDt1v',
      pairAddress: 'HTvjzsfX3yU6BUodCjZ5vZkUrAxMDTrBs3CJaq43ashR',
      chain: 'SOL',
      exchange: 'LBUZKhRxPF3XUpBCjp4YzTKgLccjZhTSDM9YuVaPwxo',
      priceUsd: 0.9996404144,
      volumeUsd: 42138387.84,
      mcap: 10142116580.29,
      priceChangePcs: [Object],
      transactions: [Object],
      audit: [Object],
      security: [Object],
      tokenCreatedTimestamp: 2025-01-16T08:06:00.000Z,
      liquidity: [Object],
      history: [Object],
      scannerAt: 1758994653560
    },
    htvjzsfx3yu6buodcjz5vzkuraxmdtrbs3cjaq43ashr: {
      id: 'HTvjzsfX3yU6BUodCjZ5vZkUrAxMDTrBs3CJaq43ashR',
      tokenName: 'USD Coin',
      tokenSymbol: 'USDC',
      tokenAddress: 'EPjFWdd5AufqSSqeM2qN1xzybapC8G4wEGGkZwyTDt1v',
      pairAddress: 'HTvjzsfX3yU6BUodCjZ5vZkUrAxMDTrBs3CJaq43ashR',
      chain: 'SOL',
      exchange: 'LBUZKhRxPF3XUpBCjp4YzTKgLccjZhTSDM9YuVaPwxo',
      priceUsd: 0.9996404144,
      volumeUsd: 42138387.84,
      mcap: 10142116580.29,
      priceChangePcs: [Object],
      transactions: [Object],
      audit: [Object],
      security: [Object],
      tokenCreatedTimestamp: 2025-01-16T08:06:00.000Z,
      liquidity: [Object],
      history: [Object],
      scannerAt: 1758994653560
    },
    EuPnpWGTPB5iYm34rTzk7aCvhBzZvGEjXhRwE65ShBdE: {
      id: 'EuPnpWGTPB5iYm34rTzk7aCvhBzZvGEjXhRwE65ShBdE',
      tokenName: 'Bitlight Labs',
      tokenSymbol: 'LIGHT',
      tokenAddress: '35ueb87P8QGLMJg8sJJL9KzsGnauNRdY3cj2gCu5rhyx',
      pairAddress: 'EuPnpWGTPB5iYm34rTzk7aCvhBzZvGEjXhRwE65ShBdE',
      chain: 'SOL',
      exchange: 'pAMMBay6oceH9fJKBRHGP5D4bD4sWpmSwMn52FMfXEA',
      priceUsd: 0,
      volumeUsd: 42110761.83,
      mcap: 510758.05,
      priceChangePcs: [Object],
      transactions: [Object],
      audit: [Object],
      security: [Object],
      tokenCreatedTimestamp: 2025-09-27T08:24:21.000Z,
      liquidity: [Object],
      history: [Object],
      scannerAt: 1758994653560
    },
    eupnpwgtpb5iym34rtzk7acvhbzzvgejxhrwe65shbde: {
      id: 'EuPnpWGTPB5iYm34rTzk7aCvhBzZvGEjXhRwE65ShBdE',
      tokenName: 'Bitlight Labs',
      tokenSymbol: 'LIGHT',
      tokenAddress: '35ueb87P8QGLMJg8sJJL9KzsGnauNRdY3cj2gCu5rhyx',
      pairAddress: 'EuPnpWGTPB5iYm34rTzk7aCvhBzZvGEjXhRwE65ShBdE',
      chain: 'SOL',
      exchange: 'pAMMBay6oceH9fJKBRHGP5D4bD4sWpmSwMn52FMfXEA',
      priceUsd: 0,
      volumeUsd: 42110761.83,
      mcap: 510758.05,
      priceChangePcs: [Object],
      transactions: [Object],
      audit: [Object],
      security: [Object],
      tokenCreatedTimestamp: 2025-09-27T08:24:21.000Z,
      liquidity: [Object],
      history: [Object],
      scannerAt: 1758994653560
    },
    '7A8XiSivB8ZpRL6T7qJFYv2wkxnEubRXt5DbAx15hzAB': {
      id: '7A8XiSivB8ZpRL6T7qJFYv2wkxnEubRXt5DbAx15hzAB',
      tokenName: 'BestWalletHQ',
      tokenSymbol: 'Best',
      tokenAddress: 'EPKQvx5DVHDa2cNgXtNTvCtfmhNKKPrUFDDtXDUG5Fxa',
      pairAddress: '7A8XiSivB8ZpRL6T7qJFYv2wkxnEubRXt5DbAx15hzAB',
      chain: 'SOL',
      exchange: 'pAMMBay6oceH9fJKBRHGP5D4bD4sWpmSwMn52FMfXEA',
      priceUsd: 0.00001927527081141244,
      volumeUsd: 41789323.4,
      mcap: 19275.26,
      priceChangePcs: [Object],
      transactions: [Object],
      audit: [Object],
      security: [Object],
      tokenCreatedTimestamp: 2025-09-26T22:56:35.000Z,
      liquidity: [Object],
      history: [Object],
      scannerAt: 1758994653560
    },
    '7a8xisivb8zprl6t7qjfyv2wkxneubrxt5dbax15hzab': {
      id: '7A8XiSivB8ZpRL6T7qJFYv2wkxnEubRXt5DbAx15hzAB',
      tokenName: 'BestWalletHQ',
      tokenSymbol: 'Best',
      tokenAddress: 'EPKQvx5DVHDa2cNgXtNTvCtfmhNKKPrUFDDtXDUG5Fxa',
      pairAddress: '7A8XiSivB8ZpRL6T7qJFYv2wkxnEubRXt5DbAx15hzAB',
      chain: 'SOL',
      exchange: 'pAMMBay6oceH9fJKBRHGP5D4bD4sWpmSwMn52FMfXEA',
      priceUsd: 0.00001927527081141244,
      volumeUsd: 41789323.4,
      mcap: 19275.26,
      priceChangePcs: [Object],
      transactions: [Object],
      audit: [Object],
      security: [Object],
      tokenCreatedTimestamp: 2025-09-26T22:56:35.000Z,
      liquidity: [Object],
      history: [Object],
      scannerAt: 1758994653560
    },
    '0x924E62a3689e7B94F397E61ac796DaBfEa32E93B': {
      id: '0x924E62a3689e7B94F397E61ac796DaBfEa32E93B',
      tokenName: 'TRADOOR',
      tokenSymbol: 'TRADOOR',
      tokenAddress: '0x9123400446a56176Eb1B6BE9ee5CF703e409F492',
      pairAddress: '0x924E62a3689e7B94F397E61ac796DaBfEa32E93B',
      chain: 'BSC',
      exchange: '0x1b81D678ffb9C0263b24A97847620C99d213eB14',
      priceUsd: 2.5552895577163492,
      volumeUsd: 41552637.8,
      mcap: 153317373.46,
      priceChangePcs: [Object],
      transactions: [Object],
      audit: [Object],
      security: [Object],
      tokenCreatedTimestamp: 2025-09-03T09:44:32.000Z,
      liquidity: [Object],
      history: [Object],
      scannerAt: 1758994653560
    },
    '0x924e62a3689e7b94f397e61ac796dabfea32e93b': {
      id: '0x924E62a3689e7B94F397E61ac796DaBfEa32E93B',
      tokenName: 'TRADOOR',
      tokenSymbol: 'TRADOOR',
      tokenAddress: '0x9123400446a56176Eb1B6BE9ee5CF703e409F492',
      pairAddress: '0x924E62a3689e7B94F397E61ac796DaBfEa32E93B',
      chain: 'BSC',
      exchange: '0x1b81D678ffb9C0263b24A97847620C99d213eB14',
      priceUsd: 2.5552895577163492,
      volumeUsd: 41552637.8,
      mcap: 153317373.46,
      priceChangePcs: [Object],
      transactions: [Object],
      audit: [Object],
      security: [Object],
      tokenCreatedTimestamp: 2025-09-03T09:44:32.000Z,
      liquidity: [Object],
      history: [Object],
      scannerAt: 1758994653560
    },
    EPUn9VkhAHVjtbX9Rsv7RsoZwnUSxyv1eVuUqwXkAh2z: {
      id: 'EPUn9VkhAHVjtbX9Rsv7RsoZwnUSxyv1eVuUqwXkAh2z',
      tokenName: 'Mira Network',
      tokenSymbol: 'MIRA',
      tokenAddress: 'BvzcpKGyhE1ACoWLzrYvH7hhgYTBUgnmvoPkB4WxHz9X',
      pairAddress: 'EPUn9VkhAHVjtbX9Rsv7RsoZwnUSxyv1eVuUqwXkAh2z',
      chain: 'SOL',
      exchange: 'pAMMBay6oceH9fJKBRHGP5D4bD4sWpmSwMn52FMfXEA',
      priceUsd: 0.00043223732593828887,
      volumeUsd: 41282234.94,
      mcap: 432237.15,
      priceChangePcs: [Object],
      transactions: [Object],
      audit: [Object],
      security: [Object],
      tokenCreatedTimestamp: 2025-09-26T13:34:47.000Z,
      liquidity: [Object],
      history: [Object],
      scannerAt: 1758994653560
    },
    epun9vkhahvjtbx9rsv7rsozwnusxyv1evuuqwxkah2z: {
      id: 'EPUn9VkhAHVjtbX9Rsv7RsoZwnUSxyv1eVuUqwXkAh2z',
      tokenName: 'Mira Network',
      tokenSymbol: 'MIRA',
      tokenAddress: 'BvzcpKGyhE1ACoWLzrYvH7hhgYTBUgnmvoPkB4WxHz9X',
      pairAddress: 'EPUn9VkhAHVjtbX9Rsv7RsoZwnUSxyv1eVuUqwXkAh2z',
      chain: 'SOL',
      exchange: 'pAMMBay6oceH9fJKBRHGP5D4bD4sWpmSwMn52FMfXEA',
      priceUsd: 0.00043223732593828887,
      volumeUsd: 41282234.94,
      mcap: 432237.15,
      priceChangePcs: [Object],
      transactions: [Object],
      audit: [Object],
      security: [Object],
      tokenCreatedTimestamp: 2025-09-26T13:34:47.000Z,
      liquidity: [Object],
      history: [Object],
      scannerAt: 1758994653560
    },
    AY1NRnBPV1fzNaWd8AGJ2v78iFoALrBsGc4oXBTuxQ7s: {
      id: 'AY1NRnBPV1fzNaWd8AGJ2v78iFoALrBsGc4oXBTuxQ7s',
      tokenName: 'MetaMask Coin',
      tokenSymbol: 'Meta-Mask',
      tokenAddress: 'GQMBkmv3rFJEsiXfRDJbd16TmGP8RckKnjGie5JPhGWf',
      pairAddress: 'AY1NRnBPV1fzNaWd8AGJ2v78iFoALrBsGc4oXBTuxQ7s',
      chain: 'SOL',
      exchange: 'pAMMBay6oceH9fJKBRHGP5D4bD4sWpmSwMn52FMfXEA',
      priceUsd: 0.0002198564611,
      volumeUsd: 41247541,
      mcap: 219855.79,
      priceChangePcs: [Object],
      transactions: [Object],
      audit: [Object],
      security: [Object],
      tokenCreatedTimestamp: 2025-09-27T09:11:49.000Z,
      liquidity: [Object],
      history: [Object],
      scannerAt: 1758994653560
    },
    ay1nrnbpv1fznawd8agj2v78ifoalrbsgc4oxbtuxq7s: {
      id: 'AY1NRnBPV1fzNaWd8AGJ2v78iFoALrBsGc4oXBTuxQ7s',
      tokenName: 'MetaMask Coin',
      tokenSymbol: 'Meta-Mask',
      tokenAddress: 'GQMBkmv3rFJEsiXfRDJbd16TmGP8RckKnjGie5JPhGWf',
      pairAddress: 'AY1NRnBPV1fzNaWd8AGJ2v78iFoALrBsGc4oXBTuxQ7s',
      chain: 'SOL',
      exchange: 'pAMMBay6oceH9fJKBRHGP5D4bD4sWpmSwMn52FMfXEA',
      priceUsd: 0.0002198564611,
      volumeUsd: 41247541,
      mcap: 219855.79,
      priceChangePcs: [Object],
      transactions: [Object],
      audit: [Object],
      security: [Object],
      tokenCreatedTimestamp: 2025-09-27T09:11:49.000Z,
      liquidity: [Object],
      history: [Object],
      scannerAt: 1758994653560
    },
    '88G7sDF7RvU5x1w5uyYVoCkK7SZewNywDGQA4rL7XsoY': {
      id: '88G7sDF7RvU5x1w5uyYVoCkK7SZewNywDGQA4rL7XsoY',
      tokenName: 'Mask Coin',
      tokenSymbol: 'MetaMask',
      tokenAddress: '9c5NpRifGwvuidHBq6Vw8Hgpcg27RMpJ6Qd9FiSVgPFs',
      pairAddress: '88G7sDF7RvU5x1w5uyYVoCkK7SZewNywDGQA4rL7XsoY',
      chain: 'SOL',
      exchange: 'pAMMBay6oceH9fJKBRHGP5D4bD4sWpmSwMn52FMfXEA',
      priceUsd: 0.00019669429883955626,
      volumeUsd: 40506920.05,
      mcap: 196693.9,
      priceChangePcs: [Object],
      transactions: [Object],
      audit: [Object],
      security: [Object],
      tokenCreatedTimestamp: 2025-09-26T13:25:32.000Z,
      liquidity: [Object],
      history: [Object],
      scannerAt: 1758994653560
    },
    '88g7sdf7rvu5x1w5uyyvockk7szewnywdgqa4rl7xsoy': {
      id: '88G7sDF7RvU5x1w5uyYVoCkK7SZewNywDGQA4rL7XsoY',
      tokenName: 'Mask Coin',
      tokenSymbol: 'MetaMask',
      tokenAddress: '9c5NpRifGwvuidHBq6Vw8Hgpcg27RMpJ6Qd9FiSVgPFs',
      pairAddress: '88G7sDF7RvU5x1w5uyYVoCkK7SZewNywDGQA4rL7XsoY',
      chain: 'SOL',
      exchange: 'pAMMBay6oceH9fJKBRHGP5D4bD4sWpmSwMn52FMfXEA',
      priceUsd: 0.00019669429883955626,
      volumeUsd: 40506920.05,
      mcap: 196693.9,
      priceChangePcs: [Object],
      transactions: [Object],
      audit: [Object],
      security: [Object],
      tokenCreatedTimestamp: 2025-09-26T13:25:32.000Z,
      liquidity: [Object],
      history: [Object],
      scannerAt: 1758994653560
    },
    '0xE0554a476A092703abdB3Ef35c80e0D76d32939F': {
      id: '0xE0554a476A092703abdB3Ef35c80e0D76d32939F',
      tokenName: 'USD Coin',
      tokenSymbol: 'USDC',
      tokenAddress: '0xA0b86991c6218b36c1d19D4a2e9Eb0cE3606eB48',
      pairAddress: '0xE0554a476A092703abdB3Ef35c80e0D76d32939F',
      chain: 'ETH',
      exchange: '0x68b3465833fb72A70ecDF485E0e4C7bD8665Fc45',
      priceUsd: 0.9988846665031407,
      volumeUsd: 39975519.68,
      mcap: 48713095946.39,
      priceChangePcs: [Object],
      transactions: [Object],
      audit: [Object],
      security: [Object],
      tokenCreatedTimestamp: 2021-11-14T21:44:29.000Z,
      liquidity: [Object],
      history: [Object],
      scannerAt: 1758994653560
    },
    '0xe0554a476a092703abdb3ef35c80e0d76d32939f': {
      id: '0xE0554a476A092703abdB3Ef35c80e0D76d32939F',
      tokenName: 'USD Coin',
      tokenSymbol: 'USDC',
      tokenAddress: '0xA0b86991c6218b36c1d19D4a2e9Eb0cE3606eB48',
      pairAddress: '0xE0554a476A092703abdB3Ef35c80e0D76d32939F',
      chain: 'ETH',
      exchange: '0x68b3465833fb72A70ecDF485E0e4C7bD8665Fc45',
      priceUsd: 0.9988846665031407,
      volumeUsd: 39975519.68,
      mcap: 48713095946.39,
      priceChangePcs: [Object],
      transactions: [Object],
      audit: [Object],
      security: [Object],
      tokenCreatedTimestamp: 2021-11-14T21:44:29.000Z,
      liquidity: [Object],
      history: [Object],
      scannerAt: 1758994653560
    },
    '8g7n7j1BJssKNA4sXAcpCuZCqiYRnaUVfQFFe8LDuALH': {
      id: '8g7n7j1BJssKNA4sXAcpCuZCqiYRnaUVfQFFe8LDuALH',
      tokenName: 'MIRA',
      tokenSymbol: 'MIRA',
      tokenAddress: 'HzmH1zXBGpLttVGHev58rAs6RwJYXnWrP3kAU6BxzCYr',
      pairAddress: '8g7n7j1BJssKNA4sXAcpCuZCqiYRnaUVfQFFe8LDuALH',
      chain: 'SOL',
      exchange: 'pAMMBay6oceH9fJKBRHGP5D4bD4sWpmSwMn52FMfXEA',
      priceUsd: 0,
      volumeUsd: 39120169.9,
      mcap: 385568.85,
      priceChangePcs: [Object],
      transactions: [Object],
      audit: [Object],
      security: [Object],
      tokenCreatedTimestamp: 2025-09-26T23:47:34.000Z,
      liquidity: [Object],
      history: [Object],
      scannerAt: 1758994653560
    },
    '8g7n7j1bjsskna4sxacpcuzcqiyrnauvfqffe8ldualh': {
      id: '8g7n7j1BJssKNA4sXAcpCuZCqiYRnaUVfQFFe8LDuALH',
      tokenName: 'MIRA',
      tokenSymbol: 'MIRA',
      tokenAddress: 'HzmH1zXBGpLttVGHev58rAs6RwJYXnWrP3kAU6BxzCYr',
      pairAddress: '8g7n7j1BJssKNA4sXAcpCuZCqiYRnaUVfQFFe8LDuALH',
      chain: 'SOL',
      exchange: 'pAMMBay6oceH9fJKBRHGP5D4bD4sWpmSwMn52FMfXEA',
      priceUsd: 0,
      volumeUsd: 39120169.9,
      mcap: 385568.85,
      priceChangePcs: [Object],
      transactions: [Object],
      audit: [Object],
      security: [Object],
      tokenCreatedTimestamp: 2025-09-26T23:47:34.000Z,
      liquidity: [Object],
      history: [Object],
      scannerAt: 1758994653560
    },
    '9nQQohMsSWAYL8ZzdRSjD54SKEEvyz9wmSQrk3t4st3X': {
      id: '9nQQohMsSWAYL8ZzdRSjD54SKEEvyz9wmSQrk3t4st3X',
      tokenName: 'Nyx Eternal',
      tokenSymbol: 'NYX',
      tokenAddress: 'BwUuMTwiCUruHcAXZ6C4jQX9hFnJKavq43FXiR7FPLGQ',
      pairAddress: '9nQQohMsSWAYL8ZzdRSjD54SKEEvyz9wmSQrk3t4st3X',
      chain: 'SOL',
      exchange: 'pAMMBay6oceH9fJKBRHGP5D4bD4sWpmSwMn52FMfXEA',
      priceUsd: 0.0002313684457266388,
      volumeUsd: 39019579.41,
      mcap: 231368.02,
      priceChangePcs: [Object],
      transactions: [Object],
      audit: [Object],
      security: [Object],
      tokenCreatedTimestamp: 2025-09-26T22:03:13.000Z,
      liquidity: [Object],
      history: [Object],
      scannerAt: 1758994653560
    },
    '9nqqohmsswayl8zzdrsjd54skeevyz9wmsqrk3t4st3x': {
      id: '9nQQohMsSWAYL8ZzdRSjD54SKEEvyz9wmSQrk3t4st3X',
      tokenName: 'Nyx Eternal',
      tokenSymbol: 'NYX',
      tokenAddress: 'BwUuMTwiCUruHcAXZ6C4jQX9hFnJKavq43FXiR7FPLGQ',
      pairAddress: '9nQQohMsSWAYL8ZzdRSjD54SKEEvyz9wmSQrk3t4st3X',
      chain: 'SOL',
      exchange: 'pAMMBay6oceH9fJKBRHGP5D4bD4sWpmSwMn52FMfXEA',
      priceUsd: 0.0002313684457266388,
      volumeUsd: 39019579.41,
      mcap: 231368.02,
      priceChangePcs: [Object],
      transactions: [Object],
      audit: [Object],
      security: [Object],
      tokenCreatedTimestamp: 2025-09-26T22:03:13.000Z,
      liquidity: [Object],
      history: [Object],
      scannerAt: 1758994653560
    },
    '7CkXEnsXAPWBdRkGAUdRS2WS2v59HRYvbVviz8Gzomgt': {
      id: '7CkXEnsXAPWBdRkGAUdRS2WS2v59HRYvbVviz8Gzomgt',
      tokenName: 'trillions',
      tokenSymbol: 'trillions',
      tokenAddress: 'Axe7g3Gwnx9tBUG53PYGxMF6sJJxPKDgeqDS7zEv5TJR',
      pairAddress: '7CkXEnsXAPWBdRkGAUdRS2WS2v59HRYvbVviz8Gzomgt',
      chain: 'SOL',
      exchange: 'pAMMBay6oceH9fJKBRHGP5D4bD4sWpmSwMn52FMfXEA',
      priceUsd: 0.000221785233,
      volumeUsd: 38951038.48,
      mcap: 221784.62,
      priceChangePcs: [Object],
      transactions: [Object],
      audit: [Object],
      security: [Object],
      tokenCreatedTimestamp: 2025-09-27T11:04:43.000Z,
      liquidity: [Object],
      history: [Object],
      scannerAt: 1758994653560
    },
    '7ckxensxapwbdrkgaudrs2ws2v59hryvbvviz8gzomgt': {
      id: '7CkXEnsXAPWBdRkGAUdRS2WS2v59HRYvbVviz8Gzomgt',
      tokenName: 'trillions',
      tokenSymbol: 'trillions',
      tokenAddress: 'Axe7g3Gwnx9tBUG53PYGxMF6sJJxPKDgeqDS7zEv5TJR',
      pairAddress: '7CkXEnsXAPWBdRkGAUdRS2WS2v59HRYvbVviz8Gzomgt',
      chain: 'SOL',
      exchange: 'pAMMBay6oceH9fJKBRHGP5D4bD4sWpmSwMn52FMfXEA',
      priceUsd: 0.000221785233,
      volumeUsd: 38951038.48,
      mcap: 221784.62,
      priceChangePcs: [Object],
      transactions: [Object],
      audit: [Object],
      security: [Object],
      tokenCreatedTimestamp: 2025-09-27T11:04:43.000Z,
      liquidity: [Object],
      history: [Object],
      scannerAt: 1758994653560
    },
    '9AbW2CpmDd29Qdx2irzHoRKKX8RKuXMjsWcmh86Mtqe4': {
      id: '9AbW2CpmDd29Qdx2irzHoRKKX8RKuXMjsWcmh86Mtqe4',
      tokenName: 'PoyeVerse',
      tokenSymbol: 'POYE',
      tokenAddress: '79B65uJCwgugDvGuha2adv8ZCEbM5gmDtUyGvY2vu3wN',
      pairAddress: '9AbW2CpmDd29Qdx2irzHoRKKX8RKuXMjsWcmh86Mtqe4',
      chain: 'SOL',
      exchange: 'pAMMBay6oceH9fJKBRHGP5D4bD4sWpmSwMn52FMfXEA',
      priceUsd: 0.0002377669249,
      volumeUsd: 38263229.38,
      mcap: 237766.53,
      priceChangePcs: [Object],
      transactions: [Object],
      audit: [Object],
      security: [Object],
      tokenCreatedTimestamp: 2025-09-27T01:35:39.000Z,
      liquidity: [Object],
      history: [Object],
      scannerAt: 1758994653560
    },
    '9abw2cpmdd29qdx2irzhorkkx8rkuxmjswcmh86mtqe4': {
      id: '9AbW2CpmDd29Qdx2irzHoRKKX8RKuXMjsWcmh86Mtqe4',
      tokenName: 'PoyeVerse',
      tokenSymbol: 'POYE',
      tokenAddress: '79B65uJCwgugDvGuha2adv8ZCEbM5gmDtUyGvY2vu3wN',
      pairAddress: '9AbW2CpmDd29Qdx2irzHoRKKX8RKuXMjsWcmh86Mtqe4',
      chain: 'SOL',
      exchange: 'pAMMBay6oceH9fJKBRHGP5D4bD4sWpmSwMn52FMfXEA',
      priceUsd: 0.0002377669249,
      volumeUsd: 38263229.38,
      mcap: 237766.53,
      priceChangePcs: [Object],
      transactions: [Object],
      audit: [Object],
      security: [Object],
      tokenCreatedTimestamp: 2025-09-27T01:35:39.000Z,
      liquidity: [Object],
      history: [Object],
      scannerAt: 1758994653560
    },
    '5pTrEfjtKwVFRcAxh4B1rmCPJPK4G8YA5UDpgxAMsJL3': {
      id: '5pTrEfjtKwVFRcAxh4B1rmCPJPK4G8YA5UDpgxAMsJL3',
      tokenName: 'Bowl Cut Dog',
      tokenSymbol: 'MOE',
      tokenAddress: '8N2hCvuyxpByAnDenLcLFeJr3osiVW7fuutxthc3u8Dx',
      pairAddress: '5pTrEfjtKwVFRcAxh4B1rmCPJPK4G8YA5UDpgxAMsJL3',
      chain: 'SOL',
      exchange: 'pAMMBay6oceH9fJKBRHGP5D4bD4sWpmSwMn52FMfXEA',
      priceUsd: 0.0001538352766,
      volumeUsd: 38096207.95,
      mcap: 153834.04,
      priceChangePcs: [Object],
      transactions: [Object],
      audit: [Object],
      security: [Object],
      tokenCreatedTimestamp: 2025-09-27T10:36:53.000Z,
      liquidity: [Object],
      history: [Object],
      scannerAt: 1758994653560
    },
    '5ptrefjtkwvfrcaxh4b1rmcpjpk4g8ya5udpgxamsjl3': {
      id: '5pTrEfjtKwVFRcAxh4B1rmCPJPK4G8YA5UDpgxAMsJL3',
      tokenName: 'Bowl Cut Dog',
      tokenSymbol: 'MOE',
      tokenAddress: '8N2hCvuyxpByAnDenLcLFeJr3osiVW7fuutxthc3u8Dx',
      pairAddress: '5pTrEfjtKwVFRcAxh4B1rmCPJPK4G8YA5UDpgxAMsJL3',
      chain: 'SOL',
      exchange: 'pAMMBay6oceH9fJKBRHGP5D4bD4sWpmSwMn52FMfXEA',
      priceUsd: 0.0001538352766,
      volumeUsd: 38096207.95,
      mcap: 153834.04,
      priceChangePcs: [Object],
      transactions: [Object],
      audit: [Object],
      security: [Object],
      tokenCreatedTimestamp: 2025-09-27T10:36:53.000Z,
      liquidity: [Object],
      history: [Object],
      scannerAt: 1758994653560
    },
    gA6Ceeeoc3Qy3Rdwv1nppARG8gabKMmzHNYMv5wMAYB: {
      id: 'gA6Ceeeoc3Qy3Rdwv1nppARG8gabKMmzHNYMv5wMAYB',
      tokenName: 'Official Ronaldo',
      tokenSymbol: 'CR7',
      tokenAddress: 'Fa9pC1hrFA8XXHuGXLpvLgDxAQYArA4REDEwRevHWst8',
      pairAddress: 'gA6Ceeeoc3Qy3Rdwv1nppARG8gabKMmzHNYMv5wMAYB',
      chain: 'SOL',
      exchange: 'pAMMBay6oceH9fJKBRHGP5D4bD4sWpmSwMn52FMfXEA',
      priceUsd: 0.000007084195836,
      volumeUsd: 37678922.94,
      mcap: 7084.19,
      priceChangePcs: [Object],
      transactions: [Object],
      audit: [Object],
      security: [Object],
      tokenCreatedTimestamp: 2025-09-27T05:15:56.000Z,
      liquidity: [Object],
      history: [Object],
      scannerAt: 1758994653560
    },
    ga6ceeeoc3qy3rdwv1npparg8gabkmmzhnymv5wmayb: {
      id: 'gA6Ceeeoc3Qy3Rdwv1nppARG8gabKMmzHNYMv5wMAYB',
      tokenName: 'Official Ronaldo',
      tokenSymbol: 'CR7',
      tokenAddress: 'Fa9pC1hrFA8XXHuGXLpvLgDxAQYArA4REDEwRevHWst8',
      pairAddress: 'gA6Ceeeoc3Qy3Rdwv1nppARG8gabKMmzHNYMv5wMAYB',
      chain: 'SOL',
      exchange: 'pAMMBay6oceH9fJKBRHGP5D4bD4sWpmSwMn52FMfXEA',
      priceUsd: 0.000007084195836,
      volumeUsd: 37678922.94,
      mcap: 7084.19,
      priceChangePcs: [Object],
      transactions: [Object],
      audit: [Object],
      security: [Object],
      tokenCreatedTimestamp: 2025-09-27T05:15:56.000Z,
      liquidity: [Object],
      history: [Object],
      scannerAt: 1758994653560
    },
    '0xd21bc2291C1aeF340f5265E257B18aa5dafed759': {
      id: '0xd21bc2291C1aeF340f5265E257B18aa5dafed759',
      tokenName: 'Hana Token',
      tokenSymbol: 'HANA',
      tokenAddress: '0x6261963EbE9Ff014aAd10eCc3b0238D4D04E8353',
      pairAddress: '0xd21bc2291C1aeF340f5265E257B18aa5dafed759',
      chain: 'BSC',
      exchange: '0x1b81D678ffb9C0263b24A97847620C99d213eB14',
      priceUsd: 0.05834764885753,
      volumeUsd: 37665525.62,
      mcap: 58347648.85,
      priceChangePcs: [Object],
      transactions: [Object],
      audit: [Object],
      security: [Object],
      tokenCreatedTimestamp: 2025-09-25T02:15:44.000Z,
      liquidity: [Object],
      history: [Object],
      scannerAt: 1758994653560
    },
    '0xd21bc2291c1aef340f5265e257b18aa5dafed759': {
      id: '0xd21bc2291C1aeF340f5265E257B18aa5dafed759',
      tokenName: 'Hana Token',
      tokenSymbol: 'HANA',
      tokenAddress: '0x6261963EbE9Ff014aAd10eCc3b0238D4D04E8353',
      pairAddress: '0xd21bc2291C1aeF340f5265E257B18aa5dafed759',
      chain: 'BSC',
      exchange: '0x1b81D678ffb9C0263b24A97847620C99d213eB14',
      priceUsd: 0.05834764885753,
      volumeUsd: 37665525.62,
      mcap: 58347648.85,
      priceChangePcs: [Object],
      transactions: [Object],
      audit: [Object],
      security: [Object],
      tokenCreatedTimestamp: 2025-09-25T02:15:44.000Z,
      liquidity: [Object],
      history: [Object],
      scannerAt: 1758994653560
    },
    '0x4e68Ccd3E89f51C3074ca5072bbAC773960dFa36': {
      id: '0x4e68Ccd3E89f51C3074ca5072bbAC773960dFa36',
      tokenName: 'Tether USD',
      tokenSymbol: 'USDT',
      tokenAddress: '0xdAC17F958D2ee523a2206206994597C13D831ec7',
      pairAddress: '0x4e68Ccd3E89f51C3074ca5072bbAC773960dFa36',
      chain: 'ETH',
      exchange: '0x68b3465833fb72A70ecDF485E0e4C7bD8665Fc45',
      priceUsd: 0.9955531963609452,
      volumeUsd: 37107897,
      mcap: 94352101256.05,
      priceChangePcs: [Object],
      transactions: [Object],
      audit: [Object],
      security: [Object],
      tokenCreatedTimestamp: 2021-05-05T16:37:08.000Z,
      liquidity: [Object],
      history: [Object],
      scannerAt: 1758994653560
    },
    '0x4e68ccd3e89f51c3074ca5072bbac773960dfa36': {
      id: '0x4e68Ccd3E89f51C3074ca5072bbAC773960dFa36',
      tokenName: 'Tether USD',
      tokenSymbol: 'USDT',
      tokenAddress: '0xdAC17F958D2ee523a2206206994597C13D831ec7',
      pairAddress: '0x4e68Ccd3E89f51C3074ca5072bbAC773960dFa36',
      chain: 'ETH',
      exchange: '0x68b3465833fb72A70ecDF485E0e4C7bD8665Fc45',
      priceUsd: 0.9955531963609452,
      volumeUsd: 37107897,
      mcap: 94352101256.05,
      priceChangePcs: [Object],
      transactions: [Object],
      audit: [Object],
      security: [Object],
      tokenCreatedTimestamp: 2021-05-05T16:37:08.000Z,
      liquidity: [Object],
      history: [Object],
      scannerAt: 1758994653560
    },
    E6nG5KBXw74xEXwNGWihUa9LUHKHs1dG75VCv9tewNN3: {
      id: 'E6nG5KBXw74xEXwNGWihUa9LUHKHs1dG75VCv9tewNN3',
      tokenName: 'MetaMask Coin',
      tokenSymbol: 'MetaMask',
      tokenAddress: 'HWpiyoJvaahBi4kmGVkxcaSzT54PnLqURBniEqku5HGy',
      pairAddress: 'E6nG5KBXw74xEXwNGWihUa9LUHKHs1dG75VCv9tewNN3',
      chain: 'SOL',
      exchange: 'pAMMBay6oceH9fJKBRHGP5D4bD4sWpmSwMn52FMfXEA',
      priceUsd: 0.0001619516689,
      volumeUsd: 37014877.68,
      mcap: 161950.44,
      priceChangePcs: [Object],
      transactions: [Object],
      audit: [Object],
      security: [Object],
      tokenCreatedTimestamp: 2025-09-27T04:19:50.000Z,
      liquidity: [Object],
      history: [Object],
      scannerAt: 1758994653560
    },
    e6ng5kbxw74xexwngwihua9luhkhs1dg75vcv9tewnn3: {
      id: 'E6nG5KBXw74xEXwNGWihUa9LUHKHs1dG75VCv9tewNN3',
      tokenName: 'MetaMask Coin',
      tokenSymbol: 'MetaMask',
      tokenAddress: 'HWpiyoJvaahBi4kmGVkxcaSzT54PnLqURBniEqku5HGy',
      pairAddress: 'E6nG5KBXw74xEXwNGWihUa9LUHKHs1dG75VCv9tewNN3',
      chain: 'SOL',
      exchange: 'pAMMBay6oceH9fJKBRHGP5D4bD4sWpmSwMn52FMfXEA',
      priceUsd: 0.0001619516689,
      volumeUsd: 37014877.68,
      mcap: 161950.44,
      priceChangePcs: [Object],
      transactions: [Object],
      audit: [Object],
      security: [Object],
      tokenCreatedTimestamp: 2025-09-27T04:19:50.000Z,
      liquidity: [Object],
      history: [Object],
      scannerAt: 1758994653560
    },
    '8HxJVwg9JPEm72D3uR9jp79BTgJj1cMQaYGNELFFeL6n': {
      id: '8HxJVwg9JPEm72D3uR9jp79BTgJj1cMQaYGNELFFeL6n',
      tokenName: 'Aster_DEX',
      tokenSymbol: 'Aster',
      tokenAddress: '9fQRKpzq29E6brzv7c2eXVpG6yiwoCgtSR4FjKiz63JY',
      pairAddress: '8HxJVwg9JPEm72D3uR9jp79BTgJj1cMQaYGNELFFeL6n',
      chain: 'SOL',
      exchange: 'pAMMBay6oceH9fJKBRHGP5D4bD4sWpmSwMn52FMfXEA',
      priceUsd: 0.00000844746360898433,
      volumeUsd: 35799930.15,
      mcap: 8447.46,
      priceChangePcs: [Object],
      transactions: [Object],
      audit: [Object],
      security: [Object],
      tokenCreatedTimestamp: 2025-09-26T22:06:19.000Z,
      liquidity: [Object],
      history: [Object],
      scannerAt: 1758994653560
    },
    '8hxjvwg9jpem72d3ur9jp79btgjj1cmqaygnelffel6n': {
      id: '8HxJVwg9JPEm72D3uR9jp79BTgJj1cMQaYGNELFFeL6n',
      tokenName: 'Aster_DEX',
      tokenSymbol: 'Aster',
      tokenAddress: '9fQRKpzq29E6brzv7c2eXVpG6yiwoCgtSR4FjKiz63JY',
      pairAddress: '8HxJVwg9JPEm72D3uR9jp79BTgJj1cMQaYGNELFFeL6n',
      chain: 'SOL',
      exchange: 'pAMMBay6oceH9fJKBRHGP5D4bD4sWpmSwMn52FMfXEA',
      priceUsd: 0.00000844746360898433,
      volumeUsd: 35799930.15,
      mcap: 8447.46,
      priceChangePcs: [Object],
      transactions: [Object],
      audit: [Object],
      security: [Object],
      tokenCreatedTimestamp: 2025-09-26T22:06:19.000Z,
      liquidity: [Object],
      history: [Object],
      scannerAt: 1758994653560
    },
    BhkrpVukUBTvZ7xmKTXkubGBC8VncbDNRgQgbRzExxAb: {
      id: 'BhkrpVukUBTvZ7xmKTXkubGBC8VncbDNRgQgbRzExxAb',
      tokenName: 'Aster Inu',
      tokenSymbol: 'ASTERINU',
      tokenAddress: 'FKieQmUYzhPPDNYHYw5YXJdPY1GfS8S4A9QbMaFtdaje',
      pairAddress: 'BhkrpVukUBTvZ7xmKTXkubGBC8VncbDNRgQgbRzExxAb',
      chain: 'SOL',
      exchange: 'pAMMBay6oceH9fJKBRHGP5D4bD4sWpmSwMn52FMfXEA',
      priceUsd: 0.000009145260837930946,
      volumeUsd: 35242965.29,
      mcap: 9145.25,
      priceChangePcs: [Object],
      transactions: [Object],
      audit: [Object],
      security: [Object],
      tokenCreatedTimestamp: 2025-09-27T00:48:09.000Z,
      liquidity: [Object],
      history: [Object],
      scannerAt: 1758994653560
    },
    bhkrpvukubtvz7xmktxkubgbc8vncbdnrgqgbrzexxab: {
      id: 'BhkrpVukUBTvZ7xmKTXkubGBC8VncbDNRgQgbRzExxAb',
      tokenName: 'Aster Inu',
      tokenSymbol: 'ASTERINU',
      tokenAddress: 'FKieQmUYzhPPDNYHYw5YXJdPY1GfS8S4A9QbMaFtdaje',
      pairAddress: 'BhkrpVukUBTvZ7xmKTXkubGBC8VncbDNRgQgbRzExxAb',
      chain: 'SOL',
      exchange: 'pAMMBay6oceH9fJKBRHGP5D4bD4sWpmSwMn52FMfXEA',
      priceUsd: 0.000009145260837930946,
      volumeUsd: 35242965.29,
      mcap: 9145.25,
      priceChangePcs: [Object],
      transactions: [Object],
      audit: [Object],
      security: [Object],
      tokenCreatedTimestamp: 2025-09-27T00:48:09.000Z,
      liquidity: [Object],
      history: [Object],
      scannerAt: 1758994653560
    },
    '0x30D59a44930B3994c116846EFe55fC8fcF608aa8': {
      id: '0x30D59a44930B3994c116846EFe55fC8fcF608aa8',
      tokenName: 'Roam Token',
      tokenSymbol: 'ROAM',
      tokenAddress: '0x3fefe29dA25BEa166fB5f6ADe7b5976D2b0e586B',
      pairAddress: '0x30D59a44930B3994c116846EFe55fC8fcF608aa8',
      chain: 'BSC',
      exchange: '0x1b81D678ffb9C0263b24A97847620C99d213eB14',
      priceUsd: 0.09143708883771101,
      volumeUsd: 34995322.71,
      mcap: 4024184.09,
      priceChangePcs: [Object],
      transactions: [Object],
      audit: [Object],
      security: [Object],
      tokenCreatedTimestamp: 2025-06-12T13:31:55.000Z,
      liquidity: [Object],
      history: [Object],
      scannerAt: 1758994653560
    },
    '0x30d59a44930b3994c116846efe55fc8fcf608aa8': {
      id: '0x30D59a44930B3994c116846EFe55fC8fcF608aa8',
      tokenName: 'Roam Token',
      tokenSymbol: 'ROAM',
      tokenAddress: '0x3fefe29dA25BEa166fB5f6ADe7b5976D2b0e586B',
      pairAddress: '0x30D59a44930B3994c116846EFe55fC8fcF608aa8',
      chain: 'BSC',
      exchange: '0x1b81D678ffb9C0263b24A97847620C99d213eB14',
      priceUsd: 0.09143708883771101,
      volumeUsd: 34995322.71,
      mcap: 4024184.09,
      priceChangePcs: [Object],
      transactions: [Object],
      audit: [Object],
      security: [Object],
      tokenCreatedTimestamp: 2025-06-12T13:31:55.000Z,
      liquidity: [Object],
      history: [Object],
      scannerAt: 1758994653560
    },
    AA861xs52detaJZejR53MRnmyBTR9Nru2g7z12v1fngD: {
      id: 'AA861xs52detaJZejR53MRnmyBTR9Nru2g7z12v1fngD',
      tokenName: 'Wall Street Pepe',
      tokenSymbol: 'WEPE',
      tokenAddress: 'EchVgsbGoy2WqEB9AZP8PAbGzF86sQfK3QXXpsLhmoFP',
      pairAddress: 'AA861xs52detaJZejR53MRnmyBTR9Nru2g7z12v1fngD',
      chain: 'SOL',
      exchange: 'pAMMBay6oceH9fJKBRHGP5D4bD4sWpmSwMn52FMfXEA',
      priceUsd: 0.00023050211238680884,
      volumeUsd: 33950247.95,
      mcap: 230501.46,
      priceChangePcs: [Object],
      transactions: [Object],
      audit: [Object],
      security: [Object],
      tokenCreatedTimestamp: 2025-09-26T15:56:20.000Z,
      liquidity: [Object],
      history: [Object],
      scannerAt: 1758994653560
    },
    aa861xs52detajzejr53mrnmybtr9nru2g7z12v1fngd: {
      id: 'AA861xs52detaJZejR53MRnmyBTR9Nru2g7z12v1fngD',
      tokenName: 'Wall Street Pepe',
      tokenSymbol: 'WEPE',
      tokenAddress: 'EchVgsbGoy2WqEB9AZP8PAbGzF86sQfK3QXXpsLhmoFP',
      pairAddress: 'AA861xs52detaJZejR53MRnmyBTR9Nru2g7z12v1fngD',
      chain: 'SOL',
      exchange: 'pAMMBay6oceH9fJKBRHGP5D4bD4sWpmSwMn52FMfXEA',
      priceUsd: 0.00023050211238680884,
      volumeUsd: 33950247.95,
      mcap: 230501.46,
      priceChangePcs: [Object],
      transactions: [Object],
      audit: [Object],
      security: [Object],
      tokenCreatedTimestamp: 2025-09-26T15:56:20.000Z,
      liquidity: [Object],
      history: [Object],
      scannerAt: 1758994653560
    },
    '65oAbYggcoW2U4k65DzgnAQbm3CPfLFrA585NTB7Vj46': {
      id: '65oAbYggcoW2U4k65DzgnAQbm3CPfLFrA585NTB7Vj46',
      tokenName: 'trillions',
      tokenSymbol: 'trillions',
      tokenAddress: '7btk2Yxu9ySEH4HkJhZRJfuspPuZ5GP2bKnrwU1XpXTC',
      pairAddress: '65oAbYggcoW2U4k65DzgnAQbm3CPfLFrA585NTB7Vj46',
      chain: 'SOL',
      exchange: 'pAMMBay6oceH9fJKBRHGP5D4bD4sWpmSwMn52FMfXEA',
      priceUsd: 0.0001817371938,
      volumeUsd: 33835236.97,
      mcap: 181736.72,
      priceChangePcs: [Object],
      transactions: [Object],
      audit: [Object],
      security: [Object],
      tokenCreatedTimestamp: 2025-09-27T07:52:30.000Z,
      liquidity: [Object],
      history: [Object],
      scannerAt: 1758994653560
    },
    '65oabyggcow2u4k65dzgnaqbm3cpflfra585ntb7vj46': {
      id: '65oAbYggcoW2U4k65DzgnAQbm3CPfLFrA585NTB7Vj46',
      tokenName: 'trillions',
      tokenSymbol: 'trillions',
      tokenAddress: '7btk2Yxu9ySEH4HkJhZRJfuspPuZ5GP2bKnrwU1XpXTC',
      pairAddress: '65oAbYggcoW2U4k65DzgnAQbm3CPfLFrA585NTB7Vj46',
      chain: 'SOL',
      exchange: 'pAMMBay6oceH9fJKBRHGP5D4bD4sWpmSwMn52FMfXEA',
      priceUsd: 0.0001817371938,
      volumeUsd: 33835236.97,
      mcap: 181736.72,
      priceChangePcs: [Object],
      transactions: [Object],
      audit: [Object],
      security: [Object],
      tokenCreatedTimestamp: 2025-09-27T07:52:30.000Z,
      liquidity: [Object],
      history: [Object],
      scannerAt: 1758994653560
    },
    '6nZwCPVZ21LHmrsVYLZKpFwaLmrMqBGgkE1mTaSkETJy': {
      id: '6nZwCPVZ21LHmrsVYLZKpFwaLmrMqBGgkE1mTaSkETJy',
      tokenName: 'Mira Network',
      tokenSymbol: 'MIRA🚀',
      tokenAddress: 'GEjNGLjNyDgbC7p5BnRq4NxUrvRArKgeR2RZ2V8k87sZ',
      pairAddress: '6nZwCPVZ21LHmrsVYLZKpFwaLmrMqBGgkE1mTaSkETJy',
      chain: 'SOL',
      exchange: 'pAMMBay6oceH9fJKBRHGP5D4bD4sWpmSwMn52FMfXEA',
      priceUsd: 0.00022092357419748333,
      volumeUsd: 33510100.63,
      mcap: 220923.33,
      priceChangePcs: [Object],
      transactions: [Object],
      audit: [Object],
      security: [Object],
      tokenCreatedTimestamp: 2025-09-26T13:16:57.000Z,
      liquidity: [Object],
      history: [Object],
      scannerAt: 1758994653560
    },
    '6nzwcpvz21lhmrsvylzkpfwalmrmqbggke1mtasketjy': {
      id: '6nZwCPVZ21LHmrsVYLZKpFwaLmrMqBGgkE1mTaSkETJy',
      tokenName: 'Mira Network',
      tokenSymbol: 'MIRA🚀',
      tokenAddress: 'GEjNGLjNyDgbC7p5BnRq4NxUrvRArKgeR2RZ2V8k87sZ',
      pairAddress: '6nZwCPVZ21LHmrsVYLZKpFwaLmrMqBGgkE1mTaSkETJy',
      chain: 'SOL',
      exchange: 'pAMMBay6oceH9fJKBRHGP5D4bD4sWpmSwMn52FMfXEA',
      priceUsd: 0.00022092357419748333,
      volumeUsd: 33510100.63,
      mcap: 220923.33,
      priceChangePcs: [Object],
      transactions: [Object],
      audit: [Object],
      security: [Object],
      tokenCreatedTimestamp: 2025-09-26T13:16:57.000Z,
      liquidity: [Object],
      history: [Object],
      scannerAt: 1758994653560
    },
    '9ccRB9QYL1YFyBEM5oSGd9f6BiAmBwRJUwDvrXxAnD3z': {
      id: '9ccRB9QYL1YFyBEM5oSGd9f6BiAmBwRJUwDvrXxAnD3z',
      tokenName: 'GOAT Network',
      tokenSymbol: 'GOATED',
      tokenAddress: 'Bbb9h9kGkYFLvgAPufU8aZYnV1TFKfVrtuQBia9SBmxW',
      pairAddress: '9ccRB9QYL1YFyBEM5oSGd9f6BiAmBwRJUwDvrXxAnD3z',
      chain: 'SOL',
      exchange: 'pAMMBay6oceH9fJKBRHGP5D4bD4sWpmSwMn52FMfXEA',
      priceUsd: 0,
      volumeUsd: 33461973.8,
      mcap: 149862.08,
      priceChangePcs: [Object],
      transactions: [Object],
      audit: [Object],
      security: [Object],
      tokenCreatedTimestamp: 2025-09-27T09:03:08.000Z,
      liquidity: [Object],
      history: [Object],
      scannerAt: 1758994653560
    },
    '9ccrb9qyl1yfybem5osgd9f6biambwrjuwdvrxxand3z': {
      id: '9ccRB9QYL1YFyBEM5oSGd9f6BiAmBwRJUwDvrXxAnD3z',
      tokenName: 'GOAT Network',
      tokenSymbol: 'GOATED',
      tokenAddress: 'Bbb9h9kGkYFLvgAPufU8aZYnV1TFKfVrtuQBia9SBmxW',
      pairAddress: '9ccRB9QYL1YFyBEM5oSGd9f6BiAmBwRJUwDvrXxAnD3z',
      chain: 'SOL',
      exchange: 'pAMMBay6oceH9fJKBRHGP5D4bD4sWpmSwMn52FMfXEA',
      priceUsd: 0,
      volumeUsd: 33461973.8,
      mcap: 149862.08,
      priceChangePcs: [Object],
      transactions: [Object],
      audit: [Object],
      security: [Object],
      tokenCreatedTimestamp: 2025-09-27T09:03:08.000Z,
      liquidity: [Object],
      history: [Object],
      scannerAt: 1758994653560
    },
    AXkK9xCyuupy9T3Tg6uvbbjoX1ENKfZmXe8qpc1ZTaoq: {
      id: 'AXkK9xCyuupy9T3Tg6uvbbjoX1ENKfZmXe8qpc1ZTaoq',
      tokenName: 'ZEROBASE',
      tokenSymbol: 'ZBT',
      tokenAddress: '8TbQNaNGLNwqnWwkGxHt2qtTxQsXXTpwBLv8Nx2MS6Yr',
      pairAddress: 'AXkK9xCyuupy9T3Tg6uvbbjoX1ENKfZmXe8qpc1ZTaoq',
      chain: 'SOL',
      exchange: 'pAMMBay6oceH9fJKBRHGP5D4bD4sWpmSwMn52FMfXEA',
      priceUsd: 0,
      volumeUsd: 33335896.58,
      mcap: 157176.39,
      priceChangePcs: [Object],
      transactions: [Object],
      audit: [Object],
      security: [Object],
      tokenCreatedTimestamp: 2025-09-27T04:41:33.000Z,
      liquidity: [Object],
      history: [Object],
      scannerAt: 1758994653560
    },
    axkk9xcyuupy9t3tg6uvbbjox1enkfzmxe8qpc1ztaoq: {
      id: 'AXkK9xCyuupy9T3Tg6uvbbjoX1ENKfZmXe8qpc1ZTaoq',
      tokenName: 'ZEROBASE',
      tokenSymbol: 'ZBT',
      tokenAddress: '8TbQNaNGLNwqnWwkGxHt2qtTxQsXXTpwBLv8Nx2MS6Yr',
      pairAddress: 'AXkK9xCyuupy9T3Tg6uvbbjoX1ENKfZmXe8qpc1ZTaoq',
      chain: 'SOL',
      exchange: 'pAMMBay6oceH9fJKBRHGP5D4bD4sWpmSwMn52FMfXEA',
      priceUsd: 0,
      volumeUsd: 33335896.58,
      mcap: 157176.39,
      priceChangePcs: [Object],
      transactions: [Object],
      audit: [Object],
      security: [Object],
      tokenCreatedTimestamp: 2025-09-27T04:41:33.000Z,
      liquidity: [Object],
      history: [Object],
      scannerAt: 1758994653560
    },
    '262D9LoRepz7KCv9oMu7vHGYnwNMrhzHgnV25BHzAQky': {
      id: '262D9LoRepz7KCv9oMu7vHGYnwNMrhzHgnV25BHzAQky',
      tokenName: 'Plasma',
      tokenSymbol: 'XPL',
      tokenAddress: 'CdEcPLgyfpV4wHLTD13jbKtphGSEKUnQpZ4Pf9jVJWir',
      pairAddress: '262D9LoRepz7KCv9oMu7vHGYnwNMrhzHgnV25BHzAQky',
      chain: 'SOL',
      exchange: 'pAMMBay6oceH9fJKBRHGP5D4bD4sWpmSwMn52FMfXEA',
      priceUsd: 0.000019236957213760133,
      volumeUsd: 32717528.34,
      mcap: 19236.95,
      priceChangePcs: [Object],
      transactions: [Object],
      audit: [Object],
      security: [Object],
      tokenCreatedTimestamp: 2025-09-26T12:09:20.000Z,
      liquidity: [Object],
      history: [Object],
      scannerAt: 1758994653560
    },
    '262d9lorepz7kcv9omu7vhgynwnmrhzhgnv25bhzaqky': {
      id: '262D9LoRepz7KCv9oMu7vHGYnwNMrhzHgnV25BHzAQky',
      tokenName: 'Plasma',
      tokenSymbol: 'XPL',
      tokenAddress: 'CdEcPLgyfpV4wHLTD13jbKtphGSEKUnQpZ4Pf9jVJWir',
      pairAddress: '262D9LoRepz7KCv9oMu7vHGYnwNMrhzHgnV25BHzAQky',
      chain: 'SOL',
      exchange: 'pAMMBay6oceH9fJKBRHGP5D4bD4sWpmSwMn52FMfXEA',
      priceUsd: 0.000019236957213760133,
      volumeUsd: 32717528.34,
      mcap: 19236.95,
      priceChangePcs: [Object],
      transactions: [Object],
      audit: [Object],
      security: [Object],
      tokenCreatedTimestamp: 2025-09-26T12:09:20.000Z,
      liquidity: [Object],
      history: [Object],
      scannerAt: 1758994653560
    },
    '2de6Nhy5sFVYmvqpjbzN2MSsMZb34uSVvxKCXSqek8GT': {
      id: '2de6Nhy5sFVYmvqpjbzN2MSsMZb34uSVvxKCXSqek8GT',
      tokenName: 'Aark Digital',
      tokenSymbol: 'AARK',
      tokenAddress: '2aXjui2YFtL6HrUYHY4rJyFsnnwg7LCYGjeZAKh8Y8P1',
      pairAddress: '2de6Nhy5sFVYmvqpjbzN2MSsMZb34uSVvxKCXSqek8GT',
      chain: 'SOL',
      exchange: 'pAMMBay6oceH9fJKBRHGP5D4bD4sWpmSwMn52FMfXEA',
      priceUsd: 0,
      volumeUsd: 32641782.51,
      mcap: 182829.73,
      priceChangePcs: [Object],
      transactions: [Object],
      audit: [Object],
      security: [Object],
      tokenCreatedTimestamp: 2025-09-27T11:06:40.000Z,
      liquidity: [Object],
      history: [Object],
      scannerAt: 1758994653560
    },
    '2de6nhy5sfvymvqpjbzn2mssmzb34usvvxkcxsqek8gt': {
      id: '2de6Nhy5sFVYmvqpjbzN2MSsMZb34uSVvxKCXSqek8GT',
      tokenName: 'Aark Digital',
      tokenSymbol: 'AARK',
      tokenAddress: '2aXjui2YFtL6HrUYHY4rJyFsnnwg7LCYGjeZAKh8Y8P1',
      pairAddress: '2de6Nhy5sFVYmvqpjbzN2MSsMZb34uSVvxKCXSqek8GT',
      chain: 'SOL',
      exchange: 'pAMMBay6oceH9fJKBRHGP5D4bD4sWpmSwMn52FMfXEA',
      priceUsd: 0,
      volumeUsd: 32641782.51,
      mcap: 182829.73,
      priceChangePcs: [Object],
      transactions: [Object],
      audit: [Object],
      security: [Object],
      tokenCreatedTimestamp: 2025-09-27T11:06:40.000Z,
      liquidity: [Object],
      history: [Object],
      scannerAt: 1758994653560
    },
    '3xAg7YRxqQaKoSpL9mzpJ27KDeAob8jNWtpYkQFDRBv4': {
      id: '3xAg7YRxqQaKoSpL9mzpJ27KDeAob8jNWtpYkQFDRBv4',
      tokenName: 'Aster',
      tokenSymbol: 'ASTER',
      tokenAddress: 'BpbsF5UVk8ZLWB3Ky2fMqmN2Km89fiKXHb5kySkWQ4Au',
      pairAddress: '3xAg7YRxqQaKoSpL9mzpJ27KDeAob8jNWtpYkQFDRBv4',
      chain: 'SOL',
      exchange: 'pAMMBay6oceH9fJKBRHGP5D4bD4sWpmSwMn52FMfXEA',
      priceUsd: 0,
      volumeUsd: 32261198.29,
      mcap: 182257.26,
      priceChangePcs: [Object],
      transactions: [Object],
      audit: [Object],
      security: [Object],
      tokenCreatedTimestamp: 2025-09-27T07:57:38.000Z,
      liquidity: [Object],
      history: [Object],
      scannerAt: 1758994653560
    },
    '3xag7yrxqqakospl9mzpj27kdeaob8jnwtpykqfdrbv4': {
      id: '3xAg7YRxqQaKoSpL9mzpJ27KDeAob8jNWtpYkQFDRBv4',
      tokenName: 'Aster',
      tokenSymbol: 'ASTER',
      tokenAddress: 'BpbsF5UVk8ZLWB3Ky2fMqmN2Km89fiKXHb5kySkWQ4Au',
      pairAddress: '3xAg7YRxqQaKoSpL9mzpJ27KDeAob8jNWtpYkQFDRBv4',
      chain: 'SOL',
      exchange: 'pAMMBay6oceH9fJKBRHGP5D4bD4sWpmSwMn52FMfXEA',
      priceUsd: 0,
      volumeUsd: 32261198.29,
      mcap: 182257.26,
      priceChangePcs: [Object],
      transactions: [Object],
      audit: [Object],
      security: [Object],
      tokenCreatedTimestamp: 2025-09-27T07:57:38.000Z,
      liquidity: [Object],
      history: [Object],
      scannerAt: 1758994653560
    },
    '0xF07a660776BE8CEa92f8BF91Fc2b482213d03f02': {
      id: '0xF07a660776BE8CEa92f8BF91Fc2b482213d03f02',
      tokenName: 'Golden',
      tokenSymbol: 'GOLDEN',
      tokenAddress: '0x40f8A48d7579039d42ff832E67fAD7D891640BDb',
      pairAddress: '0xF07a660776BE8CEa92f8BF91Fc2b482213d03f02',
      chain: 'ETH',
      exchange: '0x7a250d5630B4cF539739dF2C5dAcb4c659F2488D',
      priceUsd: 0,
      volumeUsd: 32165549.51,
      mcap: 1632.2807027037152,
      priceChangePcs: [Object],
      transactions: [Object],
      audit: [Object],
      security: [Object],
      tokenCreatedTimestamp: 2023-01-25T13:54:35.000Z,
      liquidity: [Object],
      history: [Object],
      scannerAt: 1758994653560
    },
    '0xf07a660776be8cea92f8bf91fc2b482213d03f02': {
      id: '0xF07a660776BE8CEa92f8BF91Fc2b482213d03f02',
      tokenName: 'Golden',
      tokenSymbol: 'GOLDEN',
      tokenAddress: '0x40f8A48d7579039d42ff832E67fAD7D891640BDb',
      pairAddress: '0xF07a660776BE8CEa92f8BF91Fc2b482213d03f02',
      chain: 'ETH',
      exchange: '0x7a250d5630B4cF539739dF2C5dAcb4c659F2488D',
      priceUsd: 0,
      volumeUsd: 32165549.51,
      mcap: 1632.2807027037152,
      priceChangePcs: [Object],
      transactions: [Object],
      audit: [Object],
      security: [Object],
      tokenCreatedTimestamp: 2023-01-25T13:54:35.000Z,
      liquidity: [Object],
      history: [Object],
      scannerAt: 1758994653560
    },
    '72FGNDqFm1mttWnpx4T3dUvABeJ4nytxQUg2jQUMCkmK': {
      id: '72FGNDqFm1mttWnpx4T3dUvABeJ4nytxQUg2jQUMCkmK',
      tokenName: 'Plasma',
      tokenSymbol: 'XPL',
      tokenAddress: 'F3VufeDHsoo2KKLbGv2qYyoniCnSP9bskCcXwfsEzMQ4',
      pairAddress: '72FGNDqFm1mttWnpx4T3dUvABeJ4nytxQUg2jQUMCkmK',
      chain: 'SOL',
      exchange: 'pAMMBay6oceH9fJKBRHGP5D4bD4sWpmSwMn52FMfXEA',
      priceUsd: 0.00021182323278299105,
      volumeUsd: 31973112.01,
      mcap: 211823.16,
      priceChangePcs: [Object],
      transactions: [Object],
      audit: [Object],
      security: [Object],
      tokenCreatedTimestamp: 2025-09-26T18:19:57.000Z,
      liquidity: [Object],
      history: [Object],
      scannerAt: 1758994653560
    },
    '72fgndqfm1mttwnpx4t3duvabej4nytxqug2jqumckmk': {
      id: '72FGNDqFm1mttWnpx4T3dUvABeJ4nytxQUg2jQUMCkmK',
      tokenName: 'Plasma',
      tokenSymbol: 'XPL',
      tokenAddress: 'F3VufeDHsoo2KKLbGv2qYyoniCnSP9bskCcXwfsEzMQ4',
      pairAddress: '72FGNDqFm1mttWnpx4T3dUvABeJ4nytxQUg2jQUMCkmK',
      chain: 'SOL',
      exchange: 'pAMMBay6oceH9fJKBRHGP5D4bD4sWpmSwMn52FMfXEA',
      priceUsd: 0.00021182323278299105,
      volumeUsd: 31973112.01,
      mcap: 211823.16,
      priceChangePcs: [Object],
      transactions: [Object],
      audit: [Object],
      security: [Object],
      tokenCreatedTimestamp: 2025-09-26T18:19:57.000Z,
      liquidity: [Object],
      history: [Object],
      scannerAt: 1758994653560
    },
    LSck3bJUSkkVQKzyjd8kMHEycMY52Ems5DeYeuXngMA: {
      id: 'LSck3bJUSkkVQKzyjd8kMHEycMY52Ems5DeYeuXngMA',
      tokenName: 'HanaNetwork',
      tokenSymbol: 'HANA',
      tokenAddress: 'B6peDDugTf6wBMDwQ3VByVby6Dx2Qqwc4q7eE3NpryEF',
      pairAddress: 'LSck3bJUSkkVQKzyjd8kMHEycMY52Ems5DeYeuXngMA',
      chain: 'SOL',
      exchange: 'pAMMBay6oceH9fJKBRHGP5D4bD4sWpmSwMn52FMfXEA',
      priceUsd: 0,
      volumeUsd: 31694725.59,
      mcap: 121388.55,
      priceChangePcs: [Object],
      transactions: [Object],
      audit: [Object],
      security: [Object],
      tokenCreatedTimestamp: 2025-09-27T06:21:28.000Z,
      liquidity: [Object],
      history: [Object],
      scannerAt: 1758994653560
    },
    lsck3bjuskkvqkzyjd8kmheycmy52ems5deyeuxngma: {
      id: 'LSck3bJUSkkVQKzyjd8kMHEycMY52Ems5DeYeuXngMA',
      tokenName: 'HanaNetwork',
      tokenSymbol: 'HANA',
      tokenAddress: 'B6peDDugTf6wBMDwQ3VByVby6Dx2Qqwc4q7eE3NpryEF',
      pairAddress: 'LSck3bJUSkkVQKzyjd8kMHEycMY52Ems5DeYeuXngMA',
      chain: 'SOL',
      exchange: 'pAMMBay6oceH9fJKBRHGP5D4bD4sWpmSwMn52FMfXEA',
      priceUsd: 0,
      volumeUsd: 31694725.59,
      mcap: 121388.55,
      priceChangePcs: [Object],
      transactions: [Object],
      audit: [Object],
      security: [Object],
      tokenCreatedTimestamp: 2025-09-27T06:21:28.000Z,
      liquidity: [Object],
      history: [Object],
      scannerAt: 1758994653560
    },
    G69UieGxtHvVhtfFeJfk4NA18AS6kJE8c7PY6erpfuBx: {
      id: 'G69UieGxtHvVhtfFeJfk4NA18AS6kJE8c7PY6erpfuBx',
      tokenName: 'Bitlight Labs',
      tokenSymbol: 'LIGHT🔥',
      tokenAddress: '7e9pcKwiACvuE5vf2P855Y4j2eXXu3wKWPmHKeJBcLRK',
      pairAddress: 'G69UieGxtHvVhtfFeJfk4NA18AS6kJE8c7PY6erpfuBx',
      chain: 'SOL',
      exchange: 'pAMMBay6oceH9fJKBRHGP5D4bD4sWpmSwMn52FMfXEA',
      priceUsd: 0.1816170556,
      volumeUsd: 30653523.98,
      mcap: 181617054.78,
      priceChangePcs: [Object],
      transactions: [Object],
      audit: [Object],
      security: [Object],
      tokenCreatedTimestamp: 2025-09-27T12:25:48.000Z,
      liquidity: [Object],
      history: [Object],
      scannerAt: 1758994653560
    },
    g69uiegxthvvhtffejfk4na18as6kje8c7py6erpfubx: {
      id: 'G69UieGxtHvVhtfFeJfk4NA18AS6kJE8c7PY6erpfuBx',
      tokenName: 'Bitlight Labs',
      tokenSymbol: 'LIGHT🔥',
      tokenAddress: '7e9pcKwiACvuE5vf2P855Y4j2eXXu3wKWPmHKeJBcLRK',
      pairAddress: 'G69UieGxtHvVhtfFeJfk4NA18AS6kJE8c7PY6erpfuBx',
      chain: 'SOL',
      exchange: 'pAMMBay6oceH9fJKBRHGP5D4bD4sWpmSwMn52FMfXEA',
      priceUsd: 0.1816170556,
      volumeUsd: 30653523.98,
      mcap: 181617054.78,
      priceChangePcs: [Object],
      transactions: [Object],
      audit: [Object],
      security: [Object],
      tokenCreatedTimestamp: 2025-09-27T12:25:48.000Z,
      liquidity: [Object],
      history: [Object],
      scannerAt: 1758994653560
    },
    '4xmSszrPwSrqWFN3TE9djvH4ZMzSfw8iFqvTJ1S8MwPF': {
      id: '4xmSszrPwSrqWFN3TE9djvH4ZMzSfw8iFqvTJ1S8MwPF',
      tokenName: 'だいぞう',
      tokenSymbol: 'Daizo',
      tokenAddress: '6caVpdwUKu17xBEvajA3SgXnFnp8vra15Tv7Wj2BKScA',
      pairAddress: '4xmSszrPwSrqWFN3TE9djvH4ZMzSfw8iFqvTJ1S8MwPF',
      chain: 'SOL',
      exchange: 'pAMMBay6oceH9fJKBRHGP5D4bD4sWpmSwMn52FMfXEA',
      priceUsd: 0.000009818661301,
      volumeUsd: 30126593.07,
      mcap: 9818.66,
      priceChangePcs: [Object],
      transactions: [Object],
      audit: [Object],
      security: [Object],
      tokenCreatedTimestamp: 2025-09-27T05:29:54.000Z,
      liquidity: [Object],
      history: [Object],
      scannerAt: 1758994653560
    },
    '4xmsszrpwsrqwfn3te9djvh4zmzsfw8ifqvtj1s8mwpf': {
      id: '4xmSszrPwSrqWFN3TE9djvH4ZMzSfw8iFqvTJ1S8MwPF',
      tokenName: 'だいぞう',
      tokenSymbol: 'Daizo',
      tokenAddress: '6caVpdwUKu17xBEvajA3SgXnFnp8vra15Tv7Wj2BKScA',
      pairAddress: '4xmSszrPwSrqWFN3TE9djvH4ZMzSfw8iFqvTJ1S8MwPF',
      chain: 'SOL',
      exchange: 'pAMMBay6oceH9fJKBRHGP5D4bD4sWpmSwMn52FMfXEA',
      priceUsd: 0.000009818661301,
      volumeUsd: 30126593.07,
      mcap: 9818.66,
      priceChangePcs: [Object],
      transactions: [Object],
      audit: [Object],
      security: [Object],
      tokenCreatedTimestamp: 2025-09-27T05:29:54.000Z,
      liquidity: [Object],
      history: [Object],
      scannerAt: 1758994653560
    },
    '7Q6SSQiiPtrdE24Pp7pDMoTKnhxFF7fCjZgtpK1G2iJS': {
      id: '7Q6SSQiiPtrdE24Pp7pDMoTKnhxFF7fCjZgtpK1G2iJS',
      tokenName: 'Falcon Finance',
      tokenSymbol: 'FF',
      tokenAddress: '9XMQ72WETBF74Ln2Yh9ZDBNPFnx3UheRaUU2bkymmwfk',
      pairAddress: '7Q6SSQiiPtrdE24Pp7pDMoTKnhxFF7fCjZgtpK1G2iJS',
      chain: 'SOL',
      exchange: 'pAMMBay6oceH9fJKBRHGP5D4bD4sWpmSwMn52FMfXEA',
      priceUsd: 0.00046709367328330934,
      volumeUsd: 30104475.86,
      mcap: 467092.99,
      priceChangePcs: [Object],
      transactions: [Object],
      audit: [Object],
      security: [Object],
      tokenCreatedTimestamp: 2025-09-26T20:16:03.000Z,
      liquidity: [Object],
      history: [Object],
      scannerAt: 1758994653560
    },
    '7q6ssqiiptrde24pp7pdmotknhxff7fcjzgtpk1g2ijs': {
      id: '7Q6SSQiiPtrdE24Pp7pDMoTKnhxFF7fCjZgtpK1G2iJS',
      tokenName: 'Falcon Finance',
      tokenSymbol: 'FF',
      tokenAddress: '9XMQ72WETBF74Ln2Yh9ZDBNPFnx3UheRaUU2bkymmwfk',
      pairAddress: '7Q6SSQiiPtrdE24Pp7pDMoTKnhxFF7fCjZgtpK1G2iJS',
      chain: 'SOL',
      exchange: 'pAMMBay6oceH9fJKBRHGP5D4bD4sWpmSwMn52FMfXEA',
      priceUsd: 0.00046709367328330934,
      volumeUsd: 30104475.86,
      mcap: 467092.99,
      priceChangePcs: [Object],
      transactions: [Object],
      audit: [Object],
      security: [Object],
      tokenCreatedTimestamp: 2025-09-26T20:16:03.000Z,
      liquidity: [Object],
      history: [Object],
      scannerAt: 1758994653560
    },
    '0x48DA0965ab2d2cbf1C17C09cFB5Cbe67Ad5B1406': {
      id: '0x48DA0965ab2d2cbf1C17C09cFB5Cbe67Ad5B1406',
      tokenName: 'Dai Stablecoin',
      tokenSymbol: 'DAI',
      tokenAddress: '0x6B175474E89094C44Da98b954EedeAC495271d0F',
      pairAddress: '0x48DA0965ab2d2cbf1C17C09cFB5Cbe67Ad5B1406',
      chain: 'ETH',
      exchange: '0x68b3465833fb72A70ecDF485E0e4C7bD8665Fc45',
      priceUsd: 0.9994947172108616,
      volumeUsd: 30064240.44,
      mcap: 4599499376.14,
      priceChangePcs: [Object],
      transactions: [Object],
      audit: [Object],
      security: [Object],
      tokenCreatedTimestamp: 2022-07-14T19:46:36.000Z,
      liquidity: [Object],
      history: [Object],
      scannerAt: 1758994653560
    },
    '0x48da0965ab2d2cbf1c17c09cfb5cbe67ad5b1406': {
      id: '0x48DA0965ab2d2cbf1C17C09cFB5Cbe67Ad5B1406',
      tokenName: 'Dai Stablecoin',
      tokenSymbol: 'DAI',
      tokenAddress: '0x6B175474E89094C44Da98b954EedeAC495271d0F',
      pairAddress: '0x48DA0965ab2d2cbf1C17C09cFB5Cbe67Ad5B1406',
      chain: 'ETH',
      exchange: '0x68b3465833fb72A70ecDF485E0e4C7bD8665Fc45',
      priceUsd: 0.9994947172108616,
      volumeUsd: 30064240.44,
      mcap: 4599499376.14,
      priceChangePcs: [Object],
      transactions: [Object],
      audit: [Object],
      security: [Object],
      tokenCreatedTimestamp: 2022-07-14T19:46:36.000Z,
      liquidity: [Object],
      history: [Object],
      scannerAt: 1758994653560
    },
    '7AEu3shCo6wq9Q4L1fFrmLxDR5ud997ojxhkpArhuvQL': {
      id: '7AEu3shCo6wq9Q4L1fFrmLxDR5ud997ojxhkpArhuvQL',
      tokenName: 'OpenEden (mainnet arc)_dex',
      tokenSymbol: 'EDEN',
      tokenAddress: 'DFtqYZJbBx6yE7S25gMHPvfc9CLkaZtGTn5neBqRQFoU',
      pairAddress: '7AEu3shCo6wq9Q4L1fFrmLxDR5ud997ojxhkpArhuvQL',
      chain: 'SOL',
      exchange: 'pAMMBay6oceH9fJKBRHGP5D4bD4sWpmSwMn52FMfXEA',
      priceUsd: 0.0002025367349,
      volumeUsd: 29285039.24,
      mcap: 202536.34,
      priceChangePcs: [Object],
      transactions: [Object],
      audit: [Object],
      security: [Object],
      tokenCreatedTimestamp: 2025-09-27T11:15:49.000Z,
      liquidity: [Object],
      history: [Object],
      scannerAt: 1758994653560
    },
    '7aeu3shco6wq9q4l1ffrmlxdr5ud997ojxhkparhuvql': {
      id: '7AEu3shCo6wq9Q4L1fFrmLxDR5ud997ojxhkpArhuvQL',
      tokenName: 'OpenEden (mainnet arc)_dex',
      tokenSymbol: 'EDEN',
      tokenAddress: 'DFtqYZJbBx6yE7S25gMHPvfc9CLkaZtGTn5neBqRQFoU',
      pairAddress: '7AEu3shCo6wq9Q4L1fFrmLxDR5ud997ojxhkpArhuvQL',
      chain: 'SOL',
      exchange: 'pAMMBay6oceH9fJKBRHGP5D4bD4sWpmSwMn52FMfXEA',
      priceUsd: 0.0002025367349,
      volumeUsd: 29285039.24,
      mcap: 202536.34,
      priceChangePcs: [Object],
      transactions: [Object],
      audit: [Object],
      security: [Object],
      tokenCreatedTimestamp: 2025-09-27T11:15:49.000Z,
      liquidity: [Object],
      history: [Object],
      scannerAt: 1758994653560
    },
    FAAwKMiRSxg5Ly9kF7fTic9TPsUtAsBE8GzYJHGUBBnE: {
      id: 'FAAwKMiRSxg5Ly9kF7fTic9TPsUtAsBE8GzYJHGUBBnE',
      tokenName: 'BestWalletHQ',
      tokenSymbol: 'Best',
      tokenAddress: '6wqwA7D69iWYGYaRhdi6o9UVyAreGDxkCGtyZGP4GVoC',
      pairAddress: 'FAAwKMiRSxg5Ly9kF7fTic9TPsUtAsBE8GzYJHGUBBnE',
      chain: 'SOL',
      exchange: 'pAMMBay6oceH9fJKBRHGP5D4bD4sWpmSwMn52FMfXEA',
      priceUsd: 0.000007985328354202874,
      volumeUsd: 28655546.14,
      mcap: 7985.32,
      priceChangePcs: [Object],
      transactions: [Object],
      audit: [Object],
      security: [Object],
      tokenCreatedTimestamp: 2025-09-26T16:29:03.000Z,
      liquidity: [Object],
      history: [Object],
      scannerAt: 1758994653560
    },
    faawkmirsxg5ly9kf7ftic9tpsutasbe8gzyjhgubbne: {
      id: 'FAAwKMiRSxg5Ly9kF7fTic9TPsUtAsBE8GzYJHGUBBnE',
      tokenName: 'BestWalletHQ',
      tokenSymbol: 'Best',
      tokenAddress: '6wqwA7D69iWYGYaRhdi6o9UVyAreGDxkCGtyZGP4GVoC',
      pairAddress: 'FAAwKMiRSxg5Ly9kF7fTic9TPsUtAsBE8GzYJHGUBBnE',
      chain: 'SOL',
      exchange: 'pAMMBay6oceH9fJKBRHGP5D4bD4sWpmSwMn52FMfXEA',
      priceUsd: 0.000007985328354202874,
      volumeUsd: 28655546.14,
      mcap: 7985.32,
      priceChangePcs: [Object],
      transactions: [Object],
      audit: [Object],
      security: [Object],
      tokenCreatedTimestamp: 2025-09-26T16:29:03.000Z,
      liquidity: [Object],
      history: [Object],
      scannerAt: 1758994653560
    },
    '8FweVMxdZDERdJ2m6YZgA2SfDSCYQr2LSPDEADExEWqM': {
      id: '8FweVMxdZDERdJ2m6YZgA2SfDSCYQr2LSPDEADExEWqM',
      tokenName: 'Plasma',
      tokenSymbol: 'XPL',
      tokenAddress: '8AJTMb3scFGBHY56AbA8Uyy5ziozftgW2eRfCAKoMkoq',
      pairAddress: '8FweVMxdZDERdJ2m6YZgA2SfDSCYQr2LSPDEADExEWqM',
      chain: 'SOL',
      exchange: 'pAMMBay6oceH9fJKBRHGP5D4bD4sWpmSwMn52FMfXEA',
      priceUsd: 0.00023051132186101769,
      volumeUsd: 28465233.01,
      mcap: 230510.67,
      priceChangePcs: [Object],
      transactions: [Object],
      audit: [Object],
      security: [Object],
      tokenCreatedTimestamp: 2025-09-26T17:30:31.000Z,
      liquidity: [Object],
      history: [Object],
      scannerAt: 1758994653560
    },
    '8fwevmxdzderdj2m6yzga2sfdscyqr2lspdeadexewqm': {
      id: '8FweVMxdZDERdJ2m6YZgA2SfDSCYQr2LSPDEADExEWqM',
      tokenName: 'Plasma',
      tokenSymbol: 'XPL',
      tokenAddress: '8AJTMb3scFGBHY56AbA8Uyy5ziozftgW2eRfCAKoMkoq',
      pairAddress: '8FweVMxdZDERdJ2m6YZgA2SfDSCYQr2LSPDEADExEWqM',
      chain: 'SOL',
      exchange: 'pAMMBay6oceH9fJKBRHGP5D4bD4sWpmSwMn52FMfXEA',
      priceUsd: 0.00023051132186101769,
      volumeUsd: 28465233.01,
      mcap: 230510.67,
      priceChangePcs: [Object],
      transactions: [Object],
      audit: [Object],
      security: [Object],
      tokenCreatedTimestamp: 2025-09-26T17:30:31.000Z,
      liquidity: [Object],
      history: [Object],
      scannerAt: 1758994653560
    },
    BGm1tav58oGcsQJehL9WXBFXF7D27vZsKefj4xJKD5Y: {
      id: 'BGm1tav58oGcsQJehL9WXBFXF7D27vZsKefj4xJKD5Y',
      tokenName: 'USD Coin',
      tokenSymbol: 'USDC',
      tokenAddress: 'EPjFWdd5AufqSSqeM2qN1xzybapC8G4wEGGkZwyTDt1v',
      pairAddress: 'BGm1tav58oGcsQJehL9WXBFXF7D27vZsKefj4xJKD5Y',
      chain: 'SOL',
      exchange: 'LBUZKhRxPF3XUpBCjp4YzTKgLccjZhTSDM9YuVaPwxo',
      priceUsd: 1.001125503,
      volumeUsd: 28403695.09,
      mcap: 10157202218.37,
      priceChangePcs: [Object],
      transactions: [Object],
      audit: [Object],
      security: [Object],
      tokenCreatedTimestamp: 2025-01-19T19:28:04.000Z,
      liquidity: [Object],
      history: [Object],
      scannerAt: 1758994653560
    },
    bgm1tav58ogcsqjehl9wxbfxf7d27vzskefj4xjkd5y: {
      id: 'BGm1tav58oGcsQJehL9WXBFXF7D27vZsKefj4xJKD5Y',
      tokenName: 'USD Coin',
      tokenSymbol: 'USDC',
      tokenAddress: 'EPjFWdd5AufqSSqeM2qN1xzybapC8G4wEGGkZwyTDt1v',
      pairAddress: 'BGm1tav58oGcsQJehL9WXBFXF7D27vZsKefj4xJKD5Y',
      chain: 'SOL',
      exchange: 'LBUZKhRxPF3XUpBCjp4YzTKgLccjZhTSDM9YuVaPwxo',
      priceUsd: 1.001125503,
      volumeUsd: 28403695.09,
      mcap: 10157202218.37,
      priceChangePcs: [Object],
      transactions: [Object],
      audit: [Object],
      security: [Object],
      tokenCreatedTimestamp: 2025-01-19T19:28:04.000Z,
      liquidity: [Object],
      history: [Object],
      scannerAt: 1758994653560
    },
    DSDKsFEFMgosh4LXWJho2yZdmrRS8EuUCcEv8fZXcVVM: {
      id: 'DSDKsFEFMgosh4LXWJho2yZdmrRS8EuUCcEv8fZXcVVM',
      tokenName: 'Mask Coin',
      tokenSymbol: 'MetaMask',
      tokenAddress: 'BFRSXPfDLhyXCeLieLbEYtT5pujwVVoSg81yVHS2bjag',
      pairAddress: 'DSDKsFEFMgosh4LXWJho2yZdmrRS8EuUCcEv8fZXcVVM',
      chain: 'SOL',
      exchange: 'pAMMBay6oceH9fJKBRHGP5D4bD4sWpmSwMn52FMfXEA',
      priceUsd: 0.00023232215543845708,
      volumeUsd: 28317422.86,
      mcap: 232321.58,
      priceChangePcs: [Object],
      transactions: [Object],
      audit: [Object],
      security: [Object],
      tokenCreatedTimestamp: 2025-09-26T16:58:21.000Z,
      liquidity: [Object],
      history: [Object],
      scannerAt: 1758994653560
    },
    dsdksfefmgosh4lxwjho2yzdmrrs8euuccev8fzxcvvm: {
      id: 'DSDKsFEFMgosh4LXWJho2yZdmrRS8EuUCcEv8fZXcVVM',
      tokenName: 'Mask Coin',
      tokenSymbol: 'MetaMask',
      tokenAddress: 'BFRSXPfDLhyXCeLieLbEYtT5pujwVVoSg81yVHS2bjag',
      pairAddress: 'DSDKsFEFMgosh4LXWJho2yZdmrRS8EuUCcEv8fZXcVVM',
      chain: 'SOL',
      exchange: 'pAMMBay6oceH9fJKBRHGP5D4bD4sWpmSwMn52FMfXEA',
      priceUsd: 0.00023232215543845708,
      volumeUsd: 28317422.86,
      mcap: 232321.58,
      priceChangePcs: [Object],
      transactions: [Object],
      audit: [Object],
      security: [Object],
      tokenCreatedTimestamp: 2025-09-26T16:58:21.000Z,
      liquidity: [Object],
      history: [Object],
      scannerAt: 1758994653560
    },
    '0x4D3bF29Ba30f8Bfe4624e7678709afA195689c5D': {
      id: '0x4D3bF29Ba30f8Bfe4624e7678709afA195689c5D',
      tokenName: 'AKE',
      tokenSymbol: 'AKE',
      tokenAddress: '0x2c3a8Ee94dDD97244a93Bc48298f97d2C412F7Db',
      pairAddress: '0x4D3bF29Ba30f8Bfe4624e7678709afA195689c5D',
      chain: 'BSC',
      exchange: '0x1b81D678ffb9C0263b24A97847620C99d213eB14',
      priceUsd: 0.0018440674879972303,
      volumeUsd: 28265231.19,
      mcap: 184406748.79,
      priceChangePcs: [Object],
      transactions: [Object],
      audit: [Object],
      security: [Object],
      tokenCreatedTimestamp: 2025-08-20T07:40:09.000Z,
      liquidity: [Object],
      history: [Object],
      scannerAt: 1758994653560
    },
    '0x4d3bf29ba30f8bfe4624e7678709afa195689c5d': {
      id: '0x4D3bF29Ba30f8Bfe4624e7678709afA195689c5D',
      tokenName: 'AKE',
      tokenSymbol: 'AKE',
      tokenAddress: '0x2c3a8Ee94dDD97244a93Bc48298f97d2C412F7Db',
      pairAddress: '0x4D3bF29Ba30f8Bfe4624e7678709afA195689c5D',
      chain: 'BSC',
      exchange: '0x1b81D678ffb9C0263b24A97847620C99d213eB14',
      priceUsd: 0.0018440674879972303,
      volumeUsd: 28265231.19,
      mcap: 184406748.79,
      priceChangePcs: [Object],
      transactions: [Object],
      audit: [Object],
      security: [Object],
      tokenCreatedTimestamp: 2025-08-20T07:40:09.000Z,
      liquidity: [Object],
      history: [Object],
      scannerAt: 1758994653560
    },
    '65jZDZQNgUUjn8nzWfWfCjTt8GADchcPQstSJrHLVgtD': {
      id: '65jZDZQNgUUjn8nzWfWfCjTt8GADchcPQstSJrHLVgtD',
      tokenName: 'Falcon Finance',
      tokenSymbol: 'FF',
      tokenAddress: 'GkDwuYBCE6EPFU4W5p8rDNsCTRPwTpu2PEW71Qhpn1g8',
      pairAddress: '65jZDZQNgUUjn8nzWfWfCjTt8GADchcPQstSJrHLVgtD',
      chain: 'SOL',
      exchange: 'pAMMBay6oceH9fJKBRHGP5D4bD4sWpmSwMn52FMfXEA',
      priceUsd: 0.0004155427865377349,
      volumeUsd: 28015977.66,
      mcap: 415542.05,
      priceChangePcs: [Object],
      transactions: [Object],
      audit: [Object],
      security: [Object],
      tokenCreatedTimestamp: 2025-09-27T01:06:49.000Z,
      liquidity: [Object],
      history: [Object],
      scannerAt: 1758994653560
    },
    '65jzdzqnguujn8nzwfwfcjtt8gadchcpqstsjrhlvgtd': {
      id: '65jZDZQNgUUjn8nzWfWfCjTt8GADchcPQstSJrHLVgtD',
      tokenName: 'Falcon Finance',
      tokenSymbol: 'FF',
      tokenAddress: 'GkDwuYBCE6EPFU4W5p8rDNsCTRPwTpu2PEW71Qhpn1g8',
      pairAddress: '65jZDZQNgUUjn8nzWfWfCjTt8GADchcPQstSJrHLVgtD',
      chain: 'SOL',
      exchange: 'pAMMBay6oceH9fJKBRHGP5D4bD4sWpmSwMn52FMfXEA',
      priceUsd: 0.0004155427865377349,
      volumeUsd: 28015977.66,
      mcap: 415542.05,
      priceChangePcs: [Object],
      transactions: [Object],
      audit: [Object],
      security: [Object],
      tokenCreatedTimestamp: 2025-09-27T01:06:49.000Z,
      liquidity: [Object],
      history: [Object],
      scannerAt: 1758994653560
    },
    '0x51CD0752767F7EAA094b6a2D42481cE856966796': {
      id: '0x51CD0752767F7EAA094b6a2D42481cE856966796',
      tokenName: 'LAYER TOKEN',
      tokenSymbol: 'LAYER',
      tokenAddress: '0x9B11E4539614dFa0CD640FAcD10495578B6F06D7',
      pairAddress: '0x51CD0752767F7EAA094b6a2D42481cE856966796',
      chain: 'BSC',
      exchange: '0xB971eF87ede563556b2ED4b1C0b0019111Dd85d2',
      priceUsd: 175314.20422068963,
      volumeUsd: 27140005.23,
      mcap: 1753142042206.89,
      priceChangePcs: [Object],
      transactions: [Object],
      audit: [Object],
      security: [Object],
      tokenCreatedTimestamp: 2025-09-11T17:08:53.000Z,
      liquidity: [Object],
      history: [Object],
      scannerAt: 1758994653560
    },
    '0x51cd0752767f7eaa094b6a2d42481ce856966796': {
      id: '0x51CD0752767F7EAA094b6a2D42481cE856966796',
      tokenName: 'LAYER TOKEN',
      tokenSymbol: 'LAYER',
      tokenAddress: '0x9B11E4539614dFa0CD640FAcD10495578B6F06D7',
      pairAddress: '0x51CD0752767F7EAA094b6a2D42481cE856966796',
      chain: 'BSC',
      exchange: '0xB971eF87ede563556b2ED4b1C0b0019111Dd85d2',
      priceUsd: 175314.20422068963,
      volumeUsd: 27140005.23,
      mcap: 1753142042206.89,
      priceChangePcs: [Object],
      transactions: [Object],
      audit: [Object],
      security: [Object],
      tokenCreatedTimestamp: 2025-09-11T17:08:53.000Z,
      liquidity: [Object],
      history: [Object],
      scannerAt: 1758994653560
    },
    H4dsseSVJhvUeQjsh3CxFfvTcVXMJKkgG5nvGDSUJfyN: {
      id: 'H4dsseSVJhvUeQjsh3CxFfvTcVXMJKkgG5nvGDSUJfyN',
      tokenName: 'CORGI',
      tokenSymbol: 'CORGI',
      tokenAddress: '78MBbpRuimZoTpP39kMDTEWa8c5R5mWFt8FwbDvaur8a',
      pairAddress: 'H4dsseSVJhvUeQjsh3CxFfvTcVXMJKkgG5nvGDSUJfyN',
      chain: 'SOL',
      exchange: 'pAMMBay6oceH9fJKBRHGP5D4bD4sWpmSwMn52FMfXEA',
      priceUsd: 0,
      volumeUsd: 26914675.18,
      mcap: 212499.01,
      priceChangePcs: [Object],
      transactions: [Object],
      audit: [Object],
      security: [Object],
      tokenCreatedTimestamp: 2025-09-27T00:31:14.000Z,
      liquidity: [Object],
      history: [Object],
      scannerAt: 1758994653560
    },
    h4dssesvjhvueqjsh3cxffvtcvxmjkkgg5nvgdsujfyn: {
      id: 'H4dsseSVJhvUeQjsh3CxFfvTcVXMJKkgG5nvGDSUJfyN',
      tokenName: 'CORGI',
      tokenSymbol: 'CORGI',
      tokenAddress: '78MBbpRuimZoTpP39kMDTEWa8c5R5mWFt8FwbDvaur8a',
      pairAddress: 'H4dsseSVJhvUeQjsh3CxFfvTcVXMJKkgG5nvGDSUJfyN',
      chain: 'SOL',
      exchange: 'pAMMBay6oceH9fJKBRHGP5D4bD4sWpmSwMn52FMfXEA',
      priceUsd: 0,
      volumeUsd: 26914675.18,
      mcap: 212499.01,
      priceChangePcs: [Object],
      transactions: [Object],
      audit: [Object],
      security: [Object],
      tokenCreatedTimestamp: 2025-09-27T00:31:14.000Z,
      liquidity: [Object],
      history: [Object],
      scannerAt: 1758994653560
    },
    EciycbwXyaC42yHTexhvZNt8mLrTtjcCegRXz5gDS3bK: {
      id: 'EciycbwXyaC42yHTexhvZNt8mLrTtjcCegRXz5gDS3bK',
      tokenName: 'LittlePepe',
      tokenSymbol: 'LILPEPE',
      tokenAddress: '4JALF7To9sY4U771VTNHYb69u5w72ivqohyvgutz98cm',
      pairAddress: 'EciycbwXyaC42yHTexhvZNt8mLrTtjcCegRXz5gDS3bK',
      chain: 'SOL',
      exchange: 'pAMMBay6oceH9fJKBRHGP5D4bD4sWpmSwMn52FMfXEA',
      priceUsd: 0.003378333133,
      volumeUsd: 26679464.6,
      mcap: 3378332.88,
      priceChangePcs: [Object],
      transactions: [Object],
      audit: [Object],
      security: [Object],
      tokenCreatedTimestamp: 2025-09-27T09:50:16.000Z,
      liquidity: [Object],
      history: [Object],
      scannerAt: 1758994653560
    },
    eciycbwxyac42yhtexhvznt8mlrttjccegrxz5gds3bk: {
      id: 'EciycbwXyaC42yHTexhvZNt8mLrTtjcCegRXz5gDS3bK',
      tokenName: 'LittlePepe',
      tokenSymbol: 'LILPEPE',
      tokenAddress: '4JALF7To9sY4U771VTNHYb69u5w72ivqohyvgutz98cm',
      pairAddress: 'EciycbwXyaC42yHTexhvZNt8mLrTtjcCegRXz5gDS3bK',
      chain: 'SOL',
      exchange: 'pAMMBay6oceH9fJKBRHGP5D4bD4sWpmSwMn52FMfXEA',
      priceUsd: 0.003378333133,
      volumeUsd: 26679464.6,
      mcap: 3378332.88,
      priceChangePcs: [Object],
      transactions: [Object],
      audit: [Object],
      security: [Object],
      tokenCreatedTimestamp: 2025-09-27T09:50:16.000Z,
      liquidity: [Object],
      history: [Object],
      scannerAt: 1758994653560
    },
    D9h5PPpHDa7ba95HiyLeYjnXCinGhhdjhcoeFJQ2cf7z: {
      id: 'D9h5PPpHDa7ba95HiyLeYjnXCinGhhdjhcoeFJQ2cf7z',
      tokenName: 'WURK',
      tokenSymbol: 'WURK',
      tokenAddress: 'CzQA6NA5ykJ5ASD7swLSxcVcG1nrwzSAcyR5EFGFFtPU',
      pairAddress: 'D9h5PPpHDa7ba95HiyLeYjnXCinGhhdjhcoeFJQ2cf7z',
      chain: 'SOL',
      exchange: 'pAMMBay6oceH9fJKBRHGP5D4bD4sWpmSwMn52FMfXEA',
      priceUsd: 0,
      volumeUsd: 26597124.22,
      mcap: 183467.91,
      priceChangePcs: [Object],
      transactions: [Object],
      audit: [Object],
      security: [Object],
      tokenCreatedTimestamp: 2025-09-27T07:46:41.000Z,
      liquidity: [Object],
      history: [Object],
      scannerAt: 1758994653560
    },
    d9h5ppphda7ba95hiyleyjnxcinghhdjhcoefjq2cf7z: {
      id: 'D9h5PPpHDa7ba95HiyLeYjnXCinGhhdjhcoeFJQ2cf7z',
      tokenName: 'WURK',
      tokenSymbol: 'WURK',
      tokenAddress: 'CzQA6NA5ykJ5ASD7swLSxcVcG1nrwzSAcyR5EFGFFtPU',
      pairAddress: 'D9h5PPpHDa7ba95HiyLeYjnXCinGhhdjhcoeFJQ2cf7z',
      chain: 'SOL',
      exchange: 'pAMMBay6oceH9fJKBRHGP5D4bD4sWpmSwMn52FMfXEA',
      priceUsd: 0,
      volumeUsd: 26597124.22,
      mcap: 183467.91,
      priceChangePcs: [Object],
      transactions: [Object],
      audit: [Object],
      security: [Object],
      tokenCreatedTimestamp: 2025-09-27T07:46:41.000Z,
      liquidity: [Object],
      history: [Object],
      scannerAt: 1758994653560
    },
    FDqFiYe3QfKiLBfav7GW4EsGh3Jt465tBqLg7HTnrkqR: {
      id: 'FDqFiYe3QfKiLBfav7GW4EsGh3Jt465tBqLg7HTnrkqR',
      tokenName: 'Bitlight Labs',
      tokenSymbol: 'LIGHT',
      tokenAddress: 'CipEt68fvLSxyo9CYch8qqkKPULmNkTp6qLsEtS8Lovw',
      pairAddress: 'FDqFiYe3QfKiLBfav7GW4EsGh3Jt465tBqLg7HTnrkqR',
      chain: 'SOL',
      exchange: 'pAMMBay6oceH9fJKBRHGP5D4bD4sWpmSwMn52FMfXEA',
      priceUsd: 0.0005403168924762773,
      volumeUsd: 26478943.24,
      mcap: 540265.52,
      priceChangePcs: [Object],
      transactions: [Object],
      audit: [Object],
      security: [Object],
      tokenCreatedTimestamp: 2025-09-26T13:15:09.000Z,
      liquidity: [Object],
      history: [Object],
      scannerAt: 1758994653560
    },
    fdqfiye3qfkilbfav7gw4esgh3jt465tbqlg7htnrkqr: {
      id: 'FDqFiYe3QfKiLBfav7GW4EsGh3Jt465tBqLg7HTnrkqR',
      tokenName: 'Bitlight Labs',
      tokenSymbol: 'LIGHT',
      tokenAddress: 'CipEt68fvLSxyo9CYch8qqkKPULmNkTp6qLsEtS8Lovw',
      pairAddress: 'FDqFiYe3QfKiLBfav7GW4EsGh3Jt465tBqLg7HTnrkqR',
      chain: 'SOL',
      exchange: 'pAMMBay6oceH9fJKBRHGP5D4bD4sWpmSwMn52FMfXEA',
      priceUsd: 0.0005403168924762773,
      volumeUsd: 26478943.24,
      mcap: 540265.52,
      priceChangePcs: [Object],
      transactions: [Object],
      audit: [Object],
      security: [Object],
      tokenCreatedTimestamp: 2025-09-26T13:15:09.000Z,
      liquidity: [Object],
      history: [Object],
      scannerAt: 1758994653560
    },
    ALnyJnYCgFqLuJEFajqBjbDp7k9apSxARLFBE736U1ZF: {
      id: 'ALnyJnYCgFqLuJEFajqBjbDp7k9apSxARLFBE736U1ZF',
      tokenName: 'TESLA AI',
      tokenSymbol: 'TESLA',
      tokenAddress: 'FjUrnJMCUG9wVE9HQr4aNFCwpK1eUCPyrEotaVBgDXfn',
      pairAddress: 'ALnyJnYCgFqLuJEFajqBjbDp7k9apSxARLFBE736U1ZF',
      chain: 'SOL',
      exchange: 'pAMMBay6oceH9fJKBRHGP5D4bD4sWpmSwMn52FMfXEA',
      priceUsd: 0,
      volumeUsd: 26341416.63,
      mcap: 4319302.69,
      priceChangePcs: [Object],
      transactions: [Object],
      audit: [Object],
      security: [Object],
      tokenCreatedTimestamp: 2025-09-27T06:49:34.000Z,
      liquidity: [Object],
      history: [Object],
      scannerAt: 1758994653560
    },
    alnyjnycgfqlujefajqbjbdp7k9apsxarlfbe736u1zf: {
      id: 'ALnyJnYCgFqLuJEFajqBjbDp7k9apSxARLFBE736U1ZF',
      tokenName: 'TESLA AI',
      tokenSymbol: 'TESLA',
      tokenAddress: 'FjUrnJMCUG9wVE9HQr4aNFCwpK1eUCPyrEotaVBgDXfn',
      pairAddress: 'ALnyJnYCgFqLuJEFajqBjbDp7k9apSxARLFBE736U1ZF',
      chain: 'SOL',
      exchange: 'pAMMBay6oceH9fJKBRHGP5D4bD4sWpmSwMn52FMfXEA',
      priceUsd: 0,
      volumeUsd: 26341416.63,
      mcap: 4319302.69,
      priceChangePcs: [Object],
      transactions: [Object],
      audit: [Object],
      security: [Object],
      tokenCreatedTimestamp: 2025-09-27T06:49:34.000Z,
      liquidity: [Object],
      history: [Object],
      scannerAt: 1758994653560
    },
    CtVm6wRPUFdgc8uh2NhFrM5fgsRAKwNZPXEuw8btXmHt: {
      id: 'CtVm6wRPUFdgc8uh2NhFrM5fgsRAKwNZPXEuw8btXmHt',
      tokenName: 'Falcon Finance',
      tokenSymbol: 'FF',
      tokenAddress: '6shzeWC3h3Y8g2vN6B97BGvW6mS288v5gRXCejnVH1ZG',
      pairAddress: 'CtVm6wRPUFdgc8uh2NhFrM5fgsRAKwNZPXEuw8btXmHt',
      chain: 'SOL',
      exchange: 'pAMMBay6oceH9fJKBRHGP5D4bD4sWpmSwMn52FMfXEA',
      priceUsd: 0.002660817127028389,
      volumeUsd: 26319431.04,
      mcap: 2660817.04,
      priceChangePcs: [Object],
      transactions: [Object],
      audit: [Object],
      security: [Object],
      tokenCreatedTimestamp: 2025-09-26T13:38:26.000Z,
      liquidity: [Object],
      history: [Object],
      scannerAt: 1758994653560
    },
    ctvm6wrpufdgc8uh2nhfrm5fgsrakwnzpxeuw8btxmht: {
      id: 'CtVm6wRPUFdgc8uh2NhFrM5fgsRAKwNZPXEuw8btXmHt',
      tokenName: 'Falcon Finance',
      tokenSymbol: 'FF',
      tokenAddress: '6shzeWC3h3Y8g2vN6B97BGvW6mS288v5gRXCejnVH1ZG',
      pairAddress: 'CtVm6wRPUFdgc8uh2NhFrM5fgsRAKwNZPXEuw8btXmHt',
      chain: 'SOL',
      exchange: 'pAMMBay6oceH9fJKBRHGP5D4bD4sWpmSwMn52FMfXEA',
      priceUsd: 0.002660817127028389,
      volumeUsd: 26319431.04,
      mcap: 2660817.04,
      priceChangePcs: [Object],
      transactions: [Object],
      audit: [Object],
      security: [Object],
      tokenCreatedTimestamp: 2025-09-26T13:38:26.000Z,
      liquidity: [Object],
      history: [Object],
      scannerAt: 1758994653560
    },
    AieAwfurtuySgUoNbrABJUNGCpHA2UPsDWawn5WuYuUz: {
      id: 'AieAwfurtuySgUoNbrABJUNGCpHA2UPsDWawn5WuYuUz',
      tokenName: 'trillions',
      tokenSymbol: 'trillions',
      tokenAddress: 'AxGSDwpzU2GdpSVJvsZrQPwWJreSXXv87aGBcwoL1neE',
      pairAddress: 'AieAwfurtuySgUoNbrABJUNGCpHA2UPsDWawn5WuYuUz',
      chain: 'SOL',
      exchange: 'pAMMBay6oceH9fJKBRHGP5D4bD4sWpmSwMn52FMfXEA',
      priceUsd: 0,
      volumeUsd: 25768891.67,
      mcap: 207541.59,
      priceChangePcs: [Object],
      transactions: [Object],
      audit: [Object],
      security: [Object],
      tokenCreatedTimestamp: 2025-09-27T06:14:49.000Z,
      liquidity: [Object],
      history: [Object],
      scannerAt: 1758994653560
    },
    aieawfurtuysguonbrabjungcpha2upsdwawn5wuyuuz: {
      id: 'AieAwfurtuySgUoNbrABJUNGCpHA2UPsDWawn5WuYuUz',
      tokenName: 'trillions',
      tokenSymbol: 'trillions',
      tokenAddress: 'AxGSDwpzU2GdpSVJvsZrQPwWJreSXXv87aGBcwoL1neE',
      pairAddress: 'AieAwfurtuySgUoNbrABJUNGCpHA2UPsDWawn5WuYuUz',
      chain: 'SOL',
      exchange: 'pAMMBay6oceH9fJKBRHGP5D4bD4sWpmSwMn52FMfXEA',
      priceUsd: 0,
      volumeUsd: 25768891.67,
      mcap: 207541.59,
      priceChangePcs: [Object],
      transactions: [Object],
      audit: [Object],
      security: [Object],
      tokenCreatedTimestamp: 2025-09-27T06:14:49.000Z,
      liquidity: [Object],
      history: [Object],
      scannerAt: 1758994653560
    }
  },
  meta: {
    '0xF65a021508f0Ed52C2C1C38cD9F6c3ff04f240a9': {},
    '0xf65a021508f0ed52c2c1c38cd9f6c3ff04f240a9': {},
    '0x172fcD41E0913e95784454622d1c3724f546f849': {},
    '0x172fcd41e0913e95784454622d1c3724f546f849': {},
    '4VCAmmx2szE1BBQeF2w3zt2w9F5nFvxJtDtRjYKK1WLd': {},
    '4vcammx2sze1bbqef2w3zt2w9f5nfvxjtdtrjykk1wld': {},
    '6aCxf9vimJNQ8aC2W69f79AHrZhq5mcYq9ciCL6fn7KM': {},
    '6acxf9vimjnq8ac2w69f79ahrzhq5mcyq9cicl6fn7km': {},
    '0xCF39e58ed4deCc9ef7Bdb2F9335602DC22BE99b4': {},
    '0xcf39e58ed4decc9ef7bdb2f9335602dc22be99b4': {},
    '4fDu1gxCJtqYdrovT7Hba67NzuaHsd8Kg9PXnBZNDdcq': {},
    '4fdu1gxcjtqydrovt7hba67nzuahsd8kg9pxnbznddcq': {},
    '2quQL4PdFzQnhs3b3F645hfteDUBcR9KppLUFshZ6YQG': {},
    '2quql4pdfzqnhs3b3f645hftedubcr9kpplufshz6yqg': {},
    '0x47a90A2d92A8367A91EfA1906bFc8c1E05bf10c4': {},
    '0x47a90a2d92a8367a91efa1906bfc8c1e05bf10c4': {},
    '0xf2F84C274F715ba1fE7D1D28a4E377Fb59A33386': {},
    '0xf2f84c274f715ba1fe7d1d28a4e377fb59a33386': {},
    HzSxT5dW8GGiTaZnsdeUJur2ZregN8zR85rdYiw2udTK: {},
    hzsxt5dw8ggitaznsdeujur2zregn8zr85rdyiw2udtk: {},
    '0xcf8d62960Fb7Ce5F1359E5D9267e32B9522d5d7C': {},
    '0xcf8d62960fb7ce5f1359e5d9267e32b9522d5d7c': {},
    '3FMq5HUcKreBGB83pTZ5o9tEKfViofL4WqoSNJJxzCAY': {},
    '3fmq5huckrebgb83ptz5o9tekfviofl4wqosnjjxzcay': {},
    pWGMSzVa3bxktGVcDy8JASvM2ixeifNKFJiCK9Y4NUE: {},
    pwgmszva3bxktgvcdy8jasvm2ixeifnkfjick9y4nue: {},
    GTc2CX4pBzZEtN6PtLmnhZpFMkTXVnxnoJJhaKsaUgCe: {},
    gtc2cx4pbzzetn6ptlmnhzpfmktxvnxnojjhaksaugce: {},
    p3sLcnFeCcFtfMhUVR9b4x6mCcFymhnKmineJAA6Jp5: {},
    p3slcnfeccftfmhuvr9b4x6mccfymhnkminejaa6jp5: {},
    AxSMLfSdNs1ooivbvKCdVQ15kzc2snscZJAsYZPjfBaZ: {},
    axsmlfsdns1ooivbvkcdvq15kzc2snsczjasyzpjfbaz: {},
    '7eRYcKmvtFBot3dDGTeiQjxt65FdHRJTDhmnDTt24MK1': {},
    '7eryckmvtfbot3ddgteiqjxt65fdhrjtdhmndtt24mk1': {},
    '2xjWY4bXE7gH2YkoxuEN4DuC8SLi97gboEgVGE8ZSrWS': {},
    '2xjwy4bxe7gh2ykoxuen4duc8sli97gboegvge8zsrws': {},
    ExT1saY11BgVtKwDE8d9vm1Yh9bQ5Gh8r4UNVY1b1Tts: {},
    ext1say11bgvtkwde8d9vm1yh9bq5gh8r4unvy1b1tts: {},
    '82ZgX2tHeVTmTt5z2Eqo7cZe99bK22PwyVRNVJF9aMaV': {},
    '82zgx2thevtmtt5z2eqo7cze99bk22pwyvrnvjf9amav': {},
    G75wBqjLJbZSn5p1GNwnmBgkKVwRcXKP3FaSiYgpmcRw: {},
    g75wbqjljbzsn5p1gnwnmbgkkvwrcxkp3fasiygpmcrw: {},
    EiuKuPvi9Cv2eQdSTcBHTkD4KcnM76XzoaCmjwnW6aw3: {},
    eiukupvi9cv2eqdstcbhtkd4kcnm76xzoacmjwnw6aw3: {},
    Jjy3AkTgDfuQmwcemcA5A7Es5gT2UdiWKuEYEkNXwg7: {},
    jjy3aktgdfuqmwcemca5a7es5gt2udiwkueyeknxwg7: {},
    '3yKsk9wBH5Bqht6Q8BHJdHGEWd91UmFaSGdYPPqMerR4': {},
    '3yksk9wbh5bqht6q8bhjdhgewd91umfasgdyppqmerr4': {},
    HRaeeBu2Bhx1KDd25336ak6oeKCo7i6UjEeuxgWjqf82: {},
    hraeebu2bhx1kdd25336ak6oekco7i6ujeeuxgwjqf82: {},
    '3dnWHQGvTwgbYDFCLtaRBecbCF3k1ogC78hDTPyAMB4o': {},
    '3dnwhqgvtwgbydfcltarbecbcf3k1ogc78hdtpyamb4o': {},
    '0xc7bBeC68d12a0d1830360F8Ec58fA599bA1b0e9b': {},
    '0xc7bbec68d12a0d1830360f8ec58fa599ba1b0e9b': {},
    '6BJ7EWQsYHbVHni4mhfYJ32xNV6a8Tu6PSTVmrLKjKT9': {},
    '6bj7ewqsyhbvhni4mhfyj32xnv6a8tu6pstvmrlkjkt9': {},
    '0xCA3F029A70d5d90000E614afD29E5c833f33CEa5': {},
    '0xca3f029a70d5d90000e614afd29e5c833f33cea5': {},
    HcWiiZEBHBKWmHP4ZjxqwQWhGwovXUvThU4aNt4yANye: {},
    hcwiizebhbkwmhp4zjxqwqwhgwovxuvthu4ant4yanye: {},
    '9L3eT5BxHWo8hEpGQ3NzbmYJRSvMN4ajDtDGxsqKhQGo': {},
    '9l3et5bxhwo8hepgq3nzbmyjrsvmn4ajdtdgxsqkhqgo': {},
    '5YWJdKDXJmi77oPT8VD4kTGH7yv1A9f5N4HEVepmgweN': {},
    '5ywjdkdxjmi77opt8vd4ktgh7yv1a9f5n4hevepmgwen': {},
    BDrDMa9mpQxoTkjYXgmZVjW9nxCi9tgrMmcfvu8fSYDF: {},
    bdrdma9mpqxotkjyxgmzvjw9nxci9tgrmmcfvu8fsydf: {},
    CvxgmSEvTYzs37GRSjGmGCsiCrB1X4RxMCR1pD5o7QAv: {},
    cvxgmsevtyzs37grsjgmgcsicrb1x4rxmcr1pd5o7qav: {},
    '7EkRhnQx5dJ9pasQosJUzMxyS12b4mEL8ipjUZ4BpwW3': {},
    '7ekrhnqx5dj9pasqosjuzmxys12b4mel8ipjuz4bpww3': {},
    '4icxYpSiggvcn6cj4F217FYvaRWVGt9tpw4FMpBUrn8e': {},
    '4icxypsiggvcn6cj4f217fyvarwvgt9tpw4fmpburn8e': {},
    CcB5AazsQ87qz4x2G2ZnNykgJzRr2gqLhTDHfktYushF: {},
    ccb5aazsq87qz4x2g2znnykgjzrr2gqlhtdhfktyushf: {},
    '3ucNos4NbumPLZNWztqGHNFFgkHeRMBQAVemeeomsUxv': {},
    '3ucnos4nbumplznwztqghnffgkhermbqavemeeomsuxv': {},
    '5U98VbSfqJPMejWxg1MC1Y4oFeyEMGTj8JNPcCvGp1vZ': {},
    '5u98vbsfqjpmejwxg1mc1y4ofeyemgtj8jnpccvgp1vz': {},
    CMAvF24c6DHhWL18MZ9xZDsXSepnDijbEQCUnRVprxwX: {},
    cmavf24c6dhhwl18mz9xzdsxsepndijbeqcunrvprxwx: {},
    F8m2TynBCNjLTvZDaDEYHvRSWdBwYWkNQqhWJTdtUMGB: {},
    f8m2tynbcnjltvzdadeyhvrswdbwywknqqhwjtdtumgb: {},
    JGLWg1ZyvvaGj7xumoFgvyBedQoTmTtgL6gfZ7TsBhu: {},
    jglwg1zyvvagj7xumofgvybedqotmttgl6gfz7tsbhu: {},
    '4NAdnJaeioRVcbgVusJtEpcjCdVC83icooKJ5dMZUYZb': {},
    '4nadnjaeiorvcbgvusjtepcjcdvc83icookj5dmzuyzb': {},
    '0x5777d92f208679DB4b9778590Fa3CAB3aC9e2168': {},
    '0x5777d92f208679db4b9778590fa3cab3ac9e2168': {},
    '84fZSnPSyjxc23X1rvtZgJSXHSo4CGjFSLnyipZrkwyV': {},
    '84fzsnpsyjxc23x1rvtzgjsxhso4cgjfslnyipzrkwyv': {},
    '86y2dm9iex1emL289N62tk75awZVmYrFuHDQXdwWDUxE': {},
    '86y2dm9iex1eml289n62tk75awzvmyrfuhdqxdwwduxe': {},
    '0x88e6A0c2dDD26FEEb64F039a2c41296FcB3f5640': {},
    '0x88e6a0c2ddd26feeb64f039a2c41296fcb3f5640': {},
    '5WRDHbRmSm7nQ73KtVCLMnTDEoSBPH6ZfX9dd68UhmuR': {},
    '5wrdhbrmsm7nq73ktvclmntdeosbph6zfx9dd68uhmur': {},
    '3XP2gPB5P6TkvUuSnpNd136TtaGxSXibjDkvFvYFB6mK': {},
    '3xp2gpb5p6tkvuusnpnd136ttagxsxibjdkvfvyfb6mk': {},
    '6NBeuSTRBmFhMBGAKcUT8V9YbSYz9rVypH9eoHe9j4Hj': {},
    '6nbeustrbmfhmbgakcut8v9ybsyz9rvyph9eohe9j4hj': {},
    HTvjzsfX3yU6BUodCjZ5vZkUrAxMDTrBs3CJaq43ashR: {},
    htvjzsfx3yu6buodcjz5vzkuraxmdtrbs3cjaq43ashr: {},
    EuPnpWGTPB5iYm34rTzk7aCvhBzZvGEjXhRwE65ShBdE: {},
    eupnpwgtpb5iym34rtzk7acvhbzzvgejxhrwe65shbde: {},
    '7A8XiSivB8ZpRL6T7qJFYv2wkxnEubRXt5DbAx15hzAB': {},
    '7a8xisivb8zprl6t7qjfyv2wkxneubrxt5dbax15hzab': {},
    '0x924E62a3689e7B94F397E61ac796DaBfEa32E93B': {},
    '0x924e62a3689e7b94f397e61ac796dabfea32e93b': {},
    EPUn9VkhAHVjtbX9Rsv7RsoZwnUSxyv1eVuUqwXkAh2z: {},
    epun9vkhahvjtbx9rsv7rsozwnusxyv1evuuqwxkah2z: {},
    AY1NRnBPV1fzNaWd8AGJ2v78iFoALrBsGc4oXBTuxQ7s: {},
    ay1nrnbpv1fznawd8agj2v78ifoalrbsgc4oxbtuxq7s: {},
    '88G7sDF7RvU5x1w5uyYVoCkK7SZewNywDGQA4rL7XsoY': {},
    '88g7sdf7rvu5x1w5uyyvockk7szewnywdgqa4rl7xsoy': {},
    '0xE0554a476A092703abdB3Ef35c80e0D76d32939F': {},
    '0xe0554a476a092703abdb3ef35c80e0d76d32939f': {},
    '8g7n7j1BJssKNA4sXAcpCuZCqiYRnaUVfQFFe8LDuALH': {},
    '8g7n7j1bjsskna4sxacpcuzcqiyrnauvfqffe8ldualh': {},
    '9nQQohMsSWAYL8ZzdRSjD54SKEEvyz9wmSQrk3t4st3X': {},
    '9nqqohmsswayl8zzdrsjd54skeevyz9wmsqrk3t4st3x': {},
    '7CkXEnsXAPWBdRkGAUdRS2WS2v59HRYvbVviz8Gzomgt': {},
    '7ckxensxapwbdrkgaudrs2ws2v59hryvbvviz8gzomgt': {},
    '9AbW2CpmDd29Qdx2irzHoRKKX8RKuXMjsWcmh86Mtqe4': {},
    '9abw2cpmdd29qdx2irzhorkkx8rkuxmjswcmh86mtqe4': {},
    '5pTrEfjtKwVFRcAxh4B1rmCPJPK4G8YA5UDpgxAMsJL3': {},
    '5ptrefjtkwvfrcaxh4b1rmcpjpk4g8ya5udpgxamsjl3': {},
    gA6Ceeeoc3Qy3Rdwv1nppARG8gabKMmzHNYMv5wMAYB: {},
    ga6ceeeoc3qy3rdwv1npparg8gabkmmzhnymv5wmayb: {},
    '0xd21bc2291C1aeF340f5265E257B18aa5dafed759': {},
    '0xd21bc2291c1aef340f5265e257b18aa5dafed759': {},
    '0x4e68Ccd3E89f51C3074ca5072bbAC773960dFa36': {},
    '0x4e68ccd3e89f51c3074ca5072bbac773960dfa36': {},
    E6nG5KBXw74xEXwNGWihUa9LUHKHs1dG75VCv9tewNN3: {},
    e6ng5kbxw74xexwngwihua9luhkhs1dg75vcv9tewnn3: {},
    '8HxJVwg9JPEm72D3uR9jp79BTgJj1cMQaYGNELFFeL6n': {},
    '8hxjvwg9jpem72d3ur9jp79btgjj1cmqaygnelffel6n': {},
    BhkrpVukUBTvZ7xmKTXkubGBC8VncbDNRgQgbRzExxAb: {},
    bhkrpvukubtvz7xmktxkubgbc8vncbdnrgqgbrzexxab: {},
    '0x30D59a44930B3994c116846EFe55fC8fcF608aa8': {},
    '0x30d59a44930b3994c116846efe55fc8fcf608aa8': {},
    AA861xs52detaJZejR53MRnmyBTR9Nru2g7z12v1fngD: {},
    aa861xs52detajzejr53mrnmybtr9nru2g7z12v1fngd: {},
    '65oAbYggcoW2U4k65DzgnAQbm3CPfLFrA585NTB7Vj46': {},
    '65oabyggcow2u4k65dzgnaqbm3cpflfra585ntb7vj46': {},
    '6nZwCPVZ21LHmrsVYLZKpFwaLmrMqBGgkE1mTaSkETJy': {},
    '6nzwcpvz21lhmrsvylzkpfwalmrmqbggke1mtasketjy': {},
    '9ccRB9QYL1YFyBEM5oSGd9f6BiAmBwRJUwDvrXxAnD3z': {},
    '9ccrb9qyl1yfybem5osgd9f6biambwrjuwdvrxxand3z': {},
    AXkK9xCyuupy9T3Tg6uvbbjoX1ENKfZmXe8qpc1ZTaoq: {},
    axkk9xcyuupy9t3tg6uvbbjox1enkfzmxe8qpc1ztaoq: {},
    '262D9LoRepz7KCv9oMu7vHGYnwNMrhzHgnV25BHzAQky': {},
    '262d9lorepz7kcv9omu7vhgynwnmrhzhgnv25bhzaqky': {},
    '2de6Nhy5sFVYmvqpjbzN2MSsMZb34uSVvxKCXSqek8GT': {},
    '2de6nhy5sfvymvqpjbzn2mssmzb34usvvxkcxsqek8gt': {},
    '3xAg7YRxqQaKoSpL9mzpJ27KDeAob8jNWtpYkQFDRBv4': {},
    '3xag7yrxqqakospl9mzpj27kdeaob8jnwtpykqfdrbv4': {},
    '0xF07a660776BE8CEa92f8BF91Fc2b482213d03f02': {},
    '0xf07a660776be8cea92f8bf91fc2b482213d03f02': {},
    '72FGNDqFm1mttWnpx4T3dUvABeJ4nytxQUg2jQUMCkmK': {},
    '72fgndqfm1mttwnpx4t3duvabej4nytxqug2jqumckmk': {},
    LSck3bJUSkkVQKzyjd8kMHEycMY52Ems5DeYeuXngMA: {},
    lsck3bjuskkvqkzyjd8kmheycmy52ems5deyeuxngma: {},
    G69UieGxtHvVhtfFeJfk4NA18AS6kJE8c7PY6erpfuBx: {},
    g69uiegxthvvhtffejfk4na18as6kje8c7py6erpfubx: {},
    '4xmSszrPwSrqWFN3TE9djvH4ZMzSfw8iFqvTJ1S8MwPF': {},
    '4xmsszrpwsrqwfn3te9djvh4zmzsfw8ifqvtj1s8mwpf': {},
    '7Q6SSQiiPtrdE24Pp7pDMoTKnhxFF7fCjZgtpK1G2iJS': {},
    '7q6ssqiiptrde24pp7pdmotknhxff7fcjzgtpk1g2ijs': {},
    '0x48DA0965ab2d2cbf1C17C09cFB5Cbe67Ad5B1406': {},
    '0x48da0965ab2d2cbf1c17c09cfb5cbe67ad5b1406': {},
    '7AEu3shCo6wq9Q4L1fFrmLxDR5ud997ojxhkpArhuvQL': {},
    '7aeu3shco6wq9q4l1ffrmlxdr5ud997ojxhkparhuvql': {},
    FAAwKMiRSxg5Ly9kF7fTic9TPsUtAsBE8GzYJHGUBBnE: {},
    faawkmirsxg5ly9kf7ftic9tpsutasbe8gzyjhgubbne: {},
    '8FweVMxdZDERdJ2m6YZgA2SfDSCYQr2LSPDEADExEWqM': {},
    '8fwevmxdzderdj2m6yzga2sfdscyqr2lspdeadexewqm': {},
    BGm1tav58oGcsQJehL9WXBFXF7D27vZsKefj4xJKD5Y: {},
    bgm1tav58ogcsqjehl9wxbfxf7d27vzskefj4xjkd5y: {},
    DSDKsFEFMgosh4LXWJho2yZdmrRS8EuUCcEv8fZXcVVM: {},
    dsdksfefmgosh4lxwjho2yzdmrrs8euuccev8fzxcvvm: {},
    '0x4D3bF29Ba30f8Bfe4624e7678709afA195689c5D': {},
    '0x4d3bf29ba30f8bfe4624e7678709afa195689c5d': {},
    '65jZDZQNgUUjn8nzWfWfCjTt8GADchcPQstSJrHLVgtD': {},
    '65jzdzqnguujn8nzwfwfcjtt8gadchcpqstsjrhlvgtd': {},
    '0x51CD0752767F7EAA094b6a2D42481cE856966796': {},
    '0x51cd0752767f7eaa094b6a2d42481ce856966796': {},
    H4dsseSVJhvUeQjsh3CxFfvTcVXMJKkgG5nvGDSUJfyN: {},
    h4dssesvjhvueqjsh3cxffvtcvxmjkkgg5nvgdsujfyn: {},
    EciycbwXyaC42yHTexhvZNt8mLrTtjcCegRXz5gDS3bK: {},
    eciycbwxyac42yhtexhvznt8mlrttjccegrxz5gds3bk: {},
    D9h5PPpHDa7ba95HiyLeYjnXCinGhhdjhcoeFJQ2cf7z: {},
    d9h5ppphda7ba95hiyleyjnxcinghhdjhcoefjq2cf7z: {},
    FDqFiYe3QfKiLBfav7GW4EsGh3Jt465tBqLg7HTnrkqR: {},
    fdqfiye3qfkilbfav7gw4esgh3jt465tbqlg7htnrkqr: {},
    ALnyJnYCgFqLuJEFajqBjbDp7k9apSxARLFBE736U1ZF: {},
    alnyjnycgfqlujefajqbjbdp7k9apsxarlfbe736u1zf: {},
    CtVm6wRPUFdgc8uh2NhFrM5fgsRAKwNZPXEuw8btXmHt: {},
    ctvm6wrpufdgc8uh2nhfrm5fgsrakwnzpxeuw8btxmht: {},
    AieAwfurtuySgUoNbrABJUNGCpHA2UPsDWawn5WuYuUz: {},
    aieawfurtuysguonbrabjungcpha2upsdwawn5wuyuuz: {}
  },
  pages: {
    '101': [
      '0xF65a021508f0Ed52C2C1C38cD9F6c3ff04f240a9',
      '0x172fcD41E0913e95784454622d1c3724f546f849',
      '4VCAmmx2szE1BBQeF2w3zt2w9F5nFvxJtDtRjYKK1WLd',
      '6aCxf9vimJNQ8aC2W69f79AHrZhq5mcYq9ciCL6fn7KM',
      '0xCF39e58ed4deCc9ef7Bdb2F9335602DC22BE99b4',
      '4fDu1gxCJtqYdrovT7Hba67NzuaHsd8Kg9PXnBZNDdcq',
      '2quQL4PdFzQnhs3b3F645hfteDUBcR9KppLUFshZ6YQG',
      '0x47a90A2d92A8367A91EfA1906bFc8c1E05bf10c4',
      '0xf2F84C274F715ba1fE7D1D28a4E377Fb59A33386',
      'HzSxT5dW8GGiTaZnsdeUJur2ZregN8zR85rdYiw2udTK',
      '0xcf8d62960Fb7Ce5F1359E5D9267e32B9522d5d7C',
      '3FMq5HUcKreBGB83pTZ5o9tEKfViofL4WqoSNJJxzCAY',
      'pWGMSzVa3bxktGVcDy8JASvM2ixeifNKFJiCK9Y4NUE',
      'GTc2CX4pBzZEtN6PtLmnhZpFMkTXVnxnoJJhaKsaUgCe',
      'p3sLcnFeCcFtfMhUVR9b4x6mCcFymhnKmineJAA6Jp5',
      'AxSMLfSdNs1ooivbvKCdVQ15kzc2snscZJAsYZPjfBaZ',
      '7eRYcKmvtFBot3dDGTeiQjxt65FdHRJTDhmnDTt24MK1',
      '2xjWY4bXE7gH2YkoxuEN4DuC8SLi97gboEgVGE8ZSrWS',
      'ExT1saY11BgVtKwDE8d9vm1Yh9bQ5Gh8r4UNVY1b1Tts',
      '82ZgX2tHeVTmTt5z2Eqo7cZe99bK22PwyVRNVJF9aMaV',
      'G75wBqjLJbZSn5p1GNwnmBgkKVwRcXKP3FaSiYgpmcRw',
      'EiuKuPvi9Cv2eQdSTcBHTkD4KcnM76XzoaCmjwnW6aw3',
      'Jjy3AkTgDfuQmwcemcA5A7Es5gT2UdiWKuEYEkNXwg7',
      '3yKsk9wBH5Bqht6Q8BHJdHGEWd91UmFaSGdYPPqMerR4',
      'HRaeeBu2Bhx1KDd25336ak6oeKCo7i6UjEeuxgWjqf82',
      '3dnWHQGvTwgbYDFCLtaRBecbCF3k1ogC78hDTPyAMB4o',
      '0xc7bBeC68d12a0d1830360F8Ec58fA599bA1b0e9b',
      '6BJ7EWQsYHbVHni4mhfYJ32xNV6a8Tu6PSTVmrLKjKT9',
      '0xCA3F029A70d5d90000E614afD29E5c833f33CEa5',
      'HcWiiZEBHBKWmHP4ZjxqwQWhGwovXUvThU4aNt4yANye',
      '9L3eT5BxHWo8hEpGQ3NzbmYJRSvMN4ajDtDGxsqKhQGo',
      '5YWJdKDXJmi77oPT8VD4kTGH7yv1A9f5N4HEVepmgweN',
      'BDrDMa9mpQxoTkjYXgmZVjW9nxCi9tgrMmcfvu8fSYDF',
      'CvxgmSEvTYzs37GRSjGmGCsiCrB1X4RxMCR1pD5o7QAv',
      '7EkRhnQx5dJ9pasQosJUzMxyS12b4mEL8ipjUZ4BpwW3',
      '4icxYpSiggvcn6cj4F217FYvaRWVGt9tpw4FMpBUrn8e',
      'CcB5AazsQ87qz4x2G2ZnNykgJzRr2gqLhTDHfktYushF',
      '3ucNos4NbumPLZNWztqGHNFFgkHeRMBQAVemeeomsUxv',
      '5U98VbSfqJPMejWxg1MC1Y4oFeyEMGTj8JNPcCvGp1vZ',
      'CMAvF24c6DHhWL18MZ9xZDsXSepnDijbEQCUnRVprxwX',
      'F8m2TynBCNjLTvZDaDEYHvRSWdBwYWkNQqhWJTdtUMGB',
      'JGLWg1ZyvvaGj7xumoFgvyBedQoTmTtgL6gfZ7TsBhu',
      '4NAdnJaeioRVcbgVusJtEpcjCdVC83icooKJ5dMZUYZb',
      '0x5777d92f208679DB4b9778590Fa3CAB3aC9e2168',
      '84fZSnPSyjxc23X1rvtZgJSXHSo4CGjFSLnyipZrkwyV',
      '86y2dm9iex1emL289N62tk75awZVmYrFuHDQXdwWDUxE',
      '0x88e6A0c2dDD26FEEb64F039a2c41296FcB3f5640',
      '5WRDHbRmSm7nQ73KtVCLMnTDEoSBPH6ZfX9dd68UhmuR',
      '3XP2gPB5P6TkvUuSnpNd136TtaGxSXibjDkvFvYFB6mK',
      '6NBeuSTRBmFhMBGAKcUT8V9YbSYz9rVypH9eoHe9j4Hj',
      'HTvjzsfX3yU6BUodCjZ5vZkUrAxMDTrBs3CJaq43ashR',
      'EuPnpWGTPB5iYm34rTzk7aCvhBzZvGEjXhRwE65ShBdE',
      '7A8XiSivB8ZpRL6T7qJFYv2wkxnEubRXt5DbAx15hzAB',
      '0x924E62a3689e7B94F397E61ac796DaBfEa32E93B',
      'EPUn9VkhAHVjtbX9Rsv7RsoZwnUSxyv1eVuUqwXkAh2z',
      'AY1NRnBPV1fzNaWd8AGJ2v78iFoALrBsGc4oXBTuxQ7s',
      '88G7sDF7RvU5x1w5uyYVoCkK7SZewNywDGQA4rL7XsoY',
      '0xE0554a476A092703abdB3Ef35c80e0D76d32939F',
      '8g7n7j1BJssKNA4sXAcpCuZCqiYRnaUVfQFFe8LDuALH',
      '9nQQohMsSWAYL8ZzdRSjD54SKEEvyz9wmSQrk3t4st3X',
      '7CkXEnsXAPWBdRkGAUdRS2WS2v59HRYvbVviz8Gzomgt',
      '9AbW2CpmDd29Qdx2irzHoRKKX8RKuXMjsWcmh86Mtqe4',
      '5pTrEfjtKwVFRcAxh4B1rmCPJPK4G8YA5UDpgxAMsJL3',
      'gA6Ceeeoc3Qy3Rdwv1nppARG8gabKMmzHNYMv5wMAYB',
      '0xd21bc2291C1aeF340f5265E257B18aa5dafed759',
      '0x4e68Ccd3E89f51C3074ca5072bbAC773960dFa36',
      'E6nG5KBXw74xEXwNGWihUa9LUHKHs1dG75VCv9tewNN3',
      '8HxJVwg9JPEm72D3uR9jp79BTgJj1cMQaYGNELFFeL6n',
      'BhkrpVukUBTvZ7xmKTXkubGBC8VncbDNRgQgbRzExxAb',
      '0x30D59a44930B3994c116846EFe55fC8fcF608aa8',
      'AA861xs52detaJZejR53MRnmyBTR9Nru2g7z12v1fngD',
      '65oAbYggcoW2U4k65DzgnAQbm3CPfLFrA585NTB7Vj46',
      '6nZwCPVZ21LHmrsVYLZKpFwaLmrMqBGgkE1mTaSkETJy',
      '9ccRB9QYL1YFyBEM5oSGd9f6BiAmBwRJUwDvrXxAnD3z',
      'AXkK9xCyuupy9T3Tg6uvbbjoX1ENKfZmXe8qpc1ZTaoq',
      '262D9LoRepz7KCv9oMu7vHGYnwNMrhzHgnV25BHzAQky',
      '2de6Nhy5sFVYmvqpjbzN2MSsMZb34uSVvxKCXSqek8GT',
      '3xAg7YRxqQaKoSpL9mzpJ27KDeAob8jNWtpYkQFDRBv4',
      '0xF07a660776BE8CEa92f8BF91Fc2b482213d03f02',
      '72FGNDqFm1mttWnpx4T3dUvABeJ4nytxQUg2jQUMCkmK',
      'LSck3bJUSkkVQKzyjd8kMHEycMY52Ems5DeYeuXngMA',
      'G69UieGxtHvVhtfFeJfk4NA18AS6kJE8c7PY6erpfuBx',
      '4xmSszrPwSrqWFN3TE9djvH4ZMzSfw8iFqvTJ1S8MwPF',
      '7Q6SSQiiPtrdE24Pp7pDMoTKnhxFF7fCjZgtpK1G2iJS',
      '0x48DA0965ab2d2cbf1C17C09cFB5Cbe67Ad5B1406',
      '7AEu3shCo6wq9Q4L1fFrmLxDR5ud997ojxhkpArhuvQL',
      'FAAwKMiRSxg5Ly9kF7fTic9TPsUtAsBE8GzYJHGUBBnE',
      '8FweVMxdZDERdJ2m6YZgA2SfDSCYQr2LSPDEADExEWqM',
      'BGm1tav58oGcsQJehL9WXBFXF7D27vZsKefj4xJKD5Y',
      'DSDKsFEFMgosh4LXWJho2yZdmrRS8EuUCcEv8fZXcVVM',
      '0x4D3bF29Ba30f8Bfe4624e7678709afA195689c5D',
      '65jZDZQNgUUjn8nzWfWfCjTt8GADchcPQstSJrHLVgtD',
      '0x51CD0752767F7EAA094b6a2D42481cE856966796',
      'H4dsseSVJhvUeQjsh3CxFfvTcVXMJKkgG5nvGDSUJfyN',
      'EciycbwXyaC42yHTexhvZNt8mLrTtjcCegRXz5gDS3bK',
      'D9h5PPpHDa7ba95HiyLeYjnXCinGhhdjhcoeFJQ2cf7z',
      'FDqFiYe3QfKiLBfav7GW4EsGh3Jt465tBqLg7HTnrkqR',
      'ALnyJnYCgFqLuJEFajqBjbDp7k9apSxARLFBE736U1ZF',
      'CtVm6wRPUFdgc8uh2NhFrM5fgsRAKwNZPXEuw8btXmHt',
      'AieAwfurtuySgUoNbrABJUNGCpHA2UPsDWawn5WuYuUz'
    ],
    '201': []
  },
  filters: {
    excludeHoneypots: false,
    chains: [ 'ETH', 'SOL', 'BASE', 'BSC' ],
    minVolume: 0,
    maxAgeHours: null,
    minMcap: 0,
    limit: 200,
    tokenQuery: '',
    includeStale: false,
    includeDegraded: false
  },
  wpegPrices: {},
  version: 2
}
TokensPane mounted: Trending Tokens
[Table] rows prop: [
  {
    id: '2de6Nhy5sFVYmvqpjbzN2MSsMZb34uSVvxKCXSqek8GT',
    tokenName: 'Aark Digital',
    tokenSymbol: 'AARK',
    tokenAddress: '2aXjui2YFtL6HrUYHY4rJyFsnnwg7LCYGjeZAKh8Y8P1',
    pairAddress: '2de6Nhy5sFVYmvqpjbzN2MSsMZb34uSVvxKCXSqek8GT',
    chain: 'SOL',
    exchange: 'pAMMBay6oceH9fJKBRHGP5D4bD4sWpmSwMn52FMfXEA',
    priceUsd: 0,
    volumeUsd: 32641782.51,
    mcap: 182829.73,
    priceChangePcs: { '5m': 0, '1h': 0, '6h': 299.02, '24h': 299.02 },
    transactions: { buys: 18176, sells: 16248 },
    audit: {
      mintable: false,
      freezable: false,
      honeypot: false,
      contractVerified: false,
      linkTwitter: 'https://x.com/Aark_Digital',
      linkWebsite: 'https://link3.to/aarkdigital'
    },
    security: { renounced: false, locked: false },
    tokenCreatedTimestamp: 2025-09-27T11:06:40.000Z,
    liquidity: { current: 0, changePc: -100 },
    history: {
      ts: [],
      price: [],
      mcap: [],
      volume: [],
      buys: [],
      sells: [],
      liquidity: []
    },
    scannerAt: 1758994653560
  },
  {
    id: '0x4D3bF29Ba30f8Bfe4624e7678709afA195689c5D',
    tokenName: 'AKE',
    tokenSymbol: 'AKE',
    tokenAddress: '0x2c3a8Ee94dDD97244a93Bc48298f97d2C412F7Db',
    pairAddress: '0x4D3bF29Ba30f8Bfe4624e7678709afA195689c5D',
    chain: 'BSC',
    exchange: '0x1b81D678ffb9C0263b24A97847620C99d213eB14',
    priceUsd: 0.0018440674879972303,
    volumeUsd: 28265231.19,
    mcap: 184406748.79,
    priceChangePcs: { '5m': -0.49, '1h': -4.64, '6h': -15.38, '24h': 54.76 },
    transactions: { buys: 59590, sells: 56692 },
    audit: {
      mintable: false,
      freezable: false,
      honeypot: false,
      contractVerified: true
    },
    security: { renounced: false, locked: false },
    tokenCreatedTimestamp: 2025-08-20T07:40:09.000Z,
    liquidity: { current: 2317073.33, changePc: 13.52 },
    history: {
      ts: [],
      price: [],
      mcap: [],
      volume: [],
      buys: [],
      sells: [],
      liquidity: []
    },
    scannerAt: 1758994653560
  },
  {
    id: '0xCA3F029A70d5d90000E614afD29E5c833f33CEa5',
    tokenName: 'Ark Of Panda',
    tokenSymbol: 'AOP',
    tokenAddress: '0xd5dF4d260D7a0145F655bcBf3B398076F21016C7',
    pairAddress: '0xCA3F029A70d5d90000E614afD29E5c833f33CEa5',
    chain: 'BSC',
    exchange: '0x1b81D678ffb9C0263b24A97847620C99d213eB14',
    priceUsd: 0.06387563847609318,
    volumeUsd: 61642333.75,
    mcap: 127751276.95,
    priceChangePcs: { '5m': 0.36, '1h': -0.67, '6h': -3.86, '24h': 2.87 },
    transactions: { buys: 39167, sells: 38675 },
    audit: {
      mintable: false,
      freezable: false,
      honeypot: false,
      contractVerified: true
    },
    security: { renounced: false, locked: false },
    tokenCreatedTimestamp: 2025-09-18T07:15:21.000Z,
    liquidity: { current: 2205689.08, changePc: 10928.44 },
    history: {
      ts: [],
      price: [],
      mcap: [],
      volume: [],
      buys: [],
      sells: [],
      liquidity: []
    },
    scannerAt: 1758994653560
  },
  {
    id: '3xAg7YRxqQaKoSpL9mzpJ27KDeAob8jNWtpYkQFDRBv4',
    tokenName: 'Aster',
    tokenSymbol: 'ASTER',
    tokenAddress: 'BpbsF5UVk8ZLWB3Ky2fMqmN2Km89fiKXHb5kySkWQ4Au',
    pairAddress: '3xAg7YRxqQaKoSpL9mzpJ27KDeAob8jNWtpYkQFDRBv4',
    chain: 'SOL',
    exchange: 'pAMMBay6oceH9fJKBRHGP5D4bD4sWpmSwMn52FMfXEA',
    priceUsd: 0,
    volumeUsd: 32261198.29,
    mcap: 182257.26,
    priceChangePcs: { '5m': 0, '1h': 0, '6h': 296.88, '24h': 296.88 },
    transactions: { buys: 17057, sells: 15118 },
    audit: {
      mintable: false,
      freezable: false,
      honeypot: false,
      contractVerified: true,
      linkTelegram: 'https://t.me/AsterDEX',
      linkTwitter: 'https://x.com/Aster_DEX',
      linkWebsite: 'https://www.asterdex.com/en'
    },
    security: { renounced: false, locked: false },
    tokenCreatedTimestamp: 2025-09-27T07:57:38.000Z,
    liquidity: { current: 0, changePc: -100 },
    history: {
      ts: [],
      price: [],
      mcap: [],
      volume: [],
      buys: [],
      sells: [],
      liquidity: []
    },
    scannerAt: 1758994653560
  },
  {
    id: 'BhkrpVukUBTvZ7xmKTXkubGBC8VncbDNRgQgbRzExxAb',
    tokenName: 'Aster Inu',
    tokenSymbol: 'ASTERINU',
    tokenAddress: 'FKieQmUYzhPPDNYHYw5YXJdPY1GfS8S4A9QbMaFtdaje',
    pairAddress: 'BhkrpVukUBTvZ7xmKTXkubGBC8VncbDNRgQgbRzExxAb',
    chain: 'SOL',
    exchange: 'pAMMBay6oceH9fJKBRHGP5D4bD4sWpmSwMn52FMfXEA',
    priceUsd: 0.000009145260837930946,
    volumeUsd: 35242965.29,
    mcap: 9145.25,
    priceChangePcs: { '5m': 0, '1h': 0, '6h': 0, '24h': -99.05 },
    transactions: { buys: 15963, sells: 13469 },
    audit: {
      mintable: false,
      freezable: false,
      honeypot: false,
      contractVerified: true,
      linkTwitter: 'https://x.com/AsterINUbsc',
      linkWebsite: 'https://asterinu.xyz/'
    },
    security: { renounced: false, locked: true },
    tokenCreatedTimestamp: 2025-09-27T00:48:09.000Z,
    liquidity: { current: 0, changePc: -99.99 },
    history: {
      ts: [],
      price: [],
      mcap: [],
      volume: [],
      buys: [],
      sells: [],
      liquidity: []
    },
    scannerAt: 1758994653560
  },
  {
    id: '8HxJVwg9JPEm72D3uR9jp79BTgJj1cMQaYGNELFFeL6n',
    tokenName: 'Aster_DEX',
    tokenSymbol: 'Aster',
    tokenAddress: '9fQRKpzq29E6brzv7c2eXVpG6yiwoCgtSR4FjKiz63JY',
    pairAddress: '8HxJVwg9JPEm72D3uR9jp79BTgJj1cMQaYGNELFFeL6n',
    chain: 'SOL',
    exchange: 'pAMMBay6oceH9fJKBRHGP5D4bD4sWpmSwMn52FMfXEA',
    priceUsd: 0.00000844746360898433,
    volumeUsd: 35799930.15,
    mcap: 8447.46,
    priceChangePcs: { '5m': 0, '1h': 0, '6h': 0, '24h': -99.54 },
    transactions: { buys: 15399, sells: 13522 },
    audit: {
      mintable: false,
      freezable: false,
      honeypot: false,
      contractVerified: true,
      linkTelegram: 'https://t.me/AsterDEX',
      linkTwitter: 'https://x.com/Aster_DEX'
    },
    security: { renounced: false, locked: true },
    tokenCreatedTimestamp: 2025-09-26T22:06:19.000Z,
    liquidity: { current: 0, changePc: -99.99 },
    history: {
      ts: [],
      price: [],
      mcap: [],
      volume: [],
      buys: [],
      sells: [],
      liquidity: []
    },
    scannerAt: 1758994653560
  },
  {
    id: '7A8XiSivB8ZpRL6T7qJFYv2wkxnEubRXt5DbAx15hzAB',
    tokenName: 'BestWalletHQ',
    tokenSymbol: 'Best',
    tokenAddress: 'EPKQvx5DVHDa2cNgXtNTvCtfmhNKKPrUFDDtXDUG5Fxa',
    pairAddress: '7A8XiSivB8ZpRL6T7qJFYv2wkxnEubRXt5DbAx15hzAB',
    chain: 'SOL',
    exchange: 'pAMMBay6oceH9fJKBRHGP5D4bD4sWpmSwMn52FMfXEA',
    priceUsd: 0.00001927527081141244,
    volumeUsd: 41789323.4,
    mcap: 19275.26,
    priceChangePcs: { '5m': 0, '1h': 0, '6h': 0, '24h': -97.88 },
    transactions: { buys: 18662, sells: 15999 },
    audit: {
      mintable: false,
      freezable: false,
      honeypot: false,
      contractVerified: true,
      linkTwitter: 'https://x.com/BestWalletHQ'
    },
    security: { renounced: false, locked: true },
    tokenCreatedTimestamp: 2025-09-26T22:56:35.000Z,
    liquidity: { current: 0, changePc: -99.99 },
    history: {
      ts: [],
      price: [],
      mcap: [],
      volume: [],
      buys: [],
      sells: [],
      liquidity: []
    },
    scannerAt: 1758994653560
  },
  {
    id: 'FAAwKMiRSxg5Ly9kF7fTic9TPsUtAsBE8GzYJHGUBBnE',
    tokenName: 'BestWalletHQ',
    tokenSymbol: 'Best',
    tokenAddress: '6wqwA7D69iWYGYaRhdi6o9UVyAreGDxkCGtyZGP4GVoC',
    pairAddress: 'FAAwKMiRSxg5Ly9kF7fTic9TPsUtAsBE8GzYJHGUBBnE',
    chain: 'SOL',
    exchange: 'pAMMBay6oceH9fJKBRHGP5D4bD4sWpmSwMn52FMfXEA',
    priceUsd: 0.000007985328354202874,
    volumeUsd: 28655546.14,
    mcap: 7985.32,
    priceChangePcs: { '5m': 0, '1h': 0, '6h': 0, '24h': -99.14 },
    transactions: { buys: 13141, sells: 11225 },
    audit: {
      mintable: false,
      freezable: false,
      honeypot: false,
      contractVerified: true,
      linkTwitter: 'https://x.com/BestWalletHQ'
    },
    security: { renounced: false, locked: true },
    tokenCreatedTimestamp: 2025-09-26T16:29:03.000Z,
    liquidity: { current: 0, changePc: -99.99 },
    history: {
      ts: [],
      price: [],
      mcap: [],
      volume: [],
      buys: [],
      sells: [],
      liquidity: []
    },
    scannerAt: 1758994653560
  },
  {
    id: 'HzSxT5dW8GGiTaZnsdeUJur2ZregN8zR85rdYiw2udTK',
    tokenName: 'Bitlight Labs',
    tokenSymbol: 'LIGHT',
    tokenAddress: 'HhL7vXsUVFjk37fJfmHqsvcv1k9sJJKR2pan4BQJs8Ex',
    pairAddress: 'HzSxT5dW8GGiTaZnsdeUJur2ZregN8zR85rdYiw2udTK',
    chain: 'SOL',
    exchange: 'pAMMBay6oceH9fJKBRHGP5D4bD4sWpmSwMn52FMfXEA',
    priceUsd: 0,
    volumeUsd: 112231946.63,
    mcap: 1649821.99,
    priceChangePcs: { '5m': 0, '1h': 0, '6h': 0, '24h': 728.99 },
    transactions: { buys: 44906, sells: 39304 },
    audit: {
      mintable: false,
      freezable: false,
      honeypot: false,
      contractVerified: true,
      linkTwitter: 'https://x.com/BinanceFutures/status/1971094444901642600',
      linkWebsite: 'https://bitlightlabs.com/'
    },
    security: { renounced: false, locked: true },
    tokenCreatedTimestamp: 2025-09-26T15:08:02.000Z,
    liquidity: { current: 0, changePc: -100 },
    history: {
      ts: [],
      price: [],
      mcap: [],
      volume: [],
      buys: [],
      sells: [],
      liquidity: []
    },
    scannerAt: 1758994653559
  },
  {
    id: 'HcWiiZEBHBKWmHP4ZjxqwQWhGwovXUvThU4aNt4yANye',
    tokenName: 'Bitlight Labs',
    tokenSymbol: 'LIGHT',
    tokenAddress: 'FHZBpDdytvgDFXvfXoXpR3CNiWRzs5rVqq4L1g1HKrGk',
    pairAddress: 'HcWiiZEBHBKWmHP4ZjxqwQWhGwovXUvThU4aNt4yANye',
    chain: 'SOL',
    exchange: 'pAMMBay6oceH9fJKBRHGP5D4bD4sWpmSwMn52FMfXEA',
    priceUsd: 0,
    volumeUsd: 61386942.25,
    mcap: 796524.46,
    priceChangePcs: { '5m': 0, '1h': 0, '6h': 0, '24h': 386.43 },
    transactions: { buys: 23137, sells: 21390 },
    audit: {
      mintable: false,
      freezable: false,
      honeypot: false,
      contractVerified: true,
      linkTwitter: 'https://x.com/search?q=$LIGHT%F0%9F%94%A5',
      linkWebsite: 'https://bitlightlabs.com/'
    },
    security: { renounced: false, locked: false },
    tokenCreatedTimestamp: 2025-09-27T02:44:11.000Z,
    liquidity: { current: 0, changePc: -100 },
    history: {
      ts: [],
      price: [],
      mcap: [],
      volume: [],
      buys: [],
      sells: [],
      liquidity: []
    },
    scannerAt: 1758994653560
  },
  {
    id: 'CvxgmSEvTYzs37GRSjGmGCsiCrB1X4RxMCR1pD5o7QAv',
    tokenName: 'Bitlight Labs',
    tokenSymbol: 'LIGHT',
    tokenAddress: '6izx19WzDYGreCprA5wpinxdSQqRP5h4Geb3h3cG73SA',
    pairAddress: 'CvxgmSEvTYzs37GRSjGmGCsiCrB1X4RxMCR1pD5o7QAv',
    chain: 'SOL',
    exchange: 'pAMMBay6oceH9fJKBRHGP5D4bD4sWpmSwMn52FMfXEA',
    priceUsd: 0,
    volumeUsd: 59720185.09,
    mcap: 852313.07,
    priceChangePcs: { '5m': 0, '1h': 0, '6h': 0, '24h': 422.49 },
    transactions: { buys: 22853, sells: 20999 },
    audit: {
      mintable: false,
      freezable: false,
      honeypot: false,
      contractVerified: false,
      linkTwitter: 'https://x.com/search?q=$LIGHT%F0%9F%94%A5',
      linkWebsite: 'https://bitlightlabs.com/'
    },
    security: { renounced: false, locked: false },
    tokenCreatedTimestamp: 2025-09-27T04:58:11.000Z,
    liquidity: { current: 0, changePc: -100 },
    history: {
      ts: [],
      price: [],
      mcap: [],
      volume: [],
      buys: [],
      sells: [],
      liquidity: []
    },
    scannerAt: 1758994653560
  },
  {
    id: '5WRDHbRmSm7nQ73KtVCLMnTDEoSBPH6ZfX9dd68UhmuR',
    tokenName: 'Bitlight Labs',
    tokenSymbol: 'LIGHT✨',
    tokenAddress: '2KUNyDwcfw4wHkSnugapjTT1JdrtsoPfdAD6JfsyVSn5',
    pairAddress: '5WRDHbRmSm7nQ73KtVCLMnTDEoSBPH6ZfX9dd68UhmuR',
    chain: 'SOL',
    exchange: 'pAMMBay6oceH9fJKBRHGP5D4bD4sWpmSwMn52FMfXEA',
    priceUsd: 0.00001285406402,
    volumeUsd: 43954494.01,
    mcap: 12854.06,
    priceChangePcs: { '5m': 0, '1h': 0, '6h': 0, '24h': -98.8 },
    transactions: { buys: 19688, sells: 18934 },
    audit: {
      mintable: false,
      freezable: false,
      honeypot: false,
      contractVerified: true,
      linkTwitter: 'https://x.com/BinanceFutures/status/1971094444901642600',
      linkWebsite: 'https://bitlightlabs.com/'
    },
    security: { renounced: false, locked: false },
    tokenCreatedTimestamp: 2025-09-27T01:54:54.000Z,
    liquidity: { current: 0, changePc: -99.99 },
    history: {
      ts: [],
      price: [],
      mcap: [],
      volume: [],
      buys: [],
      sells: [],
      liquidity: []
    },
    scannerAt: 1758994653560
  },
  {
    id: '3XP2gPB5P6TkvUuSnpNd136TtaGxSXibjDkvFvYFB6mK',
    tokenName: 'Bitlight Labs',
    tokenSymbol: 'LIGHT',
    tokenAddress: '8pEpKLkcFB22rjg7SzervrhWPEaXVjVhtPa1EPWZEXBK',
    pairAddress: '3XP2gPB5P6TkvUuSnpNd136TtaGxSXibjDkvFvYFB6mK',
    chain: 'SOL',
    exchange: 'pAMMBay6oceH9fJKBRHGP5D4bD4sWpmSwMn52FMfXEA',
    priceUsd: 0,
    volumeUsd: 43213620.5,
    mcap: 591700.93,
    priceChangePcs: { '5m': 0, '1h': 0, '6h': 256.75, '24h': 256.75 },
    transactions: { buys: 16864, sells: 15138 },
    audit: {
      mintable: false,
      freezable: false,
      honeypot: false,
      contractVerified: true,
      linkTwitter: 'https://x.com/search?q=$LIGHT%F0%9F%94%A5',
      linkWebsite: 'https://bitlightlabs.com/'
    },
    security: { renounced: false, locked: false },
    tokenCreatedTimestamp: 2025-09-27T10:29:33.000Z,
    liquidity: { current: 0, changePc: -100 },
    history: {
      ts: [],
      price: [],
      mcap: [],
      volume: [],
      buys: [],
      sells: [],
      liquidity: []
    },
    scannerAt: 1758994653560
  },
  {
    id: 'EuPnpWGTPB5iYm34rTzk7aCvhBzZvGEjXhRwE65ShBdE',
    tokenName: 'Bitlight Labs',
    tokenSymbol: 'LIGHT',
    tokenAddress: '35ueb87P8QGLMJg8sJJL9KzsGnauNRdY3cj2gCu5rhyx',
    pairAddress: 'EuPnpWGTPB5iYm34rTzk7aCvhBzZvGEjXhRwE65ShBdE',
    chain: 'SOL',
    exchange: 'pAMMBay6oceH9fJKBRHGP5D4bD4sWpmSwMn52FMfXEA',
    priceUsd: 0,
    volumeUsd: 42110761.83,
    mcap: 510758.05,
    priceChangePcs: { '5m': 0, '1h': 0, '6h': 214.93, '24h': 214.93 },
    transactions: { buys: 16189, sells: 14583 },
    audit: {
      mintable: false,
      freezable: false,
      honeypot: false,
      contractVerified: true,
      linkWebsite: 'https://bitlightlabs.com/'
    },
    security: { renounced: false, locked: false },
    tokenCreatedTimestamp: 2025-09-27T08:24:21.000Z,
    liquidity: { current: 0, changePc: -100 },
    history: {
      ts: [],
      price: [],
      mcap: [],
      volume: [],
      buys: [],
      sells: [],
      liquidity: []
    },
    scannerAt: 1758994653560
  },
  {
    id: 'G69UieGxtHvVhtfFeJfk4NA18AS6kJE8c7PY6erpfuBx',
    tokenName: 'Bitlight Labs',
    tokenSymbol: 'LIGHT🔥',
    tokenAddress: '7e9pcKwiACvuE5vf2P855Y4j2eXXu3wKWPmHKeJBcLRK',
    pairAddress: 'G69UieGxtHvVhtfFeJfk4NA18AS6kJE8c7PY6erpfuBx',
    chain: 'SOL',
    exchange: 'pAMMBay6oceH9fJKBRHGP5D4bD4sWpmSwMn52FMfXEA',
    priceUsd: 0.1816170556,
    volumeUsd: 30653523.98,
    mcap: 181617054.78,
    priceChangePcs: { '5m': -0.34, '1h': 121.98, '6h': 484.51, '24h': 484.51 },
    transactions: { buys: 14360, sells: 12608 },
    audit: {
      mintable: false,
      freezable: false,
      honeypot: false,
      contractVerified: true,
      linkTelegram: 'https://t.me/Bitlightlabs',
      linkTwitter: 'https://twitter.com/BitlightLabs',
      linkWebsite: 'https://bitlightlabs.com/'
    },
    security: { renounced: false, locked: false },
    tokenCreatedTimestamp: 2025-09-27T12:25:48.000Z,
    liquidity: { current: 296999.36, changePc: 269.02 },
    history: {
      ts: [],
      price: [],
      mcap: [],
      volume: [],
      buys: [],
      sells: [],
      liquidity: []
    },
    scannerAt: 1758994653560
  },
  {
    id: 'FDqFiYe3QfKiLBfav7GW4EsGh3Jt465tBqLg7HTnrkqR',
    tokenName: 'Bitlight Labs',
    tokenSymbol: 'LIGHT',
    tokenAddress: 'CipEt68fvLSxyo9CYch8qqkKPULmNkTp6qLsEtS8Lovw',
    pairAddress: 'FDqFiYe3QfKiLBfav7GW4EsGh3Jt465tBqLg7HTnrkqR',
    chain: 'SOL',
    exchange: 'pAMMBay6oceH9fJKBRHGP5D4bD4sWpmSwMn52FMfXEA',
    priceUsd: 0.0005403168924762773,
    volumeUsd: 26478943.24,
    mcap: 540265.52,
    priceChangePcs: { '5m': 0, '1h': 0, '6h': 0, '24h': 44.76 },
    transactions: { buys: 10964, sells: 9388 },
    audit: {
      mintable: false,
      freezable: false,
      honeypot: false,
      contractVerified: true,
      linkTwitter: 'https://x.com/BinanceFutures/status/1971094444901642600',
      linkWebsite: 'https://bitlightlabs.com/'
    },
    security: { renounced: false, locked: true },
    tokenCreatedTimestamp: 2025-09-26T13:15:09.000Z,
    liquidity: { current: 0, changePc: -99.99 },
    history: {
      ts: [],
      price: [],
      mcap: [],
      volume: [],
      buys: [],
      sells: [],
      liquidity: []
    },
    scannerAt: 1758994653560
  },
  {
    id: '5pTrEfjtKwVFRcAxh4B1rmCPJPK4G8YA5UDpgxAMsJL3',
    tokenName: 'Bowl Cut Dog',
    tokenSymbol: 'MOE',
    tokenAddress: '8N2hCvuyxpByAnDenLcLFeJr3osiVW7fuutxthc3u8Dx',
    pairAddress: '5pTrEfjtKwVFRcAxh4B1rmCPJPK4G8YA5UDpgxAMsJL3',
    chain: 'SOL',
    exchange: 'pAMMBay6oceH9fJKBRHGP5D4bD4sWpmSwMn52FMfXEA',
    priceUsd: 0.0001538352766,
    volumeUsd: 38096207.95,
    mcap: 153834.04,
    priceChangePcs: { '5m': 0, '1h': 0, '6h': 208.95, '24h': 208.95 },
    transactions: { buys: 14541, sells: 13742 },
    audit: {
      mintable: false,
      freezable: false,
      honeypot: false,
      contractVerified: true,
      linkTwitter: 'https://x.com/i/communities/1971842392564338884'
    },
    security: { renounced: false, locked: false },
    tokenCreatedTimestamp: 2025-09-27T10:36:53.000Z,
    liquidity: { current: 0, changePc: -99.99 },
    history: {
      ts: [],
      price: [],
      mcap: [],
      volume: [],
      buys: [],
      sells: [],
      liquidity: []
    },
    scannerAt: 1758994653560
  },
  {
    id: '0xcf8d62960Fb7Ce5F1359E5D9267e32B9522d5d7C',
    tokenName: 'BURNETH',
    tokenSymbol: 'BURNETH',
    tokenAddress: '0x2EdC30CF3BB7c840c41C1BC3485Aa3619C46465a',
    pairAddress: '0xcf8d62960Fb7Ce5F1359E5D9267e32B9522d5d7C',
    chain: 'ETH',
    exchange: '0x7a250d5630B4cF539739dF2C5dAcb4c659F2488D',
    priceUsd: 1.0982931113209496e-8,
    volumeUsd: 104703000.84,
    mcap: 1079.05,
    priceChangePcs: { '5m': 0, '1h': 0, '6h': -59.76, '24h': -18.92 },
    transactions: { buys: 41, sells: 32 },
    audit: {
      mintable: false,
      freezable: false,
      honeypot: false,
      contractVerified: true
    },
    security: { renounced: true, locked: false },
    tokenCreatedTimestamp: 2024-10-30T08:58:59.000Z,
    liquidity: { current: 118.81, changePc: -98.04 },
    history: {
      ts: [],
      price: [],
      mcap: [],
      volume: [],
      buys: [],
      sells: [],
      liquidity: []
    },
    scannerAt: 1758994653559
  },
  {
    id: 'H4dsseSVJhvUeQjsh3CxFfvTcVXMJKkgG5nvGDSUJfyN',
    tokenName: 'CORGI',
    tokenSymbol: 'CORGI',
    tokenAddress: '78MBbpRuimZoTpP39kMDTEWa8c5R5mWFt8FwbDvaur8a',
    pairAddress: 'H4dsseSVJhvUeQjsh3CxFfvTcVXMJKkgG5nvGDSUJfyN',
    chain: 'SOL',
    exchange: 'pAMMBay6oceH9fJKBRHGP5D4bD4sWpmSwMn52FMfXEA',
    priceUsd: 0,
    volumeUsd: 26914675.18,
    mcap: 212499.01,
    priceChangePcs: { '5m': 0, '1h': 0, '6h': 0, '24h': 297.58 },
    transactions: { buys: 11548, sells: 10070 },
    audit: {
      mintable: false,
      freezable: false,
      honeypot: false,
      contractVerified: true,
      linkTwitter: 'https://x.com/i/communities/1971717117155127686',
      linkWebsite: 'https://web.archive.org/web/20101023170519/https://www.reddit.com/r/ads/comments/dsxz3/lmbo_look_this_fukken_doge/'
    },
    security: { renounced: false, locked: true },
    tokenCreatedTimestamp: 2025-09-27T00:31:14.000Z,
    liquidity: { current: 0, changePc: -100 },
    history: {
      ts: [],
      price: [],
      mcap: [],
      volume: [],
      buys: [],
      sells: [],
      liquidity: []
    },
    scannerAt: 1758994653560
  },
  {
    id: '0x5777d92f208679DB4b9778590Fa3CAB3aC9e2168',
    tokenName: 'Dai Stablecoin',
    tokenSymbol: 'DAI',
    tokenAddress: '0x6B175474E89094C44Da98b954EedeAC495271d0F',
    pairAddress: '0x5777d92f208679DB4b9778590Fa3CAB3aC9e2168',
    chain: 'ETH',
    exchange: '0x68b3465833fb72A70ecDF485E0e4C7bD8665Fc45',
    priceUsd: 0.9999155108457336,
    volumeUsd: 49011422.18,
    mcap: 4601454987.11,
    priceChangePcs: { '5m': 0, '1h': -0.01, '6h': -0.01, '24h': 0 },
    transactions: { buys: 850, sells: 812 },
    audit: {
      mintable: false,
      freezable: false,
      honeypot: false,
      contractVerified: true
    },
    security: { renounced: false, locked: false },
    tokenCreatedTimestamp: 2021-11-13T02:45:03.000Z,
    liquidity: { current: 57823689.37, changePc: -20.91 },
    history: {
      ts: [],
      price: [],
      mcap: [],
      volume: [],
      buys: [],
      sells: [],
      liquidity: []
    },
    scannerAt: 1758994653560
  },
  {
    id: '0x48DA0965ab2d2cbf1C17C09cFB5Cbe67Ad5B1406',
    tokenName: 'Dai Stablecoin',
    tokenSymbol: 'DAI',
    tokenAddress: '0x6B175474E89094C44Da98b954EedeAC495271d0F',
    pairAddress: '0x48DA0965ab2d2cbf1C17C09cFB5Cbe67Ad5B1406',
    chain: 'ETH',
    exchange: '0x68b3465833fb72A70ecDF485E0e4C7bD8665Fc45',
    priceUsd: 0.9994947172108616,
    volumeUsd: 30064240.44,
    mcap: 4599499376.14,
    priceChangePcs: { '5m': 0, '1h': 0, '6h': 0.02, '24h': 0.02 },
    transactions: { buys: 456, sells: 465 },
    audit: {
      mintable: false,
      freezable: false,
      honeypot: false,
      contractVerified: true
    },
    security: { renounced: false, locked: false },
    tokenCreatedTimestamp: 2022-07-14T19:46:36.000Z,
    liquidity: { current: 7045661.14, changePc: 98.9 },
    history: {
      ts: [],
      price: [],
      mcap: [],
      volume: [],
      buys: [],
      sells: [],
      liquidity: []
    },
    scannerAt: 1758994653560
  },
  {
    id: '6aCxf9vimJNQ8aC2W69f79AHrZhq5mcYq9ciCL6fn7KM',
    tokenName: 'Falcon Finance',
    tokenSymbol: 'FF',
    tokenAddress: 'DqjhEgkNQM49r17PMJCkaQXDF4CVezo3VbGvQrGGL83N',
    pairAddress: '6aCxf9vimJNQ8aC2W69f79AHrZhq5mcYq9ciCL6fn7KM',
    chain: 'SOL',
    exchange: 'pAMMBay6oceH9fJKBRHGP5D4bD4sWpmSwMn52FMfXEA',
    priceUsd: 0,
    volumeUsd: 194493582.85,
    mcap: 1430328.15,
    priceChangePcs: { '5m': 0, '1h': 0, '6h': 12.29, '24h': 600.14 },
    transactions: { buys: 77042, sells: 71132 },
    audit: {
      mintable: false,
      freezable: false,
      honeypot: false,
      contractVerified: true,
      linkTwitter: 'https://x.com/FalconStable/status/1968285150271426988',
      linkWebsite: 'https://app.falcon.finance/claims'
    },
    security: { renounced: false, locked: false },
    tokenCreatedTimestamp: 2025-09-27T03:22:30.000Z,
    liquidity: { current: 0, changePc: -100 },
    history: {
      ts: [],
      price: [],
      mcap: [],
      volume: [],
      buys: [],
      sells: [],
      liquidity: []
    },
    scannerAt: 1758994653559
  },
  {
    id: '2xjWY4bXE7gH2YkoxuEN4DuC8SLi97gboEgVGE8ZSrWS',
    tokenName: 'Falcon Finance',
    tokenSymbol: 'FF',
    tokenAddress: 'Fibx6SzLVcqxicX3uDTqKZ8kZGJkFxXMcKmPLM7BsyNC',
    pairAddress: '2xjWY4bXE7gH2YkoxuEN4DuC8SLi97gboEgVGE8ZSrWS',
    chain: 'SOL',
    exchange: 'pAMMBay6oceH9fJKBRHGP5D4bD4sWpmSwMn52FMfXEA',
    priceUsd: 0,
    volumeUsd: 89155145.5,
    mcap: 1141097.07,
    priceChangePcs: { '5m': 0, '1h': 0, '6h': 0, '24h': 466.83 },
    transactions: { buys: 34850, sells: 30758 },
    audit: {
      mintable: false,
      freezable: false,
      honeypot: false,
      contractVerified: true,
      linkTwitter: 'https://x.com/BinanceWallet/status/1971528027097174516',
      linkWebsite: 'https://falconsol.xyz/'
    },
    security: { renounced: false, locked: true },
    tokenCreatedTimestamp: 2025-09-26T22:00:52.000Z,
    liquidity: { current: 0, changePc: -100 },
    history: {
      ts: [],
      price: [],
      mcap: [],
      volume: [],
      buys: [],
      sells: [],
      liquidity: []
    },
    scannerAt: 1758994653560
  },
  {
    id: 'EiuKuPvi9Cv2eQdSTcBHTkD4KcnM76XzoaCmjwnW6aw3',
    tokenName: 'Falcon Finance',
    tokenSymbol: 'FF',
    tokenAddress: 'bseLibkFaXTrG7RbTVQ2gspPvDuTbXBwxD28VyvEx7s',
    pairAddress: 'EiuKuPvi9Cv2eQdSTcBHTkD4KcnM76XzoaCmjwnW6aw3',
    chain: 'SOL',
    exchange: 'pAMMBay6oceH9fJKBRHGP5D4bD4sWpmSwMn52FMfXEA',
    priceUsd: 0.0009881765395042168,
    volumeUsd: 78735598.86,
    mcap: 988176.3,
    priceChangePcs: { '5m': 0, '1h': 0, '6h': 0, '24h': 453.04 },
    transactions: { buys: 31318, sells: 28398 },
    audit: {
      mintable: false,
      freezable: false,
      honeypot: false,
      contractVerified: true,
      linkTwitter: 'https://x.com/Falcon_Dollar',
      linkWebsite: 'https://falconsol.xyz/'
    },
    security: { renounced: false, locked: true },
    tokenCreatedTimestamp: 2025-09-26T15:10:13.000Z,
    liquidity: { current: 0, changePc: -99.99 },
    history: {
      ts: [],
      price: [],
      mcap: [],
      volume: [],
      buys: [],
      sells: [],
      liquidity: []
    },
    scannerAt: 1758994653560
  },
  {
    id: 'CcB5AazsQ87qz4x2G2ZnNykgJzRr2gqLhTDHfktYushF',
    tokenName: 'Falcon Finance',
    tokenSymbol: 'FF',
    tokenAddress: 'FrHGaeLF8TscrKWYJFfEP7Xi91SSSYaFXZsh3Br5EPMc',
    pairAddress: 'CcB5AazsQ87qz4x2G2ZnNykgJzRr2gqLhTDHfktYushF',
    chain: 'SOL',
    exchange: 'pAMMBay6oceH9fJKBRHGP5D4bD4sWpmSwMn52FMfXEA',
    priceUsd: 0.0007532722571,
    volumeUsd: 55489769.04,
    mcap: 753271.47,
    priceChangePcs: { '5m': 0.24, '1h': 58.73, '6h': 272.81, '24h': 272.81 },
    transactions: { buys: 21783, sells: 18960 },
    audit: {
      mintable: false,
      freezable: false,
      honeypot: false,
      contractVerified: true,
      linkTwitter: 'https://x.com/FalconStable/status/1968285150271426988',
      linkWebsite: 'https://app.falcon.finance/claims'
    },
    security: { renounced: false, locked: false },
    tokenCreatedTimestamp: 2025-09-27T11:30:55.000Z,
    liquidity: { current: 967701.68, changePc: 139.48 },
    history: {
      ts: [],
      price: [],
      mcap: [],
      volume: [],
      buys: [],
      sells: [],
      liquidity: []
    },
    scannerAt: 1758994653560
  },
  {
    id: '5U98VbSfqJPMejWxg1MC1Y4oFeyEMGTj8JNPcCvGp1vZ',
    tokenName: 'Falcon Finance',
    tokenSymbol: 'FF',
    tokenAddress: 'A8miNTG5bvVZa8DKHPwHLBbHScf6KysgMbWpToTGZEQT',
    pairAddress: '5U98VbSfqJPMejWxg1MC1Y4oFeyEMGTj8JNPcCvGp1vZ',
    chain: 'SOL',
    exchange: 'pAMMBay6oceH9fJKBRHGP5D4bD4sWpmSwMn52FMfXEA',
    priceUsd: 0,
    volumeUsd: 54281000.56,
    mcap: 967504.2,
    priceChangePcs: { '5m': 0, '1h': 0, '6h': 0, '24h': 373 },
    transactions: { buys: 22241, sells: 20549 },
    audit: {
      mintable: false,
      freezable: false,
      honeypot: false,
      contractVerified: true,
      linkTwitter: 'https://x.com/FalconStable/status/1968285150271426988',
      linkWebsite: 'https://app.falcon.finance/claims'
    },
    security: { renounced: false, locked: false },
    tokenCreatedTimestamp: 2025-09-27T01:17:42.000Z,
    liquidity: { current: 0, changePc: -100 },
    history: {
      ts: [],
      price: [],
      mcap: [],
      volume: [],
      buys: [],
      sells: [],
      liquidity: []
    },
    scannerAt: 1758994653560
  },
  {
    id: '7Q6SSQiiPtrdE24Pp7pDMoTKnhxFF7fCjZgtpK1G2iJS',
    tokenName: 'Falcon Finance',
    tokenSymbol: 'FF',
    tokenAddress: '9XMQ72WETBF74Ln2Yh9ZDBNPFnx3UheRaUU2bkymmwfk',
    pairAddress: '7Q6SSQiiPtrdE24Pp7pDMoTKnhxFF7fCjZgtpK1G2iJS',
    chain: 'SOL',
    exchange: 'pAMMBay6oceH9fJKBRHGP5D4bD4sWpmSwMn52FMfXEA',
    priceUsd: 0.00046709367328330934,
    volumeUsd: 30104475.86,
    mcap: 467092.99,
    priceChangePcs: { '5m': 0, '1h': 0, '6h': 0, '24h': 128.12 },
    transactions: { buys: 11263, sells: 10739 },
    audit: {
      mintable: false,
      freezable: false,
      honeypot: false,
      contractVerified: true,
      linkTwitter: 'https://x.com/BinanceWallet/status/1971528027097174516',
      linkWebsite: 'https://falconsol.xyz/'
    },
    security: { renounced: false, locked: true },
    tokenCreatedTimestamp: 2025-09-26T20:16:03.000Z,
    liquidity: { current: 0, changePc: -99.99 },
    history: {
      ts: [],
      price: [],
      mcap: [],
      volume: [],
      buys: [],
      sells: [],
      liquidity: []
    },
    scannerAt: 1758994653560
  },
  {
    id: '65jZDZQNgUUjn8nzWfWfCjTt8GADchcPQstSJrHLVgtD',
    tokenName: 'Falcon Finance',
    tokenSymbol: 'FF',
    tokenAddress: 'GkDwuYBCE6EPFU4W5p8rDNsCTRPwTpu2PEW71Qhpn1g8',
    pairAddress: '65jZDZQNgUUjn8nzWfWfCjTt8GADchcPQstSJrHLVgtD',
    chain: 'SOL',
    exchange: 'pAMMBay6oceH9fJKBRHGP5D4bD4sWpmSwMn52FMfXEA',
    priceUsd: 0.0004155427865377349,
    volumeUsd: 28015977.66,
    mcap: 415542.05,
    priceChangePcs: { '5m': 0, '1h': 0, '6h': 0, '24h': 125.47 },
    transactions: { buys: 10483, sells: 9674 },
    audit: {
      mintable: false,
      freezable: false,
      honeypot: false,
      contractVerified: true,
      linkTwitter: 'https://x.com/Falcon_Dollar',
      linkWebsite: 'https://falconsol.xyz/'
    },
    security: { renounced: false, locked: true },
    tokenCreatedTimestamp: 2025-09-27T01:06:49.000Z,
    liquidity: { current: 0, changePc: -99.99 },
    history: {
      ts: [],
      price: [],
      mcap: [],
      volume: [],
      buys: [],
      sells: [],
      liquidity: []
    },
    scannerAt: 1758994653560
  },
  {
    id: 'CtVm6wRPUFdgc8uh2NhFrM5fgsRAKwNZPXEuw8btXmHt',
    tokenName: 'Falcon Finance',
    tokenSymbol: 'FF',
    tokenAddress: '6shzeWC3h3Y8g2vN6B97BGvW6mS288v5gRXCejnVH1ZG',
    pairAddress: 'CtVm6wRPUFdgc8uh2NhFrM5fgsRAKwNZPXEuw8btXmHt',
    chain: 'SOL',
    exchange: 'pAMMBay6oceH9fJKBRHGP5D4bD4sWpmSwMn52FMfXEA',
    priceUsd: 0.002660817127028389,
    volumeUsd: 26319431.04,
    mcap: 2660817.04,
    priceChangePcs: { '5m': 0, '1h': 0, '6h': 0, '24h': 244.29 },
    transactions: { buys: 13108, sells: 11936 },
    audit: {
      mintable: false,
      freezable: false,
      honeypot: false,
      contractVerified: true,
      linkTwitter: 'https://x.com/FalconStable/status/1968285150271426988',
      linkWebsite: 'https://app.falcon.finance/claims'
    },
    security: { renounced: false, locked: true },
    tokenCreatedTimestamp: 2025-09-26T13:38:26.000Z,
    liquidity: { current: 0, changePc: -99.99 },
    history: {
      ts: [],
      price: [],
      mcap: [],
      volume: [],
      buys: [],
      sells: [],
      liquidity: []
    },
    scannerAt: 1758994653560
  },
  {
    id: '3FMq5HUcKreBGB83pTZ5o9tEKfViofL4WqoSNJJxzCAY',
    tokenName: 'GOAT Network',
    tokenSymbol: 'GOATED',
    tokenAddress: 'C8V18XHwwP3ynMHfxVzuzoM3LANwojBaQAs6DuKtZnVm',
    pairAddress: '3FMq5HUcKreBGB83pTZ5o9tEKfViofL4WqoSNJJxzCAY',
    chain: 'SOL',
    exchange: 'pAMMBay6oceH9fJKBRHGP5D4bD4sWpmSwMn52FMfXEA',
    priceUsd: 0.0015332800169086502,
    volumeUsd: 100990280.53,
    mcap: 1533278,
    priceChangePcs: { '5m': 0, '1h': 0, '6h': 0, '24h': 726.69 },
    transactions: { buys: 44918, sells: 40158 },
    audit: {
      mintable: false,
      freezable: false,
      honeypot: false,
      contractVerified: true,
      linkTelegram: 'https://t.me/GOATRollup'
    },
    security: { renounced: false, locked: true },
    tokenCreatedTimestamp: 2025-09-26T15:00:39.000Z,
    liquidity: { current: 0, changePc: -99.99 },
    history: {
      ts: [],
      price: [],
      mcap: [],
      volume: [],
      buys: [],
      sells: [],
      liquidity: []
    },
    scannerAt: 1758994653559
  },
  {
    id: 'p3sLcnFeCcFtfMhUVR9b4x6mCcFymhnKmineJAA6Jp5',
    tokenName: 'GOAT Network',
    tokenSymbol: 'GOATED',
    tokenAddress: 'FmmLMdrGAXEpJLNTFsqL6g5ubF2DA6Tkf8fGhTeijKYe',
    pairAddress: 'p3sLcnFeCcFtfMhUVR9b4x6mCcFymhnKmineJAA6Jp5',
    chain: 'SOL',
    exchange: 'pAMMBay6oceH9fJKBRHGP5D4bD4sWpmSwMn52FMfXEA',
    priceUsd: 0,
    volumeUsd: 95610153.76,
    mcap: 1394820.34,
    priceChangePcs: { '5m': 0, '1h': 0, '6h': 51.92, '24h': 582.44 },
    transactions: { buys: 37934, sells: 32956 },
    audit: {
      mintable: false,
      freezable: false,
      honeypot: false,
      contractVerified: true,
      linkTelegram: 'https://t.me/GOATRollup'
    },
    security: { renounced: false, locked: false },
    tokenCreatedTimestamp: 2025-09-27T04:34:56.000Z,
    liquidity: { current: 0, changePc: -100 },
    history: {
      ts: [],
      price: [],
      mcap: [],
      volume: [],
      buys: [],
      sells: [],
      liquidity: []
    },
    scannerAt: 1758994653560
  },
  {
    id: '7eRYcKmvtFBot3dDGTeiQjxt65FdHRJTDhmnDTt24MK1',
    tokenName: 'GOAT Network',
    tokenSymbol: 'GOATED',
    tokenAddress: 'DsACiNAtf8TXj1kARsnb2Fa3JhKfxBz9VpQ2fnwJnjXK',
    pairAddress: '7eRYcKmvtFBot3dDGTeiQjxt65FdHRJTDhmnDTt24MK1',
    chain: 'SOL',
    exchange: 'pAMMBay6oceH9fJKBRHGP5D4bD4sWpmSwMn52FMfXEA',
    priceUsd: 0.001359642161847149,
    volumeUsd: 89783004.71,
    mcap: 1359642.08,
    priceChangePcs: { '5m': 0, '1h': 0, '6h': 0, '24h': 573.47 },
    transactions: { buys: 40791, sells: 36018 },
    audit: {
      mintable: false,
      freezable: false,
      honeypot: false,
      contractVerified: true,
      linkTelegram: 'https://t.me/GOATRollup'
    },
    security: { renounced: false, locked: true },
    tokenCreatedTimestamp: 2025-09-26T19:14:27.000Z,
    liquidity: { current: 0, changePc: -99.99 },
    history: {
      ts: [],
      price: [],
      mcap: [],
      volume: [],
      buys: [],
      sells: [],
      liquidity: []
    },
    scannerAt: 1758994653560
  },
  {
    id: '82ZgX2tHeVTmTt5z2Eqo7cZe99bK22PwyVRNVJF9aMaV',
    tokenName: 'GOAT Network',
    tokenSymbol: 'GOATED',
    tokenAddress: '71rYYNZ1bybEPh4vBBAyWg1wgm2n66pcwFbRv5uorWPS',
    pairAddress: '82ZgX2tHeVTmTt5z2Eqo7cZe99bK22PwyVRNVJF9aMaV',
    chain: 'SOL',
    exchange: 'pAMMBay6oceH9fJKBRHGP5D4bD4sWpmSwMn52FMfXEA',
    priceUsd: 0,
    volumeUsd: 81790606.33,
    mcap: 1228310.56,
    priceChangePcs: { '5m': 0, '1h': 14.31, '6h': 664.79, '24h': 664.79 },
    transactions: { buys: 34169, sells: 29250 },
    audit: {
      mintable: false,
      freezable: false,
      honeypot: false,
      contractVerified: false,
      linkTelegram: 'https://t.me/GOATRollup'
    },
    security: { renounced: false, locked: false },
    tokenCreatedTimestamp: 2025-09-27T09:20:38.000Z,
    liquidity: { current: 0, changePc: -100 },
    history: {
      ts: [],
      price: [],
      mcap: [],
      volume: [],
      buys: [],
      sells: [],
      liquidity: []
    },
    scannerAt: 1758994653560
  },
  {
    id: 'G75wBqjLJbZSn5p1GNwnmBgkKVwRcXKP3FaSiYgpmcRw',
    tokenName: 'GOAT Network',
    tokenSymbol: 'GOATED🟡',
    tokenAddress: 'CX1shFVzc3G8VpmDg73TMYHNrTeZFT4Yz5JWUBy2sDZv',
    pairAddress: 'G75wBqjLJbZSn5p1GNwnmBgkKVwRcXKP3FaSiYgpmcRw',
    chain: 'SOL',
    exchange: 'pAMMBay6oceH9fJKBRHGP5D4bD4sWpmSwMn52FMfXEA',
    priceUsd: 0,
    volumeUsd: 81632799.06,
    mcap: 31971.95,
    priceChangePcs: { '5m': 0, '1h': 0, '6h': -99.12, '24h': -94.86 },
    transactions: { buys: 34054, sells: 33642 },
    audit: {
      mintable: false,
      freezable: false,
      honeypot: false,
      contractVerified: true,
      linkTelegram: 'https://t.me/GOATrollup',
      linkTwitter: 'https://twitter.com/GOATrollup',
      linkWebsite: 'https://www.goat.network/'
    },
    security: { renounced: false, locked: false },
    tokenCreatedTimestamp: 2025-09-27T05:59:35.000Z,
    liquidity: { current: 0, changePc: -100 },
    history: {
      ts: [],
      price: [],
      mcap: [],
      volume: [],
      buys: [],
      sells: [],
      liquidity: []
    },
    scannerAt: 1758994653560
  },
  {
    id: 'BDrDMa9mpQxoTkjYXgmZVjW9nxCi9tgrMmcfvu8fSYDF',
    tokenName: 'GOAT Network',
    tokenSymbol: 'GOATED',
    tokenAddress: '517im42zwkQQUgVZnk4fp19UBdgFv2cBt6cH5vPRbTAw',
    pairAddress: 'BDrDMa9mpQxoTkjYXgmZVjW9nxCi9tgrMmcfvu8fSYDF',
    chain: 'SOL',
    exchange: 'pAMMBay6oceH9fJKBRHGP5D4bD4sWpmSwMn52FMfXEA',
    priceUsd: 0.0009455779007439551,
    volumeUsd: 59748080.59,
    mcap: 945577.12,
    priceChangePcs: { '5m': 0, '1h': 0, '6h': 0, '24h': 367.18 },
    transactions: { buys: 28977, sells: 25605 },
    audit: {
      mintable: false,
      freezable: false,
      honeypot: false,
      contractVerified: true,
      linkTelegram: 'https://t.me/GOATRollup'
    },
    security: { renounced: false, locked: true },
    tokenCreatedTimestamp: 2025-09-26T22:58:11.000Z,
    liquidity: { current: 0, changePc: -99.99 },
    history: {
      ts: [],
      price: [],
      mcap: [],
      volume: [],
      buys: [],
      sells: [],
      liquidity: []
    },
    scannerAt: 1758994653560
  },
  {
    id: 'JGLWg1ZyvvaGj7xumoFgvyBedQoTmTtgL6gfZ7TsBhu',
    tokenName: 'GOAT Network',
    tokenSymbol: 'GOATED',
    tokenAddress: 'BgGsy64smJdsW1HEeXYPpwnUYid6rcDUzdNEWeij2aTg',
    pairAddress: 'JGLWg1ZyvvaGj7xumoFgvyBedQoTmTtgL6gfZ7TsBhu',
    chain: 'SOL',
    exchange: 'pAMMBay6oceH9fJKBRHGP5D4bD4sWpmSwMn52FMfXEA',
    priceUsd: 0,
    volumeUsd: 51073311.16,
    mcap: 676084.2,
    priceChangePcs: { '5m': 0, '1h': 0, '6h': 0, '24h': 230.19 },
    transactions: { buys: 20690, sells: 17448 },
    audit: {
      mintable: false,
      freezable: false,
      honeypot: false,
      contractVerified: true,
      linkTelegram: 'https://t.me/GOATRollup'
    },
    security: { renounced: false, locked: false },
    tokenCreatedTimestamp: 2025-09-27T02:19:58.000Z,
    liquidity: { current: 0, changePc: -100 },
    history: {
      ts: [],
      price: [],
      mcap: [],
      volume: [],
      buys: [],
      sells: [],
      liquidity: []
    },
    scannerAt: 1758994653560
  },
  {
    id: '9ccRB9QYL1YFyBEM5oSGd9f6BiAmBwRJUwDvrXxAnD3z',
    tokenName: 'GOAT Network',
    tokenSymbol: 'GOATED',
    tokenAddress: 'Bbb9h9kGkYFLvgAPufU8aZYnV1TFKfVrtuQBia9SBmxW',
    pairAddress: '9ccRB9QYL1YFyBEM5oSGd9f6BiAmBwRJUwDvrXxAnD3z',
    chain: 'SOL',
    exchange: 'pAMMBay6oceH9fJKBRHGP5D4bD4sWpmSwMn52FMfXEA',
    priceUsd: 0,
    volumeUsd: 33461973.8,
    mcap: 149862.08,
    priceChangePcs: { '5m': 0, '1h': 0, '6h': 185.25, '24h': 185.25 },
    transactions: { buys: 12733, sells: 11781 },
    audit: {
      mintable: false,
      freezable: false,
      honeypot: false,
      contractVerified: true,
      linkTelegram: 'https://t.me/GOATRollup',
      linkTwitter: 'https://x.com/GOATRollup',
      linkWebsite: 'https://www.goat.network/'
    },
    security: { renounced: false, locked: false },
    tokenCreatedTimestamp: 2025-09-27T09:03:08.000Z,
    liquidity: { current: 0, changePc: -100 },
    history: {
      ts: [],
      price: [],
      mcap: [],
      volume: [],
      buys: [],
      sells: [],
      liquidity: []
    },
    scannerAt: 1758994653560
  },
  {
    id: '0xF07a660776BE8CEa92f8BF91Fc2b482213d03f02',
    tokenName: 'Golden',
    tokenSymbol: 'GOLDEN',
    tokenAddress: '0x40f8A48d7579039d42ff832E67fAD7D891640BDb',
    pairAddress: '0xF07a660776BE8CEa92f8BF91Fc2b482213d03f02',
    chain: 'ETH',
    exchange: '0x7a250d5630B4cF539739dF2C5dAcb4c659F2488D',
    priceUsd: 0,
    volumeUsd: 32165549.51,
    mcap: 1632.2807027037152,
    priceChangePcs: { '5m': 0, '1h': 0, '6h': 0, '24h': 0 },
    transactions: { buys: 4, sells: 4 },
    audit: {
      mintable: false,
      freezable: false,
      honeypot: false,
      contractVerified: true
    },
    security: { renounced: true, locked: false },
    tokenCreatedTimestamp: 2023-01-25T13:54:35.000Z,
    liquidity: { current: 0, changePc: -100 },
    history: {
      ts: [],
      price: [],
      mcap: [],
      volume: [],
      buys: [],
      sells: [],
      liquidity: []
    },
    scannerAt: 1758994653560
  },
  {
    id: '0xd21bc2291C1aeF340f5265E257B18aa5dafed759',
    tokenName: 'Hana Token',
    tokenSymbol: 'HANA',
    tokenAddress: '0x6261963EbE9Ff014aAd10eCc3b0238D4D04E8353',
    pairAddress: '0xd21bc2291C1aeF340f5265E257B18aa5dafed759',
    chain: 'BSC',
    exchange: '0x1b81D678ffb9C0263b24A97847620C99d213eB14',
    priceUsd: 0.05834764885753,
    volumeUsd: 37665525.62,
    mcap: 58347648.85,
    priceChangePcs: { '5m': -1.08, '1h': -3.3, '6h': -1.36, '24h': -3.13 },
    transactions: { buys: 50396, sells: 50451 },
    audit: {
      mintable: false,
      freezable: false,
      honeypot: false,
      contractVerified: true
    },
    security: { renounced: false, locked: false },
    tokenCreatedTimestamp: 2025-09-25T02:15:44.000Z,
    liquidity: { current: 818806.5, changePc: 3994.03 },
    history: {
      ts: [],
      price: [],
      mcap: [],
      volume: [],
      buys: [],
      sells: [],
      liquidity: []
    },
    scannerAt: 1758994653560
  },
  {
    id: 'LSck3bJUSkkVQKzyjd8kMHEycMY52Ems5DeYeuXngMA',
    tokenName: 'HanaNetwork',
    tokenSymbol: 'HANA',
    tokenAddress: 'B6peDDugTf6wBMDwQ3VByVby6Dx2Qqwc4q7eE3NpryEF',
    pairAddress: 'LSck3bJUSkkVQKzyjd8kMHEycMY52Ems5DeYeuXngMA',
    chain: 'SOL',
    exchange: 'pAMMBay6oceH9fJKBRHGP5D4bD4sWpmSwMn52FMfXEA',
    priceUsd: 0,
    volumeUsd: 31694725.59,
    mcap: 121388.55,
    priceChangePcs: { '5m': 0, '1h': 0, '6h': -40.22, '24h': 159.27 },
    transactions: { buys: 11835, sells: 10746 },
    audit: {
      mintable: false,
      freezable: false,
      honeypot: false,
      contractVerified: false,
      linkTwitter: 'https://x.com/HanaNetwork',
      linkWebsite: 'https://hanafuda.hana.network/'
    },
    security: { renounced: false, locked: false },
    tokenCreatedTimestamp: 2025-09-27T06:21:28.000Z,
    liquidity: { current: 0, changePc: -100 },
    history: {
      ts: [],
      price: [],
      mcap: [],
      volume: [],
      buys: [],
      sells: [],
      liquidity: []
    },
    scannerAt: 1758994653560
  },
  {
    id: '0x51CD0752767F7EAA094b6a2D42481cE856966796',
    tokenName: 'LAYER TOKEN',
    tokenSymbol: 'LAYER',
    tokenAddress: '0x9B11E4539614dFa0CD640FAcD10495578B6F06D7',
    pairAddress: '0x51CD0752767F7EAA094b6a2D42481cE856966796',
    chain: 'BSC',
    exchange: '0xB971eF87ede563556b2ED4b1C0b0019111Dd85d2',
    priceUsd: 175314.20422068963,
    volumeUsd: 27140005.23,
    mcap: 1753142042206.89,
    priceChangePcs: { '5m': 0, '1h': 0, '6h': 0, '24h': 0.11 },
    transactions: { buys: 231, sells: 227 },
    audit: {
      mintable: false,
      freezable: false,
      honeypot: false,
      contractVerified: false
    },
    security: { renounced: false, locked: false },
    tokenCreatedTimestamp: 2025-09-11T17:08:53.000Z,
    liquidity: { current: 320253.83, changePc: 187.11 },
    history: {
      ts: [],
      price: [],
      mcap: [],
      volume: [],
      buys: [],
      sells: [],
      liquidity: []
    },
    scannerAt: 1758994653560
  },
  {
    id: 'EciycbwXyaC42yHTexhvZNt8mLrTtjcCegRXz5gDS3bK',
    tokenName: 'LittlePepe',
    tokenSymbol: 'LILPEPE',
    tokenAddress: '4JALF7To9sY4U771VTNHYb69u5w72ivqohyvgutz98cm',
    pairAddress: 'EciycbwXyaC42yHTexhvZNt8mLrTtjcCegRXz5gDS3bK',
    chain: 'SOL',
    exchange: 'pAMMBay6oceH9fJKBRHGP5D4bD4sWpmSwMn52FMfXEA',
    priceUsd: 0.003378333133,
    volumeUsd: 26679464.6,
    mcap: 3378332.88,
    priceChangePcs: { '5m': 0, '1h': 0, '6h': 315.25, '24h': 315.25 },
    transactions: { buys: 12449, sells: 11299 },
    audit: {
      mintable: false,
      freezable: false,
      honeypot: false,
      contractVerified: false
    },
    security: { renounced: false, locked: false },
    tokenCreatedTimestamp: 2025-09-27T09:50:16.000Z,
    liquidity: { current: 0, changePc: -99.99 },
    history: {
      ts: [],
      price: [],
      mcap: [],
      volume: [],
      buys: [],
      sells: [],
      liquidity: []
    },
    scannerAt: 1758994653560
  },
  {
    id: '4VCAmmx2szE1BBQeF2w3zt2w9F5nFvxJtDtRjYKK1WLd',
    tokenName: 'Mask Coin',
    tokenSymbol: 'MetaMask',
    tokenAddress: 'AyTeAqqfmKeQdBdhtLzwmW8vPE2xeW9Re7BbArfLhdWf',
    pairAddress: '4VCAmmx2szE1BBQeF2w3zt2w9F5nFvxJtDtRjYKK1WLd',
    chain: 'SOL',
    exchange: 'pAMMBay6oceH9fJKBRHGP5D4bD4sWpmSwMn52FMfXEA',
    priceUsd: 0,
    volumeUsd: 274174439.89,
    mcap: 1067837.06,
    priceChangePcs: { '5m': 0, '1h': 0, '6h': 0, '24h': 615.98 },
    transactions: { buys: 108742, sells: 106490 },
    audit: {
      mintable: false,
      freezable: false,
      honeypot: false,
      contractVerified: true,
      linkTwitter: 'https://x.com/metamask?s=21',
      linkWebsite: 'https://metamask.io/'
    },
    security: { renounced: false, locked: true },
    tokenCreatedTimestamp: 2025-09-26T16:45:30.000Z,
    liquidity: { current: 0, changePc: -100 },
    history: {
      ts: [],
      price: [],
      mcap: [],
      volume: [],
      buys: [],
      sells: [],
      liquidity: []
    },
    scannerAt: 1758994653559
  },
  {
    id: '4fDu1gxCJtqYdrovT7Hba67NzuaHsd8Kg9PXnBZNDdcq',
    tokenName: 'Mask Coin',
    tokenSymbol: 'MetaMask',
    tokenAddress: 'DBqwHc6iufkUPAQ9Yp5wcR9ovwowVksbmDF2eqJndUdN',
    pairAddress: '4fDu1gxCJtqYdrovT7Hba67NzuaHsd8Kg9PXnBZNDdcq',
    chain: 'SOL',
    exchange: 'pAMMBay6oceH9fJKBRHGP5D4bD4sWpmSwMn52FMfXEA',
    priceUsd: 0,
    volumeUsd: 161793080.1,
    mcap: 690792.94,
    priceChangePcs: { '5m': 0, '1h': 0, '6h': 0, '24h': 257.61 },
    transactions: { buys: 73209, sells: 71329 },
    audit: {
      mintable: false,
      freezable: false,
      honeypot: false,
      contractVerified: true,
      linkTwitter: 'https://x.com/metamask?s=21',
      linkWebsite: 'https://metamask.io/'
    },
    security: { renounced: false, locked: false },
    tokenCreatedTimestamp: 2025-09-27T00:38:56.000Z,
    liquidity: { current: 0, changePc: -100 },
    history: {
      ts: [],
      price: [],
      mcap: [],
      volume: [],
      buys: [],
      sells: [],
      liquidity: []
    },
    scannerAt: 1758994653559
  },
  {
    id: '4NAdnJaeioRVcbgVusJtEpcjCdVC83icooKJ5dMZUYZb',
    tokenName: 'Mask Coin',
    tokenSymbol: 'MetaMask',
    tokenAddress: 'CV7HTQR5muoKgpdCaCHXkXiYpHAm1Tw3GHvTxZWyuYxM',
    pairAddress: '4NAdnJaeioRVcbgVusJtEpcjCdVC83icooKJ5dMZUYZb',
    chain: 'SOL',
    exchange: 'pAMMBay6oceH9fJKBRHGP5D4bD4sWpmSwMn52FMfXEA',
    priceUsd: 0.0001722366045311415,
    volumeUsd: 49586584.66,
    mcap: 172235.69,
    priceChangePcs: { '5m': 0, '1h': 0, '6h': 0, '24h': 262.44 },
    transactions: { buys: 30049, sells: 27069 },
    audit: {
      mintable: false,
      freezable: false,
      honeypot: false,
      contractVerified: true,
      linkTwitter: 'https://x.com/metamask?s=21',
      linkWebsite: 'https://metamask.io/'
    },
    security: { renounced: false, locked: true },
    tokenCreatedTimestamp: 2025-09-26T21:24:44.000Z,
    liquidity: { current: 0, changePc: -99.99 },
    history: {
      ts: [],
      price: [],
      mcap: [],
      volume: [],
      buys: [],
      sells: [],
      liquidity: []
    },
    scannerAt: 1758994653560
  },
  {
    id: '88G7sDF7RvU5x1w5uyYVoCkK7SZewNywDGQA4rL7XsoY',
    tokenName: 'Mask Coin',
    tokenSymbol: 'MetaMask',
    tokenAddress: '9c5NpRifGwvuidHBq6Vw8Hgpcg27RMpJ6Qd9FiSVgPFs',
    pairAddress: '88G7sDF7RvU5x1w5uyYVoCkK7SZewNywDGQA4rL7XsoY',
    chain: 'SOL',
    exchange: 'pAMMBay6oceH9fJKBRHGP5D4bD4sWpmSwMn52FMfXEA',
    priceUsd: 0.00019669429883955626,
    volumeUsd: 40506920.05,
    mcap: 196693.9,
    priceChangePcs: { '5m': 0, '1h': 0, '6h': 0, '24h': 71.03 },
    transactions: { buys: 24007, sells: 21472 },
    audit: {
      mintable: false,
      freezable: false,
      honeypot: false,
      contractVerified: true,
      linkTwitter: 'https://x.com/metamask?s=21',
      linkWebsite: 'https://metamask.io/'
    },
    security: { renounced: false, locked: true },
    tokenCreatedTimestamp: 2025-09-26T13:25:32.000Z,
    liquidity: { current: 0, changePc: -99.99 },
    history: {
      ts: [],
      price: [],
      mcap: [],
      volume: [],
      buys: [],
      sells: [],
      liquidity: []
    },
    scannerAt: 1758994653560
  },
  {
    id: 'DSDKsFEFMgosh4LXWJho2yZdmrRS8EuUCcEv8fZXcVVM',
    tokenName: 'Mask Coin',
    tokenSymbol: 'MetaMask',
    tokenAddress: 'BFRSXPfDLhyXCeLieLbEYtT5pujwVVoSg81yVHS2bjag',
    pairAddress: 'DSDKsFEFMgosh4LXWJho2yZdmrRS8EuUCcEv8fZXcVVM',
    chain: 'SOL',
    exchange: 'pAMMBay6oceH9fJKBRHGP5D4bD4sWpmSwMn52FMfXEA',
    priceUsd: 0.00023232215543845708,
    volumeUsd: 28317422.86,
    mcap: 232321.58,
    priceChangePcs: { '5m': 0, '1h': 0, '6h': 0, '24h': 385.23 },
    transactions: { buys: 15912, sells: 14273 },
    audit: {
      mintable: false,
      freezable: false,
      honeypot: false,
      contractVerified: true,
      linkTwitter: 'https://x.com/metamask?s=21',
      linkWebsite: 'https://metamask.io/'
    },
    security: { renounced: false, locked: true },
    tokenCreatedTimestamp: 2025-09-26T16:58:21.000Z,
    liquidity: { current: 0, changePc: -99.99 },
    history: {
      ts: [],
      price: [],
      mcap: [],
      volume: [],
      buys: [],
      sells: [],
      liquidity: []
    },
    scannerAt: 1758994653560
  },
  {
    id: '2quQL4PdFzQnhs3b3F645hfteDUBcR9KppLUFshZ6YQG',
    tokenName: 'MetaMask Coin',
    tokenSymbol: 'MetaMask',
    tokenAddress: 'AMzzkoZKaBxim2Mqzu8zQyj23mHq2B38oaN2XSHuDoTF',
    pairAddress: '2quQL4PdFzQnhs3b3F645hfteDUBcR9KppLUFshZ6YQG',
    chain: 'SOL',
    exchange: 'pAMMBay6oceH9fJKBRHGP5D4bD4sWpmSwMn52FMfXEA',
    priceUsd: 0.001040519101,
    volumeUsd: 148976188.42,
    mcap: 1040518.12,
    priceChangePcs: { '5m': -1.87, '1h': 11.27, '6h': 360.77, '24h': 360.77 },
    transactions: { buys: 69571, sells: 67510 },
    audit: {
      mintable: false,
      freezable: false,
      honeypot: false,
      contractVerified: true,
      linkTwitter: 'https://x.com/metamask?s=21',
      linkWebsite: 'https://metamask.io/'
    },
    security: { renounced: false, locked: false },
    tokenCreatedTimestamp: 2025-09-27T08:44:36.000Z,
    liquidity: { current: 1463201.27, changePc: 224 },
    history: {
      ts: [],
      price: [],
      mcap: [],
      volume: [],
      buys: [],
      sells: [],
      liquidity: []
    },
    scannerAt: 1758994653559
  },
  {
    id: 'GTc2CX4pBzZEtN6PtLmnhZpFMkTXVnxnoJJhaKsaUgCe',
    tokenName: 'MetaMask Coin',
    tokenSymbol: 'MetaMask',
    tokenAddress: '91dpHfnGBkkrgQfjyTEVKuVxUdkMnCBHVV2DCdfMsBAU',
    pairAddress: 'GTc2CX4pBzZEtN6PtLmnhZpFMkTXVnxnoJJhaKsaUgCe',
    chain: 'SOL',
    exchange: 'pAMMBay6oceH9fJKBRHGP5D4bD4sWpmSwMn52FMfXEA',
    priceUsd: 0.0007352460896898907,
    volumeUsd: 96743573.35,
    mcap: 735245.53,
    priceChangePcs: { '5m': 0, '1h': 0, '6h': 0, '24h': 38.97 },
    transactions: { buys: 50051, sells: 49143 },
    audit: {
      mintable: false,
      freezable: false,
      honeypot: false,
      contractVerified: true,
      linkTwitter: 'https://x.com/metamask?s=21',
      linkWebsite: 'https://metamask.io/'
    },
    security: { renounced: false, locked: true },
    tokenCreatedTimestamp: 2025-09-26T11:52:59.000Z,
    liquidity: { current: 0, changePc: -99.99 },
    history: {
      ts: [],
      price: [],
      mcap: [],
      volume: [],
      buys: [],
      sells: [],
      liquidity: []
    },
    scannerAt: 1758994653559
  },
  {
    id: 'Jjy3AkTgDfuQmwcemcA5A7Es5gT2UdiWKuEYEkNXwg7',
    tokenName: 'MetaMask Coin',
    tokenSymbol: 'MetaMask',
    tokenAddress: '3eU4mPJbiGJ7PokKuYZywQrfZZtd4h4BYkmYdbA9CDJo',
    pairAddress: 'Jjy3AkTgDfuQmwcemcA5A7Es5gT2UdiWKuEYEkNXwg7',
    chain: 'SOL',
    exchange: 'pAMMBay6oceH9fJKBRHGP5D4bD4sWpmSwMn52FMfXEA',
    priceUsd: 0,
    volumeUsd: 78546838.49,
    mcap: 554635.8,
    priceChangePcs: { '5m': 0, '1h': 0, '6h': -24.46, '24h': 146.73 },
    transactions: { buys: 35139, sells: 34425 },
    audit: {
      mintable: false,
      freezable: false,
      honeypot: false,
      contractVerified: true,
      linkTwitter: 'https://x.com/metamask?s=21',
      linkWebsite: 'https://metamask.io/'
    },
    security: { renounced: false, locked: false },
    tokenCreatedTimestamp: 2025-09-27T06:09:44.000Z,
    liquidity: { current: 0, changePc: -100 },
    history: {
      ts: [],
      price: [],
      mcap: [],
      volume: [],
      buys: [],
      sells: [],
      liquidity: []
    },
    scannerAt: 1758994653560
  }
]
TokensPane mounted: New Tokens
[Table] rows prop: []

stdout | tests/app.boot.logging.test.tsx > App boot logging diagnostics > emits reducer and pane logs after successful boot requests
[TokensPane:Trending Tokens] dispatching scanner/pairs: { page: 101, scannerPairs: [] }
[TokensPane:Trending Tokens] mapped tokens sample: []
[Table:Trending Tokens] first row {
  id: '2de6Nhy5sFVYmvqpjbzN2MSsMZb34uSVvxKCXSqek8GT',
  price: 0,
  mcap: 182829.73,
  vol: 32641782.51,
  buys: 18176,
  sells: 16248,
  liq: 0
}
[Table:Trending Tokens] changed 50 rows; first change {
  id: '2de6Nhy5sFVYmvqpjbzN2MSsMZb34uSVvxKCXSqek8GT',
  old: undefined,
  new: {
    price: 0,
    mcap: 182829.73,
    vol: 32641782.51,
    buys: 18176,
    sells: 16248,
    liq: 0
  }
}
[SubscriptionQueue] setVisible: added 2de6Nhy5sFVYmvqpjbzN2MSsMZb34uSVvxKCXSqek8GT|2aXjui2YFtL6HrUYHY4rJyFsnnwg7LCYGjeZAKh8Y8P1|900 visible.size: 1
[SubscriptionQueue] setVisible: added 0x4D3bF29Ba30f8Bfe4624e7678709afA195689c5D|0x2c3a8Ee94dDD97244a93Bc48298f97d2C412F7Db|56 visible.size: 2
[SubscriptionQueue] setVisible: added 0xCA3F029A70d5d90000E614afD29E5c833f33CEa5|0xd5dF4d260D7a0145F655bcBf3B398076F21016C7|56 visible.size: 3
[SubscriptionQueue] setVisible: added 3xAg7YRxqQaKoSpL9mzpJ27KDeAob8jNWtpYkQFDRBv4|BpbsF5UVk8ZLWB3Ky2fMqmN2Km89fiKXHb5kySkWQ4Au|900 visible.size: 4
[SubscriptionQueue] setVisible: added BhkrpVukUBTvZ7xmKTXkubGBC8VncbDNRgQgbRzExxAb|FKieQmUYzhPPDNYHYw5YXJdPY1GfS8S4A9QbMaFtdaje|900 visible.size: 5
[SubscriptionQueue] setVisible: added 8HxJVwg9JPEm72D3uR9jp79BTgJj1cMQaYGNELFFeL6n|9fQRKpzq29E6brzv7c2eXVpG6yiwoCgtSR4FjKiz63JY|900 visible.size: 6
[SubscriptionQueue] setVisible: added 7A8XiSivB8ZpRL6T7qJFYv2wkxnEubRXt5DbAx15hzAB|EPKQvx5DVHDa2cNgXtNTvCtfmhNKKPrUFDDtXDUG5Fxa|900 visible.size: 7
[SubscriptionQueue] setVisible: added FAAwKMiRSxg5Ly9kF7fTic9TPsUtAsBE8GzYJHGUBBnE|6wqwA7D69iWYGYaRhdi6o9UVyAreGDxkCGtyZGP4GVoC|900 visible.size: 8
[SubscriptionQueue] setVisible: added HzSxT5dW8GGiTaZnsdeUJur2ZregN8zR85rdYiw2udTK|HhL7vXsUVFjk37fJfmHqsvcv1k9sJJKR2pan4BQJs8Ex|900 visible.size: 9
[SubscriptionQueue] setVisible: added HcWiiZEBHBKWmHP4ZjxqwQWhGwovXUvThU4aNt4yANye|FHZBpDdytvgDFXvfXoXpR3CNiWRzs5rVqq4L1g1HKrGk|900 visible.size: 10
[SubscriptionQueue] setVisible: added CvxgmSEvTYzs37GRSjGmGCsiCrB1X4RxMCR1pD5o7QAv|6izx19WzDYGreCprA5wpinxdSQqRP5h4Geb3h3cG73SA|900 visible.size: 11
[SubscriptionQueue] setVisible: added 5WRDHbRmSm7nQ73KtVCLMnTDEoSBPH6ZfX9dd68UhmuR|2KUNyDwcfw4wHkSnugapjTT1JdrtsoPfdAD6JfsyVSn5|900 visible.size: 12
[SubscriptionQueue] setVisible: added 3XP2gPB5P6TkvUuSnpNd136TtaGxSXibjDkvFvYFB6mK|8pEpKLkcFB22rjg7SzervrhWPEaXVjVhtPa1EPWZEXBK|900 visible.size: 13
[SubscriptionQueue] setVisible: added EuPnpWGTPB5iYm34rTzk7aCvhBzZvGEjXhRwE65ShBdE|35ueb87P8QGLMJg8sJJL9KzsGnauNRdY3cj2gCu5rhyx|900 visible.size: 14
[SubscriptionQueue] setVisible: added G69UieGxtHvVhtfFeJfk4NA18AS6kJE8c7PY6erpfuBx|7e9pcKwiACvuE5vf2P855Y4j2eXXu3wKWPmHKeJBcLRK|900 visible.size: 15
[SubscriptionQueue] setVisible: added FDqFiYe3QfKiLBfav7GW4EsGh3Jt465tBqLg7HTnrkqR|CipEt68fvLSxyo9CYch8qqkKPULmNkTp6qLsEtS8Lovw|900 visible.size: 16
[SubscriptionQueue] setVisible: added 5pTrEfjtKwVFRcAxh4B1rmCPJPK4G8YA5UDpgxAMsJL3|8N2hCvuyxpByAnDenLcLFeJr3osiVW7fuutxthc3u8Dx|900 visible.size: 17
[SubscriptionQueue] setVisible: added 0xcf8d62960Fb7Ce5F1359E5D9267e32B9522d5d7C|0x2EdC30CF3BB7c840c41C1BC3485Aa3619C46465a|1 visible.size: 18
[SubscriptionQueue] setVisible: added H4dsseSVJhvUeQjsh3CxFfvTcVXMJKkgG5nvGDSUJfyN|78MBbpRuimZoTpP39kMDTEWa8c5R5mWFt8FwbDvaur8a|900 visible.size: 19
[SubscriptionQueue] setVisible: added 0x5777d92f208679DB4b9778590Fa3CAB3aC9e2168|0x6B175474E89094C44Da98b954EedeAC495271d0F|1 visible.size: 20
[SubscriptionQueue] setVisible: added 0x48DA0965ab2d2cbf1C17C09cFB5Cbe67Ad5B1406|0x6B175474E89094C44Da98b954EedeAC495271d0F|1 visible.size: 21
[SubscriptionQueue] setVisible: added 6aCxf9vimJNQ8aC2W69f79AHrZhq5mcYq9ciCL6fn7KM|DqjhEgkNQM49r17PMJCkaQXDF4CVezo3VbGvQrGGL83N|900 visible.size: 22
[SubscriptionQueue] setVisible: added 2xjWY4bXE7gH2YkoxuEN4DuC8SLi97gboEgVGE8ZSrWS|Fibx6SzLVcqxicX3uDTqKZ8kZGJkFxXMcKmPLM7BsyNC|900 visible.size: 23
[SubscriptionQueue] setVisible: added EiuKuPvi9Cv2eQdSTcBHTkD4KcnM76XzoaCmjwnW6aw3|bseLibkFaXTrG7RbTVQ2gspPvDuTbXBwxD28VyvEx7s|900 visible.size: 24
[SubscriptionQueue] setVisible: added CcB5AazsQ87qz4x2G2ZnNykgJzRr2gqLhTDHfktYushF|FrHGaeLF8TscrKWYJFfEP7Xi91SSSYaFXZsh3Br5EPMc|900 visible.size: 25
[SubscriptionQueue] setVisible: added 5U98VbSfqJPMejWxg1MC1Y4oFeyEMGTj8JNPcCvGp1vZ|A8miNTG5bvVZa8DKHPwHLBbHScf6KysgMbWpToTGZEQT|900 visible.size: 26
[SubscriptionQueue] setVisible: added 7Q6SSQiiPtrdE24Pp7pDMoTKnhxFF7fCjZgtpK1G2iJS|9XMQ72WETBF74Ln2Yh9ZDBNPFnx3UheRaUU2bkymmwfk|900 visible.size: 27
[SubscriptionQueue] setVisible: added 65jZDZQNgUUjn8nzWfWfCjTt8GADchcPQstSJrHLVgtD|GkDwuYBCE6EPFU4W5p8rDNsCTRPwTpu2PEW71Qhpn1g8|900 visible.size: 28
[SubscriptionQueue] setVisible: added CtVm6wRPUFdgc8uh2NhFrM5fgsRAKwNZPXEuw8btXmHt|6shzeWC3h3Y8g2vN6B97BGvW6mS288v5gRXCejnVH1ZG|900 visible.size: 29
[SubscriptionQueue] setVisible: added 3FMq5HUcKreBGB83pTZ5o9tEKfViofL4WqoSNJJxzCAY|C8V18XHwwP3ynMHfxVzuzoM3LANwojBaQAs6DuKtZnVm|900 visible.size: 30
[SubscriptionQueue] setVisible: added p3sLcnFeCcFtfMhUVR9b4x6mCcFymhnKmineJAA6Jp5|FmmLMdrGAXEpJLNTFsqL6g5ubF2DA6Tkf8fGhTeijKYe|900 visible.size: 31
[SubscriptionQueue] setVisible: added 7eRYcKmvtFBot3dDGTeiQjxt65FdHRJTDhmnDTt24MK1|DsACiNAtf8TXj1kARsnb2Fa3JhKfxBz9VpQ2fnwJnjXK|900 visible.size: 32
[SubscriptionQueue] setVisible: added 82ZgX2tHeVTmTt5z2Eqo7cZe99bK22PwyVRNVJF9aMaV|71rYYNZ1bybEPh4vBBAyWg1wgm2n66pcwFbRv5uorWPS|900 visible.size: 33
[SubscriptionQueue] setVisible: added G75wBqjLJbZSn5p1GNwnmBgkKVwRcXKP3FaSiYgpmcRw|CX1shFVzc3G8VpmDg73TMYHNrTeZFT4Yz5JWUBy2sDZv|900 visible.size: 34
[SubscriptionQueue] setVisible: added BDrDMa9mpQxoTkjYXgmZVjW9nxCi9tgrMmcfvu8fSYDF|517im42zwkQQUgVZnk4fp19UBdgFv2cBt6cH5vPRbTAw|900 visible.size: 35
[SubscriptionQueue] setVisible: added JGLWg1ZyvvaGj7xumoFgvyBedQoTmTtgL6gfZ7TsBhu|BgGsy64smJdsW1HEeXYPpwnUYid6rcDUzdNEWeij2aTg|900 visible.size: 36
[SubscriptionQueue] setVisible: added 9ccRB9QYL1YFyBEM5oSGd9f6BiAmBwRJUwDvrXxAnD3z|Bbb9h9kGkYFLvgAPufU8aZYnV1TFKfVrtuQBia9SBmxW|900 visible.size: 37
[SubscriptionQueue] setVisible: added 0xF07a660776BE8CEa92f8BF91Fc2b482213d03f02|0x40f8A48d7579039d42ff832E67fAD7D891640BDb|1 visible.size: 38
[SubscriptionQueue] setVisible: added 0xd21bc2291C1aeF340f5265E257B18aa5dafed759|0x6261963EbE9Ff014aAd10eCc3b0238D4D04E8353|56 visible.size: 39
[SubscriptionQueue] setVisible: added LSck3bJUSkkVQKzyjd8kMHEycMY52Ems5DeYeuXngMA|B6peDDugTf6wBMDwQ3VByVby6Dx2Qqwc4q7eE3NpryEF|900 visible.size: 40
[SubscriptionQueue] setVisible: added 0x51CD0752767F7EAA094b6a2D42481cE856966796|0x9B11E4539614dFa0CD640FAcD10495578B6F06D7|56 visible.size: 41
[SubscriptionQueue] setVisible: added EciycbwXyaC42yHTexhvZNt8mLrTtjcCegRXz5gDS3bK|4JALF7To9sY4U771VTNHYb69u5w72ivqohyvgutz98cm|900 visible.size: 42
[SubscriptionQueue] setVisible: added 4VCAmmx2szE1BBQeF2w3zt2w9F5nFvxJtDtRjYKK1WLd|AyTeAqqfmKeQdBdhtLzwmW8vPE2xeW9Re7BbArfLhdWf|900 visible.size: 43
[SubscriptionQueue] setVisible: added 4fDu1gxCJtqYdrovT7Hba67NzuaHsd8Kg9PXnBZNDdcq|DBqwHc6iufkUPAQ9Yp5wcR9ovwowVksbmDF2eqJndUdN|900 visible.size: 44
[SubscriptionQueue] setVisible: added 4NAdnJaeioRVcbgVusJtEpcjCdVC83icooKJ5dMZUYZb|CV7HTQR5muoKgpdCaCHXkXiYpHAm1Tw3GHvTxZWyuYxM|900 visible.size: 45
[SubscriptionQueue] setVisible: added 88G7sDF7RvU5x1w5uyYVoCkK7SZewNywDGQA4rL7XsoY|9c5NpRifGwvuidHBq6Vw8Hgpcg27RMpJ6Qd9FiSVgPFs|900 visible.size: 46
[SubscriptionQueue] setVisible: added DSDKsFEFMgosh4LXWJho2yZdmrRS8EuUCcEv8fZXcVVM|BFRSXPfDLhyXCeLieLbEYtT5pujwVVoSg81yVHS2bjag|900 visible.size: 47
[SubscriptionQueue] setVisible: added 2quQL4PdFzQnhs3b3F645hfteDUBcR9KppLUFshZ6YQG|AMzzkoZKaBxim2Mqzu8zQyj23mHq2B38oaN2XSHuDoTF|900 visible.size: 48
[SubscriptionQueue] setVisible: added GTc2CX4pBzZEtN6PtLmnhZpFMkTXVnxnoJJhaKsaUgCe|91dpHfnGBkkrgQfjyTEVKuVxUdkMnCBHVV2DCdfMsBAU|900 visible.size: 49
[SubscriptionQueue] setVisible: added Jjy3AkTgDfuQmwcemcA5A7Es5gT2UdiWKuEYEkNXwg7|3eU4mPJbiGJ7PokKuYZywQrfZZtd4h4BYkmYdbA9CDJo|900 visible.size: 50
[TokensPane:Trending Tokens] rows derived {
  count: 50,
  firstId: '2de6Nhy5sFVYmvqpjbzN2MSsMZb34uSVvxKCXSqek8GT',
  firstPrice: 0,
  version: 2
}
[Table:New Tokens] first row { none: true }
[TokensPane:New Tokens] rows derived { count: 0, version: 2 }
tokensReducer executed { type: 'scanner/pairs' }
tokensReducer state after action: {
  byId: {
    '0xF65a021508f0Ed52C2C1C38cD9F6c3ff04f240a9': {
      id: '0xF65a021508f0Ed52C2C1C38cD9F6c3ff04f240a9',
      tokenName: 'Sickburn Inu',
      tokenSymbol: 'SBI',
      tokenAddress: '0x0BEE91533Be2EDE0936Ea53457Ce7bd9b0B398c6',
      pairAddress: '0xF65a021508f0Ed52C2C1C38cD9F6c3ff04f240a9',
      chain: 'ETH',
      exchange: '0x7a250d5630B4cF539739dF2C5dAcb4c659F2488D',
      priceUsd: 0,
      volumeUsd: 483095431.62,
      mcap: 11944.834205863863,
      priceChangePcs: [Object],
      transactions: [Object],
      audit: [Object],
      security: [Object],
      tokenCreatedTimestamp: 2023-04-20T21:22:23.000Z,
      liquidity: [Object],
      history: [Object],
      scannerAt: 1758994653559
    },
    '0xf65a021508f0ed52c2c1c38cd9f6c3ff04f240a9': {
      id: '0xF65a021508f0Ed52C2C1C38cD9F6c3ff04f240a9',
      tokenName: 'Sickburn Inu',
      tokenSymbol: 'SBI',
      tokenAddress: '0x0BEE91533Be2EDE0936Ea53457Ce7bd9b0B398c6',
      pairAddress: '0xF65a021508f0Ed52C2C1C38cD9F6c3ff04f240a9',
      chain: 'ETH',
      exchange: '0x7a250d5630B4cF539739dF2C5dAcb4c659F2488D',
      priceUsd: 0,
      volumeUsd: 483095431.62,
      mcap: 11944.834205863863,
      priceChangePcs: [Object],
      transactions: [Object],
      audit: [Object],
      security: [Object],
      tokenCreatedTimestamp: 2023-04-20T21:22:23.000Z,
      liquidity: [Object],
      history: [Object],
      scannerAt: 1758994653559
    },
    '0x172fcD41E0913e95784454622d1c3724f546f849': {
      id: '0x172fcD41E0913e95784454622d1c3724f546f849',
      tokenName: 'Tether USD',
      tokenSymbol: 'USDT',
      tokenAddress: '0x55d398326f99059fF775485246999027B3197955',
      pairAddress: '0x172fcD41E0913e95784454622d1c3724f546f849',
      chain: 'BSC',
      exchange: '0x1b81D678ffb9C0263b24A97847620C99d213eB14',
      priceUsd: 1.0003248226424524,
      volumeUsd: 302823157.87,
      mcap: 7483969539.99,
      priceChangePcs: [Object],
      transactions: [Object],
      audit: [Object],
      security: [Object],
      tokenCreatedTimestamp: 2022-05-13T09:04:03.000Z,
      liquidity: [Object],
      history: [Object],
      scannerAt: 1758994653559
    },
    '0x172fcd41e0913e95784454622d1c3724f546f849': {
      id: '0x172fcD41E0913e95784454622d1c3724f546f849',
      tokenName: 'Tether USD',
      tokenSymbol: 'USDT',
      tokenAddress: '0x55d398326f99059fF775485246999027B3197955',
      pairAddress: '0x172fcD41E0913e95784454622d1c3724f546f849',
      chain: 'BSC',
      exchange: '0x1b81D678ffb9C0263b24A97847620C99d213eB14',
      priceUsd: 1.0003248226424524,
      volumeUsd: 302823157.87,
      mcap: 7483969539.99,
      priceChangePcs: [Object],
      transactions: [Object],
      audit: [Object],
      security: [Object],
      tokenCreatedTimestamp: 2022-05-13T09:04:03.000Z,
      liquidity: [Object],
      history: [Object],
      scannerAt: 1758994653559
    },
    '4VCAmmx2szE1BBQeF2w3zt2w9F5nFvxJtDtRjYKK1WLd': {
      id: '4VCAmmx2szE1BBQeF2w3zt2w9F5nFvxJtDtRjYKK1WLd',
      tokenName: 'Mask Coin',
      tokenSymbol: 'MetaMask',
      tokenAddress: 'AyTeAqqfmKeQdBdhtLzwmW8vPE2xeW9Re7BbArfLhdWf',
      pairAddress: '4VCAmmx2szE1BBQeF2w3zt2w9F5nFvxJtDtRjYKK1WLd',
      chain: 'SOL',
      exchange: 'pAMMBay6oceH9fJKBRHGP5D4bD4sWpmSwMn52FMfXEA',
      priceUsd: 0,
      volumeUsd: 274174439.89,
      mcap: 1067837.06,
      priceChangePcs: [Object],
      transactions: [Object],
      audit: [Object],
      security: [Object],
      tokenCreatedTimestamp: 2025-09-26T16:45:30.000Z,
      liquidity: [Object],
      history: [Object],
      scannerAt: 1758994653559
    },
    '4vcammx2sze1bbqef2w3zt2w9f5nfvxjtdtrjykk1wld': {
      id: '4VCAmmx2szE1BBQeF2w3zt2w9F5nFvxJtDtRjYKK1WLd',
      tokenName: 'Mask Coin',
      tokenSymbol: 'MetaMask',
      tokenAddress: 'AyTeAqqfmKeQdBdhtLzwmW8vPE2xeW9Re7BbArfLhdWf',
      pairAddress: '4VCAmmx2szE1BBQeF2w3zt2w9F5nFvxJtDtRjYKK1WLd',
      chain: 'SOL',
      exchange: 'pAMMBay6oceH9fJKBRHGP5D4bD4sWpmSwMn52FMfXEA',
      priceUsd: 0,
      volumeUsd: 274174439.89,
      mcap: 1067837.06,
      priceChangePcs: [Object],
      transactions: [Object],
      audit: [Object],
      security: [Object],
      tokenCreatedTimestamp: 2025-09-26T16:45:30.000Z,
      liquidity: [Object],
      history: [Object],
      scannerAt: 1758994653559
    },
    '6aCxf9vimJNQ8aC2W69f79AHrZhq5mcYq9ciCL6fn7KM': {
      id: '6aCxf9vimJNQ8aC2W69f79AHrZhq5mcYq9ciCL6fn7KM',
      tokenName: 'Falcon Finance',
      tokenSymbol: 'FF',
      tokenAddress: 'DqjhEgkNQM49r17PMJCkaQXDF4CVezo3VbGvQrGGL83N',
      pairAddress: '6aCxf9vimJNQ8aC2W69f79AHrZhq5mcYq9ciCL6fn7KM',
      chain: 'SOL',
      exchange: 'pAMMBay6oceH9fJKBRHGP5D4bD4sWpmSwMn52FMfXEA',
      priceUsd: 0,
      volumeUsd: 194493582.85,
      mcap: 1430328.15,
      priceChangePcs: [Object],
      transactions: [Object],
      audit: [Object],
      security: [Object],
      tokenCreatedTimestamp: 2025-09-27T03:22:30.000Z,
      liquidity: [Object],
      history: [Object],
      scannerAt: 1758994653559
    },
    '6acxf9vimjnq8ac2w69f79ahrzhq5mcyq9cicl6fn7km': {
      id: '6aCxf9vimJNQ8aC2W69f79AHrZhq5mcYq9ciCL6fn7KM',
      tokenName: 'Falcon Finance',
      tokenSymbol: 'FF',
      tokenAddress: 'DqjhEgkNQM49r17PMJCkaQXDF4CVezo3VbGvQrGGL83N',
      pairAddress: '6aCxf9vimJNQ8aC2W69f79AHrZhq5mcYq9ciCL6fn7KM',
      chain: 'SOL',
      exchange: 'pAMMBay6oceH9fJKBRHGP5D4bD4sWpmSwMn52FMfXEA',
      priceUsd: 0,
      volumeUsd: 194493582.85,
      mcap: 1430328.15,
      priceChangePcs: [Object],
      transactions: [Object],
      audit: [Object],
      security: [Object],
      tokenCreatedTimestamp: 2025-09-27T03:22:30.000Z,
      liquidity: [Object],
      history: [Object],
      scannerAt: 1758994653559
    },
    '0xCF39e58ed4deCc9ef7Bdb2F9335602DC22BE99b4': {
      id: '0xCF39e58ed4deCc9ef7Bdb2F9335602DC22BE99b4',
      tokenName: 'World of Dypians',
      tokenSymbol: 'WoD',
      tokenAddress: '0xb994882a1b9bd98A71Dd6ea5F61577c42848B0E8',
      pairAddress: '0xCF39e58ed4deCc9ef7Bdb2F9335602DC22BE99b4',
      chain: 'BSC',
      exchange: '0x1b81D678ffb9C0263b24A97847620C99d213eB14',
      priceUsd: 0.10575612367189116,
      volumeUsd: 175890037.99,
      mcap: 105189484.58,
      priceChangePcs: [Object],
      transactions: [Object],
      audit: [Object],
      security: [Object],
      tokenCreatedTimestamp: 2025-01-02T11:55:56.000Z,
      liquidity: [Object],
      history: [Object],
      scannerAt: 1758994653559
    },
    '0xcf39e58ed4decc9ef7bdb2f9335602dc22be99b4': {
      id: '0xCF39e58ed4deCc9ef7Bdb2F9335602DC22BE99b4',
      tokenName: 'World of Dypians',
      tokenSymbol: 'WoD',
      tokenAddress: '0xb994882a1b9bd98A71Dd6ea5F61577c42848B0E8',
      pairAddress: '0xCF39e58ed4deCc9ef7Bdb2F9335602DC22BE99b4',
      chain: 'BSC',
      exchange: '0x1b81D678ffb9C0263b24A97847620C99d213eB14',
      priceUsd: 0.10575612367189116,
      volumeUsd: 175890037.99,
      mcap: 105189484.58,
      priceChangePcs: [Object],
      transactions: [Object],
      audit: [Object],
      security: [Object],
      tokenCreatedTimestamp: 2025-01-02T11:55:56.000Z,
      liquidity: [Object],
      history: [Object],
      scannerAt: 1758994653559
    },
    '4fDu1gxCJtqYdrovT7Hba67NzuaHsd8Kg9PXnBZNDdcq': {
      id: '4fDu1gxCJtqYdrovT7Hba67NzuaHsd8Kg9PXnBZNDdcq',
      tokenName: 'Mask Coin',
      tokenSymbol: 'MetaMask',
      tokenAddress: 'DBqwHc6iufkUPAQ9Yp5wcR9ovwowVksbmDF2eqJndUdN',
      pairAddress: '4fDu1gxCJtqYdrovT7Hba67NzuaHsd8Kg9PXnBZNDdcq',
      chain: 'SOL',
      exchange: 'pAMMBay6oceH9fJKBRHGP5D4bD4sWpmSwMn52FMfXEA',
      priceUsd: 0,
      volumeUsd: 161793080.1,
      mcap: 690792.94,
      priceChangePcs: [Object],
      transactions: [Object],
      audit: [Object],
      security: [Object],
      tokenCreatedTimestamp: 2025-09-27T00:38:56.000Z,
      liquidity: [Object],
      history: [Object],
      scannerAt: 1758994653559
    },
    '4fdu1gxcjtqydrovt7hba67nzuahsd8kg9pxnbznddcq': {
      id: '4fDu1gxCJtqYdrovT7Hba67NzuaHsd8Kg9PXnBZNDdcq',
      tokenName: 'Mask Coin',
      tokenSymbol: 'MetaMask',
      tokenAddress: 'DBqwHc6iufkUPAQ9Yp5wcR9ovwowVksbmDF2eqJndUdN',
      pairAddress: '4fDu1gxCJtqYdrovT7Hba67NzuaHsd8Kg9PXnBZNDdcq',
      chain: 'SOL',
      exchange: 'pAMMBay6oceH9fJKBRHGP5D4bD4sWpmSwMn52FMfXEA',
      priceUsd: 0,
      volumeUsd: 161793080.1,
      mcap: 690792.94,
      priceChangePcs: [Object],
      transactions: [Object],
      audit: [Object],
      security: [Object],
      tokenCreatedTimestamp: 2025-09-27T00:38:56.000Z,
      liquidity: [Object],
      history: [Object],
      scannerAt: 1758994653559
    },
    '2quQL4PdFzQnhs3b3F645hfteDUBcR9KppLUFshZ6YQG': {
      id: '2quQL4PdFzQnhs3b3F645hfteDUBcR9KppLUFshZ6YQG',
      tokenName: 'MetaMask Coin',
      tokenSymbol: 'MetaMask',
      tokenAddress: 'AMzzkoZKaBxim2Mqzu8zQyj23mHq2B38oaN2XSHuDoTF',
      pairAddress: '2quQL4PdFzQnhs3b3F645hfteDUBcR9KppLUFshZ6YQG',
      chain: 'SOL',
      exchange: 'pAMMBay6oceH9fJKBRHGP5D4bD4sWpmSwMn52FMfXEA',
      priceUsd: 0.001040519101,
      volumeUsd: 148976188.42,
      mcap: 1040518.12,
      priceChangePcs: [Object],
      transactions: [Object],
      audit: [Object],
      security: [Object],
      tokenCreatedTimestamp: 2025-09-27T08:44:36.000Z,
      liquidity: [Object],
      history: [Object],
      scannerAt: 1758994653559
    },
    '2quql4pdfzqnhs3b3f645hftedubcr9kpplufshz6yqg': {
      id: '2quQL4PdFzQnhs3b3F645hfteDUBcR9KppLUFshZ6YQG',
      tokenName: 'MetaMask Coin',
      tokenSymbol: 'MetaMask',
      tokenAddress: 'AMzzkoZKaBxim2Mqzu8zQyj23mHq2B38oaN2XSHuDoTF',
      pairAddress: '2quQL4PdFzQnhs3b3F645hfteDUBcR9KppLUFshZ6YQG',
      chain: 'SOL',
      exchange: 'pAMMBay6oceH9fJKBRHGP5D4bD4sWpmSwMn52FMfXEA',
      priceUsd: 0.001040519101,
      volumeUsd: 148976188.42,
      mcap: 1040518.12,
      priceChangePcs: [Object],
      transactions: [Object],
      audit: [Object],
      security: [Object],
      tokenCreatedTimestamp: 2025-09-27T08:44:36.000Z,
      liquidity: [Object],
      history: [Object],
      scannerAt: 1758994653559
    },
    '0x47a90A2d92A8367A91EfA1906bFc8c1E05bf10c4': {
      id: '0x47a90A2d92A8367A91EfA1906bFc8c1E05bf10c4',
      tokenName: 'Tether USD',
      tokenSymbol: 'USDT',
      tokenAddress: '0x55d398326f99059fF775485246999027B3197955',
      pairAddress: '0x47a90A2d92A8367A91EfA1906bFc8c1E05bf10c4',
      chain: 'BSC',
      exchange: '0xB971eF87ede563556b2ED4b1C0b0019111Dd85d2',
      priceUsd: 1.0001008289018865,
      volumeUsd: 143073377.16,
      mcap: 7482293722,
      priceChangePcs: [Object],
      transactions: [Object],
      audit: [Object],
      security: [Object],
      tokenCreatedTimestamp: 2022-05-14T21:49:54.000Z,
      liquidity: [Object],
      history: [Object],
      scannerAt: 1758994653559
    },
    '0x47a90a2d92a8367a91efa1906bfc8c1e05bf10c4': {
      id: '0x47a90A2d92A8367A91EfA1906bFc8c1E05bf10c4',
      tokenName: 'Tether USD',
      tokenSymbol: 'USDT',
      tokenAddress: '0x55d398326f99059fF775485246999027B3197955',
      pairAddress: '0x47a90A2d92A8367A91EfA1906bFc8c1E05bf10c4',
      chain: 'BSC',
      exchange: '0xB971eF87ede563556b2ED4b1C0b0019111Dd85d2',
      priceUsd: 1.0001008289018865,
      volumeUsd: 143073377.16,
      mcap: 7482293722,
      priceChangePcs: [Object],
      transactions: [Object],
      audit: [Object],
      security: [Object],
      tokenCreatedTimestamp: 2022-05-14T21:49:54.000Z,
      liquidity: [Object],
      history: [Object],
      scannerAt: 1758994653559
    },
    '0xf2F84C274F715ba1fE7D1D28a4E377Fb59A33386': {
      id: '0xf2F84C274F715ba1fE7D1D28a4E377Fb59A33386',
      tokenName: 'Tsunami',
      tokenSymbol: 'NAMI',
      tokenAddress: '0x7EB4DB4dDDB16A329c5aDE17a8a0178331267E28',
      pairAddress: '0xf2F84C274F715ba1fE7D1D28a4E377Fb59A33386',
      chain: 'ETH',
      exchange: '0x7a250d5630B4cF539739dF2C5dAcb4c659F2488D',
      priceUsd: 0.0012804149790016214,
      volumeUsd: 134794349.18,
      mcap: 935.51,
      priceChangePcs: [Object],
      transactions: [Object],
      audit: [Object],
      security: [Object],
      tokenCreatedTimestamp: 2020-10-23T09:47:51.000Z,
      liquidity: [Object],
      history: [Object],
      scannerAt: 1758994653559
    },
    '0xf2f84c274f715ba1fe7d1d28a4e377fb59a33386': {
      id: '0xf2F84C274F715ba1fE7D1D28a4E377Fb59A33386',
      tokenName: 'Tsunami',
      tokenSymbol: 'NAMI',
      tokenAddress: '0x7EB4DB4dDDB16A329c5aDE17a8a0178331267E28',
      pairAddress: '0xf2F84C274F715ba1fE7D1D28a4E377Fb59A33386',
      chain: 'ETH',
      exchange: '0x7a250d5630B4cF539739dF2C5dAcb4c659F2488D',
      priceUsd: 0.0012804149790016214,
      volumeUsd: 134794349.18,
      mcap: 935.51,
      priceChangePcs: [Object],
      transactions: [Object],
      audit: [Object],
      security: [Object],
      tokenCreatedTimestamp: 2020-10-23T09:47:51.000Z,
      liquidity: [Object],
      history: [Object],
      scannerAt: 1758994653559
    },
    HzSxT5dW8GGiTaZnsdeUJur2ZregN8zR85rdYiw2udTK: {
      id: 'HzSxT5dW8GGiTaZnsdeUJur2ZregN8zR85rdYiw2udTK',
      tokenName: 'Bitlight Labs',
      tokenSymbol: 'LIGHT',
      tokenAddress: 'HhL7vXsUVFjk37fJfmHqsvcv1k9sJJKR2pan4BQJs8Ex',
      pairAddress: 'HzSxT5dW8GGiTaZnsdeUJur2ZregN8zR85rdYiw2udTK',
      chain: 'SOL',
      exchange: 'pAMMBay6oceH9fJKBRHGP5D4bD4sWpmSwMn52FMfXEA',
      priceUsd: 0,
      volumeUsd: 112231946.63,
      mcap: 1649821.99,
      priceChangePcs: [Object],
      transactions: [Object],
      audit: [Object],
      security: [Object],
      tokenCreatedTimestamp: 2025-09-26T15:08:02.000Z,
      liquidity: [Object],
      history: [Object],
      scannerAt: 1758994653559
    },
    hzsxt5dw8ggitaznsdeujur2zregn8zr85rdyiw2udtk: {
      id: 'HzSxT5dW8GGiTaZnsdeUJur2ZregN8zR85rdYiw2udTK',
      tokenName: 'Bitlight Labs',
      tokenSymbol: 'LIGHT',
      tokenAddress: 'HhL7vXsUVFjk37fJfmHqsvcv1k9sJJKR2pan4BQJs8Ex',
      pairAddress: 'HzSxT5dW8GGiTaZnsdeUJur2ZregN8zR85rdYiw2udTK',
      chain: 'SOL',
      exchange: 'pAMMBay6oceH9fJKBRHGP5D4bD4sWpmSwMn52FMfXEA',
      priceUsd: 0,
      volumeUsd: 112231946.63,
      mcap: 1649821.99,
      priceChangePcs: [Object],
      transactions: [Object],
      audit: [Object],
      security: [Object],
      tokenCreatedTimestamp: 2025-09-26T15:08:02.000Z,
      liquidity: [Object],
      history: [Object],
      scannerAt: 1758994653559
    },
    '0xcf8d62960Fb7Ce5F1359E5D9267e32B9522d5d7C': {
      id: '0xcf8d62960Fb7Ce5F1359E5D9267e32B9522d5d7C',
      tokenName: 'BURNETH',
      tokenSymbol: 'BURNETH',
      tokenAddress: '0x2EdC30CF3BB7c840c41C1BC3485Aa3619C46465a',
      pairAddress: '0xcf8d62960Fb7Ce5F1359E5D9267e32B9522d5d7C',
      chain: 'ETH',
      exchange: '0x7a250d5630B4cF539739dF2C5dAcb4c659F2488D',
      priceUsd: 1.0982931113209496e-8,
      volumeUsd: 104703000.84,
      mcap: 1079.05,
      priceChangePcs: [Object],
      transactions: [Object],
      audit: [Object],
      security: [Object],
      tokenCreatedTimestamp: 2024-10-30T08:58:59.000Z,
      liquidity: [Object],
      history: [Object],
      scannerAt: 1758994653559
    },
    '0xcf8d62960fb7ce5f1359e5d9267e32b9522d5d7c': {
      id: '0xcf8d62960Fb7Ce5F1359E5D9267e32B9522d5d7C',
      tokenName: 'BURNETH',
      tokenSymbol: 'BURNETH',
      tokenAddress: '0x2EdC30CF3BB7c840c41C1BC3485Aa3619C46465a',
      pairAddress: '0xcf8d62960Fb7Ce5F1359E5D9267e32B9522d5d7C',
      chain: 'ETH',
      exchange: '0x7a250d5630B4cF539739dF2C5dAcb4c659F2488D',
      priceUsd: 1.0982931113209496e-8,
      volumeUsd: 104703000.84,
      mcap: 1079.05,
      priceChangePcs: [Object],
      transactions: [Object],
      audit: [Object],
      security: [Object],
      tokenCreatedTimestamp: 2024-10-30T08:58:59.000Z,
      liquidity: [Object],
      history: [Object],
      scannerAt: 1758994653559
    },
    '3FMq5HUcKreBGB83pTZ5o9tEKfViofL4WqoSNJJxzCAY': {
      id: '3FMq5HUcKreBGB83pTZ5o9tEKfViofL4WqoSNJJxzCAY',
      tokenName: 'GOAT Network',
      tokenSymbol: 'GOATED',
      tokenAddress: 'C8V18XHwwP3ynMHfxVzuzoM3LANwojBaQAs6DuKtZnVm',
      pairAddress: '3FMq5HUcKreBGB83pTZ5o9tEKfViofL4WqoSNJJxzCAY',
      chain: 'SOL',
      exchange: 'pAMMBay6oceH9fJKBRHGP5D4bD4sWpmSwMn52FMfXEA',
      priceUsd: 0.0015332800169086502,
      volumeUsd: 100990280.53,
      mcap: 1533278,
      priceChangePcs: [Object],
      transactions: [Object],
      audit: [Object],
      security: [Object],
      tokenCreatedTimestamp: 2025-09-26T15:00:39.000Z,
      liquidity: [Object],
      history: [Object],
      scannerAt: 1758994653559
    },
    '3fmq5huckrebgb83ptz5o9tekfviofl4wqosnjjxzcay': {
      id: '3FMq5HUcKreBGB83pTZ5o9tEKfViofL4WqoSNJJxzCAY',
      tokenName: 'GOAT Network',
      tokenSymbol: 'GOATED',
      tokenAddress: 'C8V18XHwwP3ynMHfxVzuzoM3LANwojBaQAs6DuKtZnVm',
      pairAddress: '3FMq5HUcKreBGB83pTZ5o9tEKfViofL4WqoSNJJxzCAY',
      chain: 'SOL',
      exchange: 'pAMMBay6oceH9fJKBRHGP5D4bD4sWpmSwMn52FMfXEA',
      priceUsd: 0.0015332800169086502,
      volumeUsd: 100990280.53,
      mcap: 1533278,
      priceChangePcs: [Object],
      transactions: [Object],
      audit: [Object],
      security: [Object],
      tokenCreatedTimestamp: 2025-09-26T15:00:39.000Z,
      liquidity: [Object],
      history: [Object],
      scannerAt: 1758994653559
    },
    pWGMSzVa3bxktGVcDy8JASvM2ixeifNKFJiCK9Y4NUE: {
      id: 'pWGMSzVa3bxktGVcDy8JASvM2ixeifNKFJiCK9Y4NUE',
      tokenName: 'Official Ronaldo',
      tokenSymbol: 'CR7',
      tokenAddress: 'FdpvkaYHkUD5vYHxAmS4foJrer1eoL9YwUFyVSdF6KFC',
      pairAddress: 'pWGMSzVa3bxktGVcDy8JASvM2ixeifNKFJiCK9Y4NUE',
      chain: 'SOL',
      exchange: 'pAMMBay6oceH9fJKBRHGP5D4bD4sWpmSwMn52FMfXEA',
      priceUsd: 0.00005194339731605096,
      volumeUsd: 99544504.23,
      mcap: 51943.38,
      priceChangePcs: [Object],
      transactions: [Object],
      audit: [Object],
      security: [Object],
      tokenCreatedTimestamp: 2025-09-26T16:12:55.000Z,
      liquidity: [Object],
      history: [Object],
      scannerAt: 1758994653559
    },
    pwgmszva3bxktgvcdy8jasvm2ixeifnkfjick9y4nue: {
      id: 'pWGMSzVa3bxktGVcDy8JASvM2ixeifNKFJiCK9Y4NUE',
      tokenName: 'Official Ronaldo',
      tokenSymbol: 'CR7',
      tokenAddress: 'FdpvkaYHkUD5vYHxAmS4foJrer1eoL9YwUFyVSdF6KFC',
      pairAddress: 'pWGMSzVa3bxktGVcDy8JASvM2ixeifNKFJiCK9Y4NUE',
      chain: 'SOL',
      exchange: 'pAMMBay6oceH9fJKBRHGP5D4bD4sWpmSwMn52FMfXEA',
      priceUsd: 0.00005194339731605096,
      volumeUsd: 99544504.23,
      mcap: 51943.38,
      priceChangePcs: [Object],
      transactions: [Object],
      audit: [Object],
      security: [Object],
      tokenCreatedTimestamp: 2025-09-26T16:12:55.000Z,
      liquidity: [Object],
      history: [Object],
      scannerAt: 1758994653559
    },
    GTc2CX4pBzZEtN6PtLmnhZpFMkTXVnxnoJJhaKsaUgCe: {
      id: 'GTc2CX4pBzZEtN6PtLmnhZpFMkTXVnxnoJJhaKsaUgCe',
      tokenName: 'MetaMask Coin',
      tokenSymbol: 'MetaMask',
      tokenAddress: '91dpHfnGBkkrgQfjyTEVKuVxUdkMnCBHVV2DCdfMsBAU',
      pairAddress: 'GTc2CX4pBzZEtN6PtLmnhZpFMkTXVnxnoJJhaKsaUgCe',
      chain: 'SOL',
      exchange: 'pAMMBay6oceH9fJKBRHGP5D4bD4sWpmSwMn52FMfXEA',
      priceUsd: 0.0007352460896898907,
      volumeUsd: 96743573.35,
      mcap: 735245.53,
      priceChangePcs: [Object],
      transactions: [Object],
      audit: [Object],
      security: [Object],
      tokenCreatedTimestamp: 2025-09-26T11:52:59.000Z,
      liquidity: [Object],
      history: [Object],
      scannerAt: 1758994653559
    },
    gtc2cx4pbzzetn6ptlmnhzpfmktxvnxnojjhaksaugce: {
      id: 'GTc2CX4pBzZEtN6PtLmnhZpFMkTXVnxnoJJhaKsaUgCe',
      tokenName: 'MetaMask Coin',
      tokenSymbol: 'MetaMask',
      tokenAddress: '91dpHfnGBkkrgQfjyTEVKuVxUdkMnCBHVV2DCdfMsBAU',
      pairAddress: 'GTc2CX4pBzZEtN6PtLmnhZpFMkTXVnxnoJJhaKsaUgCe',
      chain: 'SOL',
      exchange: 'pAMMBay6oceH9fJKBRHGP5D4bD4sWpmSwMn52FMfXEA',
      priceUsd: 0.0007352460896898907,
      volumeUsd: 96743573.35,
      mcap: 735245.53,
      priceChangePcs: [Object],
      transactions: [Object],
      audit: [Object],
      security: [Object],
      tokenCreatedTimestamp: 2025-09-26T11:52:59.000Z,
      liquidity: [Object],
      history: [Object],
      scannerAt: 1758994653559
    },
    p3sLcnFeCcFtfMhUVR9b4x6mCcFymhnKmineJAA6Jp5: {
      id: 'p3sLcnFeCcFtfMhUVR9b4x6mCcFymhnKmineJAA6Jp5',
      tokenName: 'GOAT Network',
      tokenSymbol: 'GOATED',
      tokenAddress: 'FmmLMdrGAXEpJLNTFsqL6g5ubF2DA6Tkf8fGhTeijKYe',
      pairAddress: 'p3sLcnFeCcFtfMhUVR9b4x6mCcFymhnKmineJAA6Jp5',
      chain: 'SOL',
      exchange: 'pAMMBay6oceH9fJKBRHGP5D4bD4sWpmSwMn52FMfXEA',
      priceUsd: 0,
      volumeUsd: 95610153.76,
      mcap: 1394820.34,
      priceChangePcs: [Object],
      transactions: [Object],
      audit: [Object],
      security: [Object],
      tokenCreatedTimestamp: 2025-09-27T04:34:56.000Z,
      liquidity: [Object],
      history: [Object],
      scannerAt: 1758994653560
    },
    p3slcnfeccftfmhuvr9b4x6mccfymhnkminejaa6jp5: {
      id: 'p3sLcnFeCcFtfMhUVR9b4x6mCcFymhnKmineJAA6Jp5',
      tokenName: 'GOAT Network',
      tokenSymbol: 'GOATED',
      tokenAddress: 'FmmLMdrGAXEpJLNTFsqL6g5ubF2DA6Tkf8fGhTeijKYe',
      pairAddress: 'p3sLcnFeCcFtfMhUVR9b4x6mCcFymhnKmineJAA6Jp5',
      chain: 'SOL',
      exchange: 'pAMMBay6oceH9fJKBRHGP5D4bD4sWpmSwMn52FMfXEA',
      priceUsd: 0,
      volumeUsd: 95610153.76,
      mcap: 1394820.34,
      priceChangePcs: [Object],
      transactions: [Object],
      audit: [Object],
      security: [Object],
      tokenCreatedTimestamp: 2025-09-27T04:34:56.000Z,
      liquidity: [Object],
      history: [Object],
      scannerAt: 1758994653560
    },
    AxSMLfSdNs1ooivbvKCdVQ15kzc2snscZJAsYZPjfBaZ: {
      id: 'AxSMLfSdNs1ooivbvKCdVQ15kzc2snscZJAsYZPjfBaZ',
      tokenName: 'Mira Network',
      tokenSymbol: 'MIRA',
      tokenAddress: 'AqYqbCzwWyziiM8z6AjW5adNbKfhtmeX7ojik5ULCA47',
      pairAddress: 'AxSMLfSdNs1ooivbvKCdVQ15kzc2snscZJAsYZPjfBaZ',
      chain: 'SOL',
      exchange: 'pAMMBay6oceH9fJKBRHGP5D4bD4sWpmSwMn52FMfXEA',
      priceUsd: 0.0007375740089581808,
      volumeUsd: 92204527.48,
      mcap: 737573,
      priceChangePcs: [Object],
      transactions: [Object],
      audit: [Object],
      security: [Object],
      tokenCreatedTimestamp: 2025-09-26T17:58:18.000Z,
      liquidity: [Object],
      history: [Object],
      scannerAt: 1758994653560
    },
    axsmlfsdns1ooivbvkcdvq15kzc2snsczjasyzpjfbaz: {
      id: 'AxSMLfSdNs1ooivbvKCdVQ15kzc2snscZJAsYZPjfBaZ',
      tokenName: 'Mira Network',
      tokenSymbol: 'MIRA',
      tokenAddress: 'AqYqbCzwWyziiM8z6AjW5adNbKfhtmeX7ojik5ULCA47',
      pairAddress: 'AxSMLfSdNs1ooivbvKCdVQ15kzc2snscZJAsYZPjfBaZ',
      chain: 'SOL',
      exchange: 'pAMMBay6oceH9fJKBRHGP5D4bD4sWpmSwMn52FMfXEA',
      priceUsd: 0.0007375740089581808,
      volumeUsd: 92204527.48,
      mcap: 737573,
      priceChangePcs: [Object],
      transactions: [Object],
      audit: [Object],
      security: [Object],
      tokenCreatedTimestamp: 2025-09-26T17:58:18.000Z,
      liquidity: [Object],
      history: [Object],
      scannerAt: 1758994653560
    },
    '7eRYcKmvtFBot3dDGTeiQjxt65FdHRJTDhmnDTt24MK1': {
      id: '7eRYcKmvtFBot3dDGTeiQjxt65FdHRJTDhmnDTt24MK1',
      tokenName: 'GOAT Network',
      tokenSymbol: 'GOATED',
      tokenAddress: 'DsACiNAtf8TXj1kARsnb2Fa3JhKfxBz9VpQ2fnwJnjXK',
      pairAddress: '7eRYcKmvtFBot3dDGTeiQjxt65FdHRJTDhmnDTt24MK1',
      chain: 'SOL',
      exchange: 'pAMMBay6oceH9fJKBRHGP5D4bD4sWpmSwMn52FMfXEA',
      priceUsd: 0.001359642161847149,
      volumeUsd: 89783004.71,
      mcap: 1359642.08,
      priceChangePcs: [Object],
      transactions: [Object],
      audit: [Object],
      security: [Object],
      tokenCreatedTimestamp: 2025-09-26T19:14:27.000Z,
      liquidity: [Object],
      history: [Object],
      scannerAt: 1758994653560
    },
    '7eryckmvtfbot3ddgteiqjxt65fdhrjtdhmndtt24mk1': {
      id: '7eRYcKmvtFBot3dDGTeiQjxt65FdHRJTDhmnDTt24MK1',
      tokenName: 'GOAT Network',
      tokenSymbol: 'GOATED',
      tokenAddress: 'DsACiNAtf8TXj1kARsnb2Fa3JhKfxBz9VpQ2fnwJnjXK',
      pairAddress: '7eRYcKmvtFBot3dDGTeiQjxt65FdHRJTDhmnDTt24MK1',
      chain: 'SOL',
      exchange: 'pAMMBay6oceH9fJKBRHGP5D4bD4sWpmSwMn52FMfXEA',
      priceUsd: 0.001359642161847149,
      volumeUsd: 89783004.71,
      mcap: 1359642.08,
      priceChangePcs: [Object],
      transactions: [Object],
      audit: [Object],
      security: [Object],
      tokenCreatedTimestamp: 2025-09-26T19:14:27.000Z,
      liquidity: [Object],
      history: [Object],
      scannerAt: 1758994653560
    },
    '2xjWY4bXE7gH2YkoxuEN4DuC8SLi97gboEgVGE8ZSrWS': {
      id: '2xjWY4bXE7gH2YkoxuEN4DuC8SLi97gboEgVGE8ZSrWS',
      tokenName: 'Falcon Finance',
      tokenSymbol: 'FF',
      tokenAddress: 'Fibx6SzLVcqxicX3uDTqKZ8kZGJkFxXMcKmPLM7BsyNC',
      pairAddress: '2xjWY4bXE7gH2YkoxuEN4DuC8SLi97gboEgVGE8ZSrWS',
      chain: 'SOL',
      exchange: 'pAMMBay6oceH9fJKBRHGP5D4bD4sWpmSwMn52FMfXEA',
      priceUsd: 0,
      volumeUsd: 89155145.5,
      mcap: 1141097.07,
      priceChangePcs: [Object],
      transactions: [Object],
      audit: [Object],
      security: [Object],
      tokenCreatedTimestamp: 2025-09-26T22:00:52.000Z,
      liquidity: [Object],
      history: [Object],
      scannerAt: 1758994653560
    },
    '2xjwy4bxe7gh2ykoxuen4duc8sli97gboegvge8zsrws': {
      id: '2xjWY4bXE7gH2YkoxuEN4DuC8SLi97gboEgVGE8ZSrWS',
      tokenName: 'Falcon Finance',
      tokenSymbol: 'FF',
      tokenAddress: 'Fibx6SzLVcqxicX3uDTqKZ8kZGJkFxXMcKmPLM7BsyNC',
      pairAddress: '2xjWY4bXE7gH2YkoxuEN4DuC8SLi97gboEgVGE8ZSrWS',
      chain: 'SOL',
      exchange: 'pAMMBay6oceH9fJKBRHGP5D4bD4sWpmSwMn52FMfXEA',
      priceUsd: 0,
      volumeUsd: 89155145.5,
      mcap: 1141097.07,
      priceChangePcs: [Object],
      transactions: [Object],
      audit: [Object],
      security: [Object],
      tokenCreatedTimestamp: 2025-09-26T22:00:52.000Z,
      liquidity: [Object],
      history: [Object],
      scannerAt: 1758994653560
    },
    ExT1saY11BgVtKwDE8d9vm1Yh9bQ5Gh8r4UNVY1b1Tts: {
      id: 'ExT1saY11BgVtKwDE8d9vm1Yh9bQ5Gh8r4UNVY1b1Tts',
      tokenName: 'OpenEden_X',
      tokenSymbol: 'EDEN',
      tokenAddress: 'A1uqzuceHaMXXNNt9YMtr99KvNh9eJFhnw9BhdX4gHZy',
      pairAddress: 'ExT1saY11BgVtKwDE8d9vm1Yh9bQ5Gh8r4UNVY1b1Tts',
      chain: 'SOL',
      exchange: 'pAMMBay6oceH9fJKBRHGP5D4bD4sWpmSwMn52FMfXEA',
      priceUsd: 0.0009380118928188284,
      volumeUsd: 82808629.07,
      mcap: 937970.12,
      priceChangePcs: [Object],
      transactions: [Object],
      audit: [Object],
      security: [Object],
      tokenCreatedTimestamp: 2025-09-26T21:21:51.000Z,
      liquidity: [Object],
      history: [Object],
      scannerAt: 1758994653560
    },
    ext1say11bgvtkwde8d9vm1yh9bq5gh8r4unvy1b1tts: {
      id: 'ExT1saY11BgVtKwDE8d9vm1Yh9bQ5Gh8r4UNVY1b1Tts',
      tokenName: 'OpenEden_X',
      tokenSymbol: 'EDEN',
      tokenAddress: 'A1uqzuceHaMXXNNt9YMtr99KvNh9eJFhnw9BhdX4gHZy',
      pairAddress: 'ExT1saY11BgVtKwDE8d9vm1Yh9bQ5Gh8r4UNVY1b1Tts',
      chain: 'SOL',
      exchange: 'pAMMBay6oceH9fJKBRHGP5D4bD4sWpmSwMn52FMfXEA',
      priceUsd: 0.0009380118928188284,
      volumeUsd: 82808629.07,
      mcap: 937970.12,
      priceChangePcs: [Object],
      transactions: [Object],
      audit: [Object],
      security: [Object],
      tokenCreatedTimestamp: 2025-09-26T21:21:51.000Z,
      liquidity: [Object],
      history: [Object],
      scannerAt: 1758994653560
    },
    '82ZgX2tHeVTmTt5z2Eqo7cZe99bK22PwyVRNVJF9aMaV': {
      id: '82ZgX2tHeVTmTt5z2Eqo7cZe99bK22PwyVRNVJF9aMaV',
      tokenName: 'GOAT Network',
      tokenSymbol: 'GOATED',
      tokenAddress: '71rYYNZ1bybEPh4vBBAyWg1wgm2n66pcwFbRv5uorWPS',
      pairAddress: '82ZgX2tHeVTmTt5z2Eqo7cZe99bK22PwyVRNVJF9aMaV',
      chain: 'SOL',
      exchange: 'pAMMBay6oceH9fJKBRHGP5D4bD4sWpmSwMn52FMfXEA',
      priceUsd: 0,
      volumeUsd: 81790606.33,
      mcap: 1228310.56,
      priceChangePcs: [Object],
      transactions: [Object],
      audit: [Object],
      security: [Object],
      tokenCreatedTimestamp: 2025-09-27T09:20:38.000Z,
      liquidity: [Object],
      history: [Object],
      scannerAt: 1758994653560
    },
    '82zgx2thevtmtt5z2eqo7cze99bk22pwyvrnvjf9amav': {
      id: '82ZgX2tHeVTmTt5z2Eqo7cZe99bK22PwyVRNVJF9aMaV',
      tokenName: 'GOAT Network',
      tokenSymbol: 'GOATED',
      tokenAddress: '71rYYNZ1bybEPh4vBBAyWg1wgm2n66pcwFbRv5uorWPS',
      pairAddress: '82ZgX2tHeVTmTt5z2Eqo7cZe99bK22PwyVRNVJF9aMaV',
      chain: 'SOL',
      exchange: 'pAMMBay6oceH9fJKBRHGP5D4bD4sWpmSwMn52FMfXEA',
      priceUsd: 0,
      volumeUsd: 81790606.33,
      mcap: 1228310.56,
      priceChangePcs: [Object],
      transactions: [Object],
      audit: [Object],
      security: [Object],
      tokenCreatedTimestamp: 2025-09-27T09:20:38.000Z,
      liquidity: [Object],
      history: [Object],
      scannerAt: 1758994653560
    },
    G75wBqjLJbZSn5p1GNwnmBgkKVwRcXKP3FaSiYgpmcRw: {
      id: 'G75wBqjLJbZSn5p1GNwnmBgkKVwRcXKP3FaSiYgpmcRw',
      tokenName: 'GOAT Network',
      tokenSymbol: 'GOATED🟡',
      tokenAddress: 'CX1shFVzc3G8VpmDg73TMYHNrTeZFT4Yz5JWUBy2sDZv',
      pairAddress: 'G75wBqjLJbZSn5p1GNwnmBgkKVwRcXKP3FaSiYgpmcRw',
      chain: 'SOL',
      exchange: 'pAMMBay6oceH9fJKBRHGP5D4bD4sWpmSwMn52FMfXEA',
      priceUsd: 0,
      volumeUsd: 81632799.06,
      mcap: 31971.95,
      priceChangePcs: [Object],
      transactions: [Object],
      audit: [Object],
      security: [Object],
      tokenCreatedTimestamp: 2025-09-27T05:59:35.000Z,
      liquidity: [Object],
      history: [Object],
      scannerAt: 1758994653560
    },
    g75wbqjljbzsn5p1gnwnmbgkkvwrcxkp3fasiygpmcrw: {
      id: 'G75wBqjLJbZSn5p1GNwnmBgkKVwRcXKP3FaSiYgpmcRw',
      tokenName: 'GOAT Network',
      tokenSymbol: 'GOATED🟡',
      tokenAddress: 'CX1shFVzc3G8VpmDg73TMYHNrTeZFT4Yz5JWUBy2sDZv',
      pairAddress: 'G75wBqjLJbZSn5p1GNwnmBgkKVwRcXKP3FaSiYgpmcRw',
      chain: 'SOL',
      exchange: 'pAMMBay6oceH9fJKBRHGP5D4bD4sWpmSwMn52FMfXEA',
      priceUsd: 0,
      volumeUsd: 81632799.06,
      mcap: 31971.95,
      priceChangePcs: [Object],
      transactions: [Object],
      audit: [Object],
      security: [Object],
      tokenCreatedTimestamp: 2025-09-27T05:59:35.000Z,
      liquidity: [Object],
      history: [Object],
      scannerAt: 1758994653560
    },
    EiuKuPvi9Cv2eQdSTcBHTkD4KcnM76XzoaCmjwnW6aw3: {
      id: 'EiuKuPvi9Cv2eQdSTcBHTkD4KcnM76XzoaCmjwnW6aw3',
      tokenName: 'Falcon Finance',
      tokenSymbol: 'FF',
      tokenAddress: 'bseLibkFaXTrG7RbTVQ2gspPvDuTbXBwxD28VyvEx7s',
      pairAddress: 'EiuKuPvi9Cv2eQdSTcBHTkD4KcnM76XzoaCmjwnW6aw3',
      chain: 'SOL',
      exchange: 'pAMMBay6oceH9fJKBRHGP5D4bD4sWpmSwMn52FMfXEA',
      priceUsd: 0.0009881765395042168,
      volumeUsd: 78735598.86,
      mcap: 988176.3,
      priceChangePcs: [Object],
      transactions: [Object],
      audit: [Object],
      security: [Object],
      tokenCreatedTimestamp: 2025-09-26T15:10:13.000Z,
      liquidity: [Object],
      history: [Object],
      scannerAt: 1758994653560
    },
    eiukupvi9cv2eqdstcbhtkd4kcnm76xzoacmjwnw6aw3: {
      id: 'EiuKuPvi9Cv2eQdSTcBHTkD4KcnM76XzoaCmjwnW6aw3',
      tokenName: 'Falcon Finance',
      tokenSymbol: 'FF',
      tokenAddress: 'bseLibkFaXTrG7RbTVQ2gspPvDuTbXBwxD28VyvEx7s',
      pairAddress: 'EiuKuPvi9Cv2eQdSTcBHTkD4KcnM76XzoaCmjwnW6aw3',
      chain: 'SOL',
      exchange: 'pAMMBay6oceH9fJKBRHGP5D4bD4sWpmSwMn52FMfXEA',
      priceUsd: 0.0009881765395042168,
      volumeUsd: 78735598.86,
      mcap: 988176.3,
      priceChangePcs: [Object],
      transactions: [Object],
      audit: [Object],
      security: [Object],
      tokenCreatedTimestamp: 2025-09-26T15:10:13.000Z,
      liquidity: [Object],
      history: [Object],
      scannerAt: 1758994653560
    },
    Jjy3AkTgDfuQmwcemcA5A7Es5gT2UdiWKuEYEkNXwg7: {
      id: 'Jjy3AkTgDfuQmwcemcA5A7Es5gT2UdiWKuEYEkNXwg7',
      tokenName: 'MetaMask Coin',
      tokenSymbol: 'MetaMask',
      tokenAddress: '3eU4mPJbiGJ7PokKuYZywQrfZZtd4h4BYkmYdbA9CDJo',
      pairAddress: 'Jjy3AkTgDfuQmwcemcA5A7Es5gT2UdiWKuEYEkNXwg7',
      chain: 'SOL',
      exchange: 'pAMMBay6oceH9fJKBRHGP5D4bD4sWpmSwMn52FMfXEA',
      priceUsd: 0,
      volumeUsd: 78546838.49,
      mcap: 554635.8,
      priceChangePcs: [Object],
      transactions: [Object],
      audit: [Object],
      security: [Object],
      tokenCreatedTimestamp: 2025-09-27T06:09:44.000Z,
      liquidity: [Object],
      history: [Object],
      scannerAt: 1758994653560
    },
    jjy3aktgdfuqmwcemca5a7es5gt2udiwkueyeknxwg7: {
      id: 'Jjy3AkTgDfuQmwcemcA5A7Es5gT2UdiWKuEYEkNXwg7',
      tokenName: 'MetaMask Coin',
      tokenSymbol: 'MetaMask',
      tokenAddress: '3eU4mPJbiGJ7PokKuYZywQrfZZtd4h4BYkmYdbA9CDJo',
      pairAddress: 'Jjy3AkTgDfuQmwcemcA5A7Es5gT2UdiWKuEYEkNXwg7',
      chain: 'SOL',
      exchange: 'pAMMBay6oceH9fJKBRHGP5D4bD4sWpmSwMn52FMfXEA',
      priceUsd: 0,
      volumeUsd: 78546838.49,
      mcap: 554635.8,
      priceChangePcs: [Object],
      transactions: [Object],
      audit: [Object],
      security: [Object],
      tokenCreatedTimestamp: 2025-09-27T06:09:44.000Z,
      liquidity: [Object],
      history: [Object],
      scannerAt: 1758994653560
    },
    '3yKsk9wBH5Bqht6Q8BHJdHGEWd91UmFaSGdYPPqMerR4': {
      id: '3yKsk9wBH5Bqht6Q8BHJdHGEWd91UmFaSGdYPPqMerR4',
      tokenName: 'Mira Network',
      tokenSymbol: 'MIRA',
      tokenAddress: '8QEEkEsx8NgruD5RdmEVHcaoJDMPUz5Gq7BdZSyLCP7i',
      pairAddress: '3yKsk9wBH5Bqht6Q8BHJdHGEWd91UmFaSGdYPPqMerR4',
      chain: 'SOL',
      exchange: 'pAMMBay6oceH9fJKBRHGP5D4bD4sWpmSwMn52FMfXEA',
      priceUsd: 0,
      volumeUsd: 71255333.56,
      mcap: 481259.35,
      priceChangePcs: [Object],
      transactions: [Object],
      audit: [Object],
      security: [Object],
      tokenCreatedTimestamp: 2025-09-26T21:13:23.000Z,
      liquidity: [Object],
      history: [Object],
      scannerAt: 1758994653560
    },
    '3yksk9wbh5bqht6q8bhjdhgewd91umfasgdyppqmerr4': {
      id: '3yKsk9wBH5Bqht6Q8BHJdHGEWd91UmFaSGdYPPqMerR4',
      tokenName: 'Mira Network',
      tokenSymbol: 'MIRA',
      tokenAddress: '8QEEkEsx8NgruD5RdmEVHcaoJDMPUz5Gq7BdZSyLCP7i',
      pairAddress: '3yKsk9wBH5Bqht6Q8BHJdHGEWd91UmFaSGdYPPqMerR4',
      chain: 'SOL',
      exchange: 'pAMMBay6oceH9fJKBRHGP5D4bD4sWpmSwMn52FMfXEA',
      priceUsd: 0,
      volumeUsd: 71255333.56,
      mcap: 481259.35,
      priceChangePcs: [Object],
      transactions: [Object],
      audit: [Object],
      security: [Object],
      tokenCreatedTimestamp: 2025-09-26T21:13:23.000Z,
      liquidity: [Object],
      history: [Object],
      scannerAt: 1758994653560
    },
    HRaeeBu2Bhx1KDd25336ak6oeKCo7i6UjEeuxgWjqf82: {
      id: 'HRaeeBu2Bhx1KDd25336ak6oeKCo7i6UjEeuxgWjqf82',
      tokenName: 'OpenEden_X',
      tokenSymbol: 'EDEN',
      tokenAddress: 'AMGYeSWL7RwykkLNTEVMd9pDbSJrEBbypypWv8XxCZfw',
      pairAddress: 'HRaeeBu2Bhx1KDd25336ak6oeKCo7i6UjEeuxgWjqf82',
      chain: 'SOL',
      exchange: 'pAMMBay6oceH9fJKBRHGP5D4bD4sWpmSwMn52FMfXEA',
      priceUsd: 0,
      volumeUsd: 69752805.36,
      mcap: 846088.34,
      priceChangePcs: [Object],
      transactions: [Object],
      audit: [Object],
      security: [Object],
      tokenCreatedTimestamp: 2025-09-26T18:41:58.000Z,
      liquidity: [Object],
      history: [Object],
      scannerAt: 1758994653560
    },
    hraeebu2bhx1kdd25336ak6oekco7i6ujeeuxgwjqf82: {
      id: 'HRaeeBu2Bhx1KDd25336ak6oeKCo7i6UjEeuxgWjqf82',
      tokenName: 'OpenEden_X',
      tokenSymbol: 'EDEN',
      tokenAddress: 'AMGYeSWL7RwykkLNTEVMd9pDbSJrEBbypypWv8XxCZfw',
      pairAddress: 'HRaeeBu2Bhx1KDd25336ak6oeKCo7i6UjEeuxgWjqf82',
      chain: 'SOL',
      exchange: 'pAMMBay6oceH9fJKBRHGP5D4bD4sWpmSwMn52FMfXEA',
      priceUsd: 0,
      volumeUsd: 69752805.36,
      mcap: 846088.34,
      priceChangePcs: [Object],
      transactions: [Object],
      audit: [Object],
      security: [Object],
      tokenCreatedTimestamp: 2025-09-26T18:41:58.000Z,
      liquidity: [Object],
      history: [Object],
      scannerAt: 1758994653560
    },
    '3dnWHQGvTwgbYDFCLtaRBecbCF3k1ogC78hDTPyAMB4o': {
      id: '3dnWHQGvTwgbYDFCLtaRBecbCF3k1ogC78hDTPyAMB4o',
      tokenName: 'OpenEden_DEX',
      tokenSymbol: 'EDEN',
      tokenAddress: '6QXcuTqsxqi7SSzYv7xFujpHWy7hmsqWDh2HnD6yc3Ks',
      pairAddress: '3dnWHQGvTwgbYDFCLtaRBecbCF3k1ogC78hDTPyAMB4o',
      chain: 'SOL',
      exchange: 'pAMMBay6oceH9fJKBRHGP5D4bD4sWpmSwMn52FMfXEA',
      priceUsd: 0.0005233944867,
      volumeUsd: 66781147.96,
      mcap: 523394.42,
      priceChangePcs: [Object],
      transactions: [Object],
      audit: [Object],
      security: [Object],
      tokenCreatedTimestamp: 2025-09-27T04:10:00.000Z,
      liquidity: [Object],
      history: [Object],
      scannerAt: 1758994653560
    },
    '3dnwhqgvtwgbydfcltarbecbcf3k1ogc78hdtpyamb4o': {
      id: '3dnWHQGvTwgbYDFCLtaRBecbCF3k1ogC78hDTPyAMB4o',
      tokenName: 'OpenEden_DEX',
      tokenSymbol: 'EDEN',
      tokenAddress: '6QXcuTqsxqi7SSzYv7xFujpHWy7hmsqWDh2HnD6yc3Ks',
      pairAddress: '3dnWHQGvTwgbYDFCLtaRBecbCF3k1ogC78hDTPyAMB4o',
      chain: 'SOL',
      exchange: 'pAMMBay6oceH9fJKBRHGP5D4bD4sWpmSwMn52FMfXEA',
      priceUsd: 0.0005233944867,
      volumeUsd: 66781147.96,
      mcap: 523394.42,
      priceChangePcs: [Object],
      transactions: [Object],
      audit: [Object],
      security: [Object],
      tokenCreatedTimestamp: 2025-09-27T04:10:00.000Z,
      liquidity: [Object],
      history: [Object],
      scannerAt: 1758994653560
    },
    '0xc7bBeC68d12a0d1830360F8Ec58fA599bA1b0e9b': {
      id: '0xc7bBeC68d12a0d1830360F8Ec58fA599bA1b0e9b',
      tokenName: 'Tether USD',
      tokenSymbol: 'USDT',
      tokenAddress: '0xdAC17F958D2ee523a2206206994597C13D831ec7',
      pairAddress: '0xc7bBeC68d12a0d1830360F8Ec58fA599bA1b0e9b',
      chain: 'ETH',
      exchange: '0x68b3465833fb72A70ecDF485E0e4C7bD8665Fc45',
      priceUsd: 0.9992399566744775,
      volumeUsd: 64368309.88,
      mcap: 94701508584.23,
      priceChangePcs: [Object],
      transactions: [Object],
      audit: [Object],
      security: [Object],
      tokenCreatedTimestamp: 2022-12-26T04:37:47.000Z,
      liquidity: [Object],
      history: [Object],
      scannerAt: 1758994653560
    },
    '0xc7bbec68d12a0d1830360f8ec58fa599ba1b0e9b': {
      id: '0xc7bBeC68d12a0d1830360F8Ec58fA599bA1b0e9b',
      tokenName: 'Tether USD',
      tokenSymbol: 'USDT',
      tokenAddress: '0xdAC17F958D2ee523a2206206994597C13D831ec7',
      pairAddress: '0xc7bBeC68d12a0d1830360F8Ec58fA599bA1b0e9b',
      chain: 'ETH',
      exchange: '0x68b3465833fb72A70ecDF485E0e4C7bD8665Fc45',
      priceUsd: 0.9992399566744775,
      volumeUsd: 64368309.88,
      mcap: 94701508584.23,
      priceChangePcs: [Object],
      transactions: [Object],
      audit: [Object],
      security: [Object],
      tokenCreatedTimestamp: 2022-12-26T04:37:47.000Z,
      liquidity: [Object],
      history: [Object],
      scannerAt: 1758994653560
    },
    '6BJ7EWQsYHbVHni4mhfYJ32xNV6a8Tu6PSTVmrLKjKT9': {
      id: '6BJ7EWQsYHbVHni4mhfYJ32xNV6a8Tu6PSTVmrLKjKT9',
      tokenName: 'Official Ronaldo',
      tokenSymbol: 'CR7',
      tokenAddress: 'CgAJ1DwCUSjKtL1cDFrLKpSaPn6o4pmP8ZhQcxiGMF5e',
      pairAddress: '6BJ7EWQsYHbVHni4mhfYJ32xNV6a8Tu6PSTVmrLKjKT9',
      chain: 'SOL',
      exchange: 'pAMMBay6oceH9fJKBRHGP5D4bD4sWpmSwMn52FMfXEA',
      priceUsd: 0.0000219420916,
      volumeUsd: 62028114.93,
      mcap: 21942.09,
      priceChangePcs: [Object],
      transactions: [Object],
      audit: [Object],
      security: [Object],
      tokenCreatedTimestamp: 2025-09-27T09:42:26.000Z,
      liquidity: [Object],
      history: [Object],
      scannerAt: 1758994653560
    },
    '6bj7ewqsyhbvhni4mhfyj32xnv6a8tu6pstvmrlkjkt9': {
      id: '6BJ7EWQsYHbVHni4mhfYJ32xNV6a8Tu6PSTVmrLKjKT9',
      tokenName: 'Official Ronaldo',
      tokenSymbol: 'CR7',
      tokenAddress: 'CgAJ1DwCUSjKtL1cDFrLKpSaPn6o4pmP8ZhQcxiGMF5e',
      pairAddress: '6BJ7EWQsYHbVHni4mhfYJ32xNV6a8Tu6PSTVmrLKjKT9',
      chain: 'SOL',
      exchange: 'pAMMBay6oceH9fJKBRHGP5D4bD4sWpmSwMn52FMfXEA',
      priceUsd: 0.0000219420916,
      volumeUsd: 62028114.93,
      mcap: 21942.09,
      priceChangePcs: [Object],
      transactions: [Object],
      audit: [Object],
      security: [Object],
      tokenCreatedTimestamp: 2025-09-27T09:42:26.000Z,
      liquidity: [Object],
      history: [Object],
      scannerAt: 1758994653560
    },
    '0xCA3F029A70d5d90000E614afD29E5c833f33CEa5': {
      id: '0xCA3F029A70d5d90000E614afD29E5c833f33CEa5',
      tokenName: 'Ark Of Panda',
      tokenSymbol: 'AOP',
      tokenAddress: '0xd5dF4d260D7a0145F655bcBf3B398076F21016C7',
      pairAddress: '0xCA3F029A70d5d90000E614afD29E5c833f33CEa5',
      chain: 'BSC',
      exchange: '0x1b81D678ffb9C0263b24A97847620C99d213eB14',
      priceUsd: 0.06387563847609318,
      volumeUsd: 61642333.75,
      mcap: 127751276.95,
      priceChangePcs: [Object],
      transactions: [Object],
      audit: [Object],
      security: [Object],
      tokenCreatedTimestamp: 2025-09-18T07:15:21.000Z,
      liquidity: [Object],
      history: [Object],
      scannerAt: 1758994653560
    },
    '0xca3f029a70d5d90000e614afd29e5c833f33cea5': {
      id: '0xCA3F029A70d5d90000E614afD29E5c833f33CEa5',
      tokenName: 'Ark Of Panda',
      tokenSymbol: 'AOP',
      tokenAddress: '0xd5dF4d260D7a0145F655bcBf3B398076F21016C7',
      pairAddress: '0xCA3F029A70d5d90000E614afD29E5c833f33CEa5',
      chain: 'BSC',
      exchange: '0x1b81D678ffb9C0263b24A97847620C99d213eB14',
      priceUsd: 0.06387563847609318,
      volumeUsd: 61642333.75,
      mcap: 127751276.95,
      priceChangePcs: [Object],
      transactions: [Object],
      audit: [Object],
      security: [Object],
      tokenCreatedTimestamp: 2025-09-18T07:15:21.000Z,
      liquidity: [Object],
      history: [Object],
      scannerAt: 1758994653560
    },
    HcWiiZEBHBKWmHP4ZjxqwQWhGwovXUvThU4aNt4yANye: {
      id: 'HcWiiZEBHBKWmHP4ZjxqwQWhGwovXUvThU4aNt4yANye',
      tokenName: 'Bitlight Labs',
      tokenSymbol: 'LIGHT',
      tokenAddress: 'FHZBpDdytvgDFXvfXoXpR3CNiWRzs5rVqq4L1g1HKrGk',
      pairAddress: 'HcWiiZEBHBKWmHP4ZjxqwQWhGwovXUvThU4aNt4yANye',
      chain: 'SOL',
      exchange: 'pAMMBay6oceH9fJKBRHGP5D4bD4sWpmSwMn52FMfXEA',
      priceUsd: 0,
      volumeUsd: 61386942.25,
      mcap: 796524.46,
      priceChangePcs: [Object],
      transactions: [Object],
      audit: [Object],
      security: [Object],
      tokenCreatedTimestamp: 2025-09-27T02:44:11.000Z,
      liquidity: [Object],
      history: [Object],
      scannerAt: 1758994653560
    },
    hcwiizebhbkwmhp4zjxqwqwhgwovxuvthu4ant4yanye: {
      id: 'HcWiiZEBHBKWmHP4ZjxqwQWhGwovXUvThU4aNt4yANye',
      tokenName: 'Bitlight Labs',
      tokenSymbol: 'LIGHT',
      tokenAddress: 'FHZBpDdytvgDFXvfXoXpR3CNiWRzs5rVqq4L1g1HKrGk',
      pairAddress: 'HcWiiZEBHBKWmHP4ZjxqwQWhGwovXUvThU4aNt4yANye',
      chain: 'SOL',
      exchange: 'pAMMBay6oceH9fJKBRHGP5D4bD4sWpmSwMn52FMfXEA',
      priceUsd: 0,
      volumeUsd: 61386942.25,
      mcap: 796524.46,
      priceChangePcs: [Object],
      transactions: [Object],
      audit: [Object],
      security: [Object],
      tokenCreatedTimestamp: 2025-09-27T02:44:11.000Z,
      liquidity: [Object],
      history: [Object],
      scannerAt: 1758994653560
    },
    '9L3eT5BxHWo8hEpGQ3NzbmYJRSvMN4ajDtDGxsqKhQGo': {
      id: '9L3eT5BxHWo8hEpGQ3NzbmYJRSvMN4ajDtDGxsqKhQGo',
      tokenName: 'OpenEden_X@@',
      tokenSymbol: 'EDEN✨',
      tokenAddress: '3FbH4RYYVZb8AMVwLigqKigjLNtr45Hbc5iJ7QXC33MP',
      pairAddress: '9L3eT5BxHWo8hEpGQ3NzbmYJRSvMN4ajDtDGxsqKhQGo',
      chain: 'SOL',
      exchange: 'pAMMBay6oceH9fJKBRHGP5D4bD4sWpmSwMn52FMfXEA',
      priceUsd: 0,
      volumeUsd: 60604758.09,
      mcap: 515825.11,
      priceChangePcs: [Object],
      transactions: [Object],
      audit: [Object],
      security: [Object],
      tokenCreatedTimestamp: 2025-09-27T00:58:19.000Z,
      liquidity: [Object],
      history: [Object],
      scannerAt: 1758994653560
    },
    '9l3et5bxhwo8hepgq3nzbmyjrsvmn4ajdtdgxsqkhqgo': {
      id: '9L3eT5BxHWo8hEpGQ3NzbmYJRSvMN4ajDtDGxsqKhQGo',
      tokenName: 'OpenEden_X@@',
      tokenSymbol: 'EDEN✨',
      tokenAddress: '3FbH4RYYVZb8AMVwLigqKigjLNtr45Hbc5iJ7QXC33MP',
      pairAddress: '9L3eT5BxHWo8hEpGQ3NzbmYJRSvMN4ajDtDGxsqKhQGo',
      chain: 'SOL',
      exchange: 'pAMMBay6oceH9fJKBRHGP5D4bD4sWpmSwMn52FMfXEA',
      priceUsd: 0,
      volumeUsd: 60604758.09,
      mcap: 515825.11,
      priceChangePcs: [Object],
      transactions: [Object],
      audit: [Object],
      security: [Object],
      tokenCreatedTimestamp: 2025-09-27T00:58:19.000Z,
      liquidity: [Object],
      history: [Object],
      scannerAt: 1758994653560
    },
    '5YWJdKDXJmi77oPT8VD4kTGH7yv1A9f5N4HEVepmgweN': {
      id: '5YWJdKDXJmi77oPT8VD4kTGH7yv1A9f5N4HEVepmgweN',
      tokenName: 'Monad (mainnet arc)',
      tokenSymbol: 'MON',
      tokenAddress: '5vLL55cHMYGFBTnLaSpzrcJgqzKmZznvmzQBQiiRzr7P',
      pairAddress: '5YWJdKDXJmi77oPT8VD4kTGH7yv1A9f5N4HEVepmgweN',
      chain: 'SOL',
      exchange: 'pAMMBay6oceH9fJKBRHGP5D4bD4sWpmSwMn52FMfXEA',
      priceUsd: 0,
      volumeUsd: 59984966.27,
      mcap: 624616.24,
      priceChangePcs: [Object],
      transactions: [Object],
      audit: [Object],
      security: [Object],
      tokenCreatedTimestamp: 2025-09-27T07:42:22.000Z,
      liquidity: [Object],
      history: [Object],
      scannerAt: 1758994653560
    },
    '5ywjdkdxjmi77opt8vd4ktgh7yv1a9f5n4hevepmgwen': {
      id: '5YWJdKDXJmi77oPT8VD4kTGH7yv1A9f5N4HEVepmgweN',
      tokenName: 'Monad (mainnet arc)',
      tokenSymbol: 'MON',
      tokenAddress: '5vLL55cHMYGFBTnLaSpzrcJgqzKmZznvmzQBQiiRzr7P',
      pairAddress: '5YWJdKDXJmi77oPT8VD4kTGH7yv1A9f5N4HEVepmgweN',
      chain: 'SOL',
      exchange: 'pAMMBay6oceH9fJKBRHGP5D4bD4sWpmSwMn52FMfXEA',
      priceUsd: 0,
      volumeUsd: 59984966.27,
      mcap: 624616.24,
      priceChangePcs: [Object],
      transactions: [Object],
      audit: [Object],
      security: [Object],
      tokenCreatedTimestamp: 2025-09-27T07:42:22.000Z,
      liquidity: [Object],
      history: [Object],
      scannerAt: 1758994653560
    },
    BDrDMa9mpQxoTkjYXgmZVjW9nxCi9tgrMmcfvu8fSYDF: {
      id: 'BDrDMa9mpQxoTkjYXgmZVjW9nxCi9tgrMmcfvu8fSYDF',
      tokenName: 'GOAT Network',
      tokenSymbol: 'GOATED',
      tokenAddress: '517im42zwkQQUgVZnk4fp19UBdgFv2cBt6cH5vPRbTAw',
      pairAddress: 'BDrDMa9mpQxoTkjYXgmZVjW9nxCi9tgrMmcfvu8fSYDF',
      chain: 'SOL',
      exchange: 'pAMMBay6oceH9fJKBRHGP5D4bD4sWpmSwMn52FMfXEA',
      priceUsd: 0.0009455779007439551,
      volumeUsd: 59748080.59,
      mcap: 945577.12,
      priceChangePcs: [Object],
      transactions: [Object],
      audit: [Object],
      security: [Object],
      tokenCreatedTimestamp: 2025-09-26T22:58:11.000Z,
      liquidity: [Object],
      history: [Object],
      scannerAt: 1758994653560
    },
    bdrdma9mpqxotkjyxgmzvjw9nxci9tgrmmcfvu8fsydf: {
      id: 'BDrDMa9mpQxoTkjYXgmZVjW9nxCi9tgrMmcfvu8fSYDF',
      tokenName: 'GOAT Network',
      tokenSymbol: 'GOATED',
      tokenAddress: '517im42zwkQQUgVZnk4fp19UBdgFv2cBt6cH5vPRbTAw',
      pairAddress: 'BDrDMa9mpQxoTkjYXgmZVjW9nxCi9tgrMmcfvu8fSYDF',
      chain: 'SOL',
      exchange: 'pAMMBay6oceH9fJKBRHGP5D4bD4sWpmSwMn52FMfXEA',
      priceUsd: 0.0009455779007439551,
      volumeUsd: 59748080.59,
      mcap: 945577.12,
      priceChangePcs: [Object],
      transactions: [Object],
      audit: [Object],
      security: [Object],
      tokenCreatedTimestamp: 2025-09-26T22:58:11.000Z,
      liquidity: [Object],
      history: [Object],
      scannerAt: 1758994653560
    },
    CvxgmSEvTYzs37GRSjGmGCsiCrB1X4RxMCR1pD5o7QAv: {
      id: 'CvxgmSEvTYzs37GRSjGmGCsiCrB1X4RxMCR1pD5o7QAv',
      tokenName: 'Bitlight Labs',
      tokenSymbol: 'LIGHT',
      tokenAddress: '6izx19WzDYGreCprA5wpinxdSQqRP5h4Geb3h3cG73SA',
      pairAddress: 'CvxgmSEvTYzs37GRSjGmGCsiCrB1X4RxMCR1pD5o7QAv',
      chain: 'SOL',
      exchange: 'pAMMBay6oceH9fJKBRHGP5D4bD4sWpmSwMn52FMfXEA',
      priceUsd: 0,
      volumeUsd: 59720185.09,
      mcap: 852313.07,
      priceChangePcs: [Object],
      transactions: [Object],
      audit: [Object],
      security: [Object],
      tokenCreatedTimestamp: 2025-09-27T04:58:11.000Z,
      liquidity: [Object],
      history: [Object],
      scannerAt: 1758994653560
    },
    cvxgmsevtyzs37grsjgmgcsicrb1x4rxmcr1pd5o7qav: {
      id: 'CvxgmSEvTYzs37GRSjGmGCsiCrB1X4RxMCR1pD5o7QAv',
      tokenName: 'Bitlight Labs',
      tokenSymbol: 'LIGHT',
      tokenAddress: '6izx19WzDYGreCprA5wpinxdSQqRP5h4Geb3h3cG73SA',
      pairAddress: 'CvxgmSEvTYzs37GRSjGmGCsiCrB1X4RxMCR1pD5o7QAv',
      chain: 'SOL',
      exchange: 'pAMMBay6oceH9fJKBRHGP5D4bD4sWpmSwMn52FMfXEA',
      priceUsd: 0,
      volumeUsd: 59720185.09,
      mcap: 852313.07,
      priceChangePcs: [Object],
      transactions: [Object],
      audit: [Object],
      security: [Object],
      tokenCreatedTimestamp: 2025-09-27T04:58:11.000Z,
      liquidity: [Object],
      history: [Object],
      scannerAt: 1758994653560
    },
    '7EkRhnQx5dJ9pasQosJUzMxyS12b4mEL8ipjUZ4BpwW3': {
      id: '7EkRhnQx5dJ9pasQosJUzMxyS12b4mEL8ipjUZ4BpwW3',
      tokenName: 'OpenEden_X',
      tokenSymbol: 'EDEN',
      tokenAddress: 'HRVjSJ1kv5qunM3tCJqNNhqGAvBqHXCpDRwkt8KKMxTf',
      pairAddress: '7EkRhnQx5dJ9pasQosJUzMxyS12b4mEL8ipjUZ4BpwW3',
      chain: 'SOL',
      exchange: 'pAMMBay6oceH9fJKBRHGP5D4bD4sWpmSwMn52FMfXEA',
      priceUsd: 0.0005136990373350583,
      volumeUsd: 58900805.72,
      mcap: 513698.85,
      priceChangePcs: [Object],
      transactions: [Object],
      audit: [Object],
      security: [Object],
      tokenCreatedTimestamp: 2025-09-26T13:24:40.000Z,
      liquidity: [Object],
      history: [Object],
      scannerAt: 1758994653560
    },
    '7ekrhnqx5dj9pasqosjuzmxys12b4mel8ipjuz4bpww3': {
      id: '7EkRhnQx5dJ9pasQosJUzMxyS12b4mEL8ipjUZ4BpwW3',
      tokenName: 'OpenEden_X',
      tokenSymbol: 'EDEN',
      tokenAddress: 'HRVjSJ1kv5qunM3tCJqNNhqGAvBqHXCpDRwkt8KKMxTf',
      pairAddress: '7EkRhnQx5dJ9pasQosJUzMxyS12b4mEL8ipjUZ4BpwW3',
      chain: 'SOL',
      exchange: 'pAMMBay6oceH9fJKBRHGP5D4bD4sWpmSwMn52FMfXEA',
      priceUsd: 0.0005136990373350583,
      volumeUsd: 58900805.72,
      mcap: 513698.85,
      priceChangePcs: [Object],
      transactions: [Object],
      audit: [Object],
      security: [Object],
      tokenCreatedTimestamp: 2025-09-26T13:24:40.000Z,
      liquidity: [Object],
      history: [Object],
      scannerAt: 1758994653560
    },
    '4icxYpSiggvcn6cj4F217FYvaRWVGt9tpw4FMpBUrn8e': {
      id: '4icxYpSiggvcn6cj4F217FYvaRWVGt9tpw4FMpBUrn8e',
      tokenName: 'Opensea',
      tokenSymbol: 'SEA',
      tokenAddress: '65LPZrf4ZJKSEa3eQUBQ5fV8YCmdcX91a4pG8Zsag3Jk',
      pairAddress: '4icxYpSiggvcn6cj4F217FYvaRWVGt9tpw4FMpBUrn8e',
      chain: 'SOL',
      exchange: 'pAMMBay6oceH9fJKBRHGP5D4bD4sWpmSwMn52FMfXEA',
      priceUsd: 0.00001754391853,
      volumeUsd: 57156903.74,
      mcap: 17543.91,
      priceChangePcs: [Object],
      transactions: [Object],
      audit: [Object],
      security: [Object],
      tokenCreatedTimestamp: 2025-09-27T09:38:10.000Z,
      liquidity: [Object],
      history: [Object],
      scannerAt: 1758994653560
    },
    '4icxypsiggvcn6cj4f217fyvarwvgt9tpw4fmpburn8e': {
      id: '4icxYpSiggvcn6cj4F217FYvaRWVGt9tpw4FMpBUrn8e',
      tokenName: 'Opensea',
      tokenSymbol: 'SEA',
      tokenAddress: '65LPZrf4ZJKSEa3eQUBQ5fV8YCmdcX91a4pG8Zsag3Jk',
      pairAddress: '4icxYpSiggvcn6cj4F217FYvaRWVGt9tpw4FMpBUrn8e',
      chain: 'SOL',
      exchange: 'pAMMBay6oceH9fJKBRHGP5D4bD4sWpmSwMn52FMfXEA',
      priceUsd: 0.00001754391853,
      volumeUsd: 57156903.74,
      mcap: 17543.91,
      priceChangePcs: [Object],
      transactions: [Object],
      audit: [Object],
      security: [Object],
      tokenCreatedTimestamp: 2025-09-27T09:38:10.000Z,
      liquidity: [Object],
      history: [Object],
      scannerAt: 1758994653560
    },
    CcB5AazsQ87qz4x2G2ZnNykgJzRr2gqLhTDHfktYushF: {
      id: 'CcB5AazsQ87qz4x2G2ZnNykgJzRr2gqLhTDHfktYushF',
      tokenName: 'Falcon Finance',
      tokenSymbol: 'FF',
      tokenAddress: 'FrHGaeLF8TscrKWYJFfEP7Xi91SSSYaFXZsh3Br5EPMc',
      pairAddress: 'CcB5AazsQ87qz4x2G2ZnNykgJzRr2gqLhTDHfktYushF',
      chain: 'SOL',
      exchange: 'pAMMBay6oceH9fJKBRHGP5D4bD4sWpmSwMn52FMfXEA',
      priceUsd: 0.0007532722571,
      volumeUsd: 55489769.04,
      mcap: 753271.47,
      priceChangePcs: [Object],
      transactions: [Object],
      audit: [Object],
      security: [Object],
      tokenCreatedTimestamp: 2025-09-27T11:30:55.000Z,
      liquidity: [Object],
      history: [Object],
      scannerAt: 1758994653560
    },
    ccb5aazsq87qz4x2g2znnykgjzrr2gqlhtdhfktyushf: {
      id: 'CcB5AazsQ87qz4x2G2ZnNykgJzRr2gqLhTDHfktYushF',
      tokenName: 'Falcon Finance',
      tokenSymbol: 'FF',
      tokenAddress: 'FrHGaeLF8TscrKWYJFfEP7Xi91SSSYaFXZsh3Br5EPMc',
      pairAddress: 'CcB5AazsQ87qz4x2G2ZnNykgJzRr2gqLhTDHfktYushF',
      chain: 'SOL',
      exchange: 'pAMMBay6oceH9fJKBRHGP5D4bD4sWpmSwMn52FMfXEA',
      priceUsd: 0.0007532722571,
      volumeUsd: 55489769.04,
      mcap: 753271.47,
      priceChangePcs: [Object],
      transactions: [Object],
      audit: [Object],
      security: [Object],
      tokenCreatedTimestamp: 2025-09-27T11:30:55.000Z,
      liquidity: [Object],
      history: [Object],
      scannerAt: 1758994653560
    },
    '3ucNos4NbumPLZNWztqGHNFFgkHeRMBQAVemeeomsUxv': {
      id: '3ucNos4NbumPLZNWztqGHNFFgkHeRMBQAVemeeomsUxv',
      tokenName: 'USD Coin',
      tokenSymbol: 'USDC',
      tokenAddress: 'EPjFWdd5AufqSSqeM2qN1xzybapC8G4wEGGkZwyTDt1v',
      pairAddress: '3ucNos4NbumPLZNWztqGHNFFgkHeRMBQAVemeeomsUxv',
      chain: 'SOL',
      exchange: 'CAMMCzo5YL8w4VFF8KVHrK22GGUsp5VTaW7grrKgrWqK',
      priceUsd: 1.000297761,
      volumeUsd: 54774911.1,
      mcap: 10148785864.32,
      priceChangePcs: [Object],
      transactions: [Object],
      audit: [Object],
      security: [Object],
      tokenCreatedTimestamp: 2025-01-12T20:36:22.000Z,
      liquidity: [Object],
      history: [Object],
      scannerAt: 1758994653560
    },
    '3ucnos4nbumplznwztqghnffgkhermbqavemeeomsuxv': {
      id: '3ucNos4NbumPLZNWztqGHNFFgkHeRMBQAVemeeomsUxv',
      tokenName: 'USD Coin',
      tokenSymbol: 'USDC',
      tokenAddress: 'EPjFWdd5AufqSSqeM2qN1xzybapC8G4wEGGkZwyTDt1v',
      pairAddress: '3ucNos4NbumPLZNWztqGHNFFgkHeRMBQAVemeeomsUxv',
      chain: 'SOL',
      exchange: 'CAMMCzo5YL8w4VFF8KVHrK22GGUsp5VTaW7grrKgrWqK',
      priceUsd: 1.000297761,
      volumeUsd: 54774911.1,
      mcap: 10148785864.32,
      priceChangePcs: [Object],
      transactions: [Object],
      audit: [Object],
      security: [Object],
      tokenCreatedTimestamp: 2025-01-12T20:36:22.000Z,
      liquidity: [Object],
      history: [Object],
      scannerAt: 1758994653560
    },
    '5U98VbSfqJPMejWxg1MC1Y4oFeyEMGTj8JNPcCvGp1vZ': {
      id: '5U98VbSfqJPMejWxg1MC1Y4oFeyEMGTj8JNPcCvGp1vZ',
      tokenName: 'Falcon Finance',
      tokenSymbol: 'FF',
      tokenAddress: 'A8miNTG5bvVZa8DKHPwHLBbHScf6KysgMbWpToTGZEQT',
      pairAddress: '5U98VbSfqJPMejWxg1MC1Y4oFeyEMGTj8JNPcCvGp1vZ',
      chain: 'SOL',
      exchange: 'pAMMBay6oceH9fJKBRHGP5D4bD4sWpmSwMn52FMfXEA',
      priceUsd: 0,
      volumeUsd: 54281000.56,
      mcap: 967504.2,
      priceChangePcs: [Object],
      transactions: [Object],
      audit: [Object],
      security: [Object],
      tokenCreatedTimestamp: 2025-09-27T01:17:42.000Z,
      liquidity: [Object],
      history: [Object],
      scannerAt: 1758994653560
    },
    '5u98vbsfqjpmejwxg1mc1y4ofeyemgtj8jnpccvgp1vz': {
      id: '5U98VbSfqJPMejWxg1MC1Y4oFeyEMGTj8JNPcCvGp1vZ',
      tokenName: 'Falcon Finance',
      tokenSymbol: 'FF',
      tokenAddress: 'A8miNTG5bvVZa8DKHPwHLBbHScf6KysgMbWpToTGZEQT',
      pairAddress: '5U98VbSfqJPMejWxg1MC1Y4oFeyEMGTj8JNPcCvGp1vZ',
      chain: 'SOL',
      exchange: 'pAMMBay6oceH9fJKBRHGP5D4bD4sWpmSwMn52FMfXEA',
      priceUsd: 0,
      volumeUsd: 54281000.56,
      mcap: 967504.2,
      priceChangePcs: [Object],
      transactions: [Object],
      audit: [Object],
      security: [Object],
      tokenCreatedTimestamp: 2025-09-27T01:17:42.000Z,
      liquidity: [Object],
      history: [Object],
      scannerAt: 1758994653560
    },
    CMAvF24c6DHhWL18MZ9xZDsXSepnDijbEQCUnRVprxwX: {
      id: 'CMAvF24c6DHhWL18MZ9xZDsXSepnDijbEQCUnRVprxwX',
      tokenName: 'Mira_Network',
      tokenSymbol: 'MIRA',
      tokenAddress: 'BMoMNUAJoth4YH1HdSuvqjpR6BiEkTSmZLJ7vmcrNoLW',
      pairAddress: 'CMAvF24c6DHhWL18MZ9xZDsXSepnDijbEQCUnRVprxwX',
      chain: 'SOL',
      exchange: 'pAMMBay6oceH9fJKBRHGP5D4bD4sWpmSwMn52FMfXEA',
      priceUsd: 0.00001373416277,
      volumeUsd: 51634961.52,
      mcap: 13734.16,
      priceChangePcs: [Object],
      transactions: [Object],
      audit: [Object],
      security: [Object],
      tokenCreatedTimestamp: 2025-09-27T03:47:55.000Z,
      liquidity: [Object],
      history: [Object],
      scannerAt: 1758994653560
    },
    cmavf24c6dhhwl18mz9xzdsxsepndijbeqcunrvprxwx: {
      id: 'CMAvF24c6DHhWL18MZ9xZDsXSepnDijbEQCUnRVprxwX',
      tokenName: 'Mira_Network',
      tokenSymbol: 'MIRA',
      tokenAddress: 'BMoMNUAJoth4YH1HdSuvqjpR6BiEkTSmZLJ7vmcrNoLW',
      pairAddress: 'CMAvF24c6DHhWL18MZ9xZDsXSepnDijbEQCUnRVprxwX',
      chain: 'SOL',
      exchange: 'pAMMBay6oceH9fJKBRHGP5D4bD4sWpmSwMn52FMfXEA',
      priceUsd: 0.00001373416277,
      volumeUsd: 51634961.52,
      mcap: 13734.16,
      priceChangePcs: [Object],
      transactions: [Object],
      audit: [Object],
      security: [Object],
      tokenCreatedTimestamp: 2025-09-27T03:47:55.000Z,
      liquidity: [Object],
      history: [Object],
      scannerAt: 1758994653560
    },
    F8m2TynBCNjLTvZDaDEYHvRSWdBwYWkNQqhWJTdtUMGB: {
      id: 'F8m2TynBCNjLTvZDaDEYHvRSWdBwYWkNQqhWJTdtUMGB',
      tokenName: 'MetaMask Coin',
      tokenSymbol: 'MetaMask',
      tokenAddress: 'HdsopTwezQGCgrNQtcHpMRMCJpHaXmbxtdzcBwpkJbNp',
      pairAddress: 'F8m2TynBCNjLTvZDaDEYHvRSWdBwYWkNQqhWJTdtUMGB',
      chain: 'SOL',
      exchange: 'pAMMBay6oceH9fJKBRHGP5D4bD4sWpmSwMn52FMfXEA',
      priceUsd: 0.0002458071064,
      volumeUsd: 51372979.15,
      mcap: 245806.59,
      priceChangePcs: [Object],
      transactions: [Object],
      audit: [Object],
      security: [Object],
      tokenCreatedTimestamp: 2025-09-27T03:37:36.000Z,
      liquidity: [Object],
      history: [Object],
      scannerAt: 1758994653560
    },
    f8m2tynbcnjltvzdadeyhvrswdbwywknqqhwjtdtumgb: {
      id: 'F8m2TynBCNjLTvZDaDEYHvRSWdBwYWkNQqhWJTdtUMGB',
      tokenName: 'MetaMask Coin',
      tokenSymbol: 'MetaMask',
      tokenAddress: 'HdsopTwezQGCgrNQtcHpMRMCJpHaXmbxtdzcBwpkJbNp',
      pairAddress: 'F8m2TynBCNjLTvZDaDEYHvRSWdBwYWkNQqhWJTdtUMGB',
      chain: 'SOL',
      exchange: 'pAMMBay6oceH9fJKBRHGP5D4bD4sWpmSwMn52FMfXEA',
      priceUsd: 0.0002458071064,
      volumeUsd: 51372979.15,
      mcap: 245806.59,
      priceChangePcs: [Object],
      transactions: [Object],
      audit: [Object],
      security: [Object],
      tokenCreatedTimestamp: 2025-09-27T03:37:36.000Z,
      liquidity: [Object],
      history: [Object],
      scannerAt: 1758994653560
    },
    JGLWg1ZyvvaGj7xumoFgvyBedQoTmTtgL6gfZ7TsBhu: {
      id: 'JGLWg1ZyvvaGj7xumoFgvyBedQoTmTtgL6gfZ7TsBhu',
      tokenName: 'GOAT Network',
      tokenSymbol: 'GOATED',
      tokenAddress: 'BgGsy64smJdsW1HEeXYPpwnUYid6rcDUzdNEWeij2aTg',
      pairAddress: 'JGLWg1ZyvvaGj7xumoFgvyBedQoTmTtgL6gfZ7TsBhu',
      chain: 'SOL',
      exchange: 'pAMMBay6oceH9fJKBRHGP5D4bD4sWpmSwMn52FMfXEA',
      priceUsd: 0,
      volumeUsd: 51073311.16,
      mcap: 676084.2,
      priceChangePcs: [Object],
      transactions: [Object],
      audit: [Object],
      security: [Object],
      tokenCreatedTimestamp: 2025-09-27T02:19:58.000Z,
      liquidity: [Object],
      history: [Object],
      scannerAt: 1758994653560
    },
    jglwg1zyvvagj7xumofgvybedqotmttgl6gfz7tsbhu: {
      id: 'JGLWg1ZyvvaGj7xumoFgvyBedQoTmTtgL6gfZ7TsBhu',
      tokenName: 'GOAT Network',
      tokenSymbol: 'GOATED',
      tokenAddress: 'BgGsy64smJdsW1HEeXYPpwnUYid6rcDUzdNEWeij2aTg',
      pairAddress: 'JGLWg1ZyvvaGj7xumoFgvyBedQoTmTtgL6gfZ7TsBhu',
      chain: 'SOL',
      exchange: 'pAMMBay6oceH9fJKBRHGP5D4bD4sWpmSwMn52FMfXEA',
      priceUsd: 0,
      volumeUsd: 51073311.16,
      mcap: 676084.2,
      priceChangePcs: [Object],
      transactions: [Object],
      audit: [Object],
      security: [Object],
      tokenCreatedTimestamp: 2025-09-27T02:19:58.000Z,
      liquidity: [Object],
      history: [Object],
      scannerAt: 1758994653560
    },
    '4NAdnJaeioRVcbgVusJtEpcjCdVC83icooKJ5dMZUYZb': {
      id: '4NAdnJaeioRVcbgVusJtEpcjCdVC83icooKJ5dMZUYZb',
      tokenName: 'Mask Coin',
      tokenSymbol: 'MetaMask',
      tokenAddress: 'CV7HTQR5muoKgpdCaCHXkXiYpHAm1Tw3GHvTxZWyuYxM',
      pairAddress: '4NAdnJaeioRVcbgVusJtEpcjCdVC83icooKJ5dMZUYZb',
      chain: 'SOL',
      exchange: 'pAMMBay6oceH9fJKBRHGP5D4bD4sWpmSwMn52FMfXEA',
      priceUsd: 0.0001722366045311415,
      volumeUsd: 49586584.66,
      mcap: 172235.69,
      priceChangePcs: [Object],
      transactions: [Object],
      audit: [Object],
      security: [Object],
      tokenCreatedTimestamp: 2025-09-26T21:24:44.000Z,
      liquidity: [Object],
      history: [Object],
      scannerAt: 1758994653560
    },
    '4nadnjaeiorvcbgvusjtepcjcdvc83icookj5dmzuyzb': {
      id: '4NAdnJaeioRVcbgVusJtEpcjCdVC83icooKJ5dMZUYZb',
      tokenName: 'Mask Coin',
      tokenSymbol: 'MetaMask',
      tokenAddress: 'CV7HTQR5muoKgpdCaCHXkXiYpHAm1Tw3GHvTxZWyuYxM',
      pairAddress: '4NAdnJaeioRVcbgVusJtEpcjCdVC83icooKJ5dMZUYZb',
      chain: 'SOL',
      exchange: 'pAMMBay6oceH9fJKBRHGP5D4bD4sWpmSwMn52FMfXEA',
      priceUsd: 0.0001722366045311415,
      volumeUsd: 49586584.66,
      mcap: 172235.69,
      priceChangePcs: [Object],
      transactions: [Object],
      audit: [Object],
      security: [Object],
      tokenCreatedTimestamp: 2025-09-26T21:24:44.000Z,
      liquidity: [Object],
      history: [Object],
      scannerAt: 1758994653560
    },
    '0x5777d92f208679DB4b9778590Fa3CAB3aC9e2168': {
      id: '0x5777d92f208679DB4b9778590Fa3CAB3aC9e2168',
      tokenName: 'Dai Stablecoin',
      tokenSymbol: 'DAI',
      tokenAddress: '0x6B175474E89094C44Da98b954EedeAC495271d0F',
      pairAddress: '0x5777d92f208679DB4b9778590Fa3CAB3aC9e2168',
      chain: 'ETH',
      exchange: '0x68b3465833fb72A70ecDF485E0e4C7bD8665Fc45',
      priceUsd: 0.9999155108457336,
      volumeUsd: 49011422.18,
      mcap: 4601454987.11,
      priceChangePcs: [Object],
      transactions: [Object],
      audit: [Object],
      security: [Object],
      tokenCreatedTimestamp: 2021-11-13T02:45:03.000Z,
      liquidity: [Object],
      history: [Object],
      scannerAt: 1758994653560
    },
    '0x5777d92f208679db4b9778590fa3cab3ac9e2168': {
      id: '0x5777d92f208679DB4b9778590Fa3CAB3aC9e2168',
      tokenName: 'Dai Stablecoin',
      tokenSymbol: 'DAI',
      tokenAddress: '0x6B175474E89094C44Da98b954EedeAC495271d0F',
      pairAddress: '0x5777d92f208679DB4b9778590Fa3CAB3aC9e2168',
      chain: 'ETH',
      exchange: '0x68b3465833fb72A70ecDF485E0e4C7bD8665Fc45',
      priceUsd: 0.9999155108457336,
      volumeUsd: 49011422.18,
      mcap: 4601454987.11,
      priceChangePcs: [Object],
      transactions: [Object],
      audit: [Object],
      security: [Object],
      tokenCreatedTimestamp: 2021-11-13T02:45:03.000Z,
      liquidity: [Object],
      history: [Object],
      scannerAt: 1758994653560
    },
    '84fZSnPSyjxc23X1rvtZgJSXHSo4CGjFSLnyipZrkwyV': {
      id: '84fZSnPSyjxc23X1rvtZgJSXHSo4CGjFSLnyipZrkwyV',
      tokenName: 'OpenEden_X',
      tokenSymbol: 'EDEN',
      tokenAddress: '92BAaCDPw4Q4ux2hqrwA1mbbnhJefjzWy7H31tH2xbaT',
      pairAddress: '84fZSnPSyjxc23X1rvtZgJSXHSo4CGjFSLnyipZrkwyV',
      chain: 'SOL',
      exchange: 'pAMMBay6oceH9fJKBRHGP5D4bD4sWpmSwMn52FMfXEA',
      priceUsd: 0.0005466589487718114,
      volumeUsd: 47890932.89,
      mcap: 546658.44,
      priceChangePcs: [Object],
      transactions: [Object],
      audit: [Object],
      security: [Object],
      tokenCreatedTimestamp: 2025-09-26T16:04:31.000Z,
      liquidity: [Object],
      history: [Object],
      scannerAt: 1758994653560
    },
    '84fzsnpsyjxc23x1rvtzgjsxhso4cgjfslnyipzrkwyv': {
      id: '84fZSnPSyjxc23X1rvtZgJSXHSo4CGjFSLnyipZrkwyV',
      tokenName: 'OpenEden_X',
      tokenSymbol: 'EDEN',
      tokenAddress: '92BAaCDPw4Q4ux2hqrwA1mbbnhJefjzWy7H31tH2xbaT',
      pairAddress: '84fZSnPSyjxc23X1rvtZgJSXHSo4CGjFSLnyipZrkwyV',
      chain: 'SOL',
      exchange: 'pAMMBay6oceH9fJKBRHGP5D4bD4sWpmSwMn52FMfXEA',
      priceUsd: 0.0005466589487718114,
      volumeUsd: 47890932.89,
      mcap: 546658.44,
      priceChangePcs: [Object],
      transactions: [Object],
      audit: [Object],
      security: [Object],
      tokenCreatedTimestamp: 2025-09-26T16:04:31.000Z,
      liquidity: [Object],
      history: [Object],
      scannerAt: 1758994653560
    },
    '86y2dm9iex1emL289N62tk75awZVmYrFuHDQXdwWDUxE': {
      id: '86y2dm9iex1emL289N62tk75awZVmYrFuHDQXdwWDUxE',
      tokenName: 'Official Ronaldo',
      tokenSymbol: 'CR7',
      tokenAddress: '6dPGogSySP69D9MVuaRPauFQDTsma8XZAwN5NtQZaFo9',
      pairAddress: '86y2dm9iex1emL289N62tk75awZVmYrFuHDQXdwWDUxE',
      chain: 'SOL',
      exchange: 'pAMMBay6oceH9fJKBRHGP5D4bD4sWpmSwMn52FMfXEA',
      priceUsd: 0.00001261652886,
      volumeUsd: 47099357.74,
      mcap: 12616.52,
      priceChangePcs: [Object],
      transactions: [Object],
      audit: [Object],
      security: [Object],
      tokenCreatedTimestamp: 2025-09-27T07:12:36.000Z,
      liquidity: [Object],
      history: [Object],
      scannerAt: 1758994653560
    },
    '86y2dm9iex1eml289n62tk75awzvmyrfuhdqxdwwduxe': {
      id: '86y2dm9iex1emL289N62tk75awZVmYrFuHDQXdwWDUxE',
      tokenName: 'Official Ronaldo',
      tokenSymbol: 'CR7',
      tokenAddress: '6dPGogSySP69D9MVuaRPauFQDTsma8XZAwN5NtQZaFo9',
      pairAddress: '86y2dm9iex1emL289N62tk75awZVmYrFuHDQXdwWDUxE',
      chain: 'SOL',
      exchange: 'pAMMBay6oceH9fJKBRHGP5D4bD4sWpmSwMn52FMfXEA',
      priceUsd: 0.00001261652886,
      volumeUsd: 47099357.74,
      mcap: 12616.52,
      priceChangePcs: [Object],
      transactions: [Object],
      audit: [Object],
      security: [Object],
      tokenCreatedTimestamp: 2025-09-27T07:12:36.000Z,
      liquidity: [Object],
      history: [Object],
      scannerAt: 1758994653560
    },
    '0x88e6A0c2dDD26FEEb64F039a2c41296FcB3f5640': {
      id: '0x88e6A0c2dDD26FEEb64F039a2c41296FcB3f5640',
      tokenName: 'USD Coin',
      tokenSymbol: 'USDC',
      tokenAddress: '0xA0b86991c6218b36c1d19D4a2e9Eb0cE3606eB48',
      pairAddress: '0x88e6A0c2dDD26FEEb64F039a2c41296FcB3f5640',
      chain: 'ETH',
      exchange: '0x68b3465833fb72A70ecDF485E0e4C7bD8665Fc45',
      priceUsd: 0.9985787857875046,
      volumeUsd: 44900233.26,
      mcap: 48698178912.27,
      priceChangePcs: [Object],
      transactions: [Object],
      audit: [Object],
      security: [Object],
      tokenCreatedTimestamp: 2021-05-05T21:42:11.000Z,
      liquidity: [Object],
      history: [Object],
      scannerAt: 1758994653560
    },
    '0x88e6a0c2ddd26feeb64f039a2c41296fcb3f5640': {
      id: '0x88e6A0c2dDD26FEEb64F039a2c41296FcB3f5640',
      tokenName: 'USD Coin',
      tokenSymbol: 'USDC',
      tokenAddress: '0xA0b86991c6218b36c1d19D4a2e9Eb0cE3606eB48',
      pairAddress: '0x88e6A0c2dDD26FEEb64F039a2c41296FcB3f5640',
      chain: 'ETH',
      exchange: '0x68b3465833fb72A70ecDF485E0e4C7bD8665Fc45',
      priceUsd: 0.9985787857875046,
      volumeUsd: 44900233.26,
      mcap: 48698178912.27,
      priceChangePcs: [Object],
      transactions: [Object],
      audit: [Object],
      security: [Object],
      tokenCreatedTimestamp: 2021-05-05T21:42:11.000Z,
      liquidity: [Object],
      history: [Object],
      scannerAt: 1758994653560
    },
    '5WRDHbRmSm7nQ73KtVCLMnTDEoSBPH6ZfX9dd68UhmuR': {
      id: '5WRDHbRmSm7nQ73KtVCLMnTDEoSBPH6ZfX9dd68UhmuR',
      tokenName: 'Bitlight Labs',
      tokenSymbol: 'LIGHT✨',
      tokenAddress: '2KUNyDwcfw4wHkSnugapjTT1JdrtsoPfdAD6JfsyVSn5',
      pairAddress: '5WRDHbRmSm7nQ73KtVCLMnTDEoSBPH6ZfX9dd68UhmuR',
      chain: 'SOL',
      exchange: 'pAMMBay6oceH9fJKBRHGP5D4bD4sWpmSwMn52FMfXEA',
      priceUsd: 0.00001285406402,
      volumeUsd: 43954494.01,
      mcap: 12854.06,
      priceChangePcs: [Object],
      transactions: [Object],
      audit: [Object],
      security: [Object],
      tokenCreatedTimestamp: 2025-09-27T01:54:54.000Z,
      liquidity: [Object],
      history: [Object],
      scannerAt: 1758994653560
    },
    '5wrdhbrmsm7nq73ktvclmntdeosbph6zfx9dd68uhmur': {
      id: '5WRDHbRmSm7nQ73KtVCLMnTDEoSBPH6ZfX9dd68UhmuR',
      tokenName: 'Bitlight Labs',
      tokenSymbol: 'LIGHT✨',
      tokenAddress: '2KUNyDwcfw4wHkSnugapjTT1JdrtsoPfdAD6JfsyVSn5',
      pairAddress: '5WRDHbRmSm7nQ73KtVCLMnTDEoSBPH6ZfX9dd68UhmuR',
      chain: 'SOL',
      exchange: 'pAMMBay6oceH9fJKBRHGP5D4bD4sWpmSwMn52FMfXEA',
      priceUsd: 0.00001285406402,
      volumeUsd: 43954494.01,
      mcap: 12854.06,
      priceChangePcs: [Object],
      transactions: [Object],
      audit: [Object],
      security: [Object],
      tokenCreatedTimestamp: 2025-09-27T01:54:54.000Z,
      liquidity: [Object],
      history: [Object],
      scannerAt: 1758994653560
    },
    '3XP2gPB5P6TkvUuSnpNd136TtaGxSXibjDkvFvYFB6mK': {
      id: '3XP2gPB5P6TkvUuSnpNd136TtaGxSXibjDkvFvYFB6mK',
      tokenName: 'Bitlight Labs',
      tokenSymbol: 'LIGHT',
      tokenAddress: '8pEpKLkcFB22rjg7SzervrhWPEaXVjVhtPa1EPWZEXBK',
      pairAddress: '3XP2gPB5P6TkvUuSnpNd136TtaGxSXibjDkvFvYFB6mK',
      chain: 'SOL',
      exchange: 'pAMMBay6oceH9fJKBRHGP5D4bD4sWpmSwMn52FMfXEA',
      priceUsd: 0,
      volumeUsd: 43213620.5,
      mcap: 591700.93,
      priceChangePcs: [Object],
      transactions: [Object],
      audit: [Object],
      security: [Object],
      tokenCreatedTimestamp: 2025-09-27T10:29:33.000Z,
      liquidity: [Object],
      history: [Object],
      scannerAt: 1758994653560
    },
    '3xp2gpb5p6tkvuusnpnd136ttagxsxibjdkvfvyfb6mk': {
      id: '3XP2gPB5P6TkvUuSnpNd136TtaGxSXibjDkvFvYFB6mK',
      tokenName: 'Bitlight Labs',
      tokenSymbol: 'LIGHT',
      tokenAddress: '8pEpKLkcFB22rjg7SzervrhWPEaXVjVhtPa1EPWZEXBK',
      pairAddress: '3XP2gPB5P6TkvUuSnpNd136TtaGxSXibjDkvFvYFB6mK',
      chain: 'SOL',
      exchange: 'pAMMBay6oceH9fJKBRHGP5D4bD4sWpmSwMn52FMfXEA',
      priceUsd: 0,
      volumeUsd: 43213620.5,
      mcap: 591700.93,
      priceChangePcs: [Object],
      transactions: [Object],
      audit: [Object],
      security: [Object],
      tokenCreatedTimestamp: 2025-09-27T10:29:33.000Z,
      liquidity: [Object],
      history: [Object],
      scannerAt: 1758994653560
    },
    '6NBeuSTRBmFhMBGAKcUT8V9YbSYz9rVypH9eoHe9j4Hj': {
      id: '6NBeuSTRBmFhMBGAKcUT8V9YbSYz9rVypH9eoHe9j4Hj',
      tokenName: 'Plasma',
      tokenSymbol: 'XPL',
      tokenAddress: '2c61jFWDoP5uwczFnLLyahCgCmLbAPMZcoPXptFZeAHM',
      pairAddress: '6NBeuSTRBmFhMBGAKcUT8V9YbSYz9rVypH9eoHe9j4Hj',
      chain: 'SOL',
      exchange: 'pAMMBay6oceH9fJKBRHGP5D4bD4sWpmSwMn52FMfXEA',
      priceUsd: 0.000012032587287082554,
      volumeUsd: 42234470.57,
      mcap: 12032.58,
      priceChangePcs: [Object],
      transactions: [Object],
      audit: [Object],
      security: [Object],
      tokenCreatedTimestamp: 2025-09-26T20:48:50.000Z,
      liquidity: [Object],
      history: [Object],
      scannerAt: 1758994653560
    },
    '6nbeustrbmfhmbgakcut8v9ybsyz9rvyph9eohe9j4hj': {
      id: '6NBeuSTRBmFhMBGAKcUT8V9YbSYz9rVypH9eoHe9j4Hj',
      tokenName: 'Plasma',
      tokenSymbol: 'XPL',
      tokenAddress: '2c61jFWDoP5uwczFnLLyahCgCmLbAPMZcoPXptFZeAHM',
      pairAddress: '6NBeuSTRBmFhMBGAKcUT8V9YbSYz9rVypH9eoHe9j4Hj',
      chain: 'SOL',
      exchange: 'pAMMBay6oceH9fJKBRHGP5D4bD4sWpmSwMn52FMfXEA',
      priceUsd: 0.000012032587287082554,
      volumeUsd: 42234470.57,
      mcap: 12032.58,
      priceChangePcs: [Object],
      transactions: [Object],
      audit: [Object],
      security: [Object],
      tokenCreatedTimestamp: 2025-09-26T20:48:50.000Z,
      liquidity: [Object],
      history: [Object],
      scannerAt: 1758994653560
    },
    HTvjzsfX3yU6BUodCjZ5vZkUrAxMDTrBs3CJaq43ashR: {
      id: 'HTvjzsfX3yU6BUodCjZ5vZkUrAxMDTrBs3CJaq43ashR',
      tokenName: 'USD Coin',
      tokenSymbol: 'USDC',
      tokenAddress: 'EPjFWdd5AufqSSqeM2qN1xzybapC8G4wEGGkZwyTDt1v',
      pairAddress: 'HTvjzsfX3yU6BUodCjZ5vZkUrAxMDTrBs3CJaq43ashR',
      chain: 'SOL',
      exchange: 'LBUZKhRxPF3XUpBCjp4YzTKgLccjZhTSDM9YuVaPwxo',
      priceUsd: 0.9996404144,
      volumeUsd: 42138387.84,
      mcap: 10142116580.29,
      priceChangePcs: [Object],
      transactions: [Object],
      audit: [Object],
      security: [Object],
      tokenCreatedTimestamp: 2025-01-16T08:06:00.000Z,
      liquidity: [Object],
      history: [Object],
      scannerAt: 1758994653560
    },
    htvjzsfx3yu6buodcjz5vzkuraxmdtrbs3cjaq43ashr: {
      id: 'HTvjzsfX3yU6BUodCjZ5vZkUrAxMDTrBs3CJaq43ashR',
      tokenName: 'USD Coin',
      tokenSymbol: 'USDC',
      tokenAddress: 'EPjFWdd5AufqSSqeM2qN1xzybapC8G4wEGGkZwyTDt1v',
      pairAddress: 'HTvjzsfX3yU6BUodCjZ5vZkUrAxMDTrBs3CJaq43ashR',
      chain: 'SOL',
      exchange: 'LBUZKhRxPF3XUpBCjp4YzTKgLccjZhTSDM9YuVaPwxo',
      priceUsd: 0.9996404144,
      volumeUsd: 42138387.84,
      mcap: 10142116580.29,
      priceChangePcs: [Object],
      transactions: [Object],
      audit: [Object],
      security: [Object],
      tokenCreatedTimestamp: 2025-01-16T08:06:00.000Z,
      liquidity: [Object],
      history: [Object],
      scannerAt: 1758994653560
    },
    EuPnpWGTPB5iYm34rTzk7aCvhBzZvGEjXhRwE65ShBdE: {
      id: 'EuPnpWGTPB5iYm34rTzk7aCvhBzZvGEjXhRwE65ShBdE',
      tokenName: 'Bitlight Labs',
      tokenSymbol: 'LIGHT',
      tokenAddress: '35ueb87P8QGLMJg8sJJL9KzsGnauNRdY3cj2gCu5rhyx',
      pairAddress: 'EuPnpWGTPB5iYm34rTzk7aCvhBzZvGEjXhRwE65ShBdE',
      chain: 'SOL',
      exchange: 'pAMMBay6oceH9fJKBRHGP5D4bD4sWpmSwMn52FMfXEA',
      priceUsd: 0,
      volumeUsd: 42110761.83,
      mcap: 510758.05,
      priceChangePcs: [Object],
      transactions: [Object],
      audit: [Object],
      security: [Object],
      tokenCreatedTimestamp: 2025-09-27T08:24:21.000Z,
      liquidity: [Object],
      history: [Object],
      scannerAt: 1758994653560
    },
    eupnpwgtpb5iym34rtzk7acvhbzzvgejxhrwe65shbde: {
      id: 'EuPnpWGTPB5iYm34rTzk7aCvhBzZvGEjXhRwE65ShBdE',
      tokenName: 'Bitlight Labs',
      tokenSymbol: 'LIGHT',
      tokenAddress: '35ueb87P8QGLMJg8sJJL9KzsGnauNRdY3cj2gCu5rhyx',
      pairAddress: 'EuPnpWGTPB5iYm34rTzk7aCvhBzZvGEjXhRwE65ShBdE',
      chain: 'SOL',
      exchange: 'pAMMBay6oceH9fJKBRHGP5D4bD4sWpmSwMn52FMfXEA',
      priceUsd: 0,
      volumeUsd: 42110761.83,
      mcap: 510758.05,
      priceChangePcs: [Object],
      transactions: [Object],
      audit: [Object],
      security: [Object],
      tokenCreatedTimestamp: 2025-09-27T08:24:21.000Z,
      liquidity: [Object],
      history: [Object],
      scannerAt: 1758994653560
    },
    '7A8XiSivB8ZpRL6T7qJFYv2wkxnEubRXt5DbAx15hzAB': {
      id: '7A8XiSivB8ZpRL6T7qJFYv2wkxnEubRXt5DbAx15hzAB',
      tokenName: 'BestWalletHQ',
      tokenSymbol: 'Best',
      tokenAddress: 'EPKQvx5DVHDa2cNgXtNTvCtfmhNKKPrUFDDtXDUG5Fxa',
      pairAddress: '7A8XiSivB8ZpRL6T7qJFYv2wkxnEubRXt5DbAx15hzAB',
      chain: 'SOL',
      exchange: 'pAMMBay6oceH9fJKBRHGP5D4bD4sWpmSwMn52FMfXEA',
      priceUsd: 0.00001927527081141244,
      volumeUsd: 41789323.4,
      mcap: 19275.26,
      priceChangePcs: [Object],
      transactions: [Object],
      audit: [Object],
      security: [Object],
      tokenCreatedTimestamp: 2025-09-26T22:56:35.000Z,
      liquidity: [Object],
      history: [Object],
      scannerAt: 1758994653560
    },
    '7a8xisivb8zprl6t7qjfyv2wkxneubrxt5dbax15hzab': {
      id: '7A8XiSivB8ZpRL6T7qJFYv2wkxnEubRXt5DbAx15hzAB',
      tokenName: 'BestWalletHQ',
      tokenSymbol: 'Best',
      tokenAddress: 'EPKQvx5DVHDa2cNgXtNTvCtfmhNKKPrUFDDtXDUG5Fxa',
      pairAddress: '7A8XiSivB8ZpRL6T7qJFYv2wkxnEubRXt5DbAx15hzAB',
      chain: 'SOL',
      exchange: 'pAMMBay6oceH9fJKBRHGP5D4bD4sWpmSwMn52FMfXEA',
      priceUsd: 0.00001927527081141244,
      volumeUsd: 41789323.4,
      mcap: 19275.26,
      priceChangePcs: [Object],
      transactions: [Object],
      audit: [Object],
      security: [Object],
      tokenCreatedTimestamp: 2025-09-26T22:56:35.000Z,
      liquidity: [Object],
      history: [Object],
      scannerAt: 1758994653560
    },
    '0x924E62a3689e7B94F397E61ac796DaBfEa32E93B': {
      id: '0x924E62a3689e7B94F397E61ac796DaBfEa32E93B',
      tokenName: 'TRADOOR',
      tokenSymbol: 'TRADOOR',
      tokenAddress: '0x9123400446a56176Eb1B6BE9ee5CF703e409F492',
      pairAddress: '0x924E62a3689e7B94F397E61ac796DaBfEa32E93B',
      chain: 'BSC',
      exchange: '0x1b81D678ffb9C0263b24A97847620C99d213eB14',
      priceUsd: 2.5552895577163492,
      volumeUsd: 41552637.8,
      mcap: 153317373.46,
      priceChangePcs: [Object],
      transactions: [Object],
      audit: [Object],
      security: [Object],
      tokenCreatedTimestamp: 2025-09-03T09:44:32.000Z,
      liquidity: [Object],
      history: [Object],
      scannerAt: 1758994653560
    },
    '0x924e62a3689e7b94f397e61ac796dabfea32e93b': {
      id: '0x924E62a3689e7B94F397E61ac796DaBfEa32E93B',
      tokenName: 'TRADOOR',
      tokenSymbol: 'TRADOOR',
      tokenAddress: '0x9123400446a56176Eb1B6BE9ee5CF703e409F492',
      pairAddress: '0x924E62a3689e7B94F397E61ac796DaBfEa32E93B',
      chain: 'BSC',
      exchange: '0x1b81D678ffb9C0263b24A97847620C99d213eB14',
      priceUsd: 2.5552895577163492,
      volumeUsd: 41552637.8,
      mcap: 153317373.46,
      priceChangePcs: [Object],
      transactions: [Object],
      audit: [Object],
      security: [Object],
      tokenCreatedTimestamp: 2025-09-03T09:44:32.000Z,
      liquidity: [Object],
      history: [Object],
      scannerAt: 1758994653560
    },
    EPUn9VkhAHVjtbX9Rsv7RsoZwnUSxyv1eVuUqwXkAh2z: {
      id: 'EPUn9VkhAHVjtbX9Rsv7RsoZwnUSxyv1eVuUqwXkAh2z',
      tokenName: 'Mira Network',
      tokenSymbol: 'MIRA',
      tokenAddress: 'BvzcpKGyhE1ACoWLzrYvH7hhgYTBUgnmvoPkB4WxHz9X',
      pairAddress: 'EPUn9VkhAHVjtbX9Rsv7RsoZwnUSxyv1eVuUqwXkAh2z',
      chain: 'SOL',
      exchange: 'pAMMBay6oceH9fJKBRHGP5D4bD4sWpmSwMn52FMfXEA',
      priceUsd: 0.00043223732593828887,
      volumeUsd: 41282234.94,
      mcap: 432237.15,
      priceChangePcs: [Object],
      transactions: [Object],
      audit: [Object],
      security: [Object],
      tokenCreatedTimestamp: 2025-09-26T13:34:47.000Z,
      liquidity: [Object],
      history: [Object],
      scannerAt: 1758994653560
    },
    epun9vkhahvjtbx9rsv7rsozwnusxyv1evuuqwxkah2z: {
      id: 'EPUn9VkhAHVjtbX9Rsv7RsoZwnUSxyv1eVuUqwXkAh2z',
      tokenName: 'Mira Network',
      tokenSymbol: 'MIRA',
      tokenAddress: 'BvzcpKGyhE1ACoWLzrYvH7hhgYTBUgnmvoPkB4WxHz9X',
      pairAddress: 'EPUn9VkhAHVjtbX9Rsv7RsoZwnUSxyv1eVuUqwXkAh2z',
      chain: 'SOL',
      exchange: 'pAMMBay6oceH9fJKBRHGP5D4bD4sWpmSwMn52FMfXEA',
      priceUsd: 0.00043223732593828887,
      volumeUsd: 41282234.94,
      mcap: 432237.15,
      priceChangePcs: [Object],
      transactions: [Object],
      audit: [Object],
      security: [Object],
      tokenCreatedTimestamp: 2025-09-26T13:34:47.000Z,
      liquidity: [Object],
      history: [Object],
      scannerAt: 1758994653560
    },
    AY1NRnBPV1fzNaWd8AGJ2v78iFoALrBsGc4oXBTuxQ7s: {
      id: 'AY1NRnBPV1fzNaWd8AGJ2v78iFoALrBsGc4oXBTuxQ7s',
      tokenName: 'MetaMask Coin',
      tokenSymbol: 'Meta-Mask',
      tokenAddress: 'GQMBkmv3rFJEsiXfRDJbd16TmGP8RckKnjGie5JPhGWf',
      pairAddress: 'AY1NRnBPV1fzNaWd8AGJ2v78iFoALrBsGc4oXBTuxQ7s',
      chain: 'SOL',
      exchange: 'pAMMBay6oceH9fJKBRHGP5D4bD4sWpmSwMn52FMfXEA',
      priceUsd: 0.0002198564611,
      volumeUsd: 41247541,
      mcap: 219855.79,
      priceChangePcs: [Object],
      transactions: [Object],
      audit: [Object],
      security: [Object],
      tokenCreatedTimestamp: 2025-09-27T09:11:49.000Z,
      liquidity: [Object],
      history: [Object],
      scannerAt: 1758994653560
    },
    ay1nrnbpv1fznawd8agj2v78ifoalrbsgc4oxbtuxq7s: {
      id: 'AY1NRnBPV1fzNaWd8AGJ2v78iFoALrBsGc4oXBTuxQ7s',
      tokenName: 'MetaMask Coin',
      tokenSymbol: 'Meta-Mask',
      tokenAddress: 'GQMBkmv3rFJEsiXfRDJbd16TmGP8RckKnjGie5JPhGWf',
      pairAddress: 'AY1NRnBPV1fzNaWd8AGJ2v78iFoALrBsGc4oXBTuxQ7s',
      chain: 'SOL',
      exchange: 'pAMMBay6oceH9fJKBRHGP5D4bD4sWpmSwMn52FMfXEA',
      priceUsd: 0.0002198564611,
      volumeUsd: 41247541,
      mcap: 219855.79,
      priceChangePcs: [Object],
      transactions: [Object],
      audit: [Object],
      security: [Object],
      tokenCreatedTimestamp: 2025-09-27T09:11:49.000Z,
      liquidity: [Object],
      history: [Object],
      scannerAt: 1758994653560
    },
    '88G7sDF7RvU5x1w5uyYVoCkK7SZewNywDGQA4rL7XsoY': {
      id: '88G7sDF7RvU5x1w5uyYVoCkK7SZewNywDGQA4rL7XsoY',
      tokenName: 'Mask Coin',
      tokenSymbol: 'MetaMask',
      tokenAddress: '9c5NpRifGwvuidHBq6Vw8Hgpcg27RMpJ6Qd9FiSVgPFs',
      pairAddress: '88G7sDF7RvU5x1w5uyYVoCkK7SZewNywDGQA4rL7XsoY',
      chain: 'SOL',
      exchange: 'pAMMBay6oceH9fJKBRHGP5D4bD4sWpmSwMn52FMfXEA',
      priceUsd: 0.00019669429883955626,
      volumeUsd: 40506920.05,
      mcap: 196693.9,
      priceChangePcs: [Object],
      transactions: [Object],
      audit: [Object],
      security: [Object],
      tokenCreatedTimestamp: 2025-09-26T13:25:32.000Z,
      liquidity: [Object],
      history: [Object],
      scannerAt: 1758994653560
    },
    '88g7sdf7rvu5x1w5uyyvockk7szewnywdgqa4rl7xsoy': {
      id: '88G7sDF7RvU5x1w5uyYVoCkK7SZewNywDGQA4rL7XsoY',
      tokenName: 'Mask Coin',
      tokenSymbol: 'MetaMask',
      tokenAddress: '9c5NpRifGwvuidHBq6Vw8Hgpcg27RMpJ6Qd9FiSVgPFs',
      pairAddress: '88G7sDF7RvU5x1w5uyYVoCkK7SZewNywDGQA4rL7XsoY',
      chain: 'SOL',
      exchange: 'pAMMBay6oceH9fJKBRHGP5D4bD4sWpmSwMn52FMfXEA',
      priceUsd: 0.00019669429883955626,
      volumeUsd: 40506920.05,
      mcap: 196693.9,
      priceChangePcs: [Object],
      transactions: [Object],
      audit: [Object],
      security: [Object],
      tokenCreatedTimestamp: 2025-09-26T13:25:32.000Z,
      liquidity: [Object],
      history: [Object],
      scannerAt: 1758994653560
    },
    '0xE0554a476A092703abdB3Ef35c80e0D76d32939F': {
      id: '0xE0554a476A092703abdB3Ef35c80e0D76d32939F',
      tokenName: 'USD Coin',
      tokenSymbol: 'USDC',
      tokenAddress: '0xA0b86991c6218b36c1d19D4a2e9Eb0cE3606eB48',
      pairAddress: '0xE0554a476A092703abdB3Ef35c80e0D76d32939F',
      chain: 'ETH',
      exchange: '0x68b3465833fb72A70ecDF485E0e4C7bD8665Fc45',
      priceUsd: 0.9988846665031407,
      volumeUsd: 39975519.68,
      mcap: 48713095946.39,
      priceChangePcs: [Object],
      transactions: [Object],
      audit: [Object],
      security: [Object],
      tokenCreatedTimestamp: 2021-11-14T21:44:29.000Z,
      liquidity: [Object],
      history: [Object],
      scannerAt: 1758994653560
    },
    '0xe0554a476a092703abdb3ef35c80e0d76d32939f': {
      id: '0xE0554a476A092703abdB3Ef35c80e0D76d32939F',
      tokenName: 'USD Coin',
      tokenSymbol: 'USDC',
      tokenAddress: '0xA0b86991c6218b36c1d19D4a2e9Eb0cE3606eB48',
      pairAddress: '0xE0554a476A092703abdB3Ef35c80e0D76d32939F',
      chain: 'ETH',
      exchange: '0x68b3465833fb72A70ecDF485E0e4C7bD8665Fc45',
      priceUsd: 0.9988846665031407,
      volumeUsd: 39975519.68,
      mcap: 48713095946.39,
      priceChangePcs: [Object],
      transactions: [Object],
      audit: [Object],
      security: [Object],
      tokenCreatedTimestamp: 2021-11-14T21:44:29.000Z,
      liquidity: [Object],
      history: [Object],
      scannerAt: 1758994653560
    },
    '8g7n7j1BJssKNA4sXAcpCuZCqiYRnaUVfQFFe8LDuALH': {
      id: '8g7n7j1BJssKNA4sXAcpCuZCqiYRnaUVfQFFe8LDuALH',
      tokenName: 'MIRA',
      tokenSymbol: 'MIRA',
      tokenAddress: 'HzmH1zXBGpLttVGHev58rAs6RwJYXnWrP3kAU6BxzCYr',
      pairAddress: '8g7n7j1BJssKNA4sXAcpCuZCqiYRnaUVfQFFe8LDuALH',
      chain: 'SOL',
      exchange: 'pAMMBay6oceH9fJKBRHGP5D4bD4sWpmSwMn52FMfXEA',
      priceUsd: 0,
      volumeUsd: 39120169.9,
      mcap: 385568.85,
      priceChangePcs: [Object],
      transactions: [Object],
      audit: [Object],
      security: [Object],
      tokenCreatedTimestamp: 2025-09-26T23:47:34.000Z,
      liquidity: [Object],
      history: [Object],
      scannerAt: 1758994653560
    },
    '8g7n7j1bjsskna4sxacpcuzcqiyrnauvfqffe8ldualh': {
      id: '8g7n7j1BJssKNA4sXAcpCuZCqiYRnaUVfQFFe8LDuALH',
      tokenName: 'MIRA',
      tokenSymbol: 'MIRA',
      tokenAddress: 'HzmH1zXBGpLttVGHev58rAs6RwJYXnWrP3kAU6BxzCYr',
      pairAddress: '8g7n7j1BJssKNA4sXAcpCuZCqiYRnaUVfQFFe8LDuALH',
      chain: 'SOL',
      exchange: 'pAMMBay6oceH9fJKBRHGP5D4bD4sWpmSwMn52FMfXEA',
      priceUsd: 0,
      volumeUsd: 39120169.9,
      mcap: 385568.85,
      priceChangePcs: [Object],
      transactions: [Object],
      audit: [Object],
      security: [Object],
      tokenCreatedTimestamp: 2025-09-26T23:47:34.000Z,
      liquidity: [Object],
      history: [Object],
      scannerAt: 1758994653560
    },
    '9nQQohMsSWAYL8ZzdRSjD54SKEEvyz9wmSQrk3t4st3X': {
      id: '9nQQohMsSWAYL8ZzdRSjD54SKEEvyz9wmSQrk3t4st3X',
      tokenName: 'Nyx Eternal',
      tokenSymbol: 'NYX',
      tokenAddress: 'BwUuMTwiCUruHcAXZ6C4jQX9hFnJKavq43FXiR7FPLGQ',
      pairAddress: '9nQQohMsSWAYL8ZzdRSjD54SKEEvyz9wmSQrk3t4st3X',
      chain: 'SOL',
      exchange: 'pAMMBay6oceH9fJKBRHGP5D4bD4sWpmSwMn52FMfXEA',
      priceUsd: 0.0002313684457266388,
      volumeUsd: 39019579.41,
      mcap: 231368.02,
      priceChangePcs: [Object],
      transactions: [Object],
      audit: [Object],
      security: [Object],
      tokenCreatedTimestamp: 2025-09-26T22:03:13.000Z,
      liquidity: [Object],
      history: [Object],
      scannerAt: 1758994653560
    },
    '9nqqohmsswayl8zzdrsjd54skeevyz9wmsqrk3t4st3x': {
      id: '9nQQohMsSWAYL8ZzdRSjD54SKEEvyz9wmSQrk3t4st3X',
      tokenName: 'Nyx Eternal',
      tokenSymbol: 'NYX',
      tokenAddress: 'BwUuMTwiCUruHcAXZ6C4jQX9hFnJKavq43FXiR7FPLGQ',
      pairAddress: '9nQQohMsSWAYL8ZzdRSjD54SKEEvyz9wmSQrk3t4st3X',
      chain: 'SOL',
      exchange: 'pAMMBay6oceH9fJKBRHGP5D4bD4sWpmSwMn52FMfXEA',
      priceUsd: 0.0002313684457266388,
      volumeUsd: 39019579.41,
      mcap: 231368.02,
      priceChangePcs: [Object],
      transactions: [Object],
      audit: [Object],
      security: [Object],
      tokenCreatedTimestamp: 2025-09-26T22:03:13.000Z,
      liquidity: [Object],
      history: [Object],
      scannerAt: 1758994653560
    },
    '7CkXEnsXAPWBdRkGAUdRS2WS2v59HRYvbVviz8Gzomgt': {
      id: '7CkXEnsXAPWBdRkGAUdRS2WS2v59HRYvbVviz8Gzomgt',
      tokenName: 'trillions',
      tokenSymbol: 'trillions',
      tokenAddress: 'Axe7g3Gwnx9tBUG53PYGxMF6sJJxPKDgeqDS7zEv5TJR',
      pairAddress: '7CkXEnsXAPWBdRkGAUdRS2WS2v59HRYvbVviz8Gzomgt',
      chain: 'SOL',
      exchange: 'pAMMBay6oceH9fJKBRHGP5D4bD4sWpmSwMn52FMfXEA',
      priceUsd: 0.000221785233,
      volumeUsd: 38951038.48,
      mcap: 221784.62,
      priceChangePcs: [Object],
      transactions: [Object],
      audit: [Object],
      security: [Object],
      tokenCreatedTimestamp: 2025-09-27T11:04:43.000Z,
      liquidity: [Object],
      history: [Object],
      scannerAt: 1758994653560
    },
    '7ckxensxapwbdrkgaudrs2ws2v59hryvbvviz8gzomgt': {
      id: '7CkXEnsXAPWBdRkGAUdRS2WS2v59HRYvbVviz8Gzomgt',
      tokenName: 'trillions',
      tokenSymbol: 'trillions',
      tokenAddress: 'Axe7g3Gwnx9tBUG53PYGxMF6sJJxPKDgeqDS7zEv5TJR',
      pairAddress: '7CkXEnsXAPWBdRkGAUdRS2WS2v59HRYvbVviz8Gzomgt',
      chain: 'SOL',
      exchange: 'pAMMBay6oceH9fJKBRHGP5D4bD4sWpmSwMn52FMfXEA',
      priceUsd: 0.000221785233,
      volumeUsd: 38951038.48,
      mcap: 221784.62,
      priceChangePcs: [Object],
      transactions: [Object],
      audit: [Object],
      security: [Object],
      tokenCreatedTimestamp: 2025-09-27T11:04:43.000Z,
      liquidity: [Object],
      history: [Object],
      scannerAt: 1758994653560
    },
    '9AbW2CpmDd29Qdx2irzHoRKKX8RKuXMjsWcmh86Mtqe4': {
      id: '9AbW2CpmDd29Qdx2irzHoRKKX8RKuXMjsWcmh86Mtqe4',
      tokenName: 'PoyeVerse',
      tokenSymbol: 'POYE',
      tokenAddress: '79B65uJCwgugDvGuha2adv8ZCEbM5gmDtUyGvY2vu3wN',
      pairAddress: '9AbW2CpmDd29Qdx2irzHoRKKX8RKuXMjsWcmh86Mtqe4',
      chain: 'SOL',
      exchange: 'pAMMBay6oceH9fJKBRHGP5D4bD4sWpmSwMn52FMfXEA',
      priceUsd: 0.0002377669249,
      volumeUsd: 38263229.38,
      mcap: 237766.53,
      priceChangePcs: [Object],
      transactions: [Object],
      audit: [Object],
      security: [Object],
      tokenCreatedTimestamp: 2025-09-27T01:35:39.000Z,
      liquidity: [Object],
      history: [Object],
      scannerAt: 1758994653560
    },
    '9abw2cpmdd29qdx2irzhorkkx8rkuxmjswcmh86mtqe4': {
      id: '9AbW2CpmDd29Qdx2irzHoRKKX8RKuXMjsWcmh86Mtqe4',
      tokenName: 'PoyeVerse',
      tokenSymbol: 'POYE',
      tokenAddress: '79B65uJCwgugDvGuha2adv8ZCEbM5gmDtUyGvY2vu3wN',
      pairAddress: '9AbW2CpmDd29Qdx2irzHoRKKX8RKuXMjsWcmh86Mtqe4',
      chain: 'SOL',
      exchange: 'pAMMBay6oceH9fJKBRHGP5D4bD4sWpmSwMn52FMfXEA',
      priceUsd: 0.0002377669249,
      volumeUsd: 38263229.38,
      mcap: 237766.53,
      priceChangePcs: [Object],
      transactions: [Object],
      audit: [Object],
      security: [Object],
      tokenCreatedTimestamp: 2025-09-27T01:35:39.000Z,
      liquidity: [Object],
      history: [Object],
      scannerAt: 1758994653560
    },
    '5pTrEfjtKwVFRcAxh4B1rmCPJPK4G8YA5UDpgxAMsJL3': {
      id: '5pTrEfjtKwVFRcAxh4B1rmCPJPK4G8YA5UDpgxAMsJL3',
      tokenName: 'Bowl Cut Dog',
      tokenSymbol: 'MOE',
      tokenAddress: '8N2hCvuyxpByAnDenLcLFeJr3osiVW7fuutxthc3u8Dx',
      pairAddress: '5pTrEfjtKwVFRcAxh4B1rmCPJPK4G8YA5UDpgxAMsJL3',
      chain: 'SOL',
      exchange: 'pAMMBay6oceH9fJKBRHGP5D4bD4sWpmSwMn52FMfXEA',
      priceUsd: 0.0001538352766,
      volumeUsd: 38096207.95,
      mcap: 153834.04,
      priceChangePcs: [Object],
      transactions: [Object],
      audit: [Object],
      security: [Object],
      tokenCreatedTimestamp: 2025-09-27T10:36:53.000Z,
      liquidity: [Object],
      history: [Object],
      scannerAt: 1758994653560
    },
    '5ptrefjtkwvfrcaxh4b1rmcpjpk4g8ya5udpgxamsjl3': {
      id: '5pTrEfjtKwVFRcAxh4B1rmCPJPK4G8YA5UDpgxAMsJL3',
      tokenName: 'Bowl Cut Dog',
      tokenSymbol: 'MOE',
      tokenAddress: '8N2hCvuyxpByAnDenLcLFeJr3osiVW7fuutxthc3u8Dx',
      pairAddress: '5pTrEfjtKwVFRcAxh4B1rmCPJPK4G8YA5UDpgxAMsJL3',
      chain: 'SOL',
      exchange: 'pAMMBay6oceH9fJKBRHGP5D4bD4sWpmSwMn52FMfXEA',
      priceUsd: 0.0001538352766,
      volumeUsd: 38096207.95,
      mcap: 153834.04,
      priceChangePcs: [Object],
      transactions: [Object],
      audit: [Object],
      security: [Object],
      tokenCreatedTimestamp: 2025-09-27T10:36:53.000Z,
      liquidity: [Object],
      history: [Object],
      scannerAt: 1758994653560
    },
    gA6Ceeeoc3Qy3Rdwv1nppARG8gabKMmzHNYMv5wMAYB: {
      id: 'gA6Ceeeoc3Qy3Rdwv1nppARG8gabKMmzHNYMv5wMAYB',
      tokenName: 'Official Ronaldo',
      tokenSymbol: 'CR7',
      tokenAddress: 'Fa9pC1hrFA8XXHuGXLpvLgDxAQYArA4REDEwRevHWst8',
      pairAddress: 'gA6Ceeeoc3Qy3Rdwv1nppARG8gabKMmzHNYMv5wMAYB',
      chain: 'SOL',
      exchange: 'pAMMBay6oceH9fJKBRHGP5D4bD4sWpmSwMn52FMfXEA',
      priceUsd: 0.000007084195836,
      volumeUsd: 37678922.94,
      mcap: 7084.19,
      priceChangePcs: [Object],
      transactions: [Object],
      audit: [Object],
      security: [Object],
      tokenCreatedTimestamp: 2025-09-27T05:15:56.000Z,
      liquidity: [Object],
      history: [Object],
      scannerAt: 1758994653560
    },
    ga6ceeeoc3qy3rdwv1npparg8gabkmmzhnymv5wmayb: {
      id: 'gA6Ceeeoc3Qy3Rdwv1nppARG8gabKMmzHNYMv5wMAYB',
      tokenName: 'Official Ronaldo',
      tokenSymbol: 'CR7',
      tokenAddress: 'Fa9pC1hrFA8XXHuGXLpvLgDxAQYArA4REDEwRevHWst8',
      pairAddress: 'gA6Ceeeoc3Qy3Rdwv1nppARG8gabKMmzHNYMv5wMAYB',
      chain: 'SOL',
      exchange: 'pAMMBay6oceH9fJKBRHGP5D4bD4sWpmSwMn52FMfXEA',
      priceUsd: 0.000007084195836,
      volumeUsd: 37678922.94,
      mcap: 7084.19,
      priceChangePcs: [Object],
      transactions: [Object],
      audit: [Object],
      security: [Object],
      tokenCreatedTimestamp: 2025-09-27T05:15:56.000Z,
      liquidity: [Object],
      history: [Object],
      scannerAt: 1758994653560
    },
    '0xd21bc2291C1aeF340f5265E257B18aa5dafed759': {
      id: '0xd21bc2291C1aeF340f5265E257B18aa5dafed759',
      tokenName: 'Hana Token',
      tokenSymbol: 'HANA',
      tokenAddress: '0x6261963EbE9Ff014aAd10eCc3b0238D4D04E8353',
      pairAddress: '0xd21bc2291C1aeF340f5265E257B18aa5dafed759',
      chain: 'BSC',
      exchange: '0x1b81D678ffb9C0263b24A97847620C99d213eB14',
      priceUsd: 0.05834764885753,
      volumeUsd: 37665525.62,
      mcap: 58347648.85,
      priceChangePcs: [Object],
      transactions: [Object],
      audit: [Object],
      security: [Object],
      tokenCreatedTimestamp: 2025-09-25T02:15:44.000Z,
      liquidity: [Object],
      history: [Object],
      scannerAt: 1758994653560
    },
    '0xd21bc2291c1aef340f5265e257b18aa5dafed759': {
      id: '0xd21bc2291C1aeF340f5265E257B18aa5dafed759',
      tokenName: 'Hana Token',
      tokenSymbol: 'HANA',
      tokenAddress: '0x6261963EbE9Ff014aAd10eCc3b0238D4D04E8353',
      pairAddress: '0xd21bc2291C1aeF340f5265E257B18aa5dafed759',
      chain: 'BSC',
      exchange: '0x1b81D678ffb9C0263b24A97847620C99d213eB14',
      priceUsd: 0.05834764885753,
      volumeUsd: 37665525.62,
      mcap: 58347648.85,
      priceChangePcs: [Object],
      transactions: [Object],
      audit: [Object],
      security: [Object],
      tokenCreatedTimestamp: 2025-09-25T02:15:44.000Z,
      liquidity: [Object],
      history: [Object],
      scannerAt: 1758994653560
    },
    '0x4e68Ccd3E89f51C3074ca5072bbAC773960dFa36': {
      id: '0x4e68Ccd3E89f51C3074ca5072bbAC773960dFa36',
      tokenName: 'Tether USD',
      tokenSymbol: 'USDT',
      tokenAddress: '0xdAC17F958D2ee523a2206206994597C13D831ec7',
      pairAddress: '0x4e68Ccd3E89f51C3074ca5072bbAC773960dFa36',
      chain: 'ETH',
      exchange: '0x68b3465833fb72A70ecDF485E0e4C7bD8665Fc45',
      priceUsd: 0.9955531963609452,
      volumeUsd: 37107897,
      mcap: 94352101256.05,
      priceChangePcs: [Object],
      transactions: [Object],
      audit: [Object],
      security: [Object],
      tokenCreatedTimestamp: 2021-05-05T16:37:08.000Z,
      liquidity: [Object],
      history: [Object],
      scannerAt: 1758994653560
    },
    '0x4e68ccd3e89f51c3074ca5072bbac773960dfa36': {
      id: '0x4e68Ccd3E89f51C3074ca5072bbAC773960dFa36',
      tokenName: 'Tether USD',
      tokenSymbol: 'USDT',
      tokenAddress: '0xdAC17F958D2ee523a2206206994597C13D831ec7',
      pairAddress: '0x4e68Ccd3E89f51C3074ca5072bbAC773960dFa36',
      chain: 'ETH',
      exchange: '0x68b3465833fb72A70ecDF485E0e4C7bD8665Fc45',
      priceUsd: 0.9955531963609452,
      volumeUsd: 37107897,
      mcap: 94352101256.05,
      priceChangePcs: [Object],
      transactions: [Object],
      audit: [Object],
      security: [Object],
      tokenCreatedTimestamp: 2021-05-05T16:37:08.000Z,
      liquidity: [Object],
      history: [Object],
      scannerAt: 1758994653560
    },
    E6nG5KBXw74xEXwNGWihUa9LUHKHs1dG75VCv9tewNN3: {
      id: 'E6nG5KBXw74xEXwNGWihUa9LUHKHs1dG75VCv9tewNN3',
      tokenName: 'MetaMask Coin',
      tokenSymbol: 'MetaMask',
      tokenAddress: 'HWpiyoJvaahBi4kmGVkxcaSzT54PnLqURBniEqku5HGy',
      pairAddress: 'E6nG5KBXw74xEXwNGWihUa9LUHKHs1dG75VCv9tewNN3',
      chain: 'SOL',
      exchange: 'pAMMBay6oceH9fJKBRHGP5D4bD4sWpmSwMn52FMfXEA',
      priceUsd: 0.0001619516689,
      volumeUsd: 37014877.68,
      mcap: 161950.44,
      priceChangePcs: [Object],
      transactions: [Object],
      audit: [Object],
      security: [Object],
      tokenCreatedTimestamp: 2025-09-27T04:19:50.000Z,
      liquidity: [Object],
      history: [Object],
      scannerAt: 1758994653560
    },
    e6ng5kbxw74xexwngwihua9luhkhs1dg75vcv9tewnn3: {
      id: 'E6nG5KBXw74xEXwNGWihUa9LUHKHs1dG75VCv9tewNN3',
      tokenName: 'MetaMask Coin',
      tokenSymbol: 'MetaMask',
      tokenAddress: 'HWpiyoJvaahBi4kmGVkxcaSzT54PnLqURBniEqku5HGy',
      pairAddress: 'E6nG5KBXw74xEXwNGWihUa9LUHKHs1dG75VCv9tewNN3',
      chain: 'SOL',
      exchange: 'pAMMBay6oceH9fJKBRHGP5D4bD4sWpmSwMn52FMfXEA',
      priceUsd: 0.0001619516689,
      volumeUsd: 37014877.68,
      mcap: 161950.44,
      priceChangePcs: [Object],
      transactions: [Object],
      audit: [Object],
      security: [Object],
      tokenCreatedTimestamp: 2025-09-27T04:19:50.000Z,
      liquidity: [Object],
      history: [Object],
      scannerAt: 1758994653560
    },
    '8HxJVwg9JPEm72D3uR9jp79BTgJj1cMQaYGNELFFeL6n': {
      id: '8HxJVwg9JPEm72D3uR9jp79BTgJj1cMQaYGNELFFeL6n',
      tokenName: 'Aster_DEX',
      tokenSymbol: 'Aster',
      tokenAddress: '9fQRKpzq29E6brzv7c2eXVpG6yiwoCgtSR4FjKiz63JY',
      pairAddress: '8HxJVwg9JPEm72D3uR9jp79BTgJj1cMQaYGNELFFeL6n',
      chain: 'SOL',
      exchange: 'pAMMBay6oceH9fJKBRHGP5D4bD4sWpmSwMn52FMfXEA',
      priceUsd: 0.00000844746360898433,
      volumeUsd: 35799930.15,
      mcap: 8447.46,
      priceChangePcs: [Object],
      transactions: [Object],
      audit: [Object],
      security: [Object],
      tokenCreatedTimestamp: 2025-09-26T22:06:19.000Z,
      liquidity: [Object],
      history: [Object],
      scannerAt: 1758994653560
    },
    '8hxjvwg9jpem72d3ur9jp79btgjj1cmqaygnelffel6n': {
      id: '8HxJVwg9JPEm72D3uR9jp79BTgJj1cMQaYGNELFFeL6n',
      tokenName: 'Aster_DEX',
      tokenSymbol: 'Aster',
      tokenAddress: '9fQRKpzq29E6brzv7c2eXVpG6yiwoCgtSR4FjKiz63JY',
      pairAddress: '8HxJVwg9JPEm72D3uR9jp79BTgJj1cMQaYGNELFFeL6n',
      chain: 'SOL',
      exchange: 'pAMMBay6oceH9fJKBRHGP5D4bD4sWpmSwMn52FMfXEA',
      priceUsd: 0.00000844746360898433,
      volumeUsd: 35799930.15,
      mcap: 8447.46,
      priceChangePcs: [Object],
      transactions: [Object],
      audit: [Object],
      security: [Object],
      tokenCreatedTimestamp: 2025-09-26T22:06:19.000Z,
      liquidity: [Object],
      history: [Object],
      scannerAt: 1758994653560
    },
    BhkrpVukUBTvZ7xmKTXkubGBC8VncbDNRgQgbRzExxAb: {
      id: 'BhkrpVukUBTvZ7xmKTXkubGBC8VncbDNRgQgbRzExxAb',
      tokenName: 'Aster Inu',
      tokenSymbol: 'ASTERINU',
      tokenAddress: 'FKieQmUYzhPPDNYHYw5YXJdPY1GfS8S4A9QbMaFtdaje',
      pairAddress: 'BhkrpVukUBTvZ7xmKTXkubGBC8VncbDNRgQgbRzExxAb',
      chain: 'SOL',
      exchange: 'pAMMBay6oceH9fJKBRHGP5D4bD4sWpmSwMn52FMfXEA',
      priceUsd: 0.000009145260837930946,
      volumeUsd: 35242965.29,
      mcap: 9145.25,
      priceChangePcs: [Object],
      transactions: [Object],
      audit: [Object],
      security: [Object],
      tokenCreatedTimestamp: 2025-09-27T00:48:09.000Z,
      liquidity: [Object],
      history: [Object],
      scannerAt: 1758994653560
    },
    bhkrpvukubtvz7xmktxkubgbc8vncbdnrgqgbrzexxab: {
      id: 'BhkrpVukUBTvZ7xmKTXkubGBC8VncbDNRgQgbRzExxAb',
      tokenName: 'Aster Inu',
      tokenSymbol: 'ASTERINU',
      tokenAddress: 'FKieQmUYzhPPDNYHYw5YXJdPY1GfS8S4A9QbMaFtdaje',
      pairAddress: 'BhkrpVukUBTvZ7xmKTXkubGBC8VncbDNRgQgbRzExxAb',
      chain: 'SOL',
      exchange: 'pAMMBay6oceH9fJKBRHGP5D4bD4sWpmSwMn52FMfXEA',
      priceUsd: 0.000009145260837930946,
      volumeUsd: 35242965.29,
      mcap: 9145.25,
      priceChangePcs: [Object],
      transactions: [Object],
      audit: [Object],
      security: [Object],
      tokenCreatedTimestamp: 2025-09-27T00:48:09.000Z,
      liquidity: [Object],
      history: [Object],
      scannerAt: 1758994653560
    },
    '0x30D59a44930B3994c116846EFe55fC8fcF608aa8': {
      id: '0x30D59a44930B3994c116846EFe55fC8fcF608aa8',
      tokenName: 'Roam Token',
      tokenSymbol: 'ROAM',
      tokenAddress: '0x3fefe29dA25BEa166fB5f6ADe7b5976D2b0e586B',
      pairAddress: '0x30D59a44930B3994c116846EFe55fC8fcF608aa8',
      chain: 'BSC',
      exchange: '0x1b81D678ffb9C0263b24A97847620C99d213eB14',
      priceUsd: 0.09143708883771101,
      volumeUsd: 34995322.71,
      mcap: 4024184.09,
      priceChangePcs: [Object],
      transactions: [Object],
      audit: [Object],
      security: [Object],
      tokenCreatedTimestamp: 2025-06-12T13:31:55.000Z,
      liquidity: [Object],
      history: [Object],
      scannerAt: 1758994653560
    },
    '0x30d59a44930b3994c116846efe55fc8fcf608aa8': {
      id: '0x30D59a44930B3994c116846EFe55fC8fcF608aa8',
      tokenName: 'Roam Token',
      tokenSymbol: 'ROAM',
      tokenAddress: '0x3fefe29dA25BEa166fB5f6ADe7b5976D2b0e586B',
      pairAddress: '0x30D59a44930B3994c116846EFe55fC8fcF608aa8',
      chain: 'BSC',
      exchange: '0x1b81D678ffb9C0263b24A97847620C99d213eB14',
      priceUsd: 0.09143708883771101,
      volumeUsd: 34995322.71,
      mcap: 4024184.09,
      priceChangePcs: [Object],
      transactions: [Object],
      audit: [Object],
      security: [Object],
      tokenCreatedTimestamp: 2025-06-12T13:31:55.000Z,
      liquidity: [Object],
      history: [Object],
      scannerAt: 1758994653560
    },
    AA861xs52detaJZejR53MRnmyBTR9Nru2g7z12v1fngD: {
      id: 'AA861xs52detaJZejR53MRnmyBTR9Nru2g7z12v1fngD',
      tokenName: 'Wall Street Pepe',
      tokenSymbol: 'WEPE',
      tokenAddress: 'EchVgsbGoy2WqEB9AZP8PAbGzF86sQfK3QXXpsLhmoFP',
      pairAddress: 'AA861xs52detaJZejR53MRnmyBTR9Nru2g7z12v1fngD',
      chain: 'SOL',
      exchange: 'pAMMBay6oceH9fJKBRHGP5D4bD4sWpmSwMn52FMfXEA',
      priceUsd: 0.00023050211238680884,
      volumeUsd: 33950247.95,
      mcap: 230501.46,
      priceChangePcs: [Object],
      transactions: [Object],
      audit: [Object],
      security: [Object],
      tokenCreatedTimestamp: 2025-09-26T15:56:20.000Z,
      liquidity: [Object],
      history: [Object],
      scannerAt: 1758994653560
    },
    aa861xs52detajzejr53mrnmybtr9nru2g7z12v1fngd: {
      id: 'AA861xs52detaJZejR53MRnmyBTR9Nru2g7z12v1fngD',
      tokenName: 'Wall Street Pepe',
      tokenSymbol: 'WEPE',
      tokenAddress: 'EchVgsbGoy2WqEB9AZP8PAbGzF86sQfK3QXXpsLhmoFP',
      pairAddress: 'AA861xs52detaJZejR53MRnmyBTR9Nru2g7z12v1fngD',
      chain: 'SOL',
      exchange: 'pAMMBay6oceH9fJKBRHGP5D4bD4sWpmSwMn52FMfXEA',
      priceUsd: 0.00023050211238680884,
      volumeUsd: 33950247.95,
      mcap: 230501.46,
      priceChangePcs: [Object],
      transactions: [Object],
      audit: [Object],
      security: [Object],
      tokenCreatedTimestamp: 2025-09-26T15:56:20.000Z,
      liquidity: [Object],
      history: [Object],
      scannerAt: 1758994653560
    },
    '65oAbYggcoW2U4k65DzgnAQbm3CPfLFrA585NTB7Vj46': {
      id: '65oAbYggcoW2U4k65DzgnAQbm3CPfLFrA585NTB7Vj46',
      tokenName: 'trillions',
      tokenSymbol: 'trillions',
      tokenAddress: '7btk2Yxu9ySEH4HkJhZRJfuspPuZ5GP2bKnrwU1XpXTC',
      pairAddress: '65oAbYggcoW2U4k65DzgnAQbm3CPfLFrA585NTB7Vj46',
      chain: 'SOL',
      exchange: 'pAMMBay6oceH9fJKBRHGP5D4bD4sWpmSwMn52FMfXEA',
      priceUsd: 0.0001817371938,
      volumeUsd: 33835236.97,
      mcap: 181736.72,
      priceChangePcs: [Object],
      transactions: [Object],
      audit: [Object],
      security: [Object],
      tokenCreatedTimestamp: 2025-09-27T07:52:30.000Z,
      liquidity: [Object],
      history: [Object],
      scannerAt: 1758994653560
    },
    '65oabyggcow2u4k65dzgnaqbm3cpflfra585ntb7vj46': {
      id: '65oAbYggcoW2U4k65DzgnAQbm3CPfLFrA585NTB7Vj46',
      tokenName: 'trillions',
      tokenSymbol: 'trillions',
      tokenAddress: '7btk2Yxu9ySEH4HkJhZRJfuspPuZ5GP2bKnrwU1XpXTC',
      pairAddress: '65oAbYggcoW2U4k65DzgnAQbm3CPfLFrA585NTB7Vj46',
      chain: 'SOL',
      exchange: 'pAMMBay6oceH9fJKBRHGP5D4bD4sWpmSwMn52FMfXEA',
      priceUsd: 0.0001817371938,
      volumeUsd: 33835236.97,
      mcap: 181736.72,
      priceChangePcs: [Object],
      transactions: [Object],
      audit: [Object],
      security: [Object],
      tokenCreatedTimestamp: 2025-09-27T07:52:30.000Z,
      liquidity: [Object],
      history: [Object],
      scannerAt: 1758994653560
    },
    '6nZwCPVZ21LHmrsVYLZKpFwaLmrMqBGgkE1mTaSkETJy': {
      id: '6nZwCPVZ21LHmrsVYLZKpFwaLmrMqBGgkE1mTaSkETJy',
      tokenName: 'Mira Network',
      tokenSymbol: 'MIRA🚀',
      tokenAddress: 'GEjNGLjNyDgbC7p5BnRq4NxUrvRArKgeR2RZ2V8k87sZ',
      pairAddress: '6nZwCPVZ21LHmrsVYLZKpFwaLmrMqBGgkE1mTaSkETJy',
      chain: 'SOL',
      exchange: 'pAMMBay6oceH9fJKBRHGP5D4bD4sWpmSwMn52FMfXEA',
      priceUsd: 0.00022092357419748333,
      volumeUsd: 33510100.63,
      mcap: 220923.33,
      priceChangePcs: [Object],
      transactions: [Object],
      audit: [Object],
      security: [Object],
      tokenCreatedTimestamp: 2025-09-26T13:16:57.000Z,
      liquidity: [Object],
      history: [Object],
      scannerAt: 1758994653560
    },
    '6nzwcpvz21lhmrsvylzkpfwalmrmqbggke1mtasketjy': {
      id: '6nZwCPVZ21LHmrsVYLZKpFwaLmrMqBGgkE1mTaSkETJy',
      tokenName: 'Mira Network',
      tokenSymbol: 'MIRA🚀',
      tokenAddress: 'GEjNGLjNyDgbC7p5BnRq4NxUrvRArKgeR2RZ2V8k87sZ',
      pairAddress: '6nZwCPVZ21LHmrsVYLZKpFwaLmrMqBGgkE1mTaSkETJy',
      chain: 'SOL',
      exchange: 'pAMMBay6oceH9fJKBRHGP5D4bD4sWpmSwMn52FMfXEA',
      priceUsd: 0.00022092357419748333,
      volumeUsd: 33510100.63,
      mcap: 220923.33,
      priceChangePcs: [Object],
      transactions: [Object],
      audit: [Object],
      security: [Object],
      tokenCreatedTimestamp: 2025-09-26T13:16:57.000Z,
      liquidity: [Object],
      history: [Object],
      scannerAt: 1758994653560
    },
    '9ccRB9QYL1YFyBEM5oSGd9f6BiAmBwRJUwDvrXxAnD3z': {
      id: '9ccRB9QYL1YFyBEM5oSGd9f6BiAmBwRJUwDvrXxAnD3z',
      tokenName: 'GOAT Network',
      tokenSymbol: 'GOATED',
      tokenAddress: 'Bbb9h9kGkYFLvgAPufU8aZYnV1TFKfVrtuQBia9SBmxW',
      pairAddress: '9ccRB9QYL1YFyBEM5oSGd9f6BiAmBwRJUwDvrXxAnD3z',
      chain: 'SOL',
      exchange: 'pAMMBay6oceH9fJKBRHGP5D4bD4sWpmSwMn52FMfXEA',
      priceUsd: 0,
      volumeUsd: 33461973.8,
      mcap: 149862.08,
      priceChangePcs: [Object],
      transactions: [Object],
      audit: [Object],
      security: [Object],
      tokenCreatedTimestamp: 2025-09-27T09:03:08.000Z,
      liquidity: [Object],
      history: [Object],
      scannerAt: 1758994653560
    },
    '9ccrb9qyl1yfybem5osgd9f6biambwrjuwdvrxxand3z': {
      id: '9ccRB9QYL1YFyBEM5oSGd9f6BiAmBwRJUwDvrXxAnD3z',
      tokenName: 'GOAT Network',
      tokenSymbol: 'GOATED',
      tokenAddress: 'Bbb9h9kGkYFLvgAPufU8aZYnV1TFKfVrtuQBia9SBmxW',
      pairAddress: '9ccRB9QYL1YFyBEM5oSGd9f6BiAmBwRJUwDvrXxAnD3z',
      chain: 'SOL',
      exchange: 'pAMMBay6oceH9fJKBRHGP5D4bD4sWpmSwMn52FMfXEA',
      priceUsd: 0,
      volumeUsd: 33461973.8,
      mcap: 149862.08,
      priceChangePcs: [Object],
      transactions: [Object],
      audit: [Object],
      security: [Object],
      tokenCreatedTimestamp: 2025-09-27T09:03:08.000Z,
      liquidity: [Object],
      history: [Object],
      scannerAt: 1758994653560
    },
    AXkK9xCyuupy9T3Tg6uvbbjoX1ENKfZmXe8qpc1ZTaoq: {
      id: 'AXkK9xCyuupy9T3Tg6uvbbjoX1ENKfZmXe8qpc1ZTaoq',
      tokenName: 'ZEROBASE',
      tokenSymbol: 'ZBT',
      tokenAddress: '8TbQNaNGLNwqnWwkGxHt2qtTxQsXXTpwBLv8Nx2MS6Yr',
      pairAddress: 'AXkK9xCyuupy9T3Tg6uvbbjoX1ENKfZmXe8qpc1ZTaoq',
      chain: 'SOL',
      exchange: 'pAMMBay6oceH9fJKBRHGP5D4bD4sWpmSwMn52FMfXEA',
      priceUsd: 0,
      volumeUsd: 33335896.58,
      mcap: 157176.39,
      priceChangePcs: [Object],
      transactions: [Object],
      audit: [Object],
      security: [Object],
      tokenCreatedTimestamp: 2025-09-27T04:41:33.000Z,
      liquidity: [Object],
      history: [Object],
      scannerAt: 1758994653560
    },
    axkk9xcyuupy9t3tg6uvbbjox1enkfzmxe8qpc1ztaoq: {
      id: 'AXkK9xCyuupy9T3Tg6uvbbjoX1ENKfZmXe8qpc1ZTaoq',
      tokenName: 'ZEROBASE',
      tokenSymbol: 'ZBT',
      tokenAddress: '8TbQNaNGLNwqnWwkGxHt2qtTxQsXXTpwBLv8Nx2MS6Yr',
      pairAddress: 'AXkK9xCyuupy9T3Tg6uvbbjoX1ENKfZmXe8qpc1ZTaoq',
      chain: 'SOL',
      exchange: 'pAMMBay6oceH9fJKBRHGP5D4bD4sWpmSwMn52FMfXEA',
      priceUsd: 0,
      volumeUsd: 33335896.58,
      mcap: 157176.39,
      priceChangePcs: [Object],
      transactions: [Object],
      audit: [Object],
      security: [Object],
      tokenCreatedTimestamp: 2025-09-27T04:41:33.000Z,
      liquidity: [Object],
      history: [Object],
      scannerAt: 1758994653560
    },
    '262D9LoRepz7KCv9oMu7vHGYnwNMrhzHgnV25BHzAQky': {
      id: '262D9LoRepz7KCv9oMu7vHGYnwNMrhzHgnV25BHzAQky',
      tokenName: 'Plasma',
      tokenSymbol: 'XPL',
      tokenAddress: 'CdEcPLgyfpV4wHLTD13jbKtphGSEKUnQpZ4Pf9jVJWir',
      pairAddress: '262D9LoRepz7KCv9oMu7vHGYnwNMrhzHgnV25BHzAQky',
      chain: 'SOL',
      exchange: 'pAMMBay6oceH9fJKBRHGP5D4bD4sWpmSwMn52FMfXEA',
      priceUsd: 0.000019236957213760133,
      volumeUsd: 32717528.34,
      mcap: 19236.95,
      priceChangePcs: [Object],
      transactions: [Object],
      audit: [Object],
      security: [Object],
      tokenCreatedTimestamp: 2025-09-26T12:09:20.000Z,
      liquidity: [Object],
      history: [Object],
      scannerAt: 1758994653560
    },
    '262d9lorepz7kcv9omu7vhgynwnmrhzhgnv25bhzaqky': {
      id: '262D9LoRepz7KCv9oMu7vHGYnwNMrhzHgnV25BHzAQky',
      tokenName: 'Plasma',
      tokenSymbol: 'XPL',
      tokenAddress: 'CdEcPLgyfpV4wHLTD13jbKtphGSEKUnQpZ4Pf9jVJWir',
      pairAddress: '262D9LoRepz7KCv9oMu7vHGYnwNMrhzHgnV25BHzAQky',
      chain: 'SOL',
      exchange: 'pAMMBay6oceH9fJKBRHGP5D4bD4sWpmSwMn52FMfXEA',
      priceUsd: 0.000019236957213760133,
      volumeUsd: 32717528.34,
      mcap: 19236.95,
      priceChangePcs: [Object],
      transactions: [Object],
      audit: [Object],
      security: [Object],
      tokenCreatedTimestamp: 2025-09-26T12:09:20.000Z,
      liquidity: [Object],
      history: [Object],
      scannerAt: 1758994653560
    },
    '2de6Nhy5sFVYmvqpjbzN2MSsMZb34uSVvxKCXSqek8GT': {
      id: '2de6Nhy5sFVYmvqpjbzN2MSsMZb34uSVvxKCXSqek8GT',
      tokenName: 'Aark Digital',
      tokenSymbol: 'AARK',
      tokenAddress: '2aXjui2YFtL6HrUYHY4rJyFsnnwg7LCYGjeZAKh8Y8P1',
      pairAddress: '2de6Nhy5sFVYmvqpjbzN2MSsMZb34uSVvxKCXSqek8GT',
      chain: 'SOL',
      exchange: 'pAMMBay6oceH9fJKBRHGP5D4bD4sWpmSwMn52FMfXEA',
      priceUsd: 0,
      volumeUsd: 32641782.51,
      mcap: 182829.73,
      priceChangePcs: [Object],
      transactions: [Object],
      audit: [Object],
      security: [Object],
      tokenCreatedTimestamp: 2025-09-27T11:06:40.000Z,
      liquidity: [Object],
      history: [Object],
      scannerAt: 1758994653560
    },
    '2de6nhy5sfvymvqpjbzn2mssmzb34usvvxkcxsqek8gt': {
      id: '2de6Nhy5sFVYmvqpjbzN2MSsMZb34uSVvxKCXSqek8GT',
      tokenName: 'Aark Digital',
      tokenSymbol: 'AARK',
      tokenAddress: '2aXjui2YFtL6HrUYHY4rJyFsnnwg7LCYGjeZAKh8Y8P1',
      pairAddress: '2de6Nhy5sFVYmvqpjbzN2MSsMZb34uSVvxKCXSqek8GT',
      chain: 'SOL',
      exchange: 'pAMMBay6oceH9fJKBRHGP5D4bD4sWpmSwMn52FMfXEA',
      priceUsd: 0,
      volumeUsd: 32641782.51,
      mcap: 182829.73,
      priceChangePcs: [Object],
      transactions: [Object],
      audit: [Object],
      security: [Object],
      tokenCreatedTimestamp: 2025-09-27T11:06:40.000Z,
      liquidity: [Object],
      history: [Object],
      scannerAt: 1758994653560
    },
    '3xAg7YRxqQaKoSpL9mzpJ27KDeAob8jNWtpYkQFDRBv4': {
      id: '3xAg7YRxqQaKoSpL9mzpJ27KDeAob8jNWtpYkQFDRBv4',
      tokenName: 'Aster',
      tokenSymbol: 'ASTER',
      tokenAddress: 'BpbsF5UVk8ZLWB3Ky2fMqmN2Km89fiKXHb5kySkWQ4Au',
      pairAddress: '3xAg7YRxqQaKoSpL9mzpJ27KDeAob8jNWtpYkQFDRBv4',
      chain: 'SOL',
      exchange: 'pAMMBay6oceH9fJKBRHGP5D4bD4sWpmSwMn52FMfXEA',
      priceUsd: 0,
      volumeUsd: 32261198.29,
      mcap: 182257.26,
      priceChangePcs: [Object],
      transactions: [Object],
      audit: [Object],
      security: [Object],
      tokenCreatedTimestamp: 2025-09-27T07:57:38.000Z,
      liquidity: [Object],
      history: [Object],
      scannerAt: 1758994653560
    },
    '3xag7yrxqqakospl9mzpj27kdeaob8jnwtpykqfdrbv4': {
      id: '3xAg7YRxqQaKoSpL9mzpJ27KDeAob8jNWtpYkQFDRBv4',
      tokenName: 'Aster',
      tokenSymbol: 'ASTER',
      tokenAddress: 'BpbsF5UVk8ZLWB3Ky2fMqmN2Km89fiKXHb5kySkWQ4Au',
      pairAddress: '3xAg7YRxqQaKoSpL9mzpJ27KDeAob8jNWtpYkQFDRBv4',
      chain: 'SOL',
      exchange: 'pAMMBay6oceH9fJKBRHGP5D4bD4sWpmSwMn52FMfXEA',
      priceUsd: 0,
      volumeUsd: 32261198.29,
      mcap: 182257.26,
      priceChangePcs: [Object],
      transactions: [Object],
      audit: [Object],
      security: [Object],
      tokenCreatedTimestamp: 2025-09-27T07:57:38.000Z,
      liquidity: [Object],
      history: [Object],
      scannerAt: 1758994653560
    },
    '0xF07a660776BE8CEa92f8BF91Fc2b482213d03f02': {
      id: '0xF07a660776BE8CEa92f8BF91Fc2b482213d03f02',
      tokenName: 'Golden',
      tokenSymbol: 'GOLDEN',
      tokenAddress: '0x40f8A48d7579039d42ff832E67fAD7D891640BDb',
      pairAddress: '0xF07a660776BE8CEa92f8BF91Fc2b482213d03f02',
      chain: 'ETH',
      exchange: '0x7a250d5630B4cF539739dF2C5dAcb4c659F2488D',
      priceUsd: 0,
      volumeUsd: 32165549.51,
      mcap: 1632.2807027037152,
      priceChangePcs: [Object],
      transactions: [Object],
      audit: [Object],
      security: [Object],
      tokenCreatedTimestamp: 2023-01-25T13:54:35.000Z,
      liquidity: [Object],
      history: [Object],
      scannerAt: 1758994653560
    },
    '0xf07a660776be8cea92f8bf91fc2b482213d03f02': {
      id: '0xF07a660776BE8CEa92f8BF91Fc2b482213d03f02',
      tokenName: 'Golden',
      tokenSymbol: 'GOLDEN',
      tokenAddress: '0x40f8A48d7579039d42ff832E67fAD7D891640BDb',
      pairAddress: '0xF07a660776BE8CEa92f8BF91Fc2b482213d03f02',
      chain: 'ETH',
      exchange: '0x7a250d5630B4cF539739dF2C5dAcb4c659F2488D',
      priceUsd: 0,
      volumeUsd: 32165549.51,
      mcap: 1632.2807027037152,
      priceChangePcs: [Object],
      transactions: [Object],
      audit: [Object],
      security: [Object],
      tokenCreatedTimestamp: 2023-01-25T13:54:35.000Z,
      liquidity: [Object],
      history: [Object],
      scannerAt: 1758994653560
    },
    '72FGNDqFm1mttWnpx4T3dUvABeJ4nytxQUg2jQUMCkmK': {
      id: '72FGNDqFm1mttWnpx4T3dUvABeJ4nytxQUg2jQUMCkmK',
      tokenName: 'Plasma',
      tokenSymbol: 'XPL',
      tokenAddress: 'F3VufeDHsoo2KKLbGv2qYyoniCnSP9bskCcXwfsEzMQ4',
      pairAddress: '72FGNDqFm1mttWnpx4T3dUvABeJ4nytxQUg2jQUMCkmK',
      chain: 'SOL',
      exchange: 'pAMMBay6oceH9fJKBRHGP5D4bD4sWpmSwMn52FMfXEA',
      priceUsd: 0.00021182323278299105,
      volumeUsd: 31973112.01,
      mcap: 211823.16,
      priceChangePcs: [Object],
      transactions: [Object],
      audit: [Object],
      security: [Object],
      tokenCreatedTimestamp: 2025-09-26T18:19:57.000Z,
      liquidity: [Object],
      history: [Object],
      scannerAt: 1758994653560
    },
    '72fgndqfm1mttwnpx4t3duvabej4nytxqug2jqumckmk': {
      id: '72FGNDqFm1mttWnpx4T3dUvABeJ4nytxQUg2jQUMCkmK',
      tokenName: 'Plasma',
      tokenSymbol: 'XPL',
      tokenAddress: 'F3VufeDHsoo2KKLbGv2qYyoniCnSP9bskCcXwfsEzMQ4',
      pairAddress: '72FGNDqFm1mttWnpx4T3dUvABeJ4nytxQUg2jQUMCkmK',
      chain: 'SOL',
      exchange: 'pAMMBay6oceH9fJKBRHGP5D4bD4sWpmSwMn52FMfXEA',
      priceUsd: 0.00021182323278299105,
      volumeUsd: 31973112.01,
      mcap: 211823.16,
      priceChangePcs: [Object],
      transactions: [Object],
      audit: [Object],
      security: [Object],
      tokenCreatedTimestamp: 2025-09-26T18:19:57.000Z,
      liquidity: [Object],
      history: [Object],
      scannerAt: 1758994653560
    },
    LSck3bJUSkkVQKzyjd8kMHEycMY52Ems5DeYeuXngMA: {
      id: 'LSck3bJUSkkVQKzyjd8kMHEycMY52Ems5DeYeuXngMA',
      tokenName: 'HanaNetwork',
      tokenSymbol: 'HANA',
      tokenAddress: 'B6peDDugTf6wBMDwQ3VByVby6Dx2Qqwc4q7eE3NpryEF',
      pairAddress: 'LSck3bJUSkkVQKzyjd8kMHEycMY52Ems5DeYeuXngMA',
      chain: 'SOL',
      exchange: 'pAMMBay6oceH9fJKBRHGP5D4bD4sWpmSwMn52FMfXEA',
      priceUsd: 0,
      volumeUsd: 31694725.59,
      mcap: 121388.55,
      priceChangePcs: [Object],
      transactions: [Object],
      audit: [Object],
      security: [Object],
      tokenCreatedTimestamp: 2025-09-27T06:21:28.000Z,
      liquidity: [Object],
      history: [Object],
      scannerAt: 1758994653560
    },
    lsck3bjuskkvqkzyjd8kmheycmy52ems5deyeuxngma: {
      id: 'LSck3bJUSkkVQKzyjd8kMHEycMY52Ems5DeYeuXngMA',
      tokenName: 'HanaNetwork',
      tokenSymbol: 'HANA',
      tokenAddress: 'B6peDDugTf6wBMDwQ3VByVby6Dx2Qqwc4q7eE3NpryEF',
      pairAddress: 'LSck3bJUSkkVQKzyjd8kMHEycMY52Ems5DeYeuXngMA',
      chain: 'SOL',
      exchange: 'pAMMBay6oceH9fJKBRHGP5D4bD4sWpmSwMn52FMfXEA',
      priceUsd: 0,
      volumeUsd: 31694725.59,
      mcap: 121388.55,
      priceChangePcs: [Object],
      transactions: [Object],
      audit: [Object],
      security: [Object],
      tokenCreatedTimestamp: 2025-09-27T06:21:28.000Z,
      liquidity: [Object],
      history: [Object],
      scannerAt: 1758994653560
    },
    G69UieGxtHvVhtfFeJfk4NA18AS6kJE8c7PY6erpfuBx: {
      id: 'G69UieGxtHvVhtfFeJfk4NA18AS6kJE8c7PY6erpfuBx',
      tokenName: 'Bitlight Labs',
      tokenSymbol: 'LIGHT🔥',
      tokenAddress: '7e9pcKwiACvuE5vf2P855Y4j2eXXu3wKWPmHKeJBcLRK',
      pairAddress: 'G69UieGxtHvVhtfFeJfk4NA18AS6kJE8c7PY6erpfuBx',
      chain: 'SOL',
      exchange: 'pAMMBay6oceH9fJKBRHGP5D4bD4sWpmSwMn52FMfXEA',
      priceUsd: 0.1816170556,
      volumeUsd: 30653523.98,
      mcap: 181617054.78,
      priceChangePcs: [Object],
      transactions: [Object],
      audit: [Object],
      security: [Object],
      tokenCreatedTimestamp: 2025-09-27T12:25:48.000Z,
      liquidity: [Object],
      history: [Object],
      scannerAt: 1758994653560
    },
    g69uiegxthvvhtffejfk4na18as6kje8c7py6erpfubx: {
      id: 'G69UieGxtHvVhtfFeJfk4NA18AS6kJE8c7PY6erpfuBx',
      tokenName: 'Bitlight Labs',
      tokenSymbol: 'LIGHT🔥',
      tokenAddress: '7e9pcKwiACvuE5vf2P855Y4j2eXXu3wKWPmHKeJBcLRK',
      pairAddress: 'G69UieGxtHvVhtfFeJfk4NA18AS6kJE8c7PY6erpfuBx',
      chain: 'SOL',
      exchange: 'pAMMBay6oceH9fJKBRHGP5D4bD4sWpmSwMn52FMfXEA',
      priceUsd: 0.1816170556,
      volumeUsd: 30653523.98,
      mcap: 181617054.78,
      priceChangePcs: [Object],
      transactions: [Object],
      audit: [Object],
      security: [Object],
      tokenCreatedTimestamp: 2025-09-27T12:25:48.000Z,
      liquidity: [Object],
      history: [Object],
      scannerAt: 1758994653560
    },
    '4xmSszrPwSrqWFN3TE9djvH4ZMzSfw8iFqvTJ1S8MwPF': {
      id: '4xmSszrPwSrqWFN3TE9djvH4ZMzSfw8iFqvTJ1S8MwPF',
      tokenName: 'だいぞう',
      tokenSymbol: 'Daizo',
      tokenAddress: '6caVpdwUKu17xBEvajA3SgXnFnp8vra15Tv7Wj2BKScA',
      pairAddress: '4xmSszrPwSrqWFN3TE9djvH4ZMzSfw8iFqvTJ1S8MwPF',
      chain: 'SOL',
      exchange: 'pAMMBay6oceH9fJKBRHGP5D4bD4sWpmSwMn52FMfXEA',
      priceUsd: 0.000009818661301,
      volumeUsd: 30126593.07,
      mcap: 9818.66,
      priceChangePcs: [Object],
      transactions: [Object],
      audit: [Object],
      security: [Object],
      tokenCreatedTimestamp: 2025-09-27T05:29:54.000Z,
      liquidity: [Object],
      history: [Object],
      scannerAt: 1758994653560
    },
    '4xmsszrpwsrqwfn3te9djvh4zmzsfw8ifqvtj1s8mwpf': {
      id: '4xmSszrPwSrqWFN3TE9djvH4ZMzSfw8iFqvTJ1S8MwPF',
      tokenName: 'だいぞう',
      tokenSymbol: 'Daizo',
      tokenAddress: '6caVpdwUKu17xBEvajA3SgXnFnp8vra15Tv7Wj2BKScA',
      pairAddress: '4xmSszrPwSrqWFN3TE9djvH4ZMzSfw8iFqvTJ1S8MwPF',
      chain: 'SOL',
      exchange: 'pAMMBay6oceH9fJKBRHGP5D4bD4sWpmSwMn52FMfXEA',
      priceUsd: 0.000009818661301,
      volumeUsd: 30126593.07,
      mcap: 9818.66,
      priceChangePcs: [Object],
      transactions: [Object],
      audit: [Object],
      security: [Object],
      tokenCreatedTimestamp: 2025-09-27T05:29:54.000Z,
      liquidity: [Object],
      history: [Object],
      scannerAt: 1758994653560
    },
    '7Q6SSQiiPtrdE24Pp7pDMoTKnhxFF7fCjZgtpK1G2iJS': {
      id: '7Q6SSQiiPtrdE24Pp7pDMoTKnhxFF7fCjZgtpK1G2iJS',
      tokenName: 'Falcon Finance',
      tokenSymbol: 'FF',
      tokenAddress: '9XMQ72WETBF74Ln2Yh9ZDBNPFnx3UheRaUU2bkymmwfk',
      pairAddress: '7Q6SSQiiPtrdE24Pp7pDMoTKnhxFF7fCjZgtpK1G2iJS',
      chain: 'SOL',
      exchange: 'pAMMBay6oceH9fJKBRHGP5D4bD4sWpmSwMn52FMfXEA',
      priceUsd: 0.00046709367328330934,
      volumeUsd: 30104475.86,
      mcap: 467092.99,
      priceChangePcs: [Object],
      transactions: [Object],
      audit: [Object],
      security: [Object],
      tokenCreatedTimestamp: 2025-09-26T20:16:03.000Z,
      liquidity: [Object],
      history: [Object],
      scannerAt: 1758994653560
    },
    '7q6ssqiiptrde24pp7pdmotknhxff7fcjzgtpk1g2ijs': {
      id: '7Q6SSQiiPtrdE24Pp7pDMoTKnhxFF7fCjZgtpK1G2iJS',
      tokenName: 'Falcon Finance',
      tokenSymbol: 'FF',
      tokenAddress: '9XMQ72WETBF74Ln2Yh9ZDBNPFnx3UheRaUU2bkymmwfk',
      pairAddress: '7Q6SSQiiPtrdE24Pp7pDMoTKnhxFF7fCjZgtpK1G2iJS',
      chain: 'SOL',
      exchange: 'pAMMBay6oceH9fJKBRHGP5D4bD4sWpmSwMn52FMfXEA',
      priceUsd: 0.00046709367328330934,
      volumeUsd: 30104475.86,
      mcap: 467092.99,
      priceChangePcs: [Object],
      transactions: [Object],
      audit: [Object],
      security: [Object],
      tokenCreatedTimestamp: 2025-09-26T20:16:03.000Z,
      liquidity: [Object],
      history: [Object],
      scannerAt: 1758994653560
    },
    '0x48DA0965ab2d2cbf1C17C09cFB5Cbe67Ad5B1406': {
      id: '0x48DA0965ab2d2cbf1C17C09cFB5Cbe67Ad5B1406',
      tokenName: 'Dai Stablecoin',
      tokenSymbol: 'DAI',
      tokenAddress: '0x6B175474E89094C44Da98b954EedeAC495271d0F',
      pairAddress: '0x48DA0965ab2d2cbf1C17C09cFB5Cbe67Ad5B1406',
      chain: 'ETH',
      exchange: '0x68b3465833fb72A70ecDF485E0e4C7bD8665Fc45',
      priceUsd: 0.9994947172108616,
      volumeUsd: 30064240.44,
      mcap: 4599499376.14,
      priceChangePcs: [Object],
      transactions: [Object],
      audit: [Object],
      security: [Object],
      tokenCreatedTimestamp: 2022-07-14T19:46:36.000Z,
      liquidity: [Object],
      history: [Object],
      scannerAt: 1758994653560
    },
    '0x48da0965ab2d2cbf1c17c09cfb5cbe67ad5b1406': {
      id: '0x48DA0965ab2d2cbf1C17C09cFB5Cbe67Ad5B1406',
      tokenName: 'Dai Stablecoin',
      tokenSymbol: 'DAI',
      tokenAddress: '0x6B175474E89094C44Da98b954EedeAC495271d0F',
      pairAddress: '0x48DA0965ab2d2cbf1C17C09cFB5Cbe67Ad5B1406',
      chain: 'ETH',
      exchange: '0x68b3465833fb72A70ecDF485E0e4C7bD8665Fc45',
      priceUsd: 0.9994947172108616,
      volumeUsd: 30064240.44,
      mcap: 4599499376.14,
      priceChangePcs: [Object],
      transactions: [Object],
      audit: [Object],
      security: [Object],
      tokenCreatedTimestamp: 2022-07-14T19:46:36.000Z,
      liquidity: [Object],
      history: [Object],
      scannerAt: 1758994653560
    },
    '7AEu3shCo6wq9Q4L1fFrmLxDR5ud997ojxhkpArhuvQL': {
      id: '7AEu3shCo6wq9Q4L1fFrmLxDR5ud997ojxhkpArhuvQL',
      tokenName: 'OpenEden (mainnet arc)_dex',
      tokenSymbol: 'EDEN',
      tokenAddress: 'DFtqYZJbBx6yE7S25gMHPvfc9CLkaZtGTn5neBqRQFoU',
      pairAddress: '7AEu3shCo6wq9Q4L1fFrmLxDR5ud997ojxhkpArhuvQL',
      chain: 'SOL',
      exchange: 'pAMMBay6oceH9fJKBRHGP5D4bD4sWpmSwMn52FMfXEA',
      priceUsd: 0.0002025367349,
      volumeUsd: 29285039.24,
      mcap: 202536.34,
      priceChangePcs: [Object],
      transactions: [Object],
      audit: [Object],
      security: [Object],
      tokenCreatedTimestamp: 2025-09-27T11:15:49.000Z,
      liquidity: [Object],
      history: [Object],
      scannerAt: 1758994653560
    },
    '7aeu3shco6wq9q4l1ffrmlxdr5ud997ojxhkparhuvql': {
      id: '7AEu3shCo6wq9Q4L1fFrmLxDR5ud997ojxhkpArhuvQL',
      tokenName: 'OpenEden (mainnet arc)_dex',
      tokenSymbol: 'EDEN',
      tokenAddress: 'DFtqYZJbBx6yE7S25gMHPvfc9CLkaZtGTn5neBqRQFoU',
      pairAddress: '7AEu3shCo6wq9Q4L1fFrmLxDR5ud997ojxhkpArhuvQL',
      chain: 'SOL',
      exchange: 'pAMMBay6oceH9fJKBRHGP5D4bD4sWpmSwMn52FMfXEA',
      priceUsd: 0.0002025367349,
      volumeUsd: 29285039.24,
      mcap: 202536.34,
      priceChangePcs: [Object],
      transactions: [Object],
      audit: [Object],
      security: [Object],
      tokenCreatedTimestamp: 2025-09-27T11:15:49.000Z,
      liquidity: [Object],
      history: [Object],
      scannerAt: 1758994653560
    },
    FAAwKMiRSxg5Ly9kF7fTic9TPsUtAsBE8GzYJHGUBBnE: {
      id: 'FAAwKMiRSxg5Ly9kF7fTic9TPsUtAsBE8GzYJHGUBBnE',
      tokenName: 'BestWalletHQ',
      tokenSymbol: 'Best',
      tokenAddress: '6wqwA7D69iWYGYaRhdi6o9UVyAreGDxkCGtyZGP4GVoC',
      pairAddress: 'FAAwKMiRSxg5Ly9kF7fTic9TPsUtAsBE8GzYJHGUBBnE',
      chain: 'SOL',
      exchange: 'pAMMBay6oceH9fJKBRHGP5D4bD4sWpmSwMn52FMfXEA',
      priceUsd: 0.000007985328354202874,
      volumeUsd: 28655546.14,
      mcap: 7985.32,
      priceChangePcs: [Object],
      transactions: [Object],
      audit: [Object],
      security: [Object],
      tokenCreatedTimestamp: 2025-09-26T16:29:03.000Z,
      liquidity: [Object],
      history: [Object],
      scannerAt: 1758994653560
    },
    faawkmirsxg5ly9kf7ftic9tpsutasbe8gzyjhgubbne: {
      id: 'FAAwKMiRSxg5Ly9kF7fTic9TPsUtAsBE8GzYJHGUBBnE',
      tokenName: 'BestWalletHQ',
      tokenSymbol: 'Best',
      tokenAddress: '6wqwA7D69iWYGYaRhdi6o9UVyAreGDxkCGtyZGP4GVoC',
      pairAddress: 'FAAwKMiRSxg5Ly9kF7fTic9TPsUtAsBE8GzYJHGUBBnE',
      chain: 'SOL',
      exchange: 'pAMMBay6oceH9fJKBRHGP5D4bD4sWpmSwMn52FMfXEA',
      priceUsd: 0.000007985328354202874,
      volumeUsd: 28655546.14,
      mcap: 7985.32,
      priceChangePcs: [Object],
      transactions: [Object],
      audit: [Object],
      security: [Object],
      tokenCreatedTimestamp: 2025-09-26T16:29:03.000Z,
      liquidity: [Object],
      history: [Object],
      scannerAt: 1758994653560
    },
    '8FweVMxdZDERdJ2m6YZgA2SfDSCYQr2LSPDEADExEWqM': {
      id: '8FweVMxdZDERdJ2m6YZgA2SfDSCYQr2LSPDEADExEWqM',
      tokenName: 'Plasma',
      tokenSymbol: 'XPL',
      tokenAddress: '8AJTMb3scFGBHY56AbA8Uyy5ziozftgW2eRfCAKoMkoq',
      pairAddress: '8FweVMxdZDERdJ2m6YZgA2SfDSCYQr2LSPDEADExEWqM',
      chain: 'SOL',
      exchange: 'pAMMBay6oceH9fJKBRHGP5D4bD4sWpmSwMn52FMfXEA',
      priceUsd: 0.00023051132186101769,
      volumeUsd: 28465233.01,
      mcap: 230510.67,
      priceChangePcs: [Object],
      transactions: [Object],
      audit: [Object],
      security: [Object],
      tokenCreatedTimestamp: 2025-09-26T17:30:31.000Z,
      liquidity: [Object],
      history: [Object],
      scannerAt: 1758994653560
    },
    '8fwevmxdzderdj2m6yzga2sfdscyqr2lspdeadexewqm': {
      id: '8FweVMxdZDERdJ2m6YZgA2SfDSCYQr2LSPDEADExEWqM',
      tokenName: 'Plasma',
      tokenSymbol: 'XPL',
      tokenAddress: '8AJTMb3scFGBHY56AbA8Uyy5ziozftgW2eRfCAKoMkoq',
      pairAddress: '8FweVMxdZDERdJ2m6YZgA2SfDSCYQr2LSPDEADExEWqM',
      chain: 'SOL',
      exchange: 'pAMMBay6oceH9fJKBRHGP5D4bD4sWpmSwMn52FMfXEA',
      priceUsd: 0.00023051132186101769,
      volumeUsd: 28465233.01,
      mcap: 230510.67,
      priceChangePcs: [Object],
      transactions: [Object],
      audit: [Object],
      security: [Object],
      tokenCreatedTimestamp: 2025-09-26T17:30:31.000Z,
      liquidity: [Object],
      history: [Object],
      scannerAt: 1758994653560
    },
    BGm1tav58oGcsQJehL9WXBFXF7D27vZsKefj4xJKD5Y: {
      id: 'BGm1tav58oGcsQJehL9WXBFXF7D27vZsKefj4xJKD5Y',
      tokenName: 'USD Coin',
      tokenSymbol: 'USDC',
      tokenAddress: 'EPjFWdd5AufqSSqeM2qN1xzybapC8G4wEGGkZwyTDt1v',
      pairAddress: 'BGm1tav58oGcsQJehL9WXBFXF7D27vZsKefj4xJKD5Y',
      chain: 'SOL',
      exchange: 'LBUZKhRxPF3XUpBCjp4YzTKgLccjZhTSDM9YuVaPwxo',
      priceUsd: 1.001125503,
      volumeUsd: 28403695.09,
      mcap: 10157202218.37,
      priceChangePcs: [Object],
      transactions: [Object],
      audit: [Object],
      security: [Object],
      tokenCreatedTimestamp: 2025-01-19T19:28:04.000Z,
      liquidity: [Object],
      history: [Object],
      scannerAt: 1758994653560
    },
    bgm1tav58ogcsqjehl9wxbfxf7d27vzskefj4xjkd5y: {
      id: 'BGm1tav58oGcsQJehL9WXBFXF7D27vZsKefj4xJKD5Y',
      tokenName: 'USD Coin',
      tokenSymbol: 'USDC',
      tokenAddress: 'EPjFWdd5AufqSSqeM2qN1xzybapC8G4wEGGkZwyTDt1v',
      pairAddress: 'BGm1tav58oGcsQJehL9WXBFXF7D27vZsKefj4xJKD5Y',
      chain: 'SOL',
      exchange: 'LBUZKhRxPF3XUpBCjp4YzTKgLccjZhTSDM9YuVaPwxo',
      priceUsd: 1.001125503,
      volumeUsd: 28403695.09,
      mcap: 10157202218.37,
      priceChangePcs: [Object],
      transactions: [Object],
      audit: [Object],
      security: [Object],
      tokenCreatedTimestamp: 2025-01-19T19:28:04.000Z,
      liquidity: [Object],
      history: [Object],
      scannerAt: 1758994653560
    },
    DSDKsFEFMgosh4LXWJho2yZdmrRS8EuUCcEv8fZXcVVM: {
      id: 'DSDKsFEFMgosh4LXWJho2yZdmrRS8EuUCcEv8fZXcVVM',
      tokenName: 'Mask Coin',
      tokenSymbol: 'MetaMask',
      tokenAddress: 'BFRSXPfDLhyXCeLieLbEYtT5pujwVVoSg81yVHS2bjag',
      pairAddress: 'DSDKsFEFMgosh4LXWJho2yZdmrRS8EuUCcEv8fZXcVVM',
      chain: 'SOL',
      exchange: 'pAMMBay6oceH9fJKBRHGP5D4bD4sWpmSwMn52FMfXEA',
      priceUsd: 0.00023232215543845708,
      volumeUsd: 28317422.86,
      mcap: 232321.58,
      priceChangePcs: [Object],
      transactions: [Object],
      audit: [Object],
      security: [Object],
      tokenCreatedTimestamp: 2025-09-26T16:58:21.000Z,
      liquidity: [Object],
      history: [Object],
      scannerAt: 1758994653560
    },
    dsdksfefmgosh4lxwjho2yzdmrrs8euuccev8fzxcvvm: {
      id: 'DSDKsFEFMgosh4LXWJho2yZdmrRS8EuUCcEv8fZXcVVM',
      tokenName: 'Mask Coin',
      tokenSymbol: 'MetaMask',
      tokenAddress: 'BFRSXPfDLhyXCeLieLbEYtT5pujwVVoSg81yVHS2bjag',
      pairAddress: 'DSDKsFEFMgosh4LXWJho2yZdmrRS8EuUCcEv8fZXcVVM',
      chain: 'SOL',
      exchange: 'pAMMBay6oceH9fJKBRHGP5D4bD4sWpmSwMn52FMfXEA',
      priceUsd: 0.00023232215543845708,
      volumeUsd: 28317422.86,
      mcap: 232321.58,
      priceChangePcs: [Object],
      transactions: [Object],
      audit: [Object],
      security: [Object],
      tokenCreatedTimestamp: 2025-09-26T16:58:21.000Z,
      liquidity: [Object],
      history: [Object],
      scannerAt: 1758994653560
    },
    '0x4D3bF29Ba30f8Bfe4624e7678709afA195689c5D': {
      id: '0x4D3bF29Ba30f8Bfe4624e7678709afA195689c5D',
      tokenName: 'AKE',
      tokenSymbol: 'AKE',
      tokenAddress: '0x2c3a8Ee94dDD97244a93Bc48298f97d2C412F7Db',
      pairAddress: '0x4D3bF29Ba30f8Bfe4624e7678709afA195689c5D',
      chain: 'BSC',
      exchange: '0x1b81D678ffb9C0263b24A97847620C99d213eB14',
      priceUsd: 0.0018440674879972303,
      volumeUsd: 28265231.19,
      mcap: 184406748.79,
      priceChangePcs: [Object],
      transactions: [Object],
      audit: [Object],
      security: [Object],
      tokenCreatedTimestamp: 2025-08-20T07:40:09.000Z,
      liquidity: [Object],
      history: [Object],
      scannerAt: 1758994653560
    },
    '0x4d3bf29ba30f8bfe4624e7678709afa195689c5d': {
      id: '0x4D3bF29Ba30f8Bfe4624e7678709afA195689c5D',
      tokenName: 'AKE',
      tokenSymbol: 'AKE',
      tokenAddress: '0x2c3a8Ee94dDD97244a93Bc48298f97d2C412F7Db',
      pairAddress: '0x4D3bF29Ba30f8Bfe4624e7678709afA195689c5D',
      chain: 'BSC',
      exchange: '0x1b81D678ffb9C0263b24A97847620C99d213eB14',
      priceUsd: 0.0018440674879972303,
      volumeUsd: 28265231.19,
      mcap: 184406748.79,
      priceChangePcs: [Object],
      transactions: [Object],
      audit: [Object],
      security: [Object],
      tokenCreatedTimestamp: 2025-08-20T07:40:09.000Z,
      liquidity: [Object],
      history: [Object],
      scannerAt: 1758994653560
    },
    '65jZDZQNgUUjn8nzWfWfCjTt8GADchcPQstSJrHLVgtD': {
      id: '65jZDZQNgUUjn8nzWfWfCjTt8GADchcPQstSJrHLVgtD',
      tokenName: 'Falcon Finance',
      tokenSymbol: 'FF',
      tokenAddress: 'GkDwuYBCE6EPFU4W5p8rDNsCTRPwTpu2PEW71Qhpn1g8',
      pairAddress: '65jZDZQNgUUjn8nzWfWfCjTt8GADchcPQstSJrHLVgtD',
      chain: 'SOL',
      exchange: 'pAMMBay6oceH9fJKBRHGP5D4bD4sWpmSwMn52FMfXEA',
      priceUsd: 0.0004155427865377349,
      volumeUsd: 28015977.66,
      mcap: 415542.05,
      priceChangePcs: [Object],
      transactions: [Object],
      audit: [Object],
      security: [Object],
      tokenCreatedTimestamp: 2025-09-27T01:06:49.000Z,
      liquidity: [Object],
      history: [Object],
      scannerAt: 1758994653560
    },
    '65jzdzqnguujn8nzwfwfcjtt8gadchcpqstsjrhlvgtd': {
      id: '65jZDZQNgUUjn8nzWfWfCjTt8GADchcPQstSJrHLVgtD',
      tokenName: 'Falcon Finance',
      tokenSymbol: 'FF',
      tokenAddress: 'GkDwuYBCE6EPFU4W5p8rDNsCTRPwTpu2PEW71Qhpn1g8',
      pairAddress: '65jZDZQNgUUjn8nzWfWfCjTt8GADchcPQstSJrHLVgtD',
      chain: 'SOL',
      exchange: 'pAMMBay6oceH9fJKBRHGP5D4bD4sWpmSwMn52FMfXEA',
      priceUsd: 0.0004155427865377349,
      volumeUsd: 28015977.66,
      mcap: 415542.05,
      priceChangePcs: [Object],
      transactions: [Object],
      audit: [Object],
      security: [Object],
      tokenCreatedTimestamp: 2025-09-27T01:06:49.000Z,
      liquidity: [Object],
      history: [Object],
      scannerAt: 1758994653560
    },
    '0x51CD0752767F7EAA094b6a2D42481cE856966796': {
      id: '0x51CD0752767F7EAA094b6a2D42481cE856966796',
      tokenName: 'LAYER TOKEN',
      tokenSymbol: 'LAYER',
      tokenAddress: '0x9B11E4539614dFa0CD640FAcD10495578B6F06D7',
      pairAddress: '0x51CD0752767F7EAA094b6a2D42481cE856966796',
      chain: 'BSC',
      exchange: '0xB971eF87ede563556b2ED4b1C0b0019111Dd85d2',
      priceUsd: 175314.20422068963,
      volumeUsd: 27140005.23,
      mcap: 1753142042206.89,
      priceChangePcs: [Object],
      transactions: [Object],
      audit: [Object],
      security: [Object],
      tokenCreatedTimestamp: 2025-09-11T17:08:53.000Z,
      liquidity: [Object],
      history: [Object],
      scannerAt: 1758994653560
    },
    '0x51cd0752767f7eaa094b6a2d42481ce856966796': {
      id: '0x51CD0752767F7EAA094b6a2D42481cE856966796',
      tokenName: 'LAYER TOKEN',
      tokenSymbol: 'LAYER',
      tokenAddress: '0x9B11E4539614dFa0CD640FAcD10495578B6F06D7',
      pairAddress: '0x51CD0752767F7EAA094b6a2D42481cE856966796',
      chain: 'BSC',
      exchange: '0xB971eF87ede563556b2ED4b1C0b0019111Dd85d2',
      priceUsd: 175314.20422068963,
      volumeUsd: 27140005.23,
      mcap: 1753142042206.89,
      priceChangePcs: [Object],
      transactions: [Object],
      audit: [Object],
      security: [Object],
      tokenCreatedTimestamp: 2025-09-11T17:08:53.000Z,
      liquidity: [Object],
      history: [Object],
      scannerAt: 1758994653560
    },
    H4dsseSVJhvUeQjsh3CxFfvTcVXMJKkgG5nvGDSUJfyN: {
      id: 'H4dsseSVJhvUeQjsh3CxFfvTcVXMJKkgG5nvGDSUJfyN',
      tokenName: 'CORGI',
      tokenSymbol: 'CORGI',
      tokenAddress: '78MBbpRuimZoTpP39kMDTEWa8c5R5mWFt8FwbDvaur8a',
      pairAddress: 'H4dsseSVJhvUeQjsh3CxFfvTcVXMJKkgG5nvGDSUJfyN',
      chain: 'SOL',
      exchange: 'pAMMBay6oceH9fJKBRHGP5D4bD4sWpmSwMn52FMfXEA',
      priceUsd: 0,
      volumeUsd: 26914675.18,
      mcap: 212499.01,
      priceChangePcs: [Object],
      transactions: [Object],
      audit: [Object],
      security: [Object],
      tokenCreatedTimestamp: 2025-09-27T00:31:14.000Z,
      liquidity: [Object],
      history: [Object],
      scannerAt: 1758994653560
    },
    h4dssesvjhvueqjsh3cxffvtcvxmjkkgg5nvgdsujfyn: {
      id: 'H4dsseSVJhvUeQjsh3CxFfvTcVXMJKkgG5nvGDSUJfyN',
      tokenName: 'CORGI',
      tokenSymbol: 'CORGI',
      tokenAddress: '78MBbpRuimZoTpP39kMDTEWa8c5R5mWFt8FwbDvaur8a',
      pairAddress: 'H4dsseSVJhvUeQjsh3CxFfvTcVXMJKkgG5nvGDSUJfyN',
      chain: 'SOL',
      exchange: 'pAMMBay6oceH9fJKBRHGP5D4bD4sWpmSwMn52FMfXEA',
      priceUsd: 0,
      volumeUsd: 26914675.18,
      mcap: 212499.01,
      priceChangePcs: [Object],
      transactions: [Object],
      audit: [Object],
      security: [Object],
      tokenCreatedTimestamp: 2025-09-27T00:31:14.000Z,
      liquidity: [Object],
      history: [Object],
      scannerAt: 1758994653560
    },
    EciycbwXyaC42yHTexhvZNt8mLrTtjcCegRXz5gDS3bK: {
      id: 'EciycbwXyaC42yHTexhvZNt8mLrTtjcCegRXz5gDS3bK',
      tokenName: 'LittlePepe',
      tokenSymbol: 'LILPEPE',
      tokenAddress: '4JALF7To9sY4U771VTNHYb69u5w72ivqohyvgutz98cm',
      pairAddress: 'EciycbwXyaC42yHTexhvZNt8mLrTtjcCegRXz5gDS3bK',
      chain: 'SOL',
      exchange: 'pAMMBay6oceH9fJKBRHGP5D4bD4sWpmSwMn52FMfXEA',
      priceUsd: 0.003378333133,
      volumeUsd: 26679464.6,
      mcap: 3378332.88,
      priceChangePcs: [Object],
      transactions: [Object],
      audit: [Object],
      security: [Object],
      tokenCreatedTimestamp: 2025-09-27T09:50:16.000Z,
      liquidity: [Object],
      history: [Object],
      scannerAt: 1758994653560
    },
    eciycbwxyac42yhtexhvznt8mlrttjccegrxz5gds3bk: {
      id: 'EciycbwXyaC42yHTexhvZNt8mLrTtjcCegRXz5gDS3bK',
      tokenName: 'LittlePepe',
      tokenSymbol: 'LILPEPE',
      tokenAddress: '4JALF7To9sY4U771VTNHYb69u5w72ivqohyvgutz98cm',
      pairAddress: 'EciycbwXyaC42yHTexhvZNt8mLrTtjcCegRXz5gDS3bK',
      chain: 'SOL',
      exchange: 'pAMMBay6oceH9fJKBRHGP5D4bD4sWpmSwMn52FMfXEA',
      priceUsd: 0.003378333133,
      volumeUsd: 26679464.6,
      mcap: 3378332.88,
      priceChangePcs: [Object],
      transactions: [Object],
      audit: [Object],
      security: [Object],
      tokenCreatedTimestamp: 2025-09-27T09:50:16.000Z,
      liquidity: [Object],
      history: [Object],
      scannerAt: 1758994653560
    },
    D9h5PPpHDa7ba95HiyLeYjnXCinGhhdjhcoeFJQ2cf7z: {
      id: 'D9h5PPpHDa7ba95HiyLeYjnXCinGhhdjhcoeFJQ2cf7z',
      tokenName: 'WURK',
      tokenSymbol: 'WURK',
      tokenAddress: 'CzQA6NA5ykJ5ASD7swLSxcVcG1nrwzSAcyR5EFGFFtPU',
      pairAddress: 'D9h5PPpHDa7ba95HiyLeYjnXCinGhhdjhcoeFJQ2cf7z',
      chain: 'SOL',
      exchange: 'pAMMBay6oceH9fJKBRHGP5D4bD4sWpmSwMn52FMfXEA',
      priceUsd: 0,
      volumeUsd: 26597124.22,
      mcap: 183467.91,
      priceChangePcs: [Object],
      transactions: [Object],
      audit: [Object],
      security: [Object],
      tokenCreatedTimestamp: 2025-09-27T07:46:41.000Z,
      liquidity: [Object],
      history: [Object],
      scannerAt: 1758994653560
    },
    d9h5ppphda7ba95hiyleyjnxcinghhdjhcoefjq2cf7z: {
      id: 'D9h5PPpHDa7ba95HiyLeYjnXCinGhhdjhcoeFJQ2cf7z',
      tokenName: 'WURK',
      tokenSymbol: 'WURK',
      tokenAddress: 'CzQA6NA5ykJ5ASD7swLSxcVcG1nrwzSAcyR5EFGFFtPU',
      pairAddress: 'D9h5PPpHDa7ba95HiyLeYjnXCinGhhdjhcoeFJQ2cf7z',
      chain: 'SOL',
      exchange: 'pAMMBay6oceH9fJKBRHGP5D4bD4sWpmSwMn52FMfXEA',
      priceUsd: 0,
      volumeUsd: 26597124.22,
      mcap: 183467.91,
      priceChangePcs: [Object],
      transactions: [Object],
      audit: [Object],
      security: [Object],
      tokenCreatedTimestamp: 2025-09-27T07:46:41.000Z,
      liquidity: [Object],
      history: [Object],
      scannerAt: 1758994653560
    },
    FDqFiYe3QfKiLBfav7GW4EsGh3Jt465tBqLg7HTnrkqR: {
      id: 'FDqFiYe3QfKiLBfav7GW4EsGh3Jt465tBqLg7HTnrkqR',
      tokenName: 'Bitlight Labs',
      tokenSymbol: 'LIGHT',
      tokenAddress: 'CipEt68fvLSxyo9CYch8qqkKPULmNkTp6qLsEtS8Lovw',
      pairAddress: 'FDqFiYe3QfKiLBfav7GW4EsGh3Jt465tBqLg7HTnrkqR',
      chain: 'SOL',
      exchange: 'pAMMBay6oceH9fJKBRHGP5D4bD4sWpmSwMn52FMfXEA',
      priceUsd: 0.0005403168924762773,
      volumeUsd: 26478943.24,
      mcap: 540265.52,
      priceChangePcs: [Object],
      transactions: [Object],
      audit: [Object],
      security: [Object],
      tokenCreatedTimestamp: 2025-09-26T13:15:09.000Z,
      liquidity: [Object],
      history: [Object],
      scannerAt: 1758994653560
    },
    fdqfiye3qfkilbfav7gw4esgh3jt465tbqlg7htnrkqr: {
      id: 'FDqFiYe3QfKiLBfav7GW4EsGh3Jt465tBqLg7HTnrkqR',
      tokenName: 'Bitlight Labs',
      tokenSymbol: 'LIGHT',
      tokenAddress: 'CipEt68fvLSxyo9CYch8qqkKPULmNkTp6qLsEtS8Lovw',
      pairAddress: 'FDqFiYe3QfKiLBfav7GW4EsGh3Jt465tBqLg7HTnrkqR',
      chain: 'SOL',
      exchange: 'pAMMBay6oceH9fJKBRHGP5D4bD4sWpmSwMn52FMfXEA',
      priceUsd: 0.0005403168924762773,
      volumeUsd: 26478943.24,
      mcap: 540265.52,
      priceChangePcs: [Object],
      transactions: [Object],
      audit: [Object],
      security: [Object],
      tokenCreatedTimestamp: 2025-09-26T13:15:09.000Z,
      liquidity: [Object],
      history: [Object],
      scannerAt: 1758994653560
    },
    ALnyJnYCgFqLuJEFajqBjbDp7k9apSxARLFBE736U1ZF: {
      id: 'ALnyJnYCgFqLuJEFajqBjbDp7k9apSxARLFBE736U1ZF',
      tokenName: 'TESLA AI',
      tokenSymbol: 'TESLA',
      tokenAddress: 'FjUrnJMCUG9wVE9HQr4aNFCwpK1eUCPyrEotaVBgDXfn',
      pairAddress: 'ALnyJnYCgFqLuJEFajqBjbDp7k9apSxARLFBE736U1ZF',
      chain: 'SOL',
      exchange: 'pAMMBay6oceH9fJKBRHGP5D4bD4sWpmSwMn52FMfXEA',
      priceUsd: 0,
      volumeUsd: 26341416.63,
      mcap: 4319302.69,
      priceChangePcs: [Object],
      transactions: [Object],
      audit: [Object],
      security: [Object],
      tokenCreatedTimestamp: 2025-09-27T06:49:34.000Z,
      liquidity: [Object],
      history: [Object],
      scannerAt: 1758994653560
    },
    alnyjnycgfqlujefajqbjbdp7k9apsxarlfbe736u1zf: {
      id: 'ALnyJnYCgFqLuJEFajqBjbDp7k9apSxARLFBE736U1ZF',
      tokenName: 'TESLA AI',
      tokenSymbol: 'TESLA',
      tokenAddress: 'FjUrnJMCUG9wVE9HQr4aNFCwpK1eUCPyrEotaVBgDXfn',
      pairAddress: 'ALnyJnYCgFqLuJEFajqBjbDp7k9apSxARLFBE736U1ZF',
      chain: 'SOL',
      exchange: 'pAMMBay6oceH9fJKBRHGP5D4bD4sWpmSwMn52FMfXEA',
      priceUsd: 0,
      volumeUsd: 26341416.63,
      mcap: 4319302.69,
      priceChangePcs: [Object],
      transactions: [Object],
      audit: [Object],
      security: [Object],
      tokenCreatedTimestamp: 2025-09-27T06:49:34.000Z,
      liquidity: [Object],
      history: [Object],
      scannerAt: 1758994653560
    },
    CtVm6wRPUFdgc8uh2NhFrM5fgsRAKwNZPXEuw8btXmHt: {
      id: 'CtVm6wRPUFdgc8uh2NhFrM5fgsRAKwNZPXEuw8btXmHt',
      tokenName: 'Falcon Finance',
      tokenSymbol: 'FF',
      tokenAddress: '6shzeWC3h3Y8g2vN6B97BGvW6mS288v5gRXCejnVH1ZG',
      pairAddress: 'CtVm6wRPUFdgc8uh2NhFrM5fgsRAKwNZPXEuw8btXmHt',
      chain: 'SOL',
      exchange: 'pAMMBay6oceH9fJKBRHGP5D4bD4sWpmSwMn52FMfXEA',
      priceUsd: 0.002660817127028389,
      volumeUsd: 26319431.04,
      mcap: 2660817.04,
      priceChangePcs: [Object],
      transactions: [Object],
      audit: [Object],
      security: [Object],
      tokenCreatedTimestamp: 2025-09-26T13:38:26.000Z,
      liquidity: [Object],
      history: [Object],
      scannerAt: 1758994653560
    },
    ctvm6wrpufdgc8uh2nhfrm5fgsrakwnzpxeuw8btxmht: {
      id: 'CtVm6wRPUFdgc8uh2NhFrM5fgsRAKwNZPXEuw8btXmHt',
      tokenName: 'Falcon Finance',
      tokenSymbol: 'FF',
      tokenAddress: '6shzeWC3h3Y8g2vN6B97BGvW6mS288v5gRXCejnVH1ZG',
      pairAddress: 'CtVm6wRPUFdgc8uh2NhFrM5fgsRAKwNZPXEuw8btXmHt',
      chain: 'SOL',
      exchange: 'pAMMBay6oceH9fJKBRHGP5D4bD4sWpmSwMn52FMfXEA',
      priceUsd: 0.002660817127028389,
      volumeUsd: 26319431.04,
      mcap: 2660817.04,
      priceChangePcs: [Object],
      transactions: [Object],
      audit: [Object],
      security: [Object],
      tokenCreatedTimestamp: 2025-09-26T13:38:26.000Z,
      liquidity: [Object],
      history: [Object],
      scannerAt: 1758994653560
    },
    AieAwfurtuySgUoNbrABJUNGCpHA2UPsDWawn5WuYuUz: {
      id: 'AieAwfurtuySgUoNbrABJUNGCpHA2UPsDWawn5WuYuUz',
      tokenName: 'trillions',
      tokenSymbol: 'trillions',
      tokenAddress: 'AxGSDwpzU2GdpSVJvsZrQPwWJreSXXv87aGBcwoL1neE',
      pairAddress: 'AieAwfurtuySgUoNbrABJUNGCpHA2UPsDWawn5WuYuUz',
      chain: 'SOL',
      exchange: 'pAMMBay6oceH9fJKBRHGP5D4bD4sWpmSwMn52FMfXEA',
      priceUsd: 0,
      volumeUsd: 25768891.67,
      mcap: 207541.59,
      priceChangePcs: [Object],
      transactions: [Object],
      audit: [Object],
      security: [Object],
      tokenCreatedTimestamp: 2025-09-27T06:14:49.000Z,
      liquidity: [Object],
      history: [Object],
      scannerAt: 1758994653560
    },
    aieawfurtuysguonbrabjungcpha2upsdwawn5wuyuuz: {
      id: 'AieAwfurtuySgUoNbrABJUNGCpHA2UPsDWawn5WuYuUz',
      tokenName: 'trillions',
      tokenSymbol: 'trillions',
      tokenAddress: 'AxGSDwpzU2GdpSVJvsZrQPwWJreSXXv87aGBcwoL1neE',
      pairAddress: 'AieAwfurtuySgUoNbrABJUNGCpHA2UPsDWawn5WuYuUz',
      chain: 'SOL',
      exchange: 'pAMMBay6oceH9fJKBRHGP5D4bD4sWpmSwMn52FMfXEA',
      priceUsd: 0,
      volumeUsd: 25768891.67,
      mcap: 207541.59,
      priceChangePcs: [Object],
      transactions: [Object],
      audit: [Object],
      security: [Object],
      tokenCreatedTimestamp: 2025-09-27T06:14:49.000Z,
      liquidity: [Object],
      history: [Object],
      scannerAt: 1758994653560
    }
  },
  meta: {
    '0xF65a021508f0Ed52C2C1C38cD9F6c3ff04f240a9': {},
    '0xf65a021508f0ed52c2c1c38cd9f6c3ff04f240a9': {},
    '0x172fcD41E0913e95784454622d1c3724f546f849': {},
    '0x172fcd41e0913e95784454622d1c3724f546f849': {},
    '4VCAmmx2szE1BBQeF2w3zt2w9F5nFvxJtDtRjYKK1WLd': {},
    '4vcammx2sze1bbqef2w3zt2w9f5nfvxjtdtrjykk1wld': {},
    '6aCxf9vimJNQ8aC2W69f79AHrZhq5mcYq9ciCL6fn7KM': {},
    '6acxf9vimjnq8ac2w69f79ahrzhq5mcyq9cicl6fn7km': {},
    '0xCF39e58ed4deCc9ef7Bdb2F9335602DC22BE99b4': {},
    '0xcf39e58ed4decc9ef7bdb2f9335602dc22be99b4': {},
    '4fDu1gxCJtqYdrovT7Hba67NzuaHsd8Kg9PXnBZNDdcq': {},
    '4fdu1gxcjtqydrovt7hba67nzuahsd8kg9pxnbznddcq': {},
    '2quQL4PdFzQnhs3b3F645hfteDUBcR9KppLUFshZ6YQG': {},
    '2quql4pdfzqnhs3b3f645hftedubcr9kpplufshz6yqg': {},
    '0x47a90A2d92A8367A91EfA1906bFc8c1E05bf10c4': {},
    '0x47a90a2d92a8367a91efa1906bfc8c1e05bf10c4': {},
    '0xf2F84C274F715ba1fE7D1D28a4E377Fb59A33386': {},
    '0xf2f84c274f715ba1fe7d1d28a4e377fb59a33386': {},
    HzSxT5dW8GGiTaZnsdeUJur2ZregN8zR85rdYiw2udTK: {},
    hzsxt5dw8ggitaznsdeujur2zregn8zr85rdyiw2udtk: {},
    '0xcf8d62960Fb7Ce5F1359E5D9267e32B9522d5d7C': {},
    '0xcf8d62960fb7ce5f1359e5d9267e32b9522d5d7c': {},
    '3FMq5HUcKreBGB83pTZ5o9tEKfViofL4WqoSNJJxzCAY': {},
    '3fmq5huckrebgb83ptz5o9tekfviofl4wqosnjjxzcay': {},
    pWGMSzVa3bxktGVcDy8JASvM2ixeifNKFJiCK9Y4NUE: {},
    pwgmszva3bxktgvcdy8jasvm2ixeifnkfjick9y4nue: {},
    GTc2CX4pBzZEtN6PtLmnhZpFMkTXVnxnoJJhaKsaUgCe: {},
    gtc2cx4pbzzetn6ptlmnhzpfmktxvnxnojjhaksaugce: {},
    p3sLcnFeCcFtfMhUVR9b4x6mCcFymhnKmineJAA6Jp5: {},
    p3slcnfeccftfmhuvr9b4x6mccfymhnkminejaa6jp5: {},
    AxSMLfSdNs1ooivbvKCdVQ15kzc2snscZJAsYZPjfBaZ: {},
    axsmlfsdns1ooivbvkcdvq15kzc2snsczjasyzpjfbaz: {},
    '7eRYcKmvtFBot3dDGTeiQjxt65FdHRJTDhmnDTt24MK1': {},
    '7eryckmvtfbot3ddgteiqjxt65fdhrjtdhmndtt24mk1': {},
    '2xjWY4bXE7gH2YkoxuEN4DuC8SLi97gboEgVGE8ZSrWS': {},
    '2xjwy4bxe7gh2ykoxuen4duc8sli97gboegvge8zsrws': {},
    ExT1saY11BgVtKwDE8d9vm1Yh9bQ5Gh8r4UNVY1b1Tts: {},
    ext1say11bgvtkwde8d9vm1yh9bq5gh8r4unvy1b1tts: {},
    '82ZgX2tHeVTmTt5z2Eqo7cZe99bK22PwyVRNVJF9aMaV': {},
    '82zgx2thevtmtt5z2eqo7cze99bk22pwyvrnvjf9amav': {},
    G75wBqjLJbZSn5p1GNwnmBgkKVwRcXKP3FaSiYgpmcRw: {},
    g75wbqjljbzsn5p1gnwnmbgkkvwrcxkp3fasiygpmcrw: {},
    EiuKuPvi9Cv2eQdSTcBHTkD4KcnM76XzoaCmjwnW6aw3: {},
    eiukupvi9cv2eqdstcbhtkd4kcnm76xzoacmjwnw6aw3: {},
    Jjy3AkTgDfuQmwcemcA5A7Es5gT2UdiWKuEYEkNXwg7: {},
    jjy3aktgdfuqmwcemca5a7es5gt2udiwkueyeknxwg7: {},
    '3yKsk9wBH5Bqht6Q8BHJdHGEWd91UmFaSGdYPPqMerR4': {},
    '3yksk9wbh5bqht6q8bhjdhgewd91umfasgdyppqmerr4': {},
    HRaeeBu2Bhx1KDd25336ak6oeKCo7i6UjEeuxgWjqf82: {},
    hraeebu2bhx1kdd25336ak6oekco7i6ujeeuxgwjqf82: {},
    '3dnWHQGvTwgbYDFCLtaRBecbCF3k1ogC78hDTPyAMB4o': {},
    '3dnwhqgvtwgbydfcltarbecbcf3k1ogc78hdtpyamb4o': {},
    '0xc7bBeC68d12a0d1830360F8Ec58fA599bA1b0e9b': {},
    '0xc7bbec68d12a0d1830360f8ec58fa599ba1b0e9b': {},
    '6BJ7EWQsYHbVHni4mhfYJ32xNV6a8Tu6PSTVmrLKjKT9': {},
    '6bj7ewqsyhbvhni4mhfyj32xnv6a8tu6pstvmrlkjkt9': {},
    '0xCA3F029A70d5d90000E614afD29E5c833f33CEa5': {},
    '0xca3f029a70d5d90000e614afd29e5c833f33cea5': {},
    HcWiiZEBHBKWmHP4ZjxqwQWhGwovXUvThU4aNt4yANye: {},
    hcwiizebhbkwmhp4zjxqwqwhgwovxuvthu4ant4yanye: {},
    '9L3eT5BxHWo8hEpGQ3NzbmYJRSvMN4ajDtDGxsqKhQGo': {},
    '9l3et5bxhwo8hepgq3nzbmyjrsvmn4ajdtdgxsqkhqgo': {},
    '5YWJdKDXJmi77oPT8VD4kTGH7yv1A9f5N4HEVepmgweN': {},
    '5ywjdkdxjmi77opt8vd4ktgh7yv1a9f5n4hevepmgwen': {},
    BDrDMa9mpQxoTkjYXgmZVjW9nxCi9tgrMmcfvu8fSYDF: {},
    bdrdma9mpqxotkjyxgmzvjw9nxci9tgrmmcfvu8fsydf: {},
    CvxgmSEvTYzs37GRSjGmGCsiCrB1X4RxMCR1pD5o7QAv: {},
    cvxgmsevtyzs37grsjgmgcsicrb1x4rxmcr1pd5o7qav: {},
    '7EkRhnQx5dJ9pasQosJUzMxyS12b4mEL8ipjUZ4BpwW3': {},
    '7ekrhnqx5dj9pasqosjuzmxys12b4mel8ipjuz4bpww3': {},
    '4icxYpSiggvcn6cj4F217FYvaRWVGt9tpw4FMpBUrn8e': {},
    '4icxypsiggvcn6cj4f217fyvarwvgt9tpw4fmpburn8e': {},
    CcB5AazsQ87qz4x2G2ZnNykgJzRr2gqLhTDHfktYushF: {},
    ccb5aazsq87qz4x2g2znnykgjzrr2gqlhtdhfktyushf: {},
    '3ucNos4NbumPLZNWztqGHNFFgkHeRMBQAVemeeomsUxv': {},
    '3ucnos4nbumplznwztqghnffgkhermbqavemeeomsuxv': {},
    '5U98VbSfqJPMejWxg1MC1Y4oFeyEMGTj8JNPcCvGp1vZ': {},
    '5u98vbsfqjpmejwxg1mc1y4ofeyemgtj8jnpccvgp1vz': {},
    CMAvF24c6DHhWL18MZ9xZDsXSepnDijbEQCUnRVprxwX: {},
    cmavf24c6dhhwl18mz9xzdsxsepndijbeqcunrvprxwx: {},
    F8m2TynBCNjLTvZDaDEYHvRSWdBwYWkNQqhWJTdtUMGB: {},
    f8m2tynbcnjltvzdadeyhvrswdbwywknqqhwjtdtumgb: {},
    JGLWg1ZyvvaGj7xumoFgvyBedQoTmTtgL6gfZ7TsBhu: {},
    jglwg1zyvvagj7xumofgvybedqotmttgl6gfz7tsbhu: {},
    '4NAdnJaeioRVcbgVusJtEpcjCdVC83icooKJ5dMZUYZb': {},
    '4nadnjaeiorvcbgvusjtepcjcdvc83icookj5dmzuyzb': {},
    '0x5777d92f208679DB4b9778590Fa3CAB3aC9e2168': {},
    '0x5777d92f208679db4b9778590fa3cab3ac9e2168': {},
    '84fZSnPSyjxc23X1rvtZgJSXHSo4CGjFSLnyipZrkwyV': {},
    '84fzsnpsyjxc23x1rvtzgjsxhso4cgjfslnyipzrkwyv': {},
    '86y2dm9iex1emL289N62tk75awZVmYrFuHDQXdwWDUxE': {},
    '86y2dm9iex1eml289n62tk75awzvmyrfuhdqxdwwduxe': {},
    '0x88e6A0c2dDD26FEEb64F039a2c41296FcB3f5640': {},
    '0x88e6a0c2ddd26feeb64f039a2c41296fcb3f5640': {},
    '5WRDHbRmSm7nQ73KtVCLMnTDEoSBPH6ZfX9dd68UhmuR': {},
    '5wrdhbrmsm7nq73ktvclmntdeosbph6zfx9dd68uhmur': {},
    '3XP2gPB5P6TkvUuSnpNd136TtaGxSXibjDkvFvYFB6mK': {},
    '3xp2gpb5p6tkvuusnpnd136ttagxsxibjdkvfvyfb6mk': {},
    '6NBeuSTRBmFhMBGAKcUT8V9YbSYz9rVypH9eoHe9j4Hj': {},
    '6nbeustrbmfhmbgakcut8v9ybsyz9rvyph9eohe9j4hj': {},
    HTvjzsfX3yU6BUodCjZ5vZkUrAxMDTrBs3CJaq43ashR: {},
    htvjzsfx3yu6buodcjz5vzkuraxmdtrbs3cjaq43ashr: {},
    EuPnpWGTPB5iYm34rTzk7aCvhBzZvGEjXhRwE65ShBdE: {},
    eupnpwgtpb5iym34rtzk7acvhbzzvgejxhrwe65shbde: {},
    '7A8XiSivB8ZpRL6T7qJFYv2wkxnEubRXt5DbAx15hzAB': {},
    '7a8xisivb8zprl6t7qjfyv2wkxneubrxt5dbax15hzab': {},
    '0x924E62a3689e7B94F397E61ac796DaBfEa32E93B': {},
    '0x924e62a3689e7b94f397e61ac796dabfea32e93b': {},
    EPUn9VkhAHVjtbX9Rsv7RsoZwnUSxyv1eVuUqwXkAh2z: {},
    epun9vkhahvjtbx9rsv7rsozwnusxyv1evuuqwxkah2z: {},
    AY1NRnBPV1fzNaWd8AGJ2v78iFoALrBsGc4oXBTuxQ7s: {},
    ay1nrnbpv1fznawd8agj2v78ifoalrbsgc4oxbtuxq7s: {},
    '88G7sDF7RvU5x1w5uyYVoCkK7SZewNywDGQA4rL7XsoY': {},
    '88g7sdf7rvu5x1w5uyyvockk7szewnywdgqa4rl7xsoy': {},
    '0xE0554a476A092703abdB3Ef35c80e0D76d32939F': {},
    '0xe0554a476a092703abdb3ef35c80e0d76d32939f': {},
    '8g7n7j1BJssKNA4sXAcpCuZCqiYRnaUVfQFFe8LDuALH': {},
    '8g7n7j1bjsskna4sxacpcuzcqiyrnauvfqffe8ldualh': {},
    '9nQQohMsSWAYL8ZzdRSjD54SKEEvyz9wmSQrk3t4st3X': {},
    '9nqqohmsswayl8zzdrsjd54skeevyz9wmsqrk3t4st3x': {},
    '7CkXEnsXAPWBdRkGAUdRS2WS2v59HRYvbVviz8Gzomgt': {},
    '7ckxensxapwbdrkgaudrs2ws2v59hryvbvviz8gzomgt': {},
    '9AbW2CpmDd29Qdx2irzHoRKKX8RKuXMjsWcmh86Mtqe4': {},
    '9abw2cpmdd29qdx2irzhorkkx8rkuxmjswcmh86mtqe4': {},
    '5pTrEfjtKwVFRcAxh4B1rmCPJPK4G8YA5UDpgxAMsJL3': {},
    '5ptrefjtkwvfrcaxh4b1rmcpjpk4g8ya5udpgxamsjl3': {},
    gA6Ceeeoc3Qy3Rdwv1nppARG8gabKMmzHNYMv5wMAYB: {},
    ga6ceeeoc3qy3rdwv1npparg8gabkmmzhnymv5wmayb: {},
    '0xd21bc2291C1aeF340f5265E257B18aa5dafed759': {},
    '0xd21bc2291c1aef340f5265e257b18aa5dafed759': {},
    '0x4e68Ccd3E89f51C3074ca5072bbAC773960dFa36': {},
    '0x4e68ccd3e89f51c3074ca5072bbac773960dfa36': {},
    E6nG5KBXw74xEXwNGWihUa9LUHKHs1dG75VCv9tewNN3: {},
    e6ng5kbxw74xexwngwihua9luhkhs1dg75vcv9tewnn3: {},
    '8HxJVwg9JPEm72D3uR9jp79BTgJj1cMQaYGNELFFeL6n': {},
    '8hxjvwg9jpem72d3ur9jp79btgjj1cmqaygnelffel6n': {},
    BhkrpVukUBTvZ7xmKTXkubGBC8VncbDNRgQgbRzExxAb: {},
    bhkrpvukubtvz7xmktxkubgbc8vncbdnrgqgbrzexxab: {},
    '0x30D59a44930B3994c116846EFe55fC8fcF608aa8': {},
    '0x30d59a44930b3994c116846efe55fc8fcf608aa8': {},
    AA861xs52detaJZejR53MRnmyBTR9Nru2g7z12v1fngD: {},
    aa861xs52detajzejr53mrnmybtr9nru2g7z12v1fngd: {},
    '65oAbYggcoW2U4k65DzgnAQbm3CPfLFrA585NTB7Vj46': {},
    '65oabyggcow2u4k65dzgnaqbm3cpflfra585ntb7vj46': {},
    '6nZwCPVZ21LHmrsVYLZKpFwaLmrMqBGgkE1mTaSkETJy': {},
    '6nzwcpvz21lhmrsvylzkpfwalmrmqbggke1mtasketjy': {},
    '9ccRB9QYL1YFyBEM5oSGd9f6BiAmBwRJUwDvrXxAnD3z': {},
    '9ccrb9qyl1yfybem5osgd9f6biambwrjuwdvrxxand3z': {},
    AXkK9xCyuupy9T3Tg6uvbbjoX1ENKfZmXe8qpc1ZTaoq: {},
    axkk9xcyuupy9t3tg6uvbbjox1enkfzmxe8qpc1ztaoq: {},
    '262D9LoRepz7KCv9oMu7vHGYnwNMrhzHgnV25BHzAQky': {},
    '262d9lorepz7kcv9omu7vhgynwnmrhzhgnv25bhzaqky': {},
    '2de6Nhy5sFVYmvqpjbzN2MSsMZb34uSVvxKCXSqek8GT': {},
    '2de6nhy5sfvymvqpjbzn2mssmzb34usvvxkcxsqek8gt': {},
    '3xAg7YRxqQaKoSpL9mzpJ27KDeAob8jNWtpYkQFDRBv4': {},
    '3xag7yrxqqakospl9mzpj27kdeaob8jnwtpykqfdrbv4': {},
    '0xF07a660776BE8CEa92f8BF91Fc2b482213d03f02': {},
    '0xf07a660776be8cea92f8bf91fc2b482213d03f02': {},
    '72FGNDqFm1mttWnpx4T3dUvABeJ4nytxQUg2jQUMCkmK': {},
    '72fgndqfm1mttwnpx4t3duvabej4nytxqug2jqumckmk': {},
    LSck3bJUSkkVQKzyjd8kMHEycMY52Ems5DeYeuXngMA: {},
    lsck3bjuskkvqkzyjd8kmheycmy52ems5deyeuxngma: {},
    G69UieGxtHvVhtfFeJfk4NA18AS6kJE8c7PY6erpfuBx: {},
    g69uiegxthvvhtffejfk4na18as6kje8c7py6erpfubx: {},
    '4xmSszrPwSrqWFN3TE9djvH4ZMzSfw8iFqvTJ1S8MwPF': {},
    '4xmsszrpwsrqwfn3te9djvh4zmzsfw8ifqvtj1s8mwpf': {},
    '7Q6SSQiiPtrdE24Pp7pDMoTKnhxFF7fCjZgtpK1G2iJS': {},
    '7q6ssqiiptrde24pp7pdmotknhxff7fcjzgtpk1g2ijs': {},
    '0x48DA0965ab2d2cbf1C17C09cFB5Cbe67Ad5B1406': {},
    '0x48da0965ab2d2cbf1c17c09cfb5cbe67ad5b1406': {},
    '7AEu3shCo6wq9Q4L1fFrmLxDR5ud997ojxhkpArhuvQL': {},
    '7aeu3shco6wq9q4l1ffrmlxdr5ud997ojxhkparhuvql': {},
    FAAwKMiRSxg5Ly9kF7fTic9TPsUtAsBE8GzYJHGUBBnE: {},
    faawkmirsxg5ly9kf7ftic9tpsutasbe8gzyjhgubbne: {},
    '8FweVMxdZDERdJ2m6YZgA2SfDSCYQr2LSPDEADExEWqM': {},
    '8fwevmxdzderdj2m6yzga2sfdscyqr2lspdeadexewqm': {},
    BGm1tav58oGcsQJehL9WXBFXF7D27vZsKefj4xJKD5Y: {},
    bgm1tav58ogcsqjehl9wxbfxf7d27vzskefj4xjkd5y: {},
    DSDKsFEFMgosh4LXWJho2yZdmrRS8EuUCcEv8fZXcVVM: {},
    dsdksfefmgosh4lxwjho2yzdmrrs8euuccev8fzxcvvm: {},
    '0x4D3bF29Ba30f8Bfe4624e7678709afA195689c5D': {},
    '0x4d3bf29ba30f8bfe4624e7678709afa195689c5d': {},
    '65jZDZQNgUUjn8nzWfWfCjTt8GADchcPQstSJrHLVgtD': {},
    '65jzdzqnguujn8nzwfwfcjtt8gadchcpqstsjrhlvgtd': {},
    '0x51CD0752767F7EAA094b6a2D42481cE856966796': {},
    '0x51cd0752767f7eaa094b6a2d42481ce856966796': {},
    H4dsseSVJhvUeQjsh3CxFfvTcVXMJKkgG5nvGDSUJfyN: {},
    h4dssesvjhvueqjsh3cxffvtcvxmjkkgg5nvgdsujfyn: {},
    EciycbwXyaC42yHTexhvZNt8mLrTtjcCegRXz5gDS3bK: {},
    eciycbwxyac42yhtexhvznt8mlrttjccegrxz5gds3bk: {},
    D9h5PPpHDa7ba95HiyLeYjnXCinGhhdjhcoeFJQ2cf7z: {},
    d9h5ppphda7ba95hiyleyjnxcinghhdjhcoefjq2cf7z: {},
    FDqFiYe3QfKiLBfav7GW4EsGh3Jt465tBqLg7HTnrkqR: {},
    fdqfiye3qfkilbfav7gw4esgh3jt465tbqlg7htnrkqr: {},
    ALnyJnYCgFqLuJEFajqBjbDp7k9apSxARLFBE736U1ZF: {},
    alnyjnycgfqlujefajqbjbdp7k9apsxarlfbe736u1zf: {},
    CtVm6wRPUFdgc8uh2NhFrM5fgsRAKwNZPXEuw8btXmHt: {},
    ctvm6wrpufdgc8uh2nhfrm5fgsrakwnzpxeuw8btxmht: {},
    AieAwfurtuySgUoNbrABJUNGCpHA2UPsDWawn5WuYuUz: {},
    aieawfurtuysguonbrabjungcpha2upsdwawn5wuyuuz: {}
  },
  pages: { '101': [], '201': [] },
  filters: {
    excludeHoneypots: false,
    chains: [ 'ETH', 'SOL', 'BASE', 'BSC' ],
    minVolume: 0,
    maxAgeHours: null,
    minMcap: 0,
    limit: 200,
    tokenQuery: '',
    includeStale: false,
    includeDegraded: false
  },
  wpegPrices: {},
  version: 3
}
TokensPane mounted: Trending Tokens
[Table] rows prop: []
TokensPane mounted: New Tokens
[Table] rows prop: []

stdout | tests/app.boot.logging.test.tsx > App boot logging diagnostics > emits reducer and pane logs after successful boot requests
[Table:Trending Tokens] first row { none: true }
[TokensPane:Trending Tokens] rows derived { count: 0, version: 3 }
[Table:New Tokens] first row { none: true }
[TokensPane:New Tokens] rows derived { count: 0, version: 3 }
[App.tsx] fetchScanner: New Tokens result {
  raw: {
    pairs: [
      [Object], [Object], [Object], [Object], [Object], [Object],
      [Object], [Object], [Object], [Object], [Object], [Object],
      [Object], [Object], [Object], [Object], [Object], [Object],
      [Object], [Object], [Object], [Object], [Object], [Object],
      [Object], [Object], [Object], [Object], [Object], [Object],
      [Object], [Object], [Object], [Object], [Object], [Object],
      [Object], [Object], [Object], [Object], [Object], [Object],
      [Object], [Object], [Object], [Object], [Object], [Object],
      [Object], [Object], [Object], [Object], [Object], [Object],
      [Object], [Object], [Object], [Object], [Object], [Object],
      [Object], [Object], [Object], [Object], [Object], [Object],
      [Object], [Object], [Object], [Object], [Object], [Object],
      [Object], [Object], [Object], [Object], [Object], [Object],
      [Object], [Object], [Object], [Object], [Object], [Object],
      [Object], [Object], [Object], [Object], [Object], [Object],
      [Object], [Object], [Object], [Object], [Object], [Object],
      [Object], [Object], [Object], [Object]
    ],
    totalRows: 70313,
    stats: {
      volume: '11519292192.8361890307223013676598994914144152165086130407245533909193492592415142411671620378381298932483882258830782001169715059810551277931847669044884696631925180554389953613281250',
      txns: 24462384
    }
  },
  tokens: [
    {
      id: '3y2hZe5D3mwwhkjz7jNsN9dTDWgKkZh9msXJ8r1ApLyh',
      tokenName: 'Just a Chill Bear',
      tokenSymbol: 'CHILLBEAR',
      tokenAddress: 'E2ZGPypgSn1oFan4wDiWECS7dwmdRZkr54V1bFvnpump',
      pairAddress: '3y2hZe5D3mwwhkjz7jNsN9dTDWgKkZh9msXJ8r1ApLyh',
      chain: 'SOL',
      exchange: '6EF8rrecthR5Dkzon8Nwu78hRvfCKubJ14M5uBEwF6P',
      priceUsd: 0,
      volumeUsd: 0,
      mcap: 0,
      priceChangePcs: [Object],
      transactions: [Object],
      audit: [Object],
      security: [Object],
      tokenCreatedTimestamp: 2025-09-27T13:32:11.000Z,
      liquidity: [Object]
    },
    {
      id: '0xe643A1075C57624bd27df9caD4f90EA0A710598D',
      tokenName: 'LABUBU',
      tokenSymbol: 'LABUBU',
      tokenAddress: '0xA7cb31CB308870687b361409FDc7998266D51Bcd',
      pairAddress: '0xe643A1075C57624bd27df9caD4f90EA0A710598D',
      chain: 'BSC',
      exchange: '0x10ED43C718714eb63d5aA57B78B54704E256024E',
      priceUsd: 0,
      volumeUsd: 0,
      mcap: 0,
      priceChangePcs: [Object],
      transactions: [Object],
      audit: [Object],
      security: [Object],
      tokenCreatedTimestamp: 2025-09-27T13:32:08.000Z,
      liquidity: [Object]
    },
    {
      id: 'CFnXUzvC5HuztiepzRYHX3ihKV7iQMxMc8hwjuTsjJJU',
      tokenName: 'Lost It',
      tokenSymbol: 'LOST',
      tokenAddress: 'ChNDuHJqqjEQk74ZTkShff5AwAk8ykfZ7kkTUB7Upump',
      pairAddress: 'CFnXUzvC5HuztiepzRYHX3ihKV7iQMxMc8hwjuTsjJJU',
      chain: 'SOL',
      exchange: '6EF8rrecthR5Dkzon8Nwu78hRvfCKubJ14M5uBEwF6P',
      priceUsd: 0,
      volumeUsd: 0,
      mcap: 802.18,
      priceChangePcs: [Object],
      transactions: [Object],
      audit: [Object],
      security: [Object],
      tokenCreatedTimestamp: 2025-09-27T13:32:03.000Z,
      liquidity: [Object]
    },
    {
      id: 'FTqQ24CYxVspoXF6bsfRTejBUVdRYmLGdpqEejNkUWNk',
      tokenName: 'Perp.City',
      tokenSymbol: 'Perp',
      tokenAddress: '4viZr6CfLDMJUAuFixGv3Q97AT4737LnXoaUjeXapump',
      pairAddress: 'FTqQ24CYxVspoXF6bsfRTejBUVdRYmLGdpqEejNkUWNk',
      chain: 'SOL',
      exchange: '6EF8rrecthR5Dkzon8Nwu78hRvfCKubJ14M5uBEwF6P',
      priceUsd: 0,
      volumeUsd: 0,
      mcap: 1202.88,
      priceChangePcs: [Object],
      transactions: [Object],
      audit: [Object],
      security: [Object],
      tokenCreatedTimestamp: 2025-09-27T13:32:03.000Z,
      liquidity: [Object]
    },
    {
      id: 'CQRism6bRr1jSWu1uXwSSTzkSneGZ3abCztzT6oaBtGJ',
      tokenName: 'DUKLY',
      tokenSymbol: 'DUKLY',
      tokenAddress: '5eHQGT2GXge2i7bFz8xB76epkS1fzTBmVGy1MQRWuXao',
      pairAddress: 'CQRism6bRr1jSWu1uXwSSTzkSneGZ3abCztzT6oaBtGJ',
      chain: 'SOL',
      exchange: 'dbcij3LWUppWqq96dh6gJWwBifmcGfLSB5D4DuSMaqN',
      priceUsd: 0.0001190602591,
      volumeUsd: 1320.63,
      mcap: 119060.25,
      priceChangePcs: [Object],
      transactions: [Object],
      audit: [Object],
      security: [Object],
      tokenCreatedTimestamp: 2025-09-27T13:32:01.000Z,
      liquidity: [Object]
    },
    {
      id: '5t8UBcTbkUFXzuqiovriADL92BLicZiFMC1TZT4gdef7',
      tokenName: 'The Eye of Answers',
      tokenSymbol: 'ANSWERS',
      tokenAddress: '4tMW5aeWyBQQR2ZTsKMFndZAqdYz9qBQYrDevUqypump',
      pairAddress: '5t8UBcTbkUFXzuqiovriADL92BLicZiFMC1TZT4gdef7',
      chain: 'SOL',
      exchange: '6EF8rrecthR5Dkzon8Nwu78hRvfCKubJ14M5uBEwF6P',
      priceUsd: 0.000005974655866,
      volumeUsd: 22.56,
      mcap: 5974.65,
      priceChangePcs: [Object],
      transactions: [Object],
      audit: [Object],
      security: [Object],
      tokenCreatedTimestamp: 2025-09-27T13:31:52.000Z,
      liquidity: [Object]
    },
    {
      id: '0x231478DF651aE4781de6b8457E10193BAAF1Ffaa',
      tokenName: 'Elon Troll Face',
      tokenSymbol: 'ETF',
      tokenAddress: '0x2F78Bcd7eA3bc5793F571953951ae17633FBaFAE',
      pairAddress: '0x231478DF651aE4781de6b8457E10193BAAF1Ffaa',
      chain: 'BASE',
      exchange: '0x4752ba5DBc23f44D87826276BF6Fd6b1C372aD24',
      priceUsd: 0.00001668582133936555,
      volumeUsd: 471.42,
      mcap: 91772.01,
      priceChangePcs: [Object],
      transactions: [Object],
      audit: [Object],
      security: [Object],
      tokenCreatedTimestamp: 2025-09-27T13:31:47.000Z,
      liquidity: [Object]
    },
    {
      id: '8MrcchKa3zo5cRpUsmjyKWM84v3ggkp6V3k9ACQkvDja',
      tokenName: 'Pandu Pandas',
      tokenSymbol: 'PANDU',
      tokenAddress: '69GXejCYUEht3AvBPreTBuh7jmyuS8UxSjNghgRdaos',
      pairAddress: '8MrcchKa3zo5cRpUsmjyKWM84v3ggkp6V3k9ACQkvDja',
      chain: 'SOL',
      exchange: 'cpamdpZCGKUy5JxQXB4dcpGPiikHawvSWAd6mEn1sGG',
      priceUsd: 0.00005151043799,
      volumeUsd: 958.7,
      mcap: 51510.43,
      priceChangePcs: [Object],
      transactions: [Object],
      audit: [Object],
      security: [Object],
      tokenCreatedTimestamp: 2025-09-27T13:31:43.000Z,
      liquidity: [Object]
    },
    {
      id: '0xE36334a376E71Abc5bC087F3C62597A540685949',
      tokenName: 'Eco trade coin',
      tokenSymbol: 'ETT',
      tokenAddress: '0x4ce8a39D4c0D3644f22553b9C2c7708199Bad23b',
      pairAddress: '0xE36334a376E71Abc5bC087F3C62597A540685949',
      chain: 'BASE',
      exchange: '0x2626664c2603336E57B271c5C0b26F421741e481',
      priceUsd: 0,
      volumeUsd: 0,
      mcap: 0,
      priceChangePcs: [Object],
      transactions: [Object],
      audit: [Object],
      security: [Object],
      tokenCreatedTimestamp: 2025-09-27T13:31:43.000Z,
      liquidity: [Object]
    },
    {
      id: '0xA7722F49f21cF937fae5d042c5EDDCD81C9D5b45',
      tokenName: 'AI Size SIZE',
      tokenSymbol: 'AI SIZE SIZE',
      tokenAddress: '0x093Fe3eC3C59F13591d83517b418015E3F593661',
      pairAddress: '0xA7722F49f21cF937fae5d042c5EDDCD81C9D5b45',
      chain: 'BSC',
      exchange: '0x10ED43C718714eb63d5aA57B78B54704E256024E',
      priceUsd: 0,
      volumeUsd: 0,
      mcap: 0.19484157000000002,
      priceChangePcs: [Object],
      transactions: [Object],
      audit: [Object],
      security: [Object],
      tokenCreatedTimestamp: 2025-09-27T13:31:42.000Z,
      liquidity: [Object]
    },
    {
      id: '5ZMD3sEqWLwWUtVydBptTSumQbPn13UEfaKe97C1adRB',
      tokenName: 'Qintara',
      tokenSymbol: 'QTARA',
      tokenAddress: '4bKyEvKzaTMcyWCD9GnLPEkSFHv2xS9EdSZJ2U79p7ob',
      pairAddress: '5ZMD3sEqWLwWUtVydBptTSumQbPn13UEfaKe97C1adRB',
      chain: 'SOL',
      exchange: 'dbcij3LWUppWqq96dh6gJWwBifmcGfLSB5D4DuSMaqN',
      priceUsd: 0.001627384457,
      volumeUsd: 1186.45,
      mcap: 1627384.45,
      priceChangePcs: [Object],
      transactions: [Object],
      audit: [Object],
      security: [Object],
      tokenCreatedTimestamp: 2025-09-27T13:31:42.000Z,
      liquidity: [Object]
    },
    {
      id: 'CSn1jyW2bVmwrwHqFAKzBPvqF32bXbHxnkoESQisc7uF',
      tokenName: 'SOLTAN',
      tokenSymbol: 'SOLTAN',
      tokenAddress: 'HRNDGEd1vDAQwgAU5XftdFFmbRVWSnJBp8rKvAvpump',
      pairAddress: 'CSn1jyW2bVmwrwHqFAKzBPvqF32bXbHxnkoESQisc7uF',
      chain: 'SOL',
      exchange: '6EF8rrecthR5Dkzon8Nwu78hRvfCKubJ14M5uBEwF6P',
      priceUsd: 0.00000657107587291501,
      volumeUsd: 10.34,
      mcap: 6571.07,
      priceChangePcs: [Object],
      transactions: [Object],
      audit: [Object],
      security: [Object],
      tokenCreatedTimestamp: 2025-09-27T13:31:40.000Z,
      liquidity: [Object]
    },
    {
      id: '0xd1a44891Cb74A134535849059356f08a1591b028',
      tokenName: 'Just cats on base',
      tokenSymbol: 'Cats',
      tokenAddress: '0x11547CcCD2F0E4CC0a07b41d7c905c61317E918D',
      pairAddress: '0xd1a44891Cb74A134535849059356f08a1591b028',
      chain: 'BASE',
      exchange: '0x4752ba5DBc23f44D87826276BF6Fd6b1C372aD24',
      priceUsd: 0,
      volumeUsd: 0,
      mcap: 0,
      priceChangePcs: [Object],
      transactions: [Object],
      audit: [Object],
      security: [Object],
      tokenCreatedTimestamp: 2025-09-27T13:31:39.000Z,
      liquidity: [Object]
    },
    {
      id: '0x0CC3822d343691CF585F4fa15f90Fcfb0C638564',
      tokenName: '1BNB And A Dream',
      tokenSymbol: '1BNB',
      tokenAddress: '0xcE3a8331e054489C068Ff01B288D9A4831D14444',
      pairAddress: '0x0CC3822d343691CF585F4fa15f90Fcfb0C638564',
      chain: 'BSC',
      exchange: '0x1b81D678ffb9C0263b24A97847620C99d213eB14',
      priceUsd: 0,
      volumeUsd: 0,
      mcap: 0,
      priceChangePcs: [Object],
      transactions: [Object],
      audit: [Object],
      security: [Object],
      tokenCreatedTimestamp: 2025-09-27T13:31:38.000Z,
      liquidity: [Object]
    },
    {
      id: 'ACcS7dzfCYvCwprSexdiHvQWsa925HLEnHFdUnFXLjEW',
      tokenName: 'MIAMI BAGWORK',
      tokenSymbol: '$MIAMI',
      tokenAddress: 'HpTfXPNig6QgbM4eisaTT4uKHiJ2WBNKWLGXfrD9pump',
      pairAddress: 'ACcS7dzfCYvCwprSexdiHvQWsa925HLEnHFdUnFXLjEW',
      chain: 'SOL',
      exchange: '6EF8rrecthR5Dkzon8Nwu78hRvfCKubJ14M5uBEwF6P',
      priceUsd: 0.000006513692844,
      volumeUsd: 90.28,
      mcap: 6513.69,
      priceChangePcs: [Object],
      transactions: [Object],
      audit: [Object],
      security: [Object],
      tokenCreatedTimestamp: 2025-09-27T13:31:34.000Z,
      liquidity: [Object]
    },
    {
      id: '3ATQoyaUc1itNcw8cVhJDwUjaSwrUNNiSXdJXGiQxxGT',
      tokenName: 'Justice For Squirrel White',
      tokenSymbol: 'Squirrel ',
      tokenAddress: '9nFranDpuzXXxA7X3F5aEeKiRpmkcm1JYWAKvu1Bpump',
      pairAddress: '3ATQoyaUc1itNcw8cVhJDwUjaSwrUNNiSXdJXGiQxxGT',
      chain: 'SOL',
      exchange: '6EF8rrecthR5Dkzon8Nwu78hRvfCKubJ14M5uBEwF6P',
      priceUsd: 0.000006863157482,
      volumeUsd: 0.49,
      mcap: 6863.15,
      priceChangePcs: [Object],
      transactions: [Object],
      audit: [Object],
      security: [Object],
      tokenCreatedTimestamp: 2025-09-27T13:31:32.000Z,
      liquidity: [Object]
    },
    {
      id: '8g1191Nf93SpLDooi35VvjP1xPX597mj5DuQjhteRK97',
      tokenName: 'Work Hard On Reaching Excellence',
      tokenSymbol: 'WHORE',
      tokenAddress: 'BHpdpG23VykZYD5sdxXGg1a2NPHoTJdRs3U9p5UsxsKw',
      pairAddress: '8g1191Nf93SpLDooi35VvjP1xPX597mj5DuQjhteRK97',
      chain: 'SOL',
      exchange: 'dbcij3LWUppWqq96dh6gJWwBifmcGfLSB5D4DuSMaqN',
      priceUsd: 0.0001288660706,
      volumeUsd: 1423.79,
      mcap: 128866.07,
      priceChangePcs: [Object],
      transactions: [Object],
      audit: [Object],
      security: [Object],
      tokenCreatedTimestamp: 2025-09-27T13:31:30.000Z,
      liquidity: [Object]
    },
    {
      id: '0xF962A4E2dA26E06e4487c497f26109720b3Ab8Af',
      tokenName: 'Reverse Reality Rot',
      tokenSymbol: 'RRR',
      tokenAddress: '0x0762E0d8ebe13a865E7bDc94F2145864649DF7b7',
      pairAddress: '0xF962A4E2dA26E06e4487c497f26109720b3Ab8Af',
      chain: 'BASE',
      exchange: '0x4752ba5DBc23f44D87826276BF6Fd6b1C372aD24',
      priceUsd: 0.0000022917017259825,
      volumeUsd: 400.05,
      mcap: 2291.7,
      priceChangePcs: [Object],
      transactions: [Object],
      audit: [Object],
      security: [Object],
      tokenCreatedTimestamp: 2025-09-27T13:31:25.000Z,
      liquidity: [Object]
    },
    {
      id: 'xkrNBo5xnHeegLUBurwFmqZFCQ1S36WrBj1FD44Mt53',
      tokenName: 'The Spoon Theory',
      tokenSymbol: 'Spoon',
      tokenAddress: 'ChYJiFedodbUiNzifVJ2ovR5hLo8SQmWTtrr9uz5pump',
      pairAddress: 'xkrNBo5xnHeegLUBurwFmqZFCQ1S36WrBj1FD44Mt53',
      chain: 'SOL',
      exchange: '6EF8rrecthR5Dkzon8Nwu78hRvfCKubJ14M5uBEwF6P',
      priceUsd: 0,
      volumeUsd: 0,
      mcap: 606.8444650760047,
      priceChangePcs: [Object],
      transactions: [Object],
      audit: [Object],
      security: [Object],
      tokenCreatedTimestamp: 2025-09-27T13:31:22.000Z,
      liquidity: [Object]
    },
    {
      id: 'C4e5Q4345nMSD1HiBfWFtHYkHVgvviHMGx8J2S4BnqtG',
      tokenName: 'Hearing Things',
      tokenSymbol: 'HEARING',
      tokenAddress: '97sraAGszzEFY6AW8iuWfTceBQWa1RzuFRXryJqSbonk',
      pairAddress: 'C4e5Q4345nMSD1HiBfWFtHYkHVgvviHMGx8J2S4BnqtG',
      chain: 'SOL',
      exchange: 'cpamdpZCGKUy5JxQXB4dcpGPiikHawvSWAd6mEn1sGG',
      priceUsd: 0,
      volumeUsd: 0,
      mcap: 39.96,
      priceChangePcs: [Object],
      transactions: [Object],
      audit: [Object],
      security: [Object],
      tokenCreatedTimestamp: 2025-09-27T13:31:20.000Z,
      liquidity: [Object]
    },
    {
      id: 'BcZrzPvEehFPkshhfXAec4Geaq9g4d3gKzW9ghzRueNs',
      tokenName: 'Justice of Kayla',
      tokenSymbol: 'KAYLA',
      tokenAddress: 'HvDt7PDHtL4neoVePhK1K72f2fcwcym1QK6WkQFVpump',
      pairAddress: 'BcZrzPvEehFPkshhfXAec4Geaq9g4d3gKzW9ghzRueNs',
      chain: 'SOL',
      exchange: '6EF8rrecthR5Dkzon8Nwu78hRvfCKubJ14M5uBEwF6P',
      priceUsd: 0,
      volumeUsd: 0,
      mcap: 8.803463446565281,
      priceChangePcs: [Object],
      transactions: [Object],
      audit: [Object],
      security: [Object],
      tokenCreatedTimestamp: 2025-09-27T13:31:17.000Z,
      liquidity: [Object]
    },
    {
      id: '9wGeHNRauqFWYRXcrmADV7Yrg9GrUvgWeTMzE72AuHEc',
      tokenName: 'Justice For Carolyn',
      tokenSymbol: 'Carolyn',
      tokenAddress: 'Gqgq2Yy5BpGcuTVhyY5mrTYVYE3RZmTuzVcHDswwpump',
      pairAddress: '9wGeHNRauqFWYRXcrmADV7Yrg9GrUvgWeTMzE72AuHEc',
      chain: 'SOL',
      exchange: '6EF8rrecthR5Dkzon8Nwu78hRvfCKubJ14M5uBEwF6P',
      priceUsd: 0.000005979048654,
      volumeUsd: 4.37,
      mcap: 5979.04,
      priceChangePcs: [Object],
      transactions: [Object],
      audit: [Object],
      security: [Object],
      tokenCreatedTimestamp: 2025-09-27T13:31:14.000Z,
      liquidity: [Object]
    },
    {
      id: 'HBCqc5omkTrN3FUjjVgtwJHVbggQcNZRWikEuPHrRcwz',
      tokenName: 'DUKLY',
      tokenSymbol: 'DUKLY',
      tokenAddress: 'C6UWEkrtpgd5WnPN6WtmyCXv4hXWPMvS7xXWjFZNpump',
      pairAddress: 'HBCqc5omkTrN3FUjjVgtwJHVbggQcNZRWikEuPHrRcwz',
      chain: 'SOL',
      exchange: '6EF8rrecthR5Dkzon8Nwu78hRvfCKubJ14M5uBEwF6P',
      priceUsd: 0,
      volumeUsd: 0,
      mcap: 1003.0438731371374,
      priceChangePcs: [Object],
      transactions: [Object],
      audit: [Object],
      security: [Object],
      tokenCreatedTimestamp: 2025-09-27T13:31:13.000Z,
      liquidity: [Object]
    },
    {
      id: '9LaLRbRGEqUhQjmw3UCsSuqUHHCDMRbZcZsyuJYEvXyd',
      tokenName: 'GOAT Network',
      tokenSymbol: 'GOATED',
      tokenAddress: 'EamYnXqSZ29HNAcenE5EBP4UujabRZgZzbHWKdA1h6Au',
      pairAddress: '9LaLRbRGEqUhQjmw3UCsSuqUHHCDMRbZcZsyuJYEvXyd',
      chain: 'SOL',
      exchange: 'dbcij3LWUppWqq96dh6gJWwBifmcGfLSB5D4DuSMaqN',
      priceUsd: 0.0001245849362,
      volumeUsd: 8322.64,
      mcap: 124584.93,
      priceChangePcs: [Object],
      transactions: [Object],
      audit: [Object],
      security: [Object],
      tokenCreatedTimestamp: 2025-09-27T13:31:07.000Z,
      liquidity: [Object]
    },
    {
      id: 'EqKbEFGPzbz7Adh5YD5zg9d8TupcgkhFNvG2at4uYy8X',
      tokenName: 'Joke Cryptocurrency',
      tokenSymbol: 'Joke',
      tokenAddress: '3m6sEJ1XqkbvbFfSM1ywyFHFwTwFNtGCHHishPSXpump',
      pairAddress: 'EqKbEFGPzbz7Adh5YD5zg9d8TupcgkhFNvG2at4uYy8X',
      chain: 'SOL',
      exchange: '6EF8rrecthR5Dkzon8Nwu78hRvfCKubJ14M5uBEwF6P',
      priceUsd: 0.000005977430762,
      volumeUsd: 436.47,
      mcap: 5977.43,
      priceChangePcs: [Object],
      transactions: [Object],
      audit: [Object],
      security: [Object],
      tokenCreatedTimestamp: 2025-09-27T13:31:05.000Z,
      liquidity: [Object]
    },
    {
      id: '9Qx3YpQ65fb82DgLMLbrQetT5XBs7E5QMZXkffk2jiRG',
      tokenName: 'niggaliquid',
      tokenSymbol: 'nl',
      tokenAddress: 'AiqWxoiTaVGGwNhBLtKMoG5Fvzke66zauB8PredLpump',
      pairAddress: '9Qx3YpQ65fb82DgLMLbrQetT5XBs7E5QMZXkffk2jiRG',
      chain: 'SOL',
      exchange: 'pAMMBay6oceH9fJKBRHGP5D4bD4sWpmSwMn52FMfXEA',
      priceUsd: 0.00009927157394,
      volumeUsd: 4751.38,
      mcap: 99271.54,
      priceChangePcs: [Object],
      transactions: [Object],
      audit: [Object],
      security: [Object],
      tokenCreatedTimestamp: 2025-09-27T13:31:02.000Z,
      liquidity: [Object]
    },
    {
      id: 'AkPE6i8L79w37uA6JN3jWEpnZNoqTNaTnRZ4YMcWGJ9h',
      tokenName: 'PEPETOSHI NAKAMOTO',
      tokenSymbol: 'PEPETOSHI',
      tokenAddress: 'DpcrKZsWfpaaDmFoUMMdMj538kTCbKkQr9fCVTx3FMeN',
      pairAddress: 'AkPE6i8L79w37uA6JN3jWEpnZNoqTNaTnRZ4YMcWGJ9h',
      chain: 'SOL',
      exchange: '6EF8rrecthR5Dkzon8Nwu78hRvfCKubJ14M5uBEwF6P',
      priceUsd: 0.00000956084202,
      volumeUsd: 2363.76,
      mcap: 9560.84,
      priceChangePcs: [Object],
      transactions: [Object],
      audit: [Object],
      security: [Object],
      tokenCreatedTimestamp: 2025-09-27T13:31:00.000Z,
      liquidity: [Object]
    },
    {
      id: 'tnRFqPieFPQjt1RqWR9upxaGWjtZi1K9NvPArmX5Nnm',
      tokenName: 'PEPETOSHI NAKAMOTO',
      tokenSymbol: 'PEPETOSHI',
      tokenAddress: 'H8juXSLBZ4G1qpd1CSSDgcC1ddzTodqnoNeLnr6949vQ',
      pairAddress: 'tnRFqPieFPQjt1RqWR9upxaGWjtZi1K9NvPArmX5Nnm',
      chain: 'SOL',
      exchange: '6EF8rrecthR5Dkzon8Nwu78hRvfCKubJ14M5uBEwF6P',
      priceUsd: 0.0000071127762753579505,
      volumeUsd: 35.56,
      mcap: 7112.77,
      priceChangePcs: [Object],
      transactions: [Object],
      audit: [Object],
      security: [Object],
      tokenCreatedTimestamp: 2025-09-27T13:31:00.000Z,
      liquidity: [Object]
    },
    {
      id: 'AopTeQkR1i2mvHxdXa8TGPRs9tJ1XMbUWusJiQKcBSCD',
      tokenName: 'Lighter',
      tokenSymbol: 'Lighter',
      tokenAddress: '2QvQtMDVbzjagpq4swMewsLELGxVRX4vY6n5n17BTVYV',
      pairAddress: 'AopTeQkR1i2mvHxdXa8TGPRs9tJ1XMbUWusJiQKcBSCD',
      chain: 'SOL',
      exchange: 'cpamdpZCGKUy5JxQXB4dcpGPiikHawvSWAd6mEn1sGG',
      priceUsd: 0,
      volumeUsd: 0,
      mcap: 14.565278683630357,
      priceChangePcs: [Object],
      transactions: [Object],
      audit: [Object],
      security: [Object],
      tokenCreatedTimestamp: 2025-09-27T13:30:59.000Z,
      liquidity: [Object]
    },
    {
      id: '0x6dB1A7bD7873F45F53168A231761613B88c60d31',
      tokenName: 'Wvitacoin',
      tokenSymbol: 'VTA',
      tokenAddress: '0x20062aa9e3769b91a56E1398C10ece9eA3972979',
      pairAddress: '0x6dB1A7bD7873F45F53168A231761613B88c60d31',
      chain: 'BSC',
      exchange: '0x10ED43C718714eb63d5aA57B78B54704E256024E',
      priceUsd: 0,
      volumeUsd: 0,
      mcap: 0,
      priceChangePcs: [Object],
      transactions: [Object],
      audit: [Object],
      security: [Object],
      tokenCreatedTimestamp: 2025-09-27T13:30:53.000Z,
      liquidity: [Object]
    },
    {
      id: 'BuBsYHYt4gm1KJxjAJ2Nw44PgFmA8d9savpPfjgHQSJW',
      tokenName: 'Work Hard On Reaching Excellence',
      tokenSymbol: 'WHORE',
      tokenAddress: 'HufSumGDS9s8tfpB3P6xxooSTAqThntzx1pLpQFZLLD4',
      pairAddress: 'BuBsYHYt4gm1KJxjAJ2Nw44PgFmA8d9savpPfjgHQSJW',
      chain: 'SOL',
      exchange: '6EF8rrecthR5Dkzon8Nwu78hRvfCKubJ14M5uBEwF6P',
      priceUsd: 0,
      volumeUsd: 0,
      mcap: 2030.163876735061,
      priceChangePcs: [Object],
      transactions: [Object],
      audit: [Object],
      security: [Object],
      tokenCreatedTimestamp: 2025-09-27T13:30:48.000Z,
      liquidity: [Object]
    },
    {
      id: 'D1fmk7RYaiZPSzsQuvt1ZfpbRbwnixAdNFCd1twpDwQW',
      tokenName: 'Work Hard On Reaching Excellence',
      tokenSymbol: 'WHORE',
      tokenAddress: '7nvTX84BashFLkyecVckuRnyKDAYQNs2Z451XMu2pump',
      pairAddress: 'D1fmk7RYaiZPSzsQuvt1ZfpbRbwnixAdNFCd1twpDwQW',
      chain: 'SOL',
      exchange: '6EF8rrecthR5Dkzon8Nwu78hRvfCKubJ14M5uBEwF6P',
      priceUsd: 0.000006175373917,
      volumeUsd: 2047.57,
      mcap: 6175.37,
      priceChangePcs: [Object],
      transactions: [Object],
      audit: [Object],
      security: [Object],
      tokenCreatedTimestamp: 2025-09-27T13:30:45.000Z,
      liquidity: [Object]
    },
    {
      id: 'LZ7vy3pQC4ubcVcadZSUjWZ6vBYjZHM9uWcpLfreBXY',
      tokenName: 'sesame',
      tokenSymbol: 'sesame',
      tokenAddress: 'FimHPAYg4qQVZ1EE5C599oUQmdJraHqYGPhouJxkpump',
      pairAddress: 'LZ7vy3pQC4ubcVcadZSUjWZ6vBYjZHM9uWcpLfreBXY',
      chain: 'SOL',
      exchange: '6EF8rrecthR5Dkzon8Nwu78hRvfCKubJ14M5uBEwF6P',
      priceUsd: 0.00000734939175,
      volumeUsd: 263.56,
      mcap: 7349.39,
      priceChangePcs: [Object],
      transactions: [Object],
      audit: [Object],
      security: [Object],
      tokenCreatedTimestamp: 2025-09-27T13:30:42.000Z,
      liquidity: [Object]
    },
    {
      id: '9uYdmNvDUPz6CUDE5mEEb1eNRVCta66M6tFakCgbmk7J',
      tokenName: 'BlockDAGNetwork',
      tokenSymbol: 'BDAG/USDT',
      tokenAddress: 'DbZfsc5Av3cabDrZndQL6Pa3vXQwkdkGLGnSAWjZq4dK',
      pairAddress: '9uYdmNvDUPz6CUDE5mEEb1eNRVCta66M6tFakCgbmk7J',
      chain: 'SOL',
      exchange: 'CAMMCzo5YL8w4VFF8KVHrK22GGUsp5VTaW7grrKgrWqK',
      priceUsd: 0.00004608515067,
      volumeUsd: 26327.61,
      mcap: 46085.15,
      priceChangePcs: [Object],
      transactions: [Object],
      audit: [Object],
      security: [Object],
      tokenCreatedTimestamp: 2025-09-27T13:30:41.000Z,
      liquidity: [Object]
    },
    {
      id: 'FuSxU5vwLYifrFvsK93FnhRahM6G3CpzRCwPjrWpEEPq',
      tokenName: 'The Grok Singularity',
      tokenSymbol: 'Groksing',
      tokenAddress: 'Gi8NxyHG3h99rkWCZ9hL48sPh9CMPCmrkE7UfgvFpump',
      pairAddress: 'FuSxU5vwLYifrFvsK93FnhRahM6G3CpzRCwPjrWpEEPq',
      chain: 'SOL',
      exchange: '6EF8rrecthR5Dkzon8Nwu78hRvfCKubJ14M5uBEwF6P',
      priceUsd: 0,
      volumeUsd: 0,
      mcap: 20.83,
      priceChangePcs: [Object],
      transactions: [Object],
      audit: [Object],
      security: [Object],
      tokenCreatedTimestamp: 2025-09-27T13:30:38.000Z,
      liquidity: [Object]
    },
    {
      id: 'EmscLdfuVCsNYCFJ4RXG84W2hfEN83x49V2JoZPTgS2H',
      tokenName: 'Free',
      tokenSymbol: 'FREE',
      tokenAddress: 'CnqQ43bnNvGXWmNjEUQbUCqCmZxDzhECzyEKMeJquYge',
      pairAddress: 'EmscLdfuVCsNYCFJ4RXG84W2hfEN83x49V2JoZPTgS2H',
      chain: 'SOL',
      exchange: '6EF8rrecthR5Dkzon8Nwu78hRvfCKubJ14M5uBEwF6P',
      priceUsd: 0,
      volumeUsd: 0,
      mcap: 1.18,
      priceChangePcs: [Object],
      transactions: [Object],
      audit: [Object],
      security: [Object],
      tokenCreatedTimestamp: 2025-09-27T13:30:33.000Z,
      liquidity: [Object]
    },
    {
      id: '0x519F960Fb16722580e997EfeC681B02EBe8d8f59',
      tokenName: 'AI Monero Classic XMC',
      tokenSymbol: 'AI MONERO CLASSIC XMC',
      tokenAddress: '0xA0423F5e8B6596D1F00ab0246178c745012c1cE4',
      pairAddress: '0x519F960Fb16722580e997EfeC681B02EBe8d8f59',
      chain: 'BSC',
      exchange: '0x10ED43C718714eb63d5aA57B78B54704E256024E',
      priceUsd: 0,
      volumeUsd: 0,
      mcap: 0.21,
      priceChangePcs: [Object],
      transactions: [Object],
      audit: [Object],
      security: [Object],
      tokenCreatedTimestamp: 2025-09-27T13:30:33.000Z,
      liquidity: [Object]
    },
    {
      id: '8DNoWzr4EQwfXgSAFJCnA2KCFp3eFC92C4DVrkj4eUZp',
      tokenName: 'live untill 10M marckap',
      tokenSymbol: '$DAD',
      tokenAddress: '6tQRRDoL3xQj67XxKybZ8jYedTxCtTPR6vyxVMzmpump',
      pairAddress: '8DNoWzr4EQwfXgSAFJCnA2KCFp3eFC92C4DVrkj4eUZp',
      chain: 'SOL',
      exchange: '6EF8rrecthR5Dkzon8Nwu78hRvfCKubJ14M5uBEwF6P',
      priceUsd: 0.000005988900122,
      volumeUsd: 9.98,
      mcap: 5988.9,
      priceChangePcs: [Object],
      transactions: [Object],
      audit: [Object],
      security: [Object],
      tokenCreatedTimestamp: 2025-09-27T13:30:29.000Z,
      liquidity: [Object]
    },
    {
      id: '3yaerz8fRtsgi9datdt426nxFVDsmsjVFVEc4BsEvySn',
      tokenName: 'BlocksBeats',
      tokenSymbol: 'BB',
      tokenAddress: 'Aen7RjcBaYKX5fx1JRvzv7HXcaxAXRBgauwMdPYevTT7',
      pairAddress: '3yaerz8fRtsgi9datdt426nxFVDsmsjVFVEc4BsEvySn',
      chain: 'SOL',
      exchange: 'dbcij3LWUppWqq96dh6gJWwBifmcGfLSB5D4DuSMaqN',
      priceUsd: 0.0001498451042,
      volumeUsd: 7658.64,
      mcap: 149845.1,
      priceChangePcs: [Object],
      transactions: [Object],
      audit: [Object],
      security: [Object],
      tokenCreatedTimestamp: 2025-09-27T13:30:28.000Z,
      liquidity: [Object]
    },
    {
      id: 'DMMUF6L3g1YR9P1R9UNaSfTkT3xVh9oCRYUUf6YZ28A7',
      tokenName: 'AstroPepe Coin',
      tokenSymbol: 'APC',
      tokenAddress: '52qAHZW62oELcYnfCsDAtLpVkoTUUGwSm6X2bzUbpump',
      pairAddress: 'DMMUF6L3g1YR9P1R9UNaSfTkT3xVh9oCRYUUf6YZ28A7',
      chain: 'SOL',
      exchange: '6EF8rrecthR5Dkzon8Nwu78hRvfCKubJ14M5uBEwF6P',
      priceUsd: 0,
      volumeUsd: 20.02,
      mcap: 5693.14,
      priceChangePcs: [Object],
      transactions: [Object],
      audit: [Object],
      security: [Object],
      tokenCreatedTimestamp: 2025-09-27T13:30:26.000Z,
      liquidity: [Object]
    },
    {
      id: '9tiwyYw6Lq12KrJttv7PW38UBS8xFvghASnkGYgSZrTK',
      tokenName: 'coin Green ',
      tokenSymbol: ' .',
      tokenAddress: 'J27NqBFKDi8rgAMup1SH1HzjJkpYiTMeiqnfeYBFX9ZX',
      pairAddress: '9tiwyYw6Lq12KrJttv7PW38UBS8xFvghASnkGYgSZrTK',
      chain: 'SOL',
      exchange: '6EF8rrecthR5Dkzon8Nwu78hRvfCKubJ14M5uBEwF6P',
      priceUsd: 0,
      volumeUsd: 0,
      mcap: 4.763753025350523,
      priceChangePcs: [Object],
      transactions: [Object],
      audit: [Object],
      security: [Object],
      tokenCreatedTimestamp: 2025-09-27T13:30:24.000Z,
      liquidity: [Object]
    },
    {
      id: 'JAW3fnXZ4oLWqDMPq2GdWnjP7TwnY6k4nQ4QQs5rnWao',
      tokenName: 'Bonkey',
      tokenSymbol: 'Bonkey',
      tokenAddress: '4PYvyKqkMxvHEcbzPoiPMW9W2ifgxkHtgwXEhm5Hbonk',
      pairAddress: 'JAW3fnXZ4oLWqDMPq2GdWnjP7TwnY6k4nQ4QQs5rnWao',
      chain: 'SOL',
      exchange: 'pAMMBay6oceH9fJKBRHGP5D4bD4sWpmSwMn52FMfXEA',
      priceUsd: 0.0001318280702,
      volumeUsd: 8904.34,
      mcap: 131827.94,
      priceChangePcs: [Object],
      transactions: [Object],
      audit: [Object],
      security: [Object],
      tokenCreatedTimestamp: 2025-09-27T13:30:17.000Z,
      liquidity: [Object]
    },
    {
      id: '3zVRfPYpvKY8VwPM4DJoFZqb8SMnMN6qnYdpf2AG7hr2',
      tokenName: 'Corgi',
      tokenSymbol: 'Corgi',
      tokenAddress: '223JNPAcUYZXDYvKADgKN8jNP6UU5hrXeCthweuibonk',
      pairAddress: '3zVRfPYpvKY8VwPM4DJoFZqb8SMnMN6qnYdpf2AG7hr2',
      chain: 'SOL',
      exchange: 'LanMV9sAd7wArD4vJFi2qDdfnVhFxYSUg6eADduJ3uj',
      priceUsd: 0.000006293984827,
      volumeUsd: 2447.32,
      mcap: 6293.98,
      priceChangePcs: [Object],
      transactions: [Object],
      audit: [Object],
      security: [Object],
      tokenCreatedTimestamp: 2025-09-27T13:30:14.000Z,
      liquidity: [Object]
    },
    {
      id: 'Db8G7jkwTaFWzuyMcY5Rir6H4xuPGWY3JsvLm8HDG4cP',
      tokenName: 'Space Girrafe',
      tokenSymbol: 'SG',
      tokenAddress: 'BwpZDmqv8SBru6KKJsFB2sDMSUHGnpsCzGCVsbzzpump',
      pairAddress: 'Db8G7jkwTaFWzuyMcY5Rir6H4xuPGWY3JsvLm8HDG4cP',
      chain: 'SOL',
      exchange: '6EF8rrecthR5Dkzon8Nwu78hRvfCKubJ14M5uBEwF6P',
      priceUsd: 0,
      volumeUsd: 0,
      mcap: 49.21815348790427,
      priceChangePcs: [Object],
      transactions: [Object],
      audit: [Object],
      security: [Object],
      tokenCreatedTimestamp: 2025-09-27T13:30:11.000Z,
      liquidity: [Object]
    },
    {
      id: '9wmD4gLewRJJwqNCWKdF8t4nBut7kpshw9QSduBRLkBT',
      tokenName: 'NeuralDerp',
      tokenSymbol: 'NeuralDerp',
      tokenAddress: '9LCc9GguzWKXeGT5ECHbppzGKBjkXjuSq1D5oFX7pump',
      pairAddress: '9wmD4gLewRJJwqNCWKdF8t4nBut7kpshw9QSduBRLkBT',
      chain: 'SOL',
      exchange: '6EF8rrecthR5Dkzon8Nwu78hRvfCKubJ14M5uBEwF6P',
      priceUsd: 0.000006496635064,
      volumeUsd: 651.05,
      mcap: 6496.63,
      priceChangePcs: [Object],
      transactions: [Object],
      audit: [Object],
      security: [Object],
      tokenCreatedTimestamp: 2025-09-27T13:30:10.000Z,
      liquidity: [Object]
    },
    {
      id: 'EHbC2THA3DqVxpvCpxWz61NLnjFnb533Qt6JTqbBL7kp',
      tokenName: ' ZAYU THE JAGUAR',
      tokenSymbol: 'ZAYU',
      tokenAddress: '8MsofqwuzfroEXtgnk1fjXDv7LAJavJ3cyYuJTKhpump',
      pairAddress: 'EHbC2THA3DqVxpvCpxWz61NLnjFnb533Qt6JTqbBL7kp',
      chain: 'SOL',
      exchange: '6EF8rrecthR5Dkzon8Nwu78hRvfCKubJ14M5uBEwF6P',
      priceUsd: 0.000006248358552,
      volumeUsd: 9.91,
      mcap: 6248.35,
      priceChangePcs: [Object],
      transactions: [Object],
      audit: [Object],
      security: [Object],
      tokenCreatedTimestamp: 2025-09-27T13:29:47.000Z,
      liquidity: [Object]
    },
    {
      id: 'AQwSvR3a3xaeXptfPzHNh8uynYSo6zntZZf5sQKdtKSe',
      tokenName: 'pieverse',
      tokenSymbol: '$PIEVERSE',
      tokenAddress: 'G1oMsTk91XDnMmW6JKJh2hFD1neqbrAGwUsaa1yAr46m',
      pairAddress: 'AQwSvR3a3xaeXptfPzHNh8uynYSo6zntZZf5sQKdtKSe',
      chain: 'SOL',
      exchange: 'dbcij3LWUppWqq96dh6gJWwBifmcGfLSB5D4DuSMaqN',
      priceUsd: 0.0003871161867,
      volumeUsd: 45725.2,
      mcap: 387116.18,
      priceChangePcs: [Object],
      transactions: [Object],
      audit: [Object],
      security: [Object],
      tokenCreatedTimestamp: 2025-09-27T13:29:46.000Z,
      liquidity: [Object]
    },
    {
      id: '5bd349hkLvcDYAMrsLDA1BWZxfhgfBkKdC4wwV5LtkgL',
      tokenName: 'Anoma_XAN',
      tokenSymbol: 'XAN',
      tokenAddress: '3fYwtV2wQvxa99jCdxa67x1zRP2punS7tCy8T8pW6Xip',
      pairAddress: '5bd349hkLvcDYAMrsLDA1BWZxfhgfBkKdC4wwV5LtkgL',
      chain: 'SOL',
      exchange: 'pAMMBay6oceH9fJKBRHGP5D4bD4sWpmSwMn52FMfXEA',
      priceUsd: 0.0002030121246,
      volumeUsd: 801285.82,
      mcap: 203011.85,
      priceChangePcs: [Object],
      transactions: [Object],
      audit: [Object],
      security: [Object],
      tokenCreatedTimestamp: 2025-09-27T13:29:46.000Z,
      liquidity: [Object]
    },
    {
      id: '0xACDE96cF19D852111A212Db4054f201876f4F0B9',
      tokenName: 'BZIL',
      tokenSymbol: 'BZIL',
      tokenAddress: '0x0De9b6f1567F50D4290Bc866a9e18D696e7f3Bfc',
      pairAddress: '0xACDE96cF19D852111A212Db4054f201876f4F0B9',
      chain: 'BASE',
      exchange: '0x4752ba5DBc23f44D87826276BF6Fd6b1C372aD24',
      priceUsd: 0,
      volumeUsd: 0,
      mcap: 0.08044587302,
      priceChangePcs: [Object],
      transactions: [Object],
      audit: [Object],
      security: [Object],
      tokenCreatedTimestamp: 2025-09-27T13:29:43.000Z,
      liquidity: [Object]
    },
    {
      id: 'DZeaMn3ZkqYawf8aK7Mx6dZANPe7Zwfc2tux5nNFFVCy',
      tokenName: 'BITCOIN BREAKFAST',
      tokenSymbol: 'BITCOIN B ',
      tokenAddress: '6jM2GXK5W9WcFEbV6tJbQzP2UGju4D5EULoVc1E4pump',
      pairAddress: 'DZeaMn3ZkqYawf8aK7Mx6dZANPe7Zwfc2tux5nNFFVCy',
      chain: 'SOL',
      exchange: '6EF8rrecthR5Dkzon8Nwu78hRvfCKubJ14M5uBEwF6P',
      priceUsd: 0,
      volumeUsd: 0,
      mcap: 4.79,
      priceChangePcs: [Object],
      transactions: [Object],
      audit: [Object],
      security: [Object],
      tokenCreatedTimestamp: 2025-09-27T13:29:42.000Z,
      liquidity: [Object]
    },
    {
      id: '3VP7XRSTKwN3ziMcTJEZ28bdWZE1Y9muxiS6TZU7Azj4',
      tokenName: 'Monster Strategy',
      tokenSymbol: 'MNSTR',
      tokenAddress: '8pEUCbYimCPbYsE1eszTMjmXcRR4eRvxfh84C2Mvpump',
      pairAddress: '3VP7XRSTKwN3ziMcTJEZ28bdWZE1Y9muxiS6TZU7Azj4',
      chain: 'SOL',
      exchange: '6EF8rrecthR5Dkzon8Nwu78hRvfCKubJ14M5uBEwF6P',
      priceUsd: 0,
      volumeUsd: 0,
      mcap: 926.2459385154123,
      priceChangePcs: [Object],
      transactions: [Object],
      audit: [Object],
      security: [Object],
      tokenCreatedTimestamp: 2025-09-27T13:29:40.000Z,
      liquidity: [Object]
    },
    {
      id: 'CEDJsVXFC5BSD15mieW1crJNfGqry6CvkabXuvQWqzpg',
      tokenName: 'BULL PRINTER',
      tokenSymbol: 'PRINTER',
      tokenAddress: '7nagxq3uMtsAuQ6AgyqyECAoccZqVHB8FLb2Teyvpump',
      pairAddress: 'CEDJsVXFC5BSD15mieW1crJNfGqry6CvkabXuvQWqzpg',
      chain: 'SOL',
      exchange: '6EF8rrecthR5Dkzon8Nwu78hRvfCKubJ14M5uBEwF6P',
      priceUsd: 0.00002207516805,
      volumeUsd: 8213.75,
      mcap: 22075.16,
      priceChangePcs: [Object],
      transactions: [Object],
      audit: [Object],
      security: [Object],
      tokenCreatedTimestamp: 2025-09-27T13:29:37.000Z,
      liquidity: [Object]
    },
    {
      id: 'qLKeBk26GQn7rzSTWjvTikkfwwmPycqqT51TZVUMwxi',
      tokenName: 'Hugo',
      tokenSymbol: 'HUGO',
      tokenAddress: 'FKbVnTYAHJt1Bt6viKGdA4JL1HQFg2W27AAStWexpump',
      pairAddress: 'qLKeBk26GQn7rzSTWjvTikkfwwmPycqqT51TZVUMwxi',
      chain: 'SOL',
      exchange: '6EF8rrecthR5Dkzon8Nwu78hRvfCKubJ14M5uBEwF6P',
      priceUsd: 0.000007253030484,
      volumeUsd: 79.32,
      mcap: 7253.03,
      priceChangePcs: [Object],
      transactions: [Object],
      audit: [Object],
      security: [Object],
      tokenCreatedTimestamp: 2025-09-27T13:29:36.000Z,
      liquidity: [Object]
    },
    {
      id: '21mZ7PinxQNAWLer47J3hgYFPPzCgJYYka17AoEC3Gac',
      tokenName: 'ASTER TrueLoveStory',
      tokenSymbol: 'ATLS',
      tokenAddress: '9N8xmXKPzs9gzhdAeN41Wc53zaJB8UCHHkyFMnXvpump',
      pairAddress: '21mZ7PinxQNAWLer47J3hgYFPPzCgJYYka17AoEC3Gac',
      chain: 'SOL',
      exchange: '6EF8rrecthR5Dkzon8Nwu78hRvfCKubJ14M5uBEwF6P',
      priceUsd: 0.000006395002635,
      volumeUsd: 44.05,
      mcap: 6395,
      priceChangePcs: [Object],
      transactions: [Object],
      audit: [Object],
      security: [Object],
      tokenCreatedTimestamp: 2025-09-27T13:29:31.000Z,
      liquidity: [Object]
    },
    {
      id: '0x5192A823DC3a5ae2E185Ac26448459618538CfBC',
      tokenName: 'AI Mocaverse',
      tokenSymbol: 'AI MOCAVERSE',
      tokenAddress: '0x459dD9537EE358Ef93a6F3dd34A540D66B5c5c03',
      pairAddress: '0x5192A823DC3a5ae2E185Ac26448459618538CfBC',
      chain: 'BSC',
      exchange: '0x10ED43C718714eb63d5aA57B78B54704E256024E',
      priceUsd: 0,
      volumeUsd: 0,
      mcap: 0.1948487,
      priceChangePcs: [Object],
      transactions: [Object],
      audit: [Object],
      security: [Object],
      tokenCreatedTimestamp: 2025-09-27T13:29:30.000Z,
      liquidity: [Object]
    },
    {
      id: 'GBFjgnJ35rAm1r5NwgYpSAmSDkUEihLsf2YT7FGPTpTp',
      tokenName: 'Nothing',
      tokenSymbol: 'Noth',
      tokenAddress: 'CscT9wmnLQEzDWhTXStNcKd5TuTXY1dtySXSC46opump',
      pairAddress: 'GBFjgnJ35rAm1r5NwgYpSAmSDkUEihLsf2YT7FGPTpTp',
      chain: 'SOL',
      exchange: '6EF8rrecthR5Dkzon8Nwu78hRvfCKubJ14M5uBEwF6P',
      priceUsd: 0,
      volumeUsd: 0,
      mcap: 283.9215717160078,
      priceChangePcs: [Object],
      transactions: [Object],
      audit: [Object],
      security: [Object],
      tokenCreatedTimestamp: 2025-09-27T13:29:28.000Z,
      liquidity: [Object]
    },
    {
      id: '689ZRrnMbxypxMQY49hoF8jKNJQAuFF5HuXnzmnGvPGP',
      tokenName: '抖音',
      tokenSymbol: '抖音🔥',
      tokenAddress: 'J5e9ayxs51j5fYxa5S8ALARJgN9o1MGTMBAdzxURS5D2',
      pairAddress: '689ZRrnMbxypxMQY49hoF8jKNJQAuFF5HuXnzmnGvPGP',
      chain: 'SOL',
      exchange: 'cpamdpZCGKUy5JxQXB4dcpGPiikHawvSWAd6mEn1sGG',
      priceUsd: 0.0001209739817,
      volumeUsd: 12095.14,
      mcap: 120973.98,
      priceChangePcs: [Object],
      transactions: [Object],
      audit: [Object],
      security: [Object],
      tokenCreatedTimestamp: 2025-09-27T13:29:12.000Z,
      liquidity: [Object]
    },
    {
      id: '8r5gUunycJPXVAPknJfWfGbNYffhvMLyLdancSDx8TEN',
      tokenName: 'Good Mornin',
      tokenSymbol: 'GM',
      tokenAddress: '6LYnd29f7eJTbHiaBSSREVAHYRs1iR61b7nkf73Cpump',
      pairAddress: '8r5gUunycJPXVAPknJfWfGbNYffhvMLyLdancSDx8TEN',
      chain: 'SOL',
      exchange: '6EF8rrecthR5Dkzon8Nwu78hRvfCKubJ14M5uBEwF6P',
      priceUsd: 0.000006244328652,
      volumeUsd: 1051.1,
      mcap: 6244.32,
      priceChangePcs: [Object],
      transactions: [Object],
      audit: [Object],
      security: [Object],
      tokenCreatedTimestamp: 2025-09-27T13:29:09.000Z,
      liquidity: [Object]
    },
    {
      id: '4noiheU6cUXz6TCpmkyTkA785qJCXiDzX6vCNnrZ2mUE',
      tokenName: '1 sol and a dream',
      tokenSymbol: '1SOL',
      tokenAddress: '2LA46PzhC3ML4VU3S9mwkpHHxjptanbLqyph4k3zxDJS',
      pairAddress: '4noiheU6cUXz6TCpmkyTkA785qJCXiDzX6vCNnrZ2mUE',
      chain: 'SOL',
      exchange: 'pAMMBay6oceH9fJKBRHGP5D4bD4sWpmSwMn52FMfXEA',
      priceUsd: 0.4096744721,
      volumeUsd: 196157.23,
      mcap: 409674472.09,
      priceChangePcs: [Object],
      transactions: [Object],
      audit: [Object],
      security: [Object],
      tokenCreatedTimestamp: 2025-09-27T13:29:02.000Z,
      liquidity: [Object]
    },
    {
      id: '4CYn7UmzwFSqBQt9gRVxNuQH3PJtYPfTHdghSuPrnVDb',
      tokenName: ' Glowing Shrimp',
      tokenSymbol: 'GLOW',
      tokenAddress: 'HG6FNc3GopWfVGmPfzJNrYLBKwoCNcNdaFKB5PMbpump',
      pairAddress: '4CYn7UmzwFSqBQt9gRVxNuQH3PJtYPfTHdghSuPrnVDb',
      chain: 'SOL',
      exchange: '6EF8rrecthR5Dkzon8Nwu78hRvfCKubJ14M5uBEwF6P',
      priceUsd: 0,
      volumeUsd: 0,
      mcap: 95.78323922678436,
      priceChangePcs: [Object],
      transactions: [Object],
      audit: [Object],
      security: [Object],
      tokenCreatedTimestamp: 2025-09-27T13:28:56.000Z,
      liquidity: [Object]
    },
    {
      id: '0x63be57E19b4a77Ad9D8B53149554Fff94f368Bb0',
      tokenName: 'Safemoon Aster',
      tokenSymbol: 'SafeAster',
      tokenAddress: '0x3397772dF6CC24150e10736bF1AC0117F057916F',
      pairAddress: '0x63be57E19b4a77Ad9D8B53149554Fff94f368Bb0',
      chain: 'BSC',
      exchange: '0x10ED43C718714eb63d5aA57B78B54704E256024E',
      priceUsd: 0.000008418273302051976,
      volumeUsd: 16661.49,
      mcap: 8418.27,
      priceChangePcs: [Object],
      transactions: [Object],
      audit: [Object],
      security: [Object],
      tokenCreatedTimestamp: 2025-09-27T13:28:53.000Z,
      liquidity: [Object]
    },
    {
      id: '0x4aD67D47228ad3220F377bd577e6F98eE3295619',
      tokenName: 'LBRETT',
      tokenSymbol: 'LBRETT',
      tokenAddress: '0xb6b4Bfd293AFe9762cDb3a4C94AFeaBDAC89EeCD',
      pairAddress: '0x4aD67D47228ad3220F377bd577e6F98eE3295619',
      chain: 'BASE',
      exchange: '0x4752ba5DBc23f44D87826276BF6Fd6b1C372aD24',
      priceUsd: 0,
      volumeUsd: 0,
      mcap: 0.08044587302,
      priceChangePcs: [Object],
      transactions: [Object],
      audit: [Object],
      security: [Object],
      tokenCreatedTimestamp: 2025-09-27T13:28:43.000Z,
      liquidity: [Object]
    },
    {
      id: 'EwiVBVLZVfxLY9SwSmLpSNRhG785Je9crXzz47dEYpSe',
      tokenName: 'Crypto GEMs 📈🚀',
      tokenSymbol: 'GEMs',
      tokenAddress: '8Nx9T6bcTpYyGH1EQ5VYwhMMtgBEeBFDsxTAUW192UFN',
      pairAddress: 'EwiVBVLZVfxLY9SwSmLpSNRhG785Je9crXzz47dEYpSe',
      chain: 'SOL',
      exchange: 'dbcij3LWUppWqq96dh6gJWwBifmcGfLSB5D4DuSMaqN',
      priceUsd: 0.00002269890296,
      volumeUsd: 20544.75,
      mcap: 22698.9,
      priceChangePcs: [Object],
      transactions: [Object],
      audit: [Object],
      security: [Object],
      tokenCreatedTimestamp: 2025-09-27T13:28:40.000Z,
      liquidity: [Object]
    },
    {
      id: '6dMAk3d9NXS6Pr67KjsNR43739rR2Fh8snSkxu4mGFGF',
      tokenName: 'DUK FUKS',
      tokenSymbol: 'Duk ',
      tokenAddress: 'H7hTvzfTgZTxiWzvjtRHuD8A5goy6wgYD8mFzxgcpump',
      pairAddress: '6dMAk3d9NXS6Pr67KjsNR43739rR2Fh8snSkxu4mGFGF',
      chain: 'SOL',
      exchange: '6EF8rrecthR5Dkzon8Nwu78hRvfCKubJ14M5uBEwF6P',
      priceUsd: 0.00000607140933,
      volumeUsd: 1029.68,
      mcap: 6071.4,
      priceChangePcs: [Object],
      transactions: [Object],
      audit: [Object],
      security: [Object],
      tokenCreatedTimestamp: 2025-09-27T13:28:28.000Z,
      liquidity: [Object]
    },
    {
      id: '0xB21859CE9f94848820FDA44dCBCE6E6b5DB142b9',
      tokenName: 'AI Mocaverse',
      tokenSymbol: 'AI MOCAVERSE',
      tokenAddress: '0x3F09D8Bf235d45532eF59CE45e4F105635B67191',
      pairAddress: '0xB21859CE9f94848820FDA44dCBCE6E6b5DB142b9',
      chain: 'BSC',
      exchange: '0x10ED43C718714eb63d5aA57B78B54704E256024E',
      priceUsd: 0,
      volumeUsd: 0,
      mcap: 0.21,
      priceChangePcs: [Object],
      transactions: [Object],
      audit: [Object],
      security: [Object],
      tokenCreatedTimestamp: 2025-09-27T13:28:27.000Z,
      liquidity: [Object]
    },
    {
      id: '0x0BBD6a7772A9514F9d32E06F524dEc8a7378f51C',
      tokenName: 'BlocksBeats',
      tokenSymbol: 'BB',
      tokenAddress: '0xfa20E3448547E7dBC69160233704551143ce47df',
      pairAddress: '0x0BBD6a7772A9514F9d32E06F524dEc8a7378f51C',
      chain: 'BASE',
      exchange: '0x2626664c2603336E57B271c5C0b26F421741e481',
      priceUsd: 0,
      volumeUsd: 0,
      mcap: 0,
      priceChangePcs: [Object],
      transactions: [Object],
      audit: [Object],
      security: [Object],
      tokenCreatedTimestamp: 2025-09-27T13:28:27.000Z,
      liquidity: [Object]
    },
    {
      id: '4aGcN7Yr6ZeQv7r3wWee2kv4vRnW5GsP99Eo7kygHEp5',
      tokenName: 'puppy with shower cap',
      tokenSymbol: 'PWSC',
      tokenAddress: 'GXFgEFwVtpGBC5tbv4LvYdN2iEo5ssuoTRBYKFP7h6Hp',
      pairAddress: '4aGcN7Yr6ZeQv7r3wWee2kv4vRnW5GsP99Eo7kygHEp5',
      chain: 'SOL',
      exchange: '6EF8rrecthR5Dkzon8Nwu78hRvfCKubJ14M5uBEwF6P',
      priceUsd: 0,
      volumeUsd: 0,
      mcap: 807.0157204955553,
      priceChangePcs: [Object],
      transactions: [Object],
      audit: [Object],
      security: [Object],
      tokenCreatedTimestamp: 2025-09-27T13:28:26.000Z,
      liquidity: [Object]
    },
    {
      id: 'HymUN3CKQy8xT97uH5uNS3Tv55FZdH4XFsquWGVMZBaJ',
      tokenName: 'DUKLY',
      tokenSymbol: 'DUKLY',
      tokenAddress: '4JLfdgcmzdEMuhFgjXywnVUuMhWo1kGRa5N9hMgUpump',
      pairAddress: 'HymUN3CKQy8xT97uH5uNS3Tv55FZdH4XFsquWGVMZBaJ',
      chain: 'SOL',
      exchange: 'cpamdpZCGKUy5JxQXB4dcpGPiikHawvSWAd6mEn1sGG',
      priceUsd: 0,
      volumeUsd: 0,
      mcap: 1.99,
      priceChangePcs: [Object],
      transactions: [Object],
      audit: [Object],
      security: [Object],
      tokenCreatedTimestamp: 2025-09-27T13:28:20.000Z,
      liquidity: [Object]
    },
    {
      id: 'FBcbV3n8RRaWXguySMQwgNzxJG2sui33eFN1CRz2cZzr',
      tokenName: 'UTILITY COIN',
      tokenSymbol: 'UTILITY',
      tokenAddress: '7Rh7eW7DXYs1UhMoLMxfjS5H3apS1NX74zxrcBWtxrVk',
      pairAddress: 'FBcbV3n8RRaWXguySMQwgNzxJG2sui33eFN1CRz2cZzr',
      chain: 'SOL',
      exchange: 'dbcij3LWUppWqq96dh6gJWwBifmcGfLSB5D4DuSMaqN',
      priceUsd: 0.000142362773,
      volumeUsd: 1849.35,
      mcap: 142362.77,
      priceChangePcs: [Object],
      transactions: [Object],
      audit: [Object],
      security: [Object],
      tokenCreatedTimestamp: 2025-09-27T13:28:14.000Z,
      liquidity: [Object]
    },
    {
      id: '4opeYPXkwopihpYRTc8ZpHUbUyB4n4Qr4XFvfWKiLGcg',
      tokenName: 'cursed images',
      tokenSymbol: 'cursed',
      tokenAddress: 'DXsKEZNNXU7PEpTRiJjHziHUGA95Vq12Uo4ezrS8pump',
      pairAddress: '4opeYPXkwopihpYRTc8ZpHUbUyB4n4Qr4XFvfWKiLGcg',
      chain: 'SOL',
      exchange: '6EF8rrecthR5Dkzon8Nwu78hRvfCKubJ14M5uBEwF6P',
      priceUsd: 0.000008255038615,
      volumeUsd: 289.33,
      mcap: 8255.03,
      priceChangePcs: [Object],
      transactions: [Object],
      audit: [Object],
      security: [Object],
      tokenCreatedTimestamp: 2025-09-27T13:28:09.000Z,
      liquidity: [Object]
    },
    {
      id: 'Hxhi1wDz1QFzoJNzYd5tQZCqnPJBATd9TQtyxUq3n72a',
      tokenName: 'NeuralDerp',
      tokenSymbol: 'NeuralDerp',
      tokenAddress: '7RqwbgR4vcU4QFHez4SErpgStRam2Sfo6fwYaNoLpump',
      pairAddress: 'Hxhi1wDz1QFzoJNzYd5tQZCqnPJBATd9TQtyxUq3n72a',
      chain: 'SOL',
      exchange: '6EF8rrecthR5Dkzon8Nwu78hRvfCKubJ14M5uBEwF6P',
      priceUsd: 0.000008548156855,
      volumeUsd: 528.51,
      mcap: 8548.15,
      priceChangePcs: [Object],
      transactions: [Object],
      audit: [Object],
      security: [Object],
      tokenCreatedTimestamp: 2025-09-27T13:28:09.000Z,
      liquidity: [Object]
    },
    {
      id: '51ACLz96TcffL3MUvoy5xLXXjdkcxzPcbmmg8zR9m5Pp',
      tokenName: 'NeuralDerp',
      tokenSymbol: 'NeuralDerp',
      tokenAddress: 'GzybHfrUsg7wKWdaganNgKtVppPtwNvz8K79JqRUpump',
      pairAddress: '51ACLz96TcffL3MUvoy5xLXXjdkcxzPcbmmg8zR9m5Pp',
      chain: 'SOL',
      exchange: '6EF8rrecthR5Dkzon8Nwu78hRvfCKubJ14M5uBEwF6P',
      priceUsd: 0,
      volumeUsd: 0,
      mcap: 0.5900400907236026,
      priceChangePcs: [Object],
      transactions: [Object],
      audit: [Object],
      security: [Object],
      tokenCreatedTimestamp: 2025-09-27T13:28:09.000Z,
      liquidity: [Object]
    },
    {
      id: 'Bex3rh8XzmiVXPKXUrL6KHqeUFr5GbFbR1fd6MTvqKwm',
      tokenName: 'TROLL',
      tokenSymbol: 'TROLL',
      tokenAddress: '7WjHWvywe2nB6xGJbA1N5fPj5un219BxzxTjTTSoJWBt',
      pairAddress: 'Bex3rh8XzmiVXPKXUrL6KHqeUFr5GbFbR1fd6MTvqKwm',
      chain: 'SOL',
      exchange: 'cpamdpZCGKUy5JxQXB4dcpGPiikHawvSWAd6mEn1sGG',
      priceUsd: 0.00007707684939,
      volumeUsd: 42.3,
      mcap: 77076.84,
      priceChangePcs: [Object],
      transactions: [Object],
      audit: [Object],
      security: [Object],
      tokenCreatedTimestamp: 2025-09-27T13:28:09.000Z,
      liquidity: [Object]
    },
    {
      id: '29tCN2xqc4vsBhDbKc4ErkASyU5cmSYtKfFajtY1EHoU',
      tokenName: 'BRAH',
      tokenSymbol: 'BRAH',
      tokenAddress: 'BQuYphA76uEVTnVLFvyPHFp6uroPV87vgbJogRumpump',
      pairAddress: '29tCN2xqc4vsBhDbKc4ErkASyU5cmSYtKfFajtY1EHoU',
      chain: 'SOL',
      exchange: '6EF8rrecthR5Dkzon8Nwu78hRvfCKubJ14M5uBEwF6P',
      priceUsd: 0.000006434318385,
      volumeUsd: 192.6,
      mcap: 6434.31,
      priceChangePcs: [Object],
      transactions: [Object],
      audit: [Object],
      security: [Object],
      tokenCreatedTimestamp: 2025-09-27T13:28:03.000Z,
      liquidity: [Object]
    },
    {
      id: 'HYbgM5D55CQ1g1Hhfhf73C98fBjYhEhEGRMgPnWaxCwb',
      tokenName: 'utilitities',
      tokenSymbol: 'utilities',
      tokenAddress: 'JCVkHRjcTE8JeV1ta3KhUPTmH2fDRvhUEc6Cpvngpump',
      pairAddress: 'HYbgM5D55CQ1g1Hhfhf73C98fBjYhEhEGRMgPnWaxCwb',
      chain: 'SOL',
      exchange: '6EF8rrecthR5Dkzon8Nwu78hRvfCKubJ14M5uBEwF6P',
      priceUsd: 0.00000664644948,
      volumeUsd: 284.29,
      mcap: 6646.44,
      priceChangePcs: [Object],
      transactions: [Object],
      audit: [Object],
      security: [Object],
      tokenCreatedTimestamp: 2025-09-27T13:27:57.000Z,
      liquidity: [Object]
    },
    {
      id: '4pLEnB41oQ9SuWxQohWVBirkppQRAApeFH46XdAPbxCC',
      tokenName: 'DUKLY',
      tokenSymbol: 'DUKLY',
      tokenAddress: '4JLfdgcmzdEMuhFgjXywnVUuMhWo1kGRa5N9hMgUpump',
      pairAddress: '4pLEnB41oQ9SuWxQohWVBirkppQRAApeFH46XdAPbxCC',
      chain: 'SOL',
      exchange: 'pAMMBay6oceH9fJKBRHGP5D4bD4sWpmSwMn52FMfXEA',
      priceUsd: 0.0001088412359,
      volumeUsd: 103608.94,
      mcap: 108841.23,
      priceChangePcs: [Object],
      transactions: [Object],
      audit: [Object],
      security: [Object],
      tokenCreatedTimestamp: 2025-09-27T13:27:56.000Z,
      liquidity: [Object]
    },
    {
      id: '8MfYJSHAD7cfvbdv66AaPpSuardUXewX4mpKtnqEQH7z',
      tokenName: 'The Shopping Cart Theory',
      tokenSymbol: 'CART',
      tokenAddress: '25B3q77sLRTCFWM4yvNZKeQffGD13CshvffJq5Pfpump',
      pairAddress: '8MfYJSHAD7cfvbdv66AaPpSuardUXewX4mpKtnqEQH7z',
      chain: 'SOL',
      exchange: '6EF8rrecthR5Dkzon8Nwu78hRvfCKubJ14M5uBEwF6P',
      priceUsd: 0.00000990715559,
      volumeUsd: 2535.72,
      mcap: 9907.15,
      priceChangePcs: [Object],
      transactions: [Object],
      audit: [Object],
      security: [Object],
      tokenCreatedTimestamp: 2025-09-27T13:27:53.000Z,
      liquidity: [Object]
    },
    {
      id: '2hXF7X5Y8xpkXJNV6S2dx2eCtxoWGjLvZWi1dnT4iwqa',
      tokenName: 'TESLA',
      tokenSymbol: 'TESLA',
      tokenAddress: 'CfwALoVE9mLNprjxND6eznQUfQov4XDNAi25iwyrmm6C',
      pairAddress: '2hXF7X5Y8xpkXJNV6S2dx2eCtxoWGjLvZWi1dnT4iwqa',
      chain: 'SOL',
      exchange: '6EF8rrecthR5Dkzon8Nwu78hRvfCKubJ14M5uBEwF6P',
      priceUsd: 0,
      volumeUsd: 0,
      mcap: 40.846656074134444,
      priceChangePcs: [Object],
      transactions: [Object],
      audit: [Object],
      security: [Object],
      tokenCreatedTimestamp: 2025-09-27T13:27:47.000Z,
      liquidity: [Object]
    },
    {
      id: '9ypMPLyJJ5AWTzk81QAYxWi71pQdkdUsRVzg2vSUU8Lj',
      tokenName: 'WURK',
      tokenSymbol: 'WURK',
      tokenAddress: 'TPPKXVckoe2ZLaqWh2FdkpWC9ML3XraE3WtRpf2F181',
      pairAddress: '9ypMPLyJJ5AWTzk81QAYxWi71pQdkdUsRVzg2vSUU8Lj',
      chain: 'SOL',
      exchange: 'dbcij3LWUppWqq96dh6gJWwBifmcGfLSB5D4DuSMaqN',
      priceUsd: 0.00002406968549,
      volumeUsd: 31472.17,
      mcap: 24069.68,
      priceChangePcs: [Object],
      transactions: [Object],
      audit: [Object],
      security: [Object],
      tokenCreatedTimestamp: 2025-09-27T13:27:44.000Z,
      liquidity: [Object]
    },
    {
      id: 'GNHLWywPCUzWH9fS9bjrhAxCyT5rWELTevUkUEAeB7rG',
      tokenName: 'Retire Theory',
      tokenSymbol: '11FLIPS',
      tokenAddress: 'GttPrV8xm2xYJpnxjBb9j6N8NiAjJH2a5GEhE8XYpump',
      pairAddress: 'GNHLWywPCUzWH9fS9bjrhAxCyT5rWELTevUkUEAeB7rG',
      chain: 'SOL',
      exchange: 'pAMMBay6oceH9fJKBRHGP5D4bD4sWpmSwMn52FMfXEA',
      priceUsd: 0,
      volumeUsd: 10420.65,
      mcap: 114733.04,
      priceChangePcs: [Object],
      transactions: [Object],
      audit: [Object],
      security: [Object],
      tokenCreatedTimestamp: 2025-09-27T13:27:41.000Z,
      liquidity: [Object]
    },
    {
      id: '768dKGhHRJgikj9rhPijAvTvnXEvMNaxWE8QkrMVExGL',
      tokenName: 'Corgi',
      tokenSymbol: 'Corgi',
      tokenAddress: '6xNd7LzT18d5D3mFDW9gwovfWKAohxGDbEtjBnvhpump',
      pairAddress: '768dKGhHRJgikj9rhPijAvTvnXEvMNaxWE8QkrMVExGL',
      chain: 'SOL',
      exchange: '6EF8rrecthR5Dkzon8Nwu78hRvfCKubJ14M5uBEwF6P',
      priceUsd: 0.000006055460532,
      volumeUsd: 1213.54,
      mcap: 6055.46,
      priceChangePcs: [Object],
      transactions: [Object],
      audit: [Object],
      security: [Object],
      tokenCreatedTimestamp: 2025-09-27T13:27:40.000Z,
      liquidity: [Object]
    },
    {
      id: 'D3qmwAP2bDd5qxEeqcmA8Y7Brj9k1MTn7DTi3S2KHQG',
      tokenName: 'Homophic Dog Meme',
      tokenSymbol: 'Homog',
      tokenAddress: '5Ce42awcXUsFxmJnyRPmCzHUAvCJ8tAD29vJmUdpump',
      pairAddress: 'D3qmwAP2bDd5qxEeqcmA8Y7Brj9k1MTn7DTi3S2KHQG',
      chain: 'SOL',
      exchange: '6EF8rrecthR5Dkzon8Nwu78hRvfCKubJ14M5uBEwF6P',
      priceUsd: 0,
      volumeUsd: 0,
      mcap: 60.87756557607884,
      priceChangePcs: [Object],
      transactions: [Object],
      audit: [Object],
      security: [Object],
      tokenCreatedTimestamp: 2025-09-27T13:27:34.000Z,
      liquidity: [Object]
    },
    {
      id: '214u6HKwzLzdaJ4xjCZ2aFVdCkv9MYiy1dpZ5HnkNQyC',
      tokenName: 'Asterina',
      tokenSymbol: 'ASTERINA',
      tokenAddress: 'MoSpRiUbJvWx4hRLaB3DsaRFZnZeapaPPHGpT33EQcV',
      pairAddress: '214u6HKwzLzdaJ4xjCZ2aFVdCkv9MYiy1dpZ5HnkNQyC',
      chain: 'SOL',
      exchange: 'pAMMBay6oceH9fJKBRHGP5D4bD4sWpmSwMn52FMfXEA',
      priceUsd: 0.5114661053,
      volumeUsd: 6310.04,
      mcap: 511466105.28,
      priceChangePcs: [Object],
      transactions: [Object],
      audit: [Object],
      security: [Object],
      tokenCreatedTimestamp: 2025-09-27T13:27:33.000Z,
      liquidity: [Object]
    },
    {
      id: '2iCTVaXZxrFMjBkLSKvs5K8SRWTxeasNkaR833Bn5SHo',
      tokenName: 'niggaliquid',
      tokenSymbol: 'nl',
      tokenAddress: '5ThrLJDFpJqaFL36AvAX8ECZmz6n4vZvqMYvpHHkpump',
      pairAddress: '2iCTVaXZxrFMjBkLSKvs5K8SRWTxeasNkaR833Bn5SHo',
      chain: 'SOL',
      exchange: 'LBUZKhRxPF3XUpBCjp4YzTKgLccjZhTSDM9YuVaPwxo',
      priceUsd: 0,
      volumeUsd: 0,
      mcap: 0,
      priceChangePcs: [Object],
      transactions: [Object],
      audit: [Object],
      security: [Object],
      tokenCreatedTimestamp: 2025-09-27T13:27:31.000Z,
      liquidity: [Object]
    },
    {
      id: '2UaZM8PxSmgyKCHt57t5mX8mHV6x7RRpaGQTd5N7X4iQ',
      tokenName: 'Why DUB',
      tokenSymbol: '$DGE',
      tokenAddress: '2xTpzuCPrEEHpQnq7LNB2QKhKzQHa5qZj455uY2qdoge',
      pairAddress: '2UaZM8PxSmgyKCHt57t5mX8mHV6x7RRpaGQTd5N7X4iQ',
      chain: 'SOL',
      exchange: 'dbcij3LWUppWqq96dh6gJWwBifmcGfLSB5D4DuSMaqN',
      priceUsd: 0,
      volumeUsd: 0,
      mcap: 0,
      priceChangePcs: [Object],
      transactions: [Object],
      audit: [Object],
      security: [Object],
      tokenCreatedTimestamp: 2025-09-27T13:27:26.000Z,
      liquidity: [Object]
    },
    {
      id: '0xd178a2f5Ad73aC8d28Bf504167727BEd35949122',
      tokenName: 'OG YING',
      tokenSymbol: 'OG YING',
      tokenAddress: '0x3D2348b345f8067B4f50450B21c08170E29693a2',
      pairAddress: '0xd178a2f5Ad73aC8d28Bf504167727BEd35949122',
      chain: 'BSC',
      exchange: '0x10ED43C718714eb63d5aA57B78B54704E256024E',
      priceUsd: 2.5446040859544896e-10,
      volumeUsd: 3.75,
      mcap: 107.04,
      priceChangePcs: [Object],
      transactions: [Object],
      audit: [Object],
      security: [Object],
      tokenCreatedTimestamp: 2025-09-27T13:27:25.000Z,
      liquidity: [Object]
    },
    {
      id: '0xfCff637Ba37d63d6351dA440dB020A91E5bd717D',
      tokenName: 'AI XRPC',
      tokenSymbol: 'AI XRPC',
      tokenAddress: '0x59Ae9E8f9Ad7FE7d87Abf6191B09701237A62C0C',
      pairAddress: '0xfCff637Ba37d63d6351dA440dB020A91E5bd717D',
      chain: 'BSC',
      exchange: '0x10ED43C718714eb63d5aA57B78B54704E256024E',
      priceUsd: 0,
      volumeUsd: 0,
      mcap: 0.21,
      priceChangePcs: [Object],
      transactions: [Object],
      audit: [Object],
      security: [Object],
      tokenCreatedTimestamp: 2025-09-27T13:27:24.000Z,
      liquidity: [Object]
    },
    {
      id: '0x0ABb44c3c9b6Ffec1A8809feB637a364Fa78720B',
      tokenName: 'KIRANEXUSTOKEN',
      tokenSymbol: 'KLAI',
      tokenAddress: '0x07fE7499d976Fc3681bE1d60B2E1cE0B9a0d81e7',
      pairAddress: '0x0ABb44c3c9b6Ffec1A8809feB637a364Fa78720B',
      chain: 'BSC',
      exchange: '0x10ED43C718714eb63d5aA57B78B54704E256024E',
      priceUsd: 0,
      volumeUsd: 0,
      mcap: 2923.65,
      priceChangePcs: [Object],
      transactions: [Object],
      audit: [Object],
      security: [Object],
      tokenCreatedTimestamp: 2025-09-27T13:27:14.000Z,
      liquidity: [Object]
    },
    {
      id: 'BBQRVETzpgm1vvUs3BN2Vi469dQTpXaTLEKVJRfGU5uE',
      tokenName: 'PEPETOSHI NAKAMOTO',
      tokenSymbol: 'PEPETOSHI',
      tokenAddress: 'Gyk6cuL16butwpEuLpdpDkcq5dBHtGfoPjN24ngJVmmc',
      pairAddress: 'BBQRVETzpgm1vvUs3BN2Vi469dQTpXaTLEKVJRfGU5uE',
      chain: 'SOL',
      exchange: '6EF8rrecthR5Dkzon8Nwu78hRvfCKubJ14M5uBEwF6P',
      priceUsd: 0.000006058118374,
      volumeUsd: 9926.3,
      mcap: 6058.11,
      priceChangePcs: [Object],
      transactions: [Object],
      audit: [Object],
      security: [Object],
      tokenCreatedTimestamp: 2025-09-27T13:27:09.000Z,
      liquidity: [Object]
    },
    {
      id: 'GGp34KU2ijeTMw5rr2XaQ2ZMvFZzfiG8MMXixzMTWrJ4',
      tokenName: 'DOWNTOBER',
      tokenSymbol: 'DOWNTOBER',
      tokenAddress: '3xS8UicwtFJLnhyzZgyctpsue3fQh1TU4dQYwKK8pump',
      pairAddress: 'GGp34KU2ijeTMw5rr2XaQ2ZMvFZzfiG8MMXixzMTWrJ4',
      chain: 'SOL',
      exchange: '6EF8rrecthR5Dkzon8Nwu78hRvfCKubJ14M5uBEwF6P',
      priceUsd: 0.000006463958771,
      volumeUsd: 39.67,
      mcap: 6463.95,
      priceChangePcs: [Object],
      transactions: [Object],
      audit: [Object],
      security: [Object],
      tokenCreatedTimestamp: 2025-09-27T13:27:08.000Z,
      liquidity: [Object]
    },
    {
      id: '0x103DCB1CF290153b0EDb8cD6510fcfC7172F71dD',
      tokenName: 'FalconFinancePresale $FF',
      tokenSymbol: 'FalconFinancePresale $FF',
      tokenAddress: '0x3312AC3BDaF6CecE35Dae3CCf8172bAD6020Ea69',
      pairAddress: '0x103DCB1CF290153b0EDb8cD6510fcfC7172F71dD',
      chain: 'BASE',
      exchange: '0x4752ba5DBc23f44D87826276BF6Fd6b1C372aD24',
      priceUsd: 0,
      volumeUsd: 0,
      mcap: 0.08044587302,
      priceChangePcs: [Object],
      transactions: [Object],
      audit: [Object],
      security: [Object],
      tokenCreatedTimestamp: 2025-09-27T13:27:05.000Z,
      liquidity: [Object]
    },
    {
      id: 'v6BpEW6YNGXkEieAqpeSfvMCgR4vRqKHRXGmXpLkApw',
      tokenName: 'NeuralDerp',
      tokenSymbol: 'NeuralDerp',
      tokenAddress: 'nkFjTQUPW3MwoZvNzpmp1CMpekB8iLn9aLZZJ53pump',
      pairAddress: 'v6BpEW6YNGXkEieAqpeSfvMCgR4vRqKHRXGmXpLkApw',
      chain: 'SOL',
      exchange: '6EF8rrecthR5Dkzon8Nwu78hRvfCKubJ14M5uBEwF6P',
      priceUsd: 0,
      volumeUsd: 0,
      mcap: 1217.9398470292415,
      priceChangePcs: [Object],
      transactions: [Object],
      audit: [Object],
      security: [Object],
      tokenCreatedTimestamp: 2025-09-27T13:27:05.000Z,
      liquidity: [Object]
    },
    {
      id: '5eyiZmehUPHLhxaghNcR93xXd6bzfq4y7Yt5zBQKGoJa',
      tokenName: 'NeuralDerp',
      tokenSymbol: 'NeuralDerp',
      tokenAddress: 'BxvAgs7SWhPhKA1QL9dA5ChTeciFQnEUgxo5T36Apump',
      pairAddress: '5eyiZmehUPHLhxaghNcR93xXd6bzfq4y7Yt5zBQKGoJa',
      chain: 'SOL',
      exchange: '6EF8rrecthR5Dkzon8Nwu78hRvfCKubJ14M5uBEwF6P',
      priceUsd: 0.000007029826729,
      volumeUsd: 582.52,
      mcap: 7029.82,
      priceChangePcs: [Object],
      transactions: [Object],
      audit: [Object],
      security: [Object],
      tokenCreatedTimestamp: 2025-09-27T13:27:04.000Z,
      liquidity: [Object]
    },
    {
      id: 'BuNnNQkqhUHVJ5v1rmemxZBEi7ix4xcrWWn7PGqsvtyi',
      tokenName: 'Random Coin',
      tokenSymbol: 'RANDOM',
      tokenAddress: '67SmGnrPMyL4Py32C8SZa92dKbropA3rzcBSLdS9pump',
      pairAddress: 'BuNnNQkqhUHVJ5v1rmemxZBEi7ix4xcrWWn7PGqsvtyi',
      chain: 'SOL',
      exchange: '6EF8rrecthR5Dkzon8Nwu78hRvfCKubJ14M5uBEwF6P',
      priceUsd: 0,
      volumeUsd: 0,
      mcap: 802.3321883305312,
      priceChangePcs: [Object],
      transactions: [Object],
      audit: [Object],
      security: [Object],
      tokenCreatedTimestamp: 2025-09-27T13:27:00.000Z,
      liquidity: [Object]
    },
    {
      id: 'G6ewVLWEw5PwHEWcRsgVomfi2DigH2Z3quzvkaMKPgv1',
      tokenName: 'BitlightLabs',
      tokenSymbol: 'LIGHT',
      tokenAddress: 'HBjdFwcVZf9rR9zRXtVXnk5LYG5Y41LGsrYRJg5z59xP',
      pairAddress: 'G6ewVLWEw5PwHEWcRsgVomfi2DigH2Z3quzvkaMKPgv1',
      chain: 'SOL',
      exchange: 'dbcij3LWUppWqq96dh6gJWwBifmcGfLSB5D4DuSMaqN',
      priceUsd: 0.002294897664,
      volumeUsd: 62173.94,
      mcap: 2294897.66,
      priceChangePcs: [Object],
      transactions: [Object],
      audit: [Object],
      security: [Object],
      tokenCreatedTimestamp: 2025-09-27T13:26:52.000Z,
      liquidity: [Object]
    },
    {
      id: 'BMVLzGCCqLRoBm1fK9nRuW5xb4W1ZVRudStUhqstxLgp',
      tokenName: 'Bluma',
      tokenSymbol: 'Bluma',
      tokenAddress: 'G4rJ1zR41GZraETDXHURYJ2ZStTD3DqU6NeYGjjmr1kJ',
      pairAddress: 'BMVLzGCCqLRoBm1fK9nRuW5xb4W1ZVRudStUhqstxLgp',
      chain: 'SOL',
      exchange: 'dbcij3LWUppWqq96dh6gJWwBifmcGfLSB5D4DuSMaqN',
      priceUsd: 0.0004429113725,
      volumeUsd: 33326.24,
      mcap: 442911.37,
      priceChangePcs: [Object],
      transactions: [Object],
      audit: [Object],
      security: [Object],
      tokenCreatedTimestamp: 2025-09-27T13:26:51.000Z,
      liquidity: [Object]
    },
    {
      id: 'H6QeCwAc9wbjypbXRyFkL7pDPZBFBQMyVFYkrcM5EPDE',
      tokenName: 'Jobless coin',
      tokenSymbol: 'Jobless',
      tokenAddress: 'HCYRGDne2EYUvXMrEXywdmzSVKCyBP4TzorRNU1Bpump',
      pairAddress: 'H6QeCwAc9wbjypbXRyFkL7pDPZBFBQMyVFYkrcM5EPDE',
      chain: 'SOL',
      exchange: '6EF8rrecthR5Dkzon8Nwu78hRvfCKubJ14M5uBEwF6P',
      priceUsd: 0,
      volumeUsd: 0,
      mcap: 264.04324970147695,
      priceChangePcs: [Object],
      transactions: [Object],
      audit: [Object],
      security: [Object],
      tokenCreatedTimestamp: 2025-09-27T13:26:41.000Z,
      liquidity: [Object]
    },
    {
      id: '8VGSitcRwaUftM4wZG9sGBguz97aBb8Mo5cXBzJQeMFS',
      tokenName: 'PerpDex ',
      tokenSymbol: 'PERPS',
      tokenAddress: 'G3Zqok9xEgPcBYXkq57WTbGKfBuWpMRUrxs5C6Kfpump',
      pairAddress: '8VGSitcRwaUftM4wZG9sGBguz97aBb8Mo5cXBzJQeMFS',
      chain: 'SOL',
      exchange: '6EF8rrecthR5Dkzon8Nwu78hRvfCKubJ14M5uBEwF6P',
      priceUsd: 0.000006070439058,
      volumeUsd: 10.56,
      mcap: 6070.43,
      priceChangePcs: [Object],
      transactions: [Object],
      audit: [Object],
      security: [Object],
      tokenCreatedTimestamp: 2025-09-27T13:26:36.000Z,
      liquidity: [Object]
    },
    {
      id: 'GcgC1D8DkitvZg75qrxPoPs2zy1oth6w7ubzV1fjj1VM',
      tokenName: 'Cooked Monkey ',
      tokenSymbol: 'KOLO',
      tokenAddress: 'EF5HfXQERyajeoeqDQWmbpK3ptNcaX3wk1nbRSjrpump',
      pairAddress: 'GcgC1D8DkitvZg75qrxPoPs2zy1oth6w7ubzV1fjj1VM',
      chain: 'SOL',
      exchange: '6EF8rrecthR5Dkzon8Nwu78hRvfCKubJ14M5uBEwF6P',
      priceUsd: 0.00000809677905,
      volumeUsd: 660.57,
      mcap: 8096.77,
      priceChangePcs: [Object],
      transactions: [Object],
      audit: [Object],
      security: [Object],
      tokenCreatedTimestamp: 2025-09-27T13:26:29.000Z,
      liquidity: [Object]
    },
    {
      id: '0x189C76B51CeB5Bcd580Df702bb12f23D28A60a0f',
      tokenName: 'AI Nitro NITRO AI On Base',
      tokenSymbol: 'AI NITRO NITRO AI ON BASE',
      tokenAddress: '0x9AaFBCb58C32b1d390F0490A9C9A6BBE2A50dd74',
      pairAddress: '0x189C76B51CeB5Bcd580Df702bb12f23D28A60a0f',
      chain: 'BSC',
      exchange: '0x10ED43C718714eb63d5aA57B78B54704E256024E',
      priceUsd: 0,
      volumeUsd: 0,
      mcap: 0.21,
      priceChangePcs: [Object],
      transactions: [Object],
      audit: [Object],
      security: [Object],
      tokenCreatedTimestamp: 2025-09-27T13:26:25.000Z,
      liquidity: [Object]
    }
  ]
}
[App.tsx] dispatching scanner/pairs for New [
  {
    id: '3y2hZe5D3mwwhkjz7jNsN9dTDWgKkZh9msXJ8r1ApLyh',
    tokenName: 'Just a Chill Bear',
    tokenSymbol: 'CHILLBEAR',
    tokenAddress: 'E2ZGPypgSn1oFan4wDiWECS7dwmdRZkr54V1bFvnpump',
    pairAddress: '3y2hZe5D3mwwhkjz7jNsN9dTDWgKkZh9msXJ8r1ApLyh',
    chain: 'SOL',
    exchange: '6EF8rrecthR5Dkzon8Nwu78hRvfCKubJ14M5uBEwF6P',
    priceUsd: 0,
    volumeUsd: 0,
    mcap: 0,
    priceChangePcs: { '5m': 0, '1h': 0, '6h': 0, '24h': 0 },
    transactions: { buys: 0, sells: 0 },
    audit: {
      mintable: false,
      freezable: false,
      honeypot: false,
      contractVerified: false
    },
    security: { renounced: false, locked: true },
    tokenCreatedTimestamp: 2025-09-27T13:32:11.000Z,
    liquidity: { current: 0, changePc: 0 }
  },
  {
    id: '0xe643A1075C57624bd27df9caD4f90EA0A710598D',
    tokenName: 'LABUBU',
    tokenSymbol: 'LABUBU',
    tokenAddress: '0xA7cb31CB308870687b361409FDc7998266D51Bcd',
    pairAddress: '0xe643A1075C57624bd27df9caD4f90EA0A710598D',
    chain: 'BSC',
    exchange: '0x10ED43C718714eb63d5aA57B78B54704E256024E',
    priceUsd: 0,
    volumeUsd: 0,
    mcap: 0,
    priceChangePcs: { '5m': 0, '1h': 0, '6h': 0, '24h': 0 },
    transactions: { buys: 0, sells: 0 },
    audit: {
      mintable: false,
      freezable: false,
      honeypot: false,
      contractVerified: false
    },
    security: { renounced: true, locked: true },
    tokenCreatedTimestamp: 2025-09-27T13:32:08.000Z,
    liquidity: { current: 0, changePc: 0 }
  },
  {
    id: 'CFnXUzvC5HuztiepzRYHX3ihKV7iQMxMc8hwjuTsjJJU',
    tokenName: 'Lost It',
    tokenSymbol: 'LOST',
    tokenAddress: 'ChNDuHJqqjEQk74ZTkShff5AwAk8ykfZ7kkTUB7Upump',
    pairAddress: 'CFnXUzvC5HuztiepzRYHX3ihKV7iQMxMc8hwjuTsjJJU',
    chain: 'SOL',
    exchange: '6EF8rrecthR5Dkzon8Nwu78hRvfCKubJ14M5uBEwF6P',
    priceUsd: 0,
    volumeUsd: 0,
    mcap: 802.18,
    priceChangePcs: { '5m': 0, '1h': 0, '6h': 0, '24h': 0 },
    transactions: { buys: 0, sells: 0 },
    audit: {
      mintable: false,
      freezable: false,
      honeypot: false,
      contractVerified: true,
      linkTwitter: 'https://x.com/chillgooner1/status/1971930783612035580'
    },
    security: { renounced: false, locked: true },
    tokenCreatedTimestamp: 2025-09-27T13:32:03.000Z,
    liquidity: { current: 802.18, changePc: 0 }
  },
  {
    id: 'FTqQ24CYxVspoXF6bsfRTejBUVdRYmLGdpqEejNkUWNk',
    tokenName: 'Perp.City',
    tokenSymbol: 'Perp',
    tokenAddress: '4viZr6CfLDMJUAuFixGv3Q97AT4737LnXoaUjeXapump',
    pairAddress: 'FTqQ24CYxVspoXF6bsfRTejBUVdRYmLGdpqEejNkUWNk',
    chain: 'SOL',
    exchange: '6EF8rrecthR5Dkzon8Nwu78hRvfCKubJ14M5uBEwF6P',
    priceUsd: 0,
    volumeUsd: 0,
    mcap: 1202.88,
    priceChangePcs: { '5m': 0, '1h': 0, '6h': 0, '24h': 0 },
    transactions: { buys: 0, sells: 0 },
    audit: {
      mintable: false,
      freezable: false,
      honeypot: false,
      contractVerified: false,
      linkTwitter: 'https://x.com/perpdotcity'
    },
    security: { renounced: false, locked: true },
    tokenCreatedTimestamp: 2025-09-27T13:32:03.000Z,
    liquidity: { current: 1202.88, changePc: 0 }
  },
  {
    id: 'CQRism6bRr1jSWu1uXwSSTzkSneGZ3abCztzT6oaBtGJ',
    tokenName: 'DUKLY',
    tokenSymbol: 'DUKLY',
    tokenAddress: '5eHQGT2GXge2i7bFz8xB76epkS1fzTBmVGy1MQRWuXao',
    pairAddress: 'CQRism6bRr1jSWu1uXwSSTzkSneGZ3abCztzT6oaBtGJ',
    chain: 'SOL',
    exchange: 'dbcij3LWUppWqq96dh6gJWwBifmcGfLSB5D4DuSMaqN',
    priceUsd: 0.0001190602591,
    volumeUsd: 1320.63,
    mcap: 119060.25,
    priceChangePcs: { '5m': 7.62, '1h': 7.62, '6h': 7.62, '24h': 7.62 },
    transactions: { buys: 8, sells: 3 },
    audit: {
      mintable: false,
      freezable: false,
      honeypot: false,
      contractVerified: false
    },
    security: { renounced: false, locked: true },
    tokenCreatedTimestamp: 2025-09-27T13:32:01.000Z,
    liquidity: { current: 13085.7, changePc: 7.51 }
  },
  {
    id: '5t8UBcTbkUFXzuqiovriADL92BLicZiFMC1TZT4gdef7',
    tokenName: 'The Eye of Answers',
    tokenSymbol: 'ANSWERS',
    tokenAddress: '4tMW5aeWyBQQR2ZTsKMFndZAqdYz9qBQYrDevUqypump',
    pairAddress: '5t8UBcTbkUFXzuqiovriADL92BLicZiFMC1TZT4gdef7',
    chain: 'SOL',
    exchange: '6EF8rrecthR5Dkzon8Nwu78hRvfCKubJ14M5uBEwF6P',
    priceUsd: 0.000005974655866,
    volumeUsd: 22.56,
    mcap: 5974.65,
    priceChangePcs: { '5m': -13.94, '1h': -13.94, '6h': -13.94, '24h': -13.94 },
    transactions: { buys: 2, sells: 2 },
    audit: {
      mintable: false,
      freezable: false,
      honeypot: false,
      contractVerified: true,
      linkTwitter: 'https://x.com/WholesomeMeme/status/1971930497870647397'
    },
    security: { renounced: false, locked: true },
    tokenCreatedTimestamp: 2025-09-27T13:31:52.000Z,
    liquidity: { current: 321.29, changePc: -75.4 }
  },
  {
    id: '0x231478DF651aE4781de6b8457E10193BAAF1Ffaa',
    tokenName: 'Elon Troll Face',
    tokenSymbol: 'ETF',
    tokenAddress: '0x2F78Bcd7eA3bc5793F571953951ae17633FBaFAE',
    pairAddress: '0x231478DF651aE4781de6b8457E10193BAAF1Ffaa',
    chain: 'BASE',
    exchange: '0x4752ba5DBc23f44D87826276BF6Fd6b1C372aD24',
    priceUsd: 0.00001668582133936555,
    volumeUsd: 471.42,
    mcap: 91772.01,
    priceChangePcs: { '5m': 0, '1h': 0, '6h': 0, '24h': 0 },
    transactions: { buys: 1, sells: 0 },
    audit: {
      mintable: false,
      freezable: false,
      honeypot: false,
      contractVerified: true
    },
    security: { renounced: false, locked: false },
    tokenCreatedTimestamp: 2025-09-27T13:31:47.000Z,
    liquidity: { current: 182996.22, changePc: 0.51 }
  },
  {
    id: '8MrcchKa3zo5cRpUsmjyKWM84v3ggkp6V3k9ACQkvDja',
    tokenName: 'Pandu Pandas',
    tokenSymbol: 'PANDU',
    tokenAddress: '69GXejCYUEht3AvBPreTBuh7jmyuS8UxSjNghgRdaos',
    pairAddress: '8MrcchKa3zo5cRpUsmjyKWM84v3ggkp6V3k9ACQkvDja',
    chain: 'SOL',
    exchange: 'cpamdpZCGKUy5JxQXB4dcpGPiikHawvSWAd6mEn1sGG',
    priceUsd: 0.00005151043799,
    volumeUsd: 958.7,
    mcap: 51510.43,
    priceChangePcs: { '5m': 15.23, '1h': 15.23, '6h': 15.23, '24h': 15.23 },
    transactions: { buys: 18, sells: 3 },
    audit: {
      mintable: false,
      freezable: false,
      honeypot: false,
      contractVerified: true,
      linkTwitter: 'https://x.com/pandupandas'
    },
    security: { renounced: false, locked: true },
    tokenCreatedTimestamp: 2025-09-27T13:31:43.000Z,
    liquidity: { current: 29010.45, changePc: 8.34 }
  },
  {
    id: '0xE36334a376E71Abc5bC087F3C62597A540685949',
    tokenName: 'Eco trade coin',
    tokenSymbol: 'ETT',
    tokenAddress: '0x4ce8a39D4c0D3644f22553b9C2c7708199Bad23b',
    pairAddress: '0xE36334a376E71Abc5bC087F3C62597A540685949',
    chain: 'BASE',
    exchange: '0x2626664c2603336E57B271c5C0b26F421741e481',
    priceUsd: 0,
    volumeUsd: 0,
    mcap: 0,
    priceChangePcs: { '5m': 0, '1h': 0, '6h': 0, '24h': 0 },
    transactions: { buys: 0, sells: 0 },
    audit: {
      mintable: false,
      freezable: false,
      honeypot: false,
      contractVerified: false
    },
    security: { renounced: false, locked: true },
    tokenCreatedTimestamp: 2025-09-27T13:31:43.000Z,
    liquidity: { current: 0, changePc: 0 }
  },
  {
    id: '0xA7722F49f21cF937fae5d042c5EDDCD81C9D5b45',
    tokenName: 'AI Size SIZE',
    tokenSymbol: 'AI SIZE SIZE',
    tokenAddress: '0x093Fe3eC3C59F13591d83517b418015E3F593661',
    pairAddress: '0xA7722F49f21cF937fae5d042c5EDDCD81C9D5b45',
    chain: 'BSC',
    exchange: '0x10ED43C718714eb63d5aA57B78B54704E256024E',
    priceUsd: 0,
    volumeUsd: 0,
    mcap: 0.19484157000000002,
    priceChangePcs: { '5m': 0, '1h': 0, '6h': 0, '24h': 0 },
    transactions: { buys: 0, sells: 0 },
    audit: {
      mintable: false,
      freezable: false,
      honeypot: false,
      contractVerified: true
    },
    security: { renounced: true, locked: true },
    tokenCreatedTimestamp: 2025-09-27T13:31:42.000Z,
    liquidity: { current: 0, changePc: -100 }
  },
  {
    id: '5ZMD3sEqWLwWUtVydBptTSumQbPn13UEfaKe97C1adRB',
    tokenName: 'Qintara',
    tokenSymbol: 'QTARA',
    tokenAddress: '4bKyEvKzaTMcyWCD9GnLPEkSFHv2xS9EdSZJ2U79p7ob',
    pairAddress: '5ZMD3sEqWLwWUtVydBptTSumQbPn13UEfaKe97C1adRB',
    chain: 'SOL',
    exchange: 'dbcij3LWUppWqq96dh6gJWwBifmcGfLSB5D4DuSMaqN',
    priceUsd: 0.001627384457,
    volumeUsd: 1186.45,
    mcap: 1627384.45,
    priceChangePcs: { '5m': 9.74, '1h': 9.74, '6h': 9.74, '24h': 9.74 },
    transactions: { buys: 4, sells: 1 },
    audit: {
      mintable: false,
      freezable: false,
      honeypot: false,
      contractVerified: false,
      linkTelegram: 'https://t.me/Qintara_games',
      linkTwitter: 'https://x.com/Qintara_sol',
      linkWebsite: 'https://qintara.fun'
    },
    security: { renounced: false, locked: true },
    tokenCreatedTimestamp: 2025-09-27T13:31:42.000Z,
    liquidity: { current: 11976.97, changePc: 0 }
  },
  {
    id: 'CSn1jyW2bVmwrwHqFAKzBPvqF32bXbHxnkoESQisc7uF',
    tokenName: 'SOLTAN',
    tokenSymbol: 'SOLTAN',
    tokenAddress: 'HRNDGEd1vDAQwgAU5XftdFFmbRVWSnJBp8rKvAvpump',
    pairAddress: 'CSn1jyW2bVmwrwHqFAKzBPvqF32bXbHxnkoESQisc7uF',
    chain: 'SOL',
    exchange: '6EF8rrecthR5Dkzon8Nwu78hRvfCKubJ14M5uBEwF6P',
    priceUsd: 0.00000657107587291501,
    volumeUsd: 10.34,
    mcap: 6571.07,
    priceChangePcs: { '5m': 0, '1h': 0, '6h': 0, '24h': 0 },
    transactions: { buys: 1, sells: 0 },
    audit: {
      mintable: false,
      freezable: false,
      honeypot: false,
      contractVerified: false
    },
    security: { renounced: false, locked: true },
    tokenCreatedTimestamp: 2025-09-27T13:31:40.000Z,
    liquidity: { current: 615.17, changePc: -34.6 }
  },
  {
    id: '0xd1a44891Cb74A134535849059356f08a1591b028',
    tokenName: 'Just cats on base',
    tokenSymbol: 'Cats',
    tokenAddress: '0x11547CcCD2F0E4CC0a07b41d7c905c61317E918D',
    pairAddress: '0xd1a44891Cb74A134535849059356f08a1591b028',
    chain: 'BASE',
    exchange: '0x4752ba5DBc23f44D87826276BF6Fd6b1C372aD24',
    priceUsd: 0,
    volumeUsd: 0,
    mcap: 0,
    priceChangePcs: { '5m': 0, '1h': 0, '6h': 0, '24h': 0 },
    transactions: { buys: 0, sells: 0 },
    audit: {
      mintable: false,
      freezable: false,
      honeypot: false,
      contractVerified: false
    },
    security: { renounced: false, locked: true },
    tokenCreatedTimestamp: 2025-09-27T13:31:39.000Z,
    liquidity: { current: 0, changePc: 0 }
  },
  {
    id: '0x0CC3822d343691CF585F4fa15f90Fcfb0C638564',
    tokenName: '1BNB And A Dream',
    tokenSymbol: '1BNB',
    tokenAddress: '0xcE3a8331e054489C068Ff01B288D9A4831D14444',
    pairAddress: '0x0CC3822d343691CF585F4fa15f90Fcfb0C638564',
    chain: 'BSC',
    exchange: '0x1b81D678ffb9C0263b24A97847620C99d213eB14',
    priceUsd: 0,
    volumeUsd: 0,
    mcap: 0,
    priceChangePcs: { '5m': 0, '1h': 0, '6h': 0, '24h': 0 },
    transactions: { buys: 0, sells: 0 },
    audit: {
      mintable: false,
      freezable: false,
      honeypot: false,
      contractVerified: false
    },
    security: { renounced: false, locked: true },
    tokenCreatedTimestamp: 2025-09-27T13:31:38.000Z,
    liquidity: { current: 0, changePc: 0 }
  },
  {
    id: 'ACcS7dzfCYvCwprSexdiHvQWsa925HLEnHFdUnFXLjEW',
    tokenName: 'MIAMI BAGWORK',
    tokenSymbol: '$MIAMI',
    tokenAddress: 'HpTfXPNig6QgbM4eisaTT4uKHiJ2WBNKWLGXfrD9pump',
    pairAddress: 'ACcS7dzfCYvCwprSexdiHvQWsa925HLEnHFdUnFXLjEW',
    chain: 'SOL',
    exchange: '6EF8rrecthR5Dkzon8Nwu78hRvfCKubJ14M5uBEwF6P',
    priceUsd: 0.000006513692844,
    volumeUsd: 90.28,
    mcap: 6513.69,
    priceChangePcs: { '5m': 13.35, '1h': 13.35, '6h': 13.35, '24h': 13.35 },
    transactions: { buys: 2, sells: 0 },
    audit: {
      mintable: false,
      freezable: false,
      honeypot: false,
      contractVerified: true,
      linkTwitter: 'https://x.com/i/communities/1971919078882529319'
    },
    security: { renounced: false, locked: true },
    tokenCreatedTimestamp: 2025-09-27T13:31:34.000Z,
    liquidity: { current: 179.22, changePc: -79.23 }
  },
  {
    id: '3ATQoyaUc1itNcw8cVhJDwUjaSwrUNNiSXdJXGiQxxGT',
    tokenName: 'Justice For Squirrel White',
    tokenSymbol: 'Squirrel ',
    tokenAddress: '9nFranDpuzXXxA7X3F5aEeKiRpmkcm1JYWAKvu1Bpump',
    pairAddress: '3ATQoyaUc1itNcw8cVhJDwUjaSwrUNNiSXdJXGiQxxGT',
    chain: 'SOL',
    exchange: '6EF8rrecthR5Dkzon8Nwu78hRvfCKubJ14M5uBEwF6P',
    priceUsd: 0.000006863157482,
    volumeUsd: 0.49,
    mcap: 6863.15,
    priceChangePcs: { '5m': 0, '1h': 0, '6h': 0, '24h': 0 },
    transactions: { buys: 1, sells: 0 },
    audit: {
      mintable: false,
      freezable: false,
      honeypot: false,
      contractVerified: false,
      linkTwitter: 'https://x.com/search?q=%22Squirrel%20White%22&src=typed_query&f=live'
    },
    security: { renounced: false, locked: true },
    tokenCreatedTimestamp: 2025-09-27T13:31:32.000Z,
    liquidity: { current: 0.78, changePc: -99.93 }
  },
  {
    id: '8g1191Nf93SpLDooi35VvjP1xPX597mj5DuQjhteRK97',
    tokenName: 'Work Hard On Reaching Excellence',
    tokenSymbol: 'WHORE',
    tokenAddress: 'BHpdpG23VykZYD5sdxXGg1a2NPHoTJdRs3U9p5UsxsKw',
    pairAddress: '8g1191Nf93SpLDooi35VvjP1xPX597mj5DuQjhteRK97',
    chain: 'SOL',
    exchange: 'dbcij3LWUppWqq96dh6gJWwBifmcGfLSB5D4DuSMaqN',
    priceUsd: 0.0001288660706,
    volumeUsd: 1423.79,
    mcap: 128866.07,
    priceChangePcs: { '5m': 25.93, '1h': 25.93, '6h': 25.93, '24h': 25.93 },
    transactions: { buys: 30, sells: 5 },
    audit: {
      mintable: false,
      freezable: false,
      honeypot: false,
      contractVerified: true,
      linkTwitter: 'https://x.com/pantherpanz/status/1971930498525229428'
    },
    security: { renounced: false, locked: true },
    tokenCreatedTimestamp: 2025-09-27T13:31:30.000Z,
    liquidity: { current: 14102.81, changePc: 24.14 }
  },
  {
    id: '0xF962A4E2dA26E06e4487c497f26109720b3Ab8Af',
    tokenName: 'Reverse Reality Rot',
    tokenSymbol: 'RRR',
    tokenAddress: '0x0762E0d8ebe13a865E7bDc94F2145864649DF7b7',
    pairAddress: '0xF962A4E2dA26E06e4487c497f26109720b3Ab8Af',
    chain: 'BASE',
    exchange: '0x4752ba5DBc23f44D87826276BF6Fd6b1C372aD24',
    priceUsd: 0.0000022917017259825,
    volumeUsd: 400.05,
    mcap: 2291.7,
    priceChangePcs: { '5m': 83.25, '1h': 83.25, '6h': 83.25, '24h': 83.25 },
    transactions: { buys: 2, sells: 1 },
    audit: {
      mintable: false,
      freezable: false,
      honeypot: false,
      contractVerified: true
    },
    security: { renounced: true, locked: false },
    tokenCreatedTimestamp: 2025-09-27T13:31:25.000Z,
    liquidity: { current: 3028.41, changePc: 25.48 }
  },
  {
    id: 'xkrNBo5xnHeegLUBurwFmqZFCQ1S36WrBj1FD44Mt53',
    tokenName: 'The Spoon Theory',
    tokenSymbol: 'Spoon',
    tokenAddress: 'ChYJiFedodbUiNzifVJ2ovR5hLo8SQmWTtrr9uz5pump',
    pairAddress: 'xkrNBo5xnHeegLUBurwFmqZFCQ1S36WrBj1FD44Mt53',
    chain: 'SOL',
    exchange: '6EF8rrecthR5Dkzon8Nwu78hRvfCKubJ14M5uBEwF6P',
    priceUsd: 0,
    volumeUsd: 0,
    mcap: 606.8444650760047,
    priceChangePcs: { '5m': 0, '1h': 0, '6h': 0, '24h': 0 },
    transactions: { buys: 0, sells: 0 },
    audit: {
      mintable: false,
      freezable: false,
      honeypot: false,
      contractVerified: true
    },
    security: { renounced: false, locked: true },
    tokenCreatedTimestamp: 2025-09-27T13:31:22.000Z,
    liquidity: { current: 0, changePc: -100 }
  },
  {
    id: 'C4e5Q4345nMSD1HiBfWFtHYkHVgvviHMGx8J2S4BnqtG',
    tokenName: 'Hearing Things',
    tokenSymbol: 'HEARING',
    tokenAddress: '97sraAGszzEFY6AW8iuWfTceBQWa1RzuFRXryJqSbonk',
    pairAddress: 'C4e5Q4345nMSD1HiBfWFtHYkHVgvviHMGx8J2S4BnqtG',
    chain: 'SOL',
    exchange: 'cpamdpZCGKUy5JxQXB4dcpGPiikHawvSWAd6mEn1sGG',
    priceUsd: 0,
    volumeUsd: 0,
    mcap: 39.96,
    priceChangePcs: { '5m': 0, '1h': 0, '6h': 0, '24h': 0 },
    transactions: { buys: 0, sells: 0 },
    audit: {
      mintable: false,
      freezable: false,
      honeypot: false,
      contractVerified: true
    },
    security: { renounced: false, locked: true },
    tokenCreatedTimestamp: 2025-09-27T13:31:20.000Z,
    liquidity: { current: 39.96, changePc: 0 }
  },
  {
    id: 'BcZrzPvEehFPkshhfXAec4Geaq9g4d3gKzW9ghzRueNs',
    tokenName: 'Justice of Kayla',
    tokenSymbol: 'KAYLA',
    tokenAddress: 'HvDt7PDHtL4neoVePhK1K72f2fcwcym1QK6WkQFVpump',
    pairAddress: 'BcZrzPvEehFPkshhfXAec4Geaq9g4d3gKzW9ghzRueNs',
    chain: 'SOL',
    exchange: '6EF8rrecthR5Dkzon8Nwu78hRvfCKubJ14M5uBEwF6P',
    priceUsd: 0,
    volumeUsd: 0,
    mcap: 8.803463446565281,
    priceChangePcs: { '5m': 0, '1h': 0, '6h': 0, '24h': 0 },
    transactions: { buys: 0, sells: 0 },
    audit: {
      mintable: false,
      freezable: false,
      honeypot: false,
      contractVerified: true,
      linkTwitter: 'https://x.com/AmiriKing/status/1971928778570887645'
    },
    security: { renounced: false, locked: true },
    tokenCreatedTimestamp: 2025-09-27T13:31:17.000Z,
    liquidity: { current: 0, changePc: -100 }
  },
  {
    id: '9wGeHNRauqFWYRXcrmADV7Yrg9GrUvgWeTMzE72AuHEc',
    tokenName: 'Justice For Carolyn',
    tokenSymbol: 'Carolyn',
    tokenAddress: 'Gqgq2Yy5BpGcuTVhyY5mrTYVYE3RZmTuzVcHDswwpump',
    pairAddress: '9wGeHNRauqFWYRXcrmADV7Yrg9GrUvgWeTMzE72AuHEc',
    chain: 'SOL',
    exchange: '6EF8rrecthR5Dkzon8Nwu78hRvfCKubJ14M5uBEwF6P',
    priceUsd: 0.000005979048654,
    volumeUsd: 4.37,
    mcap: 5979.04,
    priceChangePcs: { '5m': 0, '1h': 0, '6h': 0, '24h': 0 },
    transactions: { buys: 3, sells: 2 },
    audit: {
      mintable: false,
      freezable: false,
      honeypot: false,
      contractVerified: false
    },
    security: { renounced: false, locked: true },
    tokenCreatedTimestamp: 2025-09-27T13:31:14.000Z,
    liquidity: { current: 0.78, changePc: -99.75 }
  },
  {
    id: 'HBCqc5omkTrN3FUjjVgtwJHVbggQcNZRWikEuPHrRcwz',
    tokenName: 'DUKLY',
    tokenSymbol: 'DUKLY',
    tokenAddress: 'C6UWEkrtpgd5WnPN6WtmyCXv4hXWPMvS7xXWjFZNpump',
    pairAddress: 'HBCqc5omkTrN3FUjjVgtwJHVbggQcNZRWikEuPHrRcwz',
    chain: 'SOL',
    exchange: '6EF8rrecthR5Dkzon8Nwu78hRvfCKubJ14M5uBEwF6P',
    priceUsd: 0,
    volumeUsd: 0,
    mcap: 1003.0438731371374,
    priceChangePcs: { '5m': 0, '1h': 0, '6h': 0, '24h': 0 },
    transactions: { buys: 0, sells: 0 },
    audit: {
      mintable: false,
      freezable: false,
      honeypot: false,
      contractVerified: true,
      linkTwitter: 'https://x.com/solana_Dukly',
      linkWebsite: 'https://dukly.top/'
    },
    security: { renounced: false, locked: true },
    tokenCreatedTimestamp: 2025-09-27T13:31:13.000Z,
    liquidity: { current: 0, changePc: -100 }
  },
  {
    id: '9LaLRbRGEqUhQjmw3UCsSuqUHHCDMRbZcZsyuJYEvXyd',
    tokenName: 'GOAT Network',
    tokenSymbol: 'GOATED',
    tokenAddress: 'EamYnXqSZ29HNAcenE5EBP4UujabRZgZzbHWKdA1h6Au',
    pairAddress: '9LaLRbRGEqUhQjmw3UCsSuqUHHCDMRbZcZsyuJYEvXyd',
    chain: 'SOL',
    exchange: 'dbcij3LWUppWqq96dh6gJWwBifmcGfLSB5D4DuSMaqN',
    priceUsd: 0.0001245849362,
    volumeUsd: 8322.64,
    mcap: 124584.93,
    priceChangePcs: { '5m': -75.91, '1h': -75.91, '6h': -75.91, '24h': -75.91 },
    transactions: { buys: 16, sells: 11 },
    audit: {
      mintable: false,
      freezable: false,
      honeypot: false,
      contractVerified: false,
      linkTwitter: 'https://x.com/GOATRollup',
      linkWebsite: 'https://www.goat.network/'
    },
    security: { renounced: false, locked: true },
    tokenCreatedTimestamp: 2025-09-27T13:31:07.000Z,
    liquidity: { current: 13603.15, changePc: -62.76 }
  },
  {
    id: 'EqKbEFGPzbz7Adh5YD5zg9d8TupcgkhFNvG2at4uYy8X',
    tokenName: 'Joke Cryptocurrency',
    tokenSymbol: 'Joke',
    tokenAddress: '3m6sEJ1XqkbvbFfSM1ywyFHFwTwFNtGCHHishPSXpump',
    pairAddress: 'EqKbEFGPzbz7Adh5YD5zg9d8TupcgkhFNvG2at4uYy8X',
    chain: 'SOL',
    exchange: '6EF8rrecthR5Dkzon8Nwu78hRvfCKubJ14M5uBEwF6P',
    priceUsd: 0.000005977430762,
    volumeUsd: 436.47,
    mcap: 5977.43,
    priceChangePcs: { '5m': -21.89, '1h': -21.89, '6h': -21.89, '24h': -21.89 },
    transactions: { buys: 8, sells: 7 },
    audit: {
      mintable: false,
      freezable: false,
      honeypot: false,
      contractVerified: true,
      linkTwitter: 'https://x.com/juicydagreat/status/1971930481404067960',
      linkWebsite: 'https://www.wsj.com/finance/stocks/dogecoin-is-a-joke-but-its-no-laughing-matter-11619092837'
    },
    security: { renounced: false, locked: true },
    tokenCreatedTimestamp: 2025-09-27T13:31:05.000Z,
    liquidity: { current: 8.78, changePc: -99.56 }
  },
  {
    id: '9Qx3YpQ65fb82DgLMLbrQetT5XBs7E5QMZXkffk2jiRG',
    tokenName: 'niggaliquid',
    tokenSymbol: 'nl',
    tokenAddress: 'AiqWxoiTaVGGwNhBLtKMoG5Fvzke66zauB8PredLpump',
    pairAddress: '9Qx3YpQ65fb82DgLMLbrQetT5XBs7E5QMZXkffk2jiRG',
    chain: 'SOL',
    exchange: 'pAMMBay6oceH9fJKBRHGP5D4bD4sWpmSwMn52FMfXEA',
    priceUsd: 0.00009927157394,
    volumeUsd: 4751.38,
    mcap: 99271.54,
    priceChangePcs: { '5m': 20.84, '1h': 20.84, '6h': 20.84, '24h': 20.84 },
    transactions: { buys: 61, sells: 40 },
    audit: {
      mintable: false,
      freezable: false,
      honeypot: false,
      contractVerified: false
    },
    security: { renounced: false, locked: false },
    tokenCreatedTimestamp: 2025-09-27T13:31:02.000Z,
    liquidity: { current: 37858.23, changePc: 9.72 }
  },
  {
    id: 'AkPE6i8L79w37uA6JN3jWEpnZNoqTNaTnRZ4YMcWGJ9h',
    tokenName: 'PEPETOSHI NAKAMOTO',
    tokenSymbol: 'PEPETOSHI',
    tokenAddress: 'DpcrKZsWfpaaDmFoUMMdMj538kTCbKkQr9fCVTx3FMeN',
    pairAddress: 'AkPE6i8L79w37uA6JN3jWEpnZNoqTNaTnRZ4YMcWGJ9h',
    chain: 'SOL',
    exchange: '6EF8rrecthR5Dkzon8Nwu78hRvfCKubJ14M5uBEwF6P',
    priceUsd: 0.00000956084202,
    volumeUsd: 2363.76,
    mcap: 9560.84,
    priceChangePcs: { '5m': 33.55, '1h': 33.55, '6h': 33.55, '24h': 33.55 },
    transactions: { buys: 23, sells: 12 },
    audit: {
      mintable: false,
      freezable: false,
      honeypot: false,
      contractVerified: false,
      linkTwitter: 'https://x.com/RossRupert5558/status/1971930555857228132'
    },
    security: { renounced: false, locked: true },
    tokenCreatedTimestamp: 2025-09-27T13:31:00.000Z,
    liquidity: { current: 26.66, changePc: -98.23 }
  },
  {
    id: 'tnRFqPieFPQjt1RqWR9upxaGWjtZi1K9NvPArmX5Nnm',
    tokenName: 'PEPETOSHI NAKAMOTO',
    tokenSymbol: 'PEPETOSHI',
    tokenAddress: 'H8juXSLBZ4G1qpd1CSSDgcC1ddzTodqnoNeLnr6949vQ',
    pairAddress: 'tnRFqPieFPQjt1RqWR9upxaGWjtZi1K9NvPArmX5Nnm',
    chain: 'SOL',
    exchange: '6EF8rrecthR5Dkzon8Nwu78hRvfCKubJ14M5uBEwF6P',
    priceUsd: 0.0000071127762753579505,
    volumeUsd: 35.56,
    mcap: 7112.77,
    priceChangePcs: { '5m': 0, '1h': 0, '6h': 0, '24h': 0 },
    transactions: { buys: 1, sells: 0 },
    audit: {
      mintable: false,
      freezable: false,
      honeypot: false,
      contractVerified: false,
      linkTwitter: 'https://x.com/RossRupert5558/status/1971930555857228132'
    },
    security: { renounced: false, locked: true },
    tokenCreatedTimestamp: 2025-09-27T13:31:00.000Z,
    liquidity: { current: 0.59, changePc: -99.96 }
  },
  {
    id: 'AopTeQkR1i2mvHxdXa8TGPRs9tJ1XMbUWusJiQKcBSCD',
    tokenName: 'Lighter',
    tokenSymbol: 'Lighter',
    tokenAddress: '2QvQtMDVbzjagpq4swMewsLELGxVRX4vY6n5n17BTVYV',
    pairAddress: 'AopTeQkR1i2mvHxdXa8TGPRs9tJ1XMbUWusJiQKcBSCD',
    chain: 'SOL',
    exchange: 'cpamdpZCGKUy5JxQXB4dcpGPiikHawvSWAd6mEn1sGG',
    priceUsd: 0,
    volumeUsd: 0,
    mcap: 14.565278683630357,
    priceChangePcs: { '5m': 0, '1h': 0, '6h': 0, '24h': 0 },
    transactions: { buys: 0, sells: 0 },
    audit: {
      mintable: false,
      freezable: false,
      honeypot: false,
      contractVerified: true,
      linkTwitter: 'https://x.com/Lighter_xyz',
      linkWebsite: 'https://lighter.xyz/'
    },
    security: { renounced: false, locked: true },
    tokenCreatedTimestamp: 2025-09-27T13:30:59.000Z,
    liquidity: { current: 0, changePc: -100 }
  },
  {
    id: '0x6dB1A7bD7873F45F53168A231761613B88c60d31',
    tokenName: 'Wvitacoin',
    tokenSymbol: 'VTA',
    tokenAddress: '0x20062aa9e3769b91a56E1398C10ece9eA3972979',
    pairAddress: '0x6dB1A7bD7873F45F53168A231761613B88c60d31',
    chain: 'BSC',
    exchange: '0x10ED43C718714eb63d5aA57B78B54704E256024E',
    priceUsd: 0,
    volumeUsd: 0,
    mcap: 0,
    priceChangePcs: { '5m': 0, '1h': 0, '6h': 0, '24h': 0 },
    transactions: { buys: 0, sells: 0 },
    audit: {
      mintable: false,
      freezable: false,
      honeypot: false,
      contractVerified: false
    },
    security: { renounced: false, locked: true },
    tokenCreatedTimestamp: 2025-09-27T13:30:53.000Z,
    liquidity: { current: 0, changePc: 0 }
  },
  {
    id: 'BuBsYHYt4gm1KJxjAJ2Nw44PgFmA8d9savpPfjgHQSJW',
    tokenName: 'Work Hard On Reaching Excellence',
    tokenSymbol: 'WHORE',
    tokenAddress: 'HufSumGDS9s8tfpB3P6xxooSTAqThntzx1pLpQFZLLD4',
    pairAddress: 'BuBsYHYt4gm1KJxjAJ2Nw44PgFmA8d9savpPfjgHQSJW',
    chain: 'SOL',
    exchange: '6EF8rrecthR5Dkzon8Nwu78hRvfCKubJ14M5uBEwF6P',
    priceUsd: 0,
    volumeUsd: 0,
    mcap: 2030.163876735061,
    priceChangePcs: { '5m': 0, '1h': 0, '6h': 0, '24h': 0 },
    transactions: { buys: 0, sells: 0 },
    audit: {
      mintable: false,
      freezable: false,
      honeypot: false,
      contractVerified: false,
      linkTwitter: 'https://x.com/pantherpanz/status/1971930498525229428'
    },
    security: { renounced: false, locked: true },
    tokenCreatedTimestamp: 2025-09-27T13:30:48.000Z,
    liquidity: { current: 0, changePc: -100 }
  },
  {
    id: 'D1fmk7RYaiZPSzsQuvt1ZfpbRbwnixAdNFCd1twpDwQW',
    tokenName: 'Work Hard On Reaching Excellence',
    tokenSymbol: 'WHORE',
    tokenAddress: '7nvTX84BashFLkyecVckuRnyKDAYQNs2Z451XMu2pump',
    pairAddress: 'D1fmk7RYaiZPSzsQuvt1ZfpbRbwnixAdNFCd1twpDwQW',
    chain: 'SOL',
    exchange: '6EF8rrecthR5Dkzon8Nwu78hRvfCKubJ14M5uBEwF6P',
    priceUsd: 0.000006175373917,
    volumeUsd: 2047.57,
    mcap: 6175.37,
    priceChangePcs: { '5m': -22.82, '1h': -22.82, '6h': -22.82, '24h': -22.82 },
    transactions: { buys: 27, sells: 25 },
    audit: {
      mintable: false,
      freezable: false,
      honeypot: false,
      contractVerified: false,
      linkTwitter: 'https://x.com/pantherpanz/status/1971930498525229428'
    },
    security: { renounced: false, locked: true },
    tokenCreatedTimestamp: 2025-09-27T13:30:45.000Z,
    liquidity: { current: 0.78, changePc: -99.96 }
  },
  {
    id: 'LZ7vy3pQC4ubcVcadZSUjWZ6vBYjZHM9uWcpLfreBXY',
    tokenName: 'sesame',
    tokenSymbol: 'sesame',
    tokenAddress: 'FimHPAYg4qQVZ1EE5C599oUQmdJraHqYGPhouJxkpump',
    pairAddress: 'LZ7vy3pQC4ubcVcadZSUjWZ6vBYjZHM9uWcpLfreBXY',
    chain: 'SOL',
    exchange: '6EF8rrecthR5Dkzon8Nwu78hRvfCKubJ14M5uBEwF6P',
    priceUsd: 0.00000734939175,
    volumeUsd: 263.56,
    mcap: 7349.39,
    priceChangePcs: { '5m': 5.18, '1h': 5.18, '6h': 5.18, '24h': 5.18 },
    transactions: { buys: 6, sells: 2 },
    audit: {
      mintable: false,
      freezable: false,
      honeypot: false,
      contractVerified: false,
      linkTwitter: 'https://x.com/sesamedotapp',
      linkWebsite: 'https://www.sesameapp.xyz/'
    },
    security: { renounced: false, locked: true },
    tokenCreatedTimestamp: 2025-09-27T13:30:42.000Z,
    liquidity: { current: 1704.62, changePc: 29.34 }
  },
  {
    id: '9uYdmNvDUPz6CUDE5mEEb1eNRVCta66M6tFakCgbmk7J',
    tokenName: 'BlockDAGNetwork',
    tokenSymbol: 'BDAG/USDT',
    tokenAddress: 'DbZfsc5Av3cabDrZndQL6Pa3vXQwkdkGLGnSAWjZq4dK',
    pairAddress: '9uYdmNvDUPz6CUDE5mEEb1eNRVCta66M6tFakCgbmk7J',
    chain: 'SOL',
    exchange: 'CAMMCzo5YL8w4VFF8KVHrK22GGUsp5VTaW7grrKgrWqK',
    priceUsd: 0.00004608515067,
    volumeUsd: 26327.61,
    mcap: 46085.15,
    priceChangePcs: { '5m': 10.19, '1h': 10.19, '6h': 10.19, '24h': 10.19 },
    transactions: { buys: 28, sells: 22 },
    audit: {
      mintable: false,
      freezable: false,
      honeypot: false,
      contractVerified: false,
      linkTwitter: 'https://x.com/blockdagnetwork',
      linkWebsite: 'https://t.co/N39EWS88aJ'
    },
    security: { renounced: false, locked: true },
    tokenCreatedTimestamp: 2025-09-27T13:30:41.000Z,
    liquidity: { current: 86479.8, changePc: 108.87 }
  },
  {
    id: 'FuSxU5vwLYifrFvsK93FnhRahM6G3CpzRCwPjrWpEEPq',
    tokenName: 'The Grok Singularity',
    tokenSymbol: 'Groksing',
    tokenAddress: 'Gi8NxyHG3h99rkWCZ9hL48sPh9CMPCmrkE7UfgvFpump',
    pairAddress: 'FuSxU5vwLYifrFvsK93FnhRahM6G3CpzRCwPjrWpEEPq',
    chain: 'SOL',
    exchange: '6EF8rrecthR5Dkzon8Nwu78hRvfCKubJ14M5uBEwF6P',
    priceUsd: 0,
    volumeUsd: 0,
    mcap: 20.83,
    priceChangePcs: { '5m': 0, '1h': 0, '6h': 0, '24h': 0 },
    transactions: { buys: 0, sells: 0 },
    audit: {
      mintable: false,
      freezable: false,
      honeypot: false,
      contractVerified: false
    },
    security: { renounced: false, locked: true },
    tokenCreatedTimestamp: 2025-09-27T13:30:38.000Z,
    liquidity: { current: 20.83, changePc: 0 }
  },
  {
    id: 'EmscLdfuVCsNYCFJ4RXG84W2hfEN83x49V2JoZPTgS2H',
    tokenName: 'Free',
    tokenSymbol: 'FREE',
    tokenAddress: 'CnqQ43bnNvGXWmNjEUQbUCqCmZxDzhECzyEKMeJquYge',
    pairAddress: 'EmscLdfuVCsNYCFJ4RXG84W2hfEN83x49V2JoZPTgS2H',
    chain: 'SOL',
    exchange: '6EF8rrecthR5Dkzon8Nwu78hRvfCKubJ14M5uBEwF6P',
    priceUsd: 0,
    volumeUsd: 0,
    mcap: 1.18,
    priceChangePcs: { '5m': 0, '1h': 0, '6h': 0, '24h': 0 },
    transactions: { buys: 0, sells: 0 },
    audit: {
      mintable: false,
      freezable: false,
      honeypot: false,
      contractVerified: true
    },
    security: { renounced: false, locked: true },
    tokenCreatedTimestamp: 2025-09-27T13:30:33.000Z,
    liquidity: { current: 1.18, changePc: 0 }
  },
  {
    id: '0x519F960Fb16722580e997EfeC681B02EBe8d8f59',
    tokenName: 'AI Monero Classic XMC',
    tokenSymbol: 'AI MONERO CLASSIC XMC',
    tokenAddress: '0xA0423F5e8B6596D1F00ab0246178c745012c1cE4',
    pairAddress: '0x519F960Fb16722580e997EfeC681B02EBe8d8f59',
    chain: 'BSC',
    exchange: '0x10ED43C718714eb63d5aA57B78B54704E256024E',
    priceUsd: 0,
    volumeUsd: 0,
    mcap: 0.21,
    priceChangePcs: { '5m': 0, '1h': 0, '6h': 0, '24h': 0 },
    transactions: { buys: 0, sells: 0 },
    audit: {
      mintable: false,
      freezable: false,
      honeypot: false,
      contractVerified: true
    },
    security: { renounced: true, locked: true },
    tokenCreatedTimestamp: 2025-09-27T13:30:33.000Z,
    liquidity: { current: 0.21, changePc: 12 }
  },
  {
    id: '8DNoWzr4EQwfXgSAFJCnA2KCFp3eFC92C4DVrkj4eUZp',
    tokenName: 'live untill 10M marckap',
    tokenSymbol: '$DAD',
    tokenAddress: '6tQRRDoL3xQj67XxKybZ8jYedTxCtTPR6vyxVMzmpump',
    pairAddress: '8DNoWzr4EQwfXgSAFJCnA2KCFp3eFC92C4DVrkj4eUZp',
    chain: 'SOL',
    exchange: '6EF8rrecthR5Dkzon8Nwu78hRvfCKubJ14M5uBEwF6P',
    priceUsd: 0.000005988900122,
    volumeUsd: 9.98,
    mcap: 5988.9,
    priceChangePcs: { '5m': 0, '1h': 0, '6h': 0, '24h': 0 },
    transactions: { buys: 0, sells: 1 },
    audit: {
      mintable: false,
      freezable: false,
      honeypot: false,
      contractVerified: false
    },
    security: { renounced: false, locked: true },
    tokenCreatedTimestamp: 2025-09-27T13:30:29.000Z,
    liquidity: { current: 284.06, changePc: 458.64 }
  },
  {
    id: '3yaerz8fRtsgi9datdt426nxFVDsmsjVFVEc4BsEvySn',
    tokenName: 'BlocksBeats',
    tokenSymbol: 'BB',
    tokenAddress: 'Aen7RjcBaYKX5fx1JRvzv7HXcaxAXRBgauwMdPYevTT7',
    pairAddress: '3yaerz8fRtsgi9datdt426nxFVDsmsjVFVEc4BsEvySn',
    chain: 'SOL',
    exchange: 'dbcij3LWUppWqq96dh6gJWwBifmcGfLSB5D4DuSMaqN',
    priceUsd: 0.0001498451042,
    volumeUsd: 7658.64,
    mcap: 149845.1,
    priceChangePcs: { '5m': 35.89, '1h': 35.89, '6h': 35.89, '24h': 35.89 },
    transactions: { buys: 36, sells: 19 },
    audit: {
      mintable: false,
      freezable: false,
      honeypot: false,
      contractVerified: false,
      linkTelegram: 'https://t.me/blocksbeats',
      linkTwitter: 'https://x.com/BlocksBeats_X',
      linkWebsite: 'https://www.blocksbeats.net/'
    },
    security: { renounced: false, locked: true },
    tokenCreatedTimestamp: 2025-09-27T13:30:28.000Z,
    liquidity: { current: 4.43, changePc: -99.96 }
  },
  {
    id: 'DMMUF6L3g1YR9P1R9UNaSfTkT3xVh9oCRYUUf6YZ28A7',
    tokenName: 'AstroPepe Coin',
    tokenSymbol: 'APC',
    tokenAddress: '52qAHZW62oELcYnfCsDAtLpVkoTUUGwSm6X2bzUbpump',
    pairAddress: 'DMMUF6L3g1YR9P1R9UNaSfTkT3xVh9oCRYUUf6YZ28A7',
    chain: 'SOL',
    exchange: '6EF8rrecthR5Dkzon8Nwu78hRvfCKubJ14M5uBEwF6P',
    priceUsd: 0,
    volumeUsd: 20.02,
    mcap: 5693.14,
    priceChangePcs: { '5m': 0, '1h': 0, '6h': 0, '24h': 0 },
    transactions: { buys: 1, sells: 0 },
    audit: {
      mintable: false,
      freezable: false,
      honeypot: false,
      contractVerified: true
    },
    security: { renounced: false, locked: true },
    tokenCreatedTimestamp: 2025-09-27T13:30:26.000Z,
    liquidity: { current: 0, changePc: -100 }
  },
  {
    id: '9tiwyYw6Lq12KrJttv7PW38UBS8xFvghASnkGYgSZrTK',
    tokenName: 'coin Green ',
    tokenSymbol: ' .',
    tokenAddress: 'J27NqBFKDi8rgAMup1SH1HzjJkpYiTMeiqnfeYBFX9ZX',
    pairAddress: '9tiwyYw6Lq12KrJttv7PW38UBS8xFvghASnkGYgSZrTK',
    chain: 'SOL',
    exchange: '6EF8rrecthR5Dkzon8Nwu78hRvfCKubJ14M5uBEwF6P',
    priceUsd: 0,
    volumeUsd: 0,
    mcap: 4.763753025350523,
    priceChangePcs: { '5m': 0, '1h': 0, '6h': 0, '24h': 0 },
    transactions: { buys: 0, sells: 0 },
    audit: {
      mintable: false,
      freezable: false,
      honeypot: false,
      contractVerified: false
    },
    security: { renounced: false, locked: true },
    tokenCreatedTimestamp: 2025-09-27T13:30:24.000Z,
    liquidity: { current: 0, changePc: -100 }
  },
  {
    id: 'JAW3fnXZ4oLWqDMPq2GdWnjP7TwnY6k4nQ4QQs5rnWao',
    tokenName: 'Bonkey',
    tokenSymbol: 'Bonkey',
    tokenAddress: '4PYvyKqkMxvHEcbzPoiPMW9W2ifgxkHtgwXEhm5Hbonk',
    pairAddress: 'JAW3fnXZ4oLWqDMPq2GdWnjP7TwnY6k4nQ4QQs5rnWao',
    chain: 'SOL',
    exchange: 'pAMMBay6oceH9fJKBRHGP5D4bD4sWpmSwMn52FMfXEA',
    priceUsd: 0.0001318280702,
    volumeUsd: 8904.34,
    mcap: 131827.94,
    priceChangePcs: { '5m': 60.54, '1h': 60.54, '6h': 60.54, '24h': 60.54 },
    transactions: { buys: 124, sells: 71 },
    audit: {
      mintable: false,
      freezable: false,
      honeypot: false,
      contractVerified: false,
      linkTwitter: 'https://x.com/PEOPLEPets/status/1971910199045751226'
    },
    security: { renounced: false, locked: false },
    tokenCreatedTimestamp: 2025-09-27T13:30:17.000Z,
    liquidity: { current: 43737.74, changePc: 26.82 }
  },
  {
    id: '3zVRfPYpvKY8VwPM4DJoFZqb8SMnMN6qnYdpf2AG7hr2',
    tokenName: 'Corgi',
    tokenSymbol: 'Corgi',
    tokenAddress: '223JNPAcUYZXDYvKADgKN8jNP6UU5hrXeCthweuibonk',
    pairAddress: '3zVRfPYpvKY8VwPM4DJoFZqb8SMnMN6qnYdpf2AG7hr2',
    chain: 'SOL',
    exchange: 'LanMV9sAd7wArD4vJFi2qDdfnVhFxYSUg6eADduJ3uj',
    priceUsd: 0.000006293984827,
    volumeUsd: 2447.32,
    mcap: 6293.98,
    priceChangePcs: { '5m': 6.5, '1h': 6.5, '6h': 6.5, '24h': 6.5 },
    transactions: { buys: 14, sells: 13 },
    audit: {
      mintable: false,
      freezable: false,
      honeypot: false,
      contractVerified: false
    },
    security: { renounced: false, locked: true },
    tokenCreatedTimestamp: 2025-09-27T13:30:14.000Z,
    liquidity: { current: 452.83, changePc: -91.37 }
  },
  {
    id: 'Db8G7jkwTaFWzuyMcY5Rir6H4xuPGWY3JsvLm8HDG4cP',
    tokenName: 'Space Girrafe',
    tokenSymbol: 'SG',
    tokenAddress: 'BwpZDmqv8SBru6KKJsFB2sDMSUHGnpsCzGCVsbzzpump',
    pairAddress: 'Db8G7jkwTaFWzuyMcY5Rir6H4xuPGWY3JsvLm8HDG4cP',
    chain: 'SOL',
    exchange: '6EF8rrecthR5Dkzon8Nwu78hRvfCKubJ14M5uBEwF6P',
    priceUsd: 0,
    volumeUsd: 0,
    mcap: 49.21815348790427,
    priceChangePcs: { '5m': 0, '1h': 0, '6h': 0, '24h': 0 },
    transactions: { buys: 0, sells: 0 },
    audit: {
      mintable: false,
      freezable: false,
      honeypot: false,
      contractVerified: true
    },
    security: { renounced: false, locked: true },
    tokenCreatedTimestamp: 2025-09-27T13:30:11.000Z,
    liquidity: { current: 0, changePc: -100 }
  },
  {
    id: '9wmD4gLewRJJwqNCWKdF8t4nBut7kpshw9QSduBRLkBT',
    tokenName: 'NeuralDerp',
    tokenSymbol: 'NeuralDerp',
    tokenAddress: '9LCc9GguzWKXeGT5ECHbppzGKBjkXjuSq1D5oFX7pump',
    pairAddress: '9wmD4gLewRJJwqNCWKdF8t4nBut7kpshw9QSduBRLkBT',
    chain: 'SOL',
    exchange: '6EF8rrecthR5Dkzon8Nwu78hRvfCKubJ14M5uBEwF6P',
    priceUsd: 0.000006496635064,
    volumeUsd: 651.05,
    mcap: 6496.63,
    priceChangePcs: { '5m': -7.36, '1h': -7.36, '6h': -7.36, '24h': -7.36 },
    transactions: { buys: 8, sells: 5 },
    audit: {
      mintable: false,
      freezable: false,
      honeypot: false,
      contractVerified: false,
      linkTwitter: 'https://x.com/brianichatt/status/1971930357856719223'
    },
    security: { renounced: false, locked: true },
    tokenCreatedTimestamp: 2025-09-27T13:30:10.000Z,
    liquidity: { current: 60.08, changePc: -96.44 }
  },
  {
    id: 'EHbC2THA3DqVxpvCpxWz61NLnjFnb533Qt6JTqbBL7kp',
    tokenName: ' ZAYU THE JAGUAR',
    tokenSymbol: 'ZAYU',
    tokenAddress: '8MsofqwuzfroEXtgnk1fjXDv7LAJavJ3cyYuJTKhpump',
    pairAddress: 'EHbC2THA3DqVxpvCpxWz61NLnjFnb533Qt6JTqbBL7kp',
    chain: 'SOL',
    exchange: '6EF8rrecthR5Dkzon8Nwu78hRvfCKubJ14M5uBEwF6P',
    priceUsd: 0.000006248358552,
    volumeUsd: 9.91,
    mcap: 6248.35,
    priceChangePcs: { '5m': 0, '1h': 0, '6h': 0, '24h': 0 },
    transactions: { buys: 1, sells: 0 },
    audit: {
      mintable: false,
      freezable: false,
      honeypot: false,
      contractVerified: false,
      linkTwitter: 'https://x.com/sportslogosnet/status/1971929067914936372',
      linkWebsite: 'https://news.sportslogos.net/2025/09/25/trio-of-mascots-unveiled-for-fifa-world-cup-2026/soccer'
    },
    security: { renounced: false, locked: true },
    tokenCreatedTimestamp: 2025-09-27T13:29:47.000Z,
    liquidity: { current: 0.78, changePc: -99.9 }
  },
  {
    id: 'AQwSvR3a3xaeXptfPzHNh8uynYSo6zntZZf5sQKdtKSe',
    tokenName: 'pieverse',
    tokenSymbol: '$PIEVERSE',
    tokenAddress: 'G1oMsTk91XDnMmW6JKJh2hFD1neqbrAGwUsaa1yAr46m',
    pairAddress: 'AQwSvR3a3xaeXptfPzHNh8uynYSo6zntZZf5sQKdtKSe',
    chain: 'SOL',
    exchange: 'dbcij3LWUppWqq96dh6gJWwBifmcGfLSB5D4DuSMaqN',
    priceUsd: 0.0003871161867,
    volumeUsd: 45725.2,
    mcap: 387116.18,
    priceChangePcs: { '5m': 38.23, '1h': 38.23, '6h': 38.23, '24h': 38.23 },
    transactions: { buys: 238, sells: 240 },
    audit: {
      mintable: false,
      freezable: false,
      honeypot: false,
      contractVerified: false,
      linkTelegram: 'https://t.me/monlineincome',
      linkTwitter: 'https://x.com/pieverse_io',
      linkWebsite: 'https://pieverse.io/'
    },
    security: { renounced: false, locked: true },
    tokenCreatedTimestamp: 2025-09-27T13:29:46.000Z,
    liquidity: { current: 30629.2, changePc: 25.84 }
  },
  {
    id: '5bd349hkLvcDYAMrsLDA1BWZxfhgfBkKdC4wwV5LtkgL',
    tokenName: 'Anoma_XAN',
    tokenSymbol: 'XAN',
    tokenAddress: '3fYwtV2wQvxa99jCdxa67x1zRP2punS7tCy8T8pW6Xip',
    pairAddress: '5bd349hkLvcDYAMrsLDA1BWZxfhgfBkKdC4wwV5LtkgL',
    chain: 'SOL',
    exchange: 'pAMMBay6oceH9fJKBRHGP5D4bD4sWpmSwMn52FMfXEA',
    priceUsd: 0.0002030121246,
    volumeUsd: 801285.82,
    mcap: 203011.85,
    priceChangePcs: { '5m': 24.96, '1h': 24.96, '6h': 24.96, '24h': 24.96 },
    transactions: { buys: 349, sells: 294 },
    audit: {
      mintable: false,
      freezable: false,
      honeypot: false,
      contractVerified: true,
      linkTwitter: 'https://x.com/anoma',
      linkWebsite: 'https://linktr.ee/anoma.net'
    },
    security: { renounced: false, locked: false },
    tokenCreatedTimestamp: 2025-09-27T13:29:46.000Z,
    liquidity: { current: 363602.24, changePc: 11.76 }
  },
  {
    id: '0xACDE96cF19D852111A212Db4054f201876f4F0B9',
    tokenName: 'BZIL',
    tokenSymbol: 'BZIL',
    tokenAddress: '0x0De9b6f1567F50D4290Bc866a9e18D696e7f3Bfc',
    pairAddress: '0xACDE96cF19D852111A212Db4054f201876f4F0B9',
    chain: 'BASE',
    exchange: '0x4752ba5DBc23f44D87826276BF6Fd6b1C372aD24',
    priceUsd: 0,
    volumeUsd: 0,
    mcap: 0.08044587302,
    priceChangePcs: { '5m': 0, '1h': 0, '6h': 0, '24h': 0 },
    transactions: { buys: 0, sells: 0 },
    audit: {
      mintable: false,
      freezable: false,
      honeypot: false,
      contractVerified: true
    },
    security: { renounced: false, locked: true },
    tokenCreatedTimestamp: 2025-09-27T13:29:43.000Z,
    liquidity: { current: 0, changePc: -100 }
  },
  {
    id: 'DZeaMn3ZkqYawf8aK7Mx6dZANPe7Zwfc2tux5nNFFVCy',
    tokenName: 'BITCOIN BREAKFAST',
    tokenSymbol: 'BITCOIN B ',
    tokenAddress: '6jM2GXK5W9WcFEbV6tJbQzP2UGju4D5EULoVc1E4pump',
    pairAddress: 'DZeaMn3ZkqYawf8aK7Mx6dZANPe7Zwfc2tux5nNFFVCy',
    chain: 'SOL',
    exchange: '6EF8rrecthR5Dkzon8Nwu78hRvfCKubJ14M5uBEwF6P',
    priceUsd: 0,
    volumeUsd: 0,
    mcap: 4.79,
    priceChangePcs: { '5m': 0, '1h': 0, '6h': 0, '24h': 0 },
    transactions: { buys: 0, sells: 0 },
    audit: {
      mintable: false,
      freezable: false,
      honeypot: false,
      contractVerified: true
    },
    security: { renounced: false, locked: true },
    tokenCreatedTimestamp: 2025-09-27T13:29:42.000Z,
    liquidity: { current: 4.79, changePc: 0 }
  },
  {
    id: '3VP7XRSTKwN3ziMcTJEZ28bdWZE1Y9muxiS6TZU7Azj4',
    tokenName: 'Monster Strategy',
    tokenSymbol: 'MNSTR',
    tokenAddress: '8pEUCbYimCPbYsE1eszTMjmXcRR4eRvxfh84C2Mvpump',
    pairAddress: '3VP7XRSTKwN3ziMcTJEZ28bdWZE1Y9muxiS6TZU7Azj4',
    chain: 'SOL',
    exchange: '6EF8rrecthR5Dkzon8Nwu78hRvfCKubJ14M5uBEwF6P',
    priceUsd: 0,
    volumeUsd: 0,
    mcap: 926.2459385154123,
    priceChangePcs: { '5m': 0, '1h': 0, '6h': 0, '24h': 0 },
    transactions: { buys: 0, sells: 0 },
    audit: {
      mintable: false,
      freezable: false,
      honeypot: false,
      contractVerified: true,
      linkTwitter: 'https://x.com/mnstrstrategy',
      linkWebsite: 'https://mnstr.xyz/'
    },
    security: { renounced: false, locked: true },
    tokenCreatedTimestamp: 2025-09-27T13:29:40.000Z,
    liquidity: { current: 0, changePc: -100 }
  },
  {
    id: 'CEDJsVXFC5BSD15mieW1crJNfGqry6CvkabXuvQWqzpg',
    tokenName: 'BULL PRINTER',
    tokenSymbol: 'PRINTER',
    tokenAddress: '7nagxq3uMtsAuQ6AgyqyECAoccZqVHB8FLb2Teyvpump',
    pairAddress: 'CEDJsVXFC5BSD15mieW1crJNfGqry6CvkabXuvQWqzpg',
    chain: 'SOL',
    exchange: '6EF8rrecthR5Dkzon8Nwu78hRvfCKubJ14M5uBEwF6P',
    priceUsd: 0.00002207516805,
    volumeUsd: 8213.75,
    mcap: 22075.16,
    priceChangePcs: { '5m': 253.19, '1h': 253.19, '6h': 253.19, '24h': 253.19 },
    transactions: { buys: 62, sells: 25 },
    audit: {
      mintable: false,
      freezable: false,
      honeypot: false,
      contractVerified: false,
      linkTelegram: 'https://t.me/bullprintersol',
      linkTwitter: 'https://twitter.com/Bull_Printer'
    },
    security: { renounced: false, locked: true },
    tokenCreatedTimestamp: 2025-09-27T13:29:37.000Z,
    liquidity: { current: 11849.98, changePc: 2814.05 }
  },
  {
    id: 'qLKeBk26GQn7rzSTWjvTikkfwwmPycqqT51TZVUMwxi',
    tokenName: 'Hugo',
    tokenSymbol: 'HUGO',
    tokenAddress: 'FKbVnTYAHJt1Bt6viKGdA4JL1HQFg2W27AAStWexpump',
    pairAddress: 'qLKeBk26GQn7rzSTWjvTikkfwwmPycqqT51TZVUMwxi',
    chain: 'SOL',
    exchange: '6EF8rrecthR5Dkzon8Nwu78hRvfCKubJ14M5uBEwF6P',
    priceUsd: 0.000007253030484,
    volumeUsd: 79.32,
    mcap: 7253.03,
    priceChangePcs: { '5m': 0, '1h': 0, '6h': 0, '24h': 0 },
    transactions: { buys: 1, sells: 0 },
    audit: {
      mintable: false,
      freezable: false,
      honeypot: false,
      contractVerified: false
    },
    security: { renounced: false, locked: true },
    tokenCreatedTimestamp: 2025-09-27T13:29:36.000Z,
    liquidity: { current: 0.78, changePc: -99.94 }
  },
  {
    id: '21mZ7PinxQNAWLer47J3hgYFPPzCgJYYka17AoEC3Gac',
    tokenName: 'ASTER TrueLoveStory',
    tokenSymbol: 'ATLS',
    tokenAddress: '9N8xmXKPzs9gzhdAeN41Wc53zaJB8UCHHkyFMnXvpump',
    pairAddress: '21mZ7PinxQNAWLer47J3hgYFPPzCgJYYka17AoEC3Gac',
    chain: 'SOL',
    exchange: '6EF8rrecthR5Dkzon8Nwu78hRvfCKubJ14M5uBEwF6P',
    priceUsd: 0.000006395002635,
    volumeUsd: 44.05,
    mcap: 6395,
    priceChangePcs: { '5m': 12.4, '1h': 12.4, '6h': 12.4, '24h': 12.4 },
    transactions: { buys: 3, sells: 0 },
    audit: {
      mintable: false,
      freezable: false,
      honeypot: false,
      contractVerified: false,
      linkTelegram: 'https://t.me/AsterDEX',
      linkTwitter: 'https://x.com/Aster_DEX',
      linkWebsite: 'https://www.asterdex.com/en'
    },
    security: { renounced: false, locked: true },
    tokenCreatedTimestamp: 2025-09-27T13:29:31.000Z,
    liquidity: { current: 80.01, changePc: -89.04 }
  },
  {
    id: '0x5192A823DC3a5ae2E185Ac26448459618538CfBC',
    tokenName: 'AI Mocaverse',
    tokenSymbol: 'AI MOCAVERSE',
    tokenAddress: '0x459dD9537EE358Ef93a6F3dd34A540D66B5c5c03',
    pairAddress: '0x5192A823DC3a5ae2E185Ac26448459618538CfBC',
    chain: 'BSC',
    exchange: '0x10ED43C718714eb63d5aA57B78B54704E256024E',
    priceUsd: 0,
    volumeUsd: 0,
    mcap: 0.1948487,
    priceChangePcs: { '5m': 0, '1h': 0, '6h': 0, '24h': 0 },
    transactions: { buys: 0, sells: 0 },
    audit: {
      mintable: false,
      freezable: false,
      honeypot: false,
      contractVerified: true
    },
    security: { renounced: true, locked: true },
    tokenCreatedTimestamp: 2025-09-27T13:29:30.000Z,
    liquidity: { current: 0, changePc: -100 }
  },
  {
    id: 'GBFjgnJ35rAm1r5NwgYpSAmSDkUEihLsf2YT7FGPTpTp',
    tokenName: 'Nothing',
    tokenSymbol: 'Noth',
    tokenAddress: 'CscT9wmnLQEzDWhTXStNcKd5TuTXY1dtySXSC46opump',
    pairAddress: 'GBFjgnJ35rAm1r5NwgYpSAmSDkUEihLsf2YT7FGPTpTp',
    chain: 'SOL',
    exchange: '6EF8rrecthR5Dkzon8Nwu78hRvfCKubJ14M5uBEwF6P',
    priceUsd: 0,
    volumeUsd: 0,
    mcap: 283.9215717160078,
    priceChangePcs: { '5m': 0, '1h': 0, '6h': 0, '24h': 0 },
    transactions: { buys: 0, sells: 0 },
    audit: {
      mintable: false,
      freezable: false,
      honeypot: false,
      contractVerified: false
    },
    security: { renounced: false, locked: true },
    tokenCreatedTimestamp: 2025-09-27T13:29:28.000Z,
    liquidity: { current: 0, changePc: -100 }
  },
  {
    id: '689ZRrnMbxypxMQY49hoF8jKNJQAuFF5HuXnzmnGvPGP',
    tokenName: '抖音',
    tokenSymbol: '抖音🔥',
    tokenAddress: 'J5e9ayxs51j5fYxa5S8ALARJgN9o1MGTMBAdzxURS5D2',
    pairAddress: '689ZRrnMbxypxMQY49hoF8jKNJQAuFF5HuXnzmnGvPGP',
    chain: 'SOL',
    exchange: 'cpamdpZCGKUy5JxQXB4dcpGPiikHawvSWAd6mEn1sGG',
    priceUsd: 0.0001209739817,
    volumeUsd: 12095.14,
    mcap: 120973.98,
    priceChangePcs: { '5m': 194.58, '1h': 194.58, '6h': 194.58, '24h': 194.58 },
    transactions: { buys: 308, sells: 107 },
    audit: {
      mintable: false,
      freezable: false,
      honeypot: false,
      contractVerified: false
    },
    security: { renounced: false, locked: true },
    tokenCreatedTimestamp: 2025-09-27T13:29:12.000Z,
    liquidity: { current: 33706.83, changePc: 72.94 }
  },
  {
    id: '8r5gUunycJPXVAPknJfWfGbNYffhvMLyLdancSDx8TEN',
    tokenName: 'Good Mornin',
    tokenSymbol: 'GM',
    tokenAddress: '6LYnd29f7eJTbHiaBSSREVAHYRs1iR61b7nkf73Cpump',
    pairAddress: '8r5gUunycJPXVAPknJfWfGbNYffhvMLyLdancSDx8TEN',
    chain: 'SOL',
    exchange: '6EF8rrecthR5Dkzon8Nwu78hRvfCKubJ14M5uBEwF6P',
    priceUsd: 0.000006244328652,
    volumeUsd: 1051.1,
    mcap: 6244.32,
    priceChangePcs: { '5m': -8.82, '1h': -8.82, '6h': -8.82, '24h': -8.82 },
    transactions: { buys: 13, sells: 20 },
    audit: {
      mintable: false,
      freezable: false,
      honeypot: false,
      contractVerified: true
    },
    security: { renounced: false, locked: true },
    tokenCreatedTimestamp: 2025-09-27T13:29:09.000Z,
    liquidity: { current: 0.78, changePc: -99.91 }
  },
  {
    id: '4noiheU6cUXz6TCpmkyTkA785qJCXiDzX6vCNnrZ2mUE',
    tokenName: '1 sol and a dream',
    tokenSymbol: '1SOL',
    tokenAddress: '2LA46PzhC3ML4VU3S9mwkpHHxjptanbLqyph4k3zxDJS',
    pairAddress: '4noiheU6cUXz6TCpmkyTkA785qJCXiDzX6vCNnrZ2mUE',
    chain: 'SOL',
    exchange: 'pAMMBay6oceH9fJKBRHGP5D4bD4sWpmSwMn52FMfXEA',
    priceUsd: 0.4096744721,
    volumeUsd: 196157.23,
    mcap: 409674472.09,
    priceChangePcs: { '5m': 118.53, '1h': 118.53, '6h': 118.53, '24h': 118.53 },
    transactions: { buys: 505, sells: 488 },
    audit: {
      mintable: false,
      freezable: false,
      honeypot: false,
      contractVerified: false,
      linkTwitter: 'https://x.com/NyxPosts',
      linkWebsite: 'https://nyx.run/'
    },
    security: { renounced: false, locked: false },
    tokenCreatedTimestamp: 2025-09-27T13:29:02.000Z,
    liquidity: { current: 55105.68, changePc: 50.78 }
  },
  {
    id: '4CYn7UmzwFSqBQt9gRVxNuQH3PJtYPfTHdghSuPrnVDb',
    tokenName: ' Glowing Shrimp',
    tokenSymbol: 'GLOW',
    tokenAddress: 'HG6FNc3GopWfVGmPfzJNrYLBKwoCNcNdaFKB5PMbpump',
    pairAddress: '4CYn7UmzwFSqBQt9gRVxNuQH3PJtYPfTHdghSuPrnVDb',
    chain: 'SOL',
    exchange: '6EF8rrecthR5Dkzon8Nwu78hRvfCKubJ14M5uBEwF6P',
    priceUsd: 0,
    volumeUsd: 0,
    mcap: 95.78323922678436,
    priceChangePcs: { '5m': 0, '1h': 0, '6h': 0, '24h': 0 },
    transactions: { buys: 0, sells: 0 },
    audit: {
      mintable: false,
      freezable: false,
      honeypot: false,
      contractVerified: false
    },
    security: { renounced: false, locked: true },
    tokenCreatedTimestamp: 2025-09-27T13:28:56.000Z,
    liquidity: { current: 0, changePc: -100 }
  },
  {
    id: '0x63be57E19b4a77Ad9D8B53149554Fff94f368Bb0',
    tokenName: 'Safemoon Aster',
    tokenSymbol: 'SafeAster',
    tokenAddress: '0x3397772dF6CC24150e10736bF1AC0117F057916F',
    pairAddress: '0x63be57E19b4a77Ad9D8B53149554Fff94f368Bb0',
    chain: 'BSC',
    exchange: '0x10ED43C718714eb63d5aA57B78B54704E256024E',
    priceUsd: 0.000008418273302051976,
    volumeUsd: 16661.49,
    mcap: 8418.27,
    priceChangePcs: { '5m': -13.06, '1h': -13.06, '6h': -13.06, '24h': -13.06 },
    transactions: { buys: 121, sells: 94 },
    audit: {
      mintable: false,
      freezable: false,
      honeypot: false,
      contractVerified: true,
      linkTelegram: 'https://t.me/safemoonaster',
      linkTwitter: 'https://x.com/safemoonaster',
      linkWebsite: 'https://www.smoon-aster.com'
    },
    security: { renounced: false, locked: false },
    tokenCreatedTimestamp: 2025-09-27T13:28:53.000Z,
    liquidity: { current: 4703.86, changePc: 141.35 }
  },
  {
    id: '0x4aD67D47228ad3220F377bd577e6F98eE3295619',
    tokenName: 'LBRETT',
    tokenSymbol: 'LBRETT',
    tokenAddress: '0xb6b4Bfd293AFe9762cDb3a4C94AFeaBDAC89EeCD',
    pairAddress: '0x4aD67D47228ad3220F377bd577e6F98eE3295619',
    chain: 'BASE',
    exchange: '0x4752ba5DBc23f44D87826276BF6Fd6b1C372aD24',
    priceUsd: 0,
    volumeUsd: 0,
    mcap: 0.08044587302,
    priceChangePcs: { '5m': 0, '1h': 0, '6h': 0, '24h': 0 },
    transactions: { buys: 0, sells: 0 },
    audit: {
      mintable: false,
      freezable: false,
      honeypot: false,
      contractVerified: true
    },
    security: { renounced: false, locked: true },
    tokenCreatedTimestamp: 2025-09-27T13:28:43.000Z,
    liquidity: { current: 0, changePc: -100 }
  },
  {
    id: 'EwiVBVLZVfxLY9SwSmLpSNRhG785Je9crXzz47dEYpSe',
    tokenName: 'Crypto GEMs 📈🚀',
    tokenSymbol: 'GEMs',
    tokenAddress: '8Nx9T6bcTpYyGH1EQ5VYwhMMtgBEeBFDsxTAUW192UFN',
    pairAddress: 'EwiVBVLZVfxLY9SwSmLpSNRhG785Je9crXzz47dEYpSe',
    chain: 'SOL',
    exchange: 'dbcij3LWUppWqq96dh6gJWwBifmcGfLSB5D4DuSMaqN',
    priceUsd: 0.00002269890296,
    volumeUsd: 20544.75,
    mcap: 22698.9,
    priceChangePcs: { '5m': -79.47, '1h': -79.47, '6h': -79.47, '24h': -79.47 },
    transactions: { buys: 165, sells: 127 },
    audit: {
      mintable: false,
      freezable: false,
      honeypot: false,
      contractVerified: false,
      linkTwitter: 'https://x.com/cryptogems555'
    },
    security: { renounced: false, locked: true },
    tokenCreatedTimestamp: 2025-09-27T13:28:40.000Z,
    liquidity: { current: 8.08, changePc: -99.93 }
  },
  {
    id: '6dMAk3d9NXS6Pr67KjsNR43739rR2Fh8snSkxu4mGFGF',
    tokenName: 'DUK FUKS',
    tokenSymbol: 'Duk ',
    tokenAddress: 'H7hTvzfTgZTxiWzvjtRHuD8A5goy6wgYD8mFzxgcpump',
    pairAddress: '6dMAk3d9NXS6Pr67KjsNR43739rR2Fh8snSkxu4mGFGF',
    chain: 'SOL',
    exchange: '6EF8rrecthR5Dkzon8Nwu78hRvfCKubJ14M5uBEwF6P',
    priceUsd: 0.00000607140933,
    volumeUsd: 1029.68,
    mcap: 6071.4,
    priceChangePcs: { '5m': -14.98, '1h': -14.98, '6h': -14.98, '24h': -14.98 },
    transactions: { buys: 14, sells: 9 },
    audit: {
      mintable: false,
      freezable: false,
      honeypot: false,
      contractVerified: false,
      linkTwitter: 'https://x.com/i/communities/1950264346199887955',
      linkWebsite: 'https://dukfuks.fun/'
    },
    security: { renounced: false, locked: true },
    tokenCreatedTimestamp: 2025-09-27T13:28:28.000Z,
    liquidity: { current: 46.57, changePc: -97.13 }
  },
  {
    id: '0xB21859CE9f94848820FDA44dCBCE6E6b5DB142b9',
    tokenName: 'AI Mocaverse',
    tokenSymbol: 'AI MOCAVERSE',
    tokenAddress: '0x3F09D8Bf235d45532eF59CE45e4F105635B67191',
    pairAddress: '0xB21859CE9f94848820FDA44dCBCE6E6b5DB142b9',
    chain: 'BSC',
    exchange: '0x10ED43C718714eb63d5aA57B78B54704E256024E',
    priceUsd: 0,
    volumeUsd: 0,
    mcap: 0.21,
    priceChangePcs: { '5m': 0, '1h': 0, '6h': 0, '24h': 0 },
    transactions: { buys: 0, sells: 0 },
    audit: {
      mintable: false,
      freezable: false,
      honeypot: false,
      contractVerified: true
    },
    security: { renounced: true, locked: true },
    tokenCreatedTimestamp: 2025-09-27T13:28:27.000Z,
    liquidity: { current: 0.21, changePc: 11.99 }
  },
  {
    id: '0x0BBD6a7772A9514F9d32E06F524dEc8a7378f51C',
    tokenName: 'BlocksBeats',
    tokenSymbol: 'BB',
    tokenAddress: '0xfa20E3448547E7dBC69160233704551143ce47df',
    pairAddress: '0x0BBD6a7772A9514F9d32E06F524dEc8a7378f51C',
    chain: 'BASE',
    exchange: '0x2626664c2603336E57B271c5C0b26F421741e481',
    priceUsd: 0,
    volumeUsd: 0,
    mcap: 0,
    priceChangePcs: { '5m': 0, '1h': 0, '6h': 0, '24h': 0 },
    transactions: { buys: 0, sells: 0 },
    audit: {
      mintable: false,
      freezable: false,
      honeypot: false,
      contractVerified: true
    },
    security: { renounced: true, locked: false },
    tokenCreatedTimestamp: 2025-09-27T13:28:27.000Z,
    liquidity: { current: 0, changePc: 0 }
  },
  {
    id: '4aGcN7Yr6ZeQv7r3wWee2kv4vRnW5GsP99Eo7kygHEp5',
    tokenName: 'puppy with shower cap',
    tokenSymbol: 'PWSC',
    tokenAddress: 'GXFgEFwVtpGBC5tbv4LvYdN2iEo5ssuoTRBYKFP7h6Hp',
    pairAddress: '4aGcN7Yr6ZeQv7r3wWee2kv4vRnW5GsP99Eo7kygHEp5',
    chain: 'SOL',
    exchange: '6EF8rrecthR5Dkzon8Nwu78hRvfCKubJ14M5uBEwF6P',
    priceUsd: 0,
    volumeUsd: 0,
    mcap: 807.0157204955553,
    priceChangePcs: { '5m': 0, '1h': 0, '6h': 0, '24h': 0 },
    transactions: { buys: 0, sells: 0 },
    audit: {
      mintable: false,
      freezable: false,
      honeypot: false,
      contractVerified: false,
      linkTelegram: 'https://t.me/puppywithshowercap',
      linkTwitter: 'https://x.com/puppywithshower',
      linkWebsite: 'https://puppywithshowercap.site/'
    },
    security: { renounced: false, locked: true },
    tokenCreatedTimestamp: 2025-09-27T13:28:26.000Z,
    liquidity: { current: 0, changePc: -100 }
  },
  {
    id: 'HymUN3CKQy8xT97uH5uNS3Tv55FZdH4XFsquWGVMZBaJ',
    tokenName: 'DUKLY',
    tokenSymbol: 'DUKLY',
    tokenAddress: '4JLfdgcmzdEMuhFgjXywnVUuMhWo1kGRa5N9hMgUpump',
    pairAddress: 'HymUN3CKQy8xT97uH5uNS3Tv55FZdH4XFsquWGVMZBaJ',
    chain: 'SOL',
    exchange: 'cpamdpZCGKUy5JxQXB4dcpGPiikHawvSWAd6mEn1sGG',
    priceUsd: 0,
    volumeUsd: 0,
    mcap: 1.99,
    priceChangePcs: { '5m': 0, '1h': 0, '6h': 0, '24h': 0 },
    transactions: { buys: 0, sells: 0 },
    audit: {
      mintable: false,
      freezable: false,
      honeypot: false,
      contractVerified: true,
      linkTwitter: 'https://x.com/solana_Dukly',
      linkWebsite: 'https://dukly.top/'
    },
    security: { renounced: false, locked: true },
    tokenCreatedTimestamp: 2025-09-27T13:28:20.000Z,
    liquidity: { current: 1.99, changePc: 0 }
  },
  {
    id: 'FBcbV3n8RRaWXguySMQwgNzxJG2sui33eFN1CRz2cZzr',
    tokenName: 'UTILITY COIN',
    tokenSymbol: 'UTILITY',
    tokenAddress: '7Rh7eW7DXYs1UhMoLMxfjS5H3apS1NX74zxrcBWtxrVk',
    pairAddress: 'FBcbV3n8RRaWXguySMQwgNzxJG2sui33eFN1CRz2cZzr',
    chain: 'SOL',
    exchange: 'dbcij3LWUppWqq96dh6gJWwBifmcGfLSB5D4DuSMaqN',
    priceUsd: 0.000142362773,
    volumeUsd: 1849.35,
    mcap: 142362.77,
    priceChangePcs: { '5m': 39.14, '1h': 39.14, '6h': 39.14, '24h': 39.14 },
    transactions: { buys: 26, sells: 4 },
    audit: {
      mintable: false,
      freezable: false,
      honeypot: false,
      contractVerified: true,
      linkTwitter: 'https://x.com/cheethegreat/status/1971925288109093144'
    },
    security: { renounced: false, locked: true },
    tokenCreatedTimestamp: 2025-09-27T13:28:14.000Z,
    liquidity: { current: 4.09, changePc: -99.96 }
  },
  {
    id: '4opeYPXkwopihpYRTc8ZpHUbUyB4n4Qr4XFvfWKiLGcg',
    tokenName: 'cursed images',
    tokenSymbol: 'cursed',
    tokenAddress: 'DXsKEZNNXU7PEpTRiJjHziHUGA95Vq12Uo4ezrS8pump',
    pairAddress: '4opeYPXkwopihpYRTc8ZpHUbUyB4n4Qr4XFvfWKiLGcg',
    chain: 'SOL',
    exchange: '6EF8rrecthR5Dkzon8Nwu78hRvfCKubJ14M5uBEwF6P',
    priceUsd: 0.000008255038615,
    volumeUsd: 289.33,
    mcap: 8255.03,
    priceChangePcs: { '5m': 23.38, '1h': 23.38, '6h': 23.38, '24h': 23.38 },
    transactions: { buys: 5, sells: 5 },
    audit: {
      mintable: false,
      freezable: false,
      honeypot: false,
      contractVerified: false,
      linkTwitter: 'https://x.com/panndafv/status/1971929655906390047',
      linkWebsite: 'https://www.reddit.com/r/cursedimages/'
    },
    security: { renounced: false, locked: true },
    tokenCreatedTimestamp: 2025-09-27T13:28:09.000Z,
    liquidity: { current: 0.78, changePc: -99.92 }
  },
  {
    id: 'Hxhi1wDz1QFzoJNzYd5tQZCqnPJBATd9TQtyxUq3n72a',
    tokenName: 'NeuralDerp',
    tokenSymbol: 'NeuralDerp',
    tokenAddress: '7RqwbgR4vcU4QFHez4SErpgStRam2Sfo6fwYaNoLpump',
    pairAddress: 'Hxhi1wDz1QFzoJNzYd5tQZCqnPJBATd9TQtyxUq3n72a',
    chain: 'SOL',
    exchange: '6EF8rrecthR5Dkzon8Nwu78hRvfCKubJ14M5uBEwF6P',
    priceUsd: 0.000008548156855,
    volumeUsd: 528.51,
    mcap: 8548.15,
    priceChangePcs: { '5m': 23.09, '1h': 23.09, '6h': 23.09, '24h': 23.09 },
    transactions: { buys: 5, sells: 5 },
    audit: {
      mintable: false,
      freezable: false,
      honeypot: false,
      contractVerified: false
    },
    security: { renounced: false, locked: true },
    tokenCreatedTimestamp: 2025-09-27T13:28:09.000Z,
    liquidity: { current: 0.78, changePc: -99.95 }
  },
  {
    id: '51ACLz96TcffL3MUvoy5xLXXjdkcxzPcbmmg8zR9m5Pp',
    tokenName: 'NeuralDerp',
    tokenSymbol: 'NeuralDerp',
    tokenAddress: 'GzybHfrUsg7wKWdaganNgKtVppPtwNvz8K79JqRUpump',
    pairAddress: '51ACLz96TcffL3MUvoy5xLXXjdkcxzPcbmmg8zR9m5Pp',
    chain: 'SOL',
    exchange: '6EF8rrecthR5Dkzon8Nwu78hRvfCKubJ14M5uBEwF6P',
    priceUsd: 0,
    volumeUsd: 0,
    mcap: 0.5900400907236026,
    priceChangePcs: { '5m': 0, '1h': 0, '6h': 0, '24h': 0 },
    transactions: { buys: 0, sells: 0 },
    audit: {
      mintable: false,
      freezable: false,
      honeypot: false,
      contractVerified: false,
      linkTwitter: 'https://x.com/brianichatt/status/1971929846302568570'
    },
    security: { renounced: false, locked: true },
    tokenCreatedTimestamp: 2025-09-27T13:28:09.000Z,
    liquidity: { current: 0, changePc: -100 }
  },
  {
    id: 'Bex3rh8XzmiVXPKXUrL6KHqeUFr5GbFbR1fd6MTvqKwm',
    tokenName: 'TROLL',
    tokenSymbol: 'TROLL',
    tokenAddress: '7WjHWvywe2nB6xGJbA1N5fPj5un219BxzxTjTTSoJWBt',
    pairAddress: 'Bex3rh8XzmiVXPKXUrL6KHqeUFr5GbFbR1fd6MTvqKwm',
    chain: 'SOL',
    exchange: 'cpamdpZCGKUy5JxQXB4dcpGPiikHawvSWAd6mEn1sGG',
    priceUsd: 0.00007707684939,
    volumeUsd: 42.3,
    mcap: 77076.84,
    priceChangePcs: { '5m': 21.67, '1h': 21.67, '6h': 21.67, '24h': 21.67 },
    transactions: { buys: 10, sells: 1 },
    audit: {
      mintable: false,
      freezable: false,
      honeypot: false,
      contractVerified: false
    },
    security: { renounced: false, locked: true },
    tokenCreatedTimestamp: 2025-09-27T13:28:09.000Z,
    liquidity: { current: 38359.44, changePc: 31.2 }
  },
  {
    id: '29tCN2xqc4vsBhDbKc4ErkASyU5cmSYtKfFajtY1EHoU',
    tokenName: 'BRAH',
    tokenSymbol: 'BRAH',
    tokenAddress: 'BQuYphA76uEVTnVLFvyPHFp6uroPV87vgbJogRumpump',
    pairAddress: '29tCN2xqc4vsBhDbKc4ErkASyU5cmSYtKfFajtY1EHoU',
    chain: 'SOL',
    exchange: '6EF8rrecthR5Dkzon8Nwu78hRvfCKubJ14M5uBEwF6P',
    priceUsd: 0.000006434318385,
    volumeUsd: 192.6,
    mcap: 6434.31,
    priceChangePcs: { '5m': -5.8, '1h': -5.8, '6h': -5.8, '24h': -5.8 },
    transactions: { buys: 2, sells: 2 },
    audit: {
      mintable: false,
      freezable: false,
      honeypot: false,
      contractVerified: false,
      linkTwitter: 'https://x.com/BrahDeveloper'
    },
    security: { renounced: false, locked: true },
    tokenCreatedTimestamp: 2025-09-27T13:28:03.000Z,
    liquidity: { current: 281.22, changePc: 0 }
  },
  {
    id: 'HYbgM5D55CQ1g1Hhfhf73C98fBjYhEhEGRMgPnWaxCwb',
    tokenName: 'utilitities',
    tokenSymbol: 'utilities',
    tokenAddress: 'JCVkHRjcTE8JeV1ta3KhUPTmH2fDRvhUEc6Cpvngpump',
    pairAddress: 'HYbgM5D55CQ1g1Hhfhf73C98fBjYhEhEGRMgPnWaxCwb',
    chain: 'SOL',
    exchange: '6EF8rrecthR5Dkzon8Nwu78hRvfCKubJ14M5uBEwF6P',
    priceUsd: 0.00000664644948,
    volumeUsd: 284.29,
    mcap: 6646.44,
    priceChangePcs: { '5m': 2.21, '1h': 2.21, '6h': 2.21, '24h': 2.21 },
    transactions: { buys: 3, sells: 1 },
    audit: {
      mintable: false,
      freezable: false,
      honeypot: false,
      contractVerified: false,
      linkTwitter: 'https://x.com/cheethegreat/status/1971925288109093144'
    },
    security: { renounced: false, locked: true },
    tokenCreatedTimestamp: 2025-09-27T13:27:57.000Z,
    liquidity: { current: 0.78, changePc: -99.93 }
  },
  {
    id: '4pLEnB41oQ9SuWxQohWVBirkppQRAApeFH46XdAPbxCC',
    tokenName: 'DUKLY',
    tokenSymbol: 'DUKLY',
    tokenAddress: '4JLfdgcmzdEMuhFgjXywnVUuMhWo1kGRa5N9hMgUpump',
    pairAddress: '4pLEnB41oQ9SuWxQohWVBirkppQRAApeFH46XdAPbxCC',
    chain: 'SOL',
    exchange: 'pAMMBay6oceH9fJKBRHGP5D4bD4sWpmSwMn52FMfXEA',
    priceUsd: 0.0001088412359,
    volumeUsd: 103608.94,
    mcap: 108841.23,
    priceChangePcs: { '5m': 206.01, '1h': 565.27, '6h': 565.27, '24h': 565.27 },
    transactions: { buys: 866, sells: 371 },
    audit: {
      mintable: false,
      freezable: false,
      honeypot: false,
      contractVerified: true,
      linkTwitter: 'https://x.com/solana_Dukly',
      linkWebsite: 'https://dukly.top/'
    },
    security: { renounced: false, locked: true },
    tokenCreatedTimestamp: 2025-09-27T13:27:56.000Z,
    liquidity: { current: 39573.32, changePc: 13.73 }
  },
  {
    id: '8MfYJSHAD7cfvbdv66AaPpSuardUXewX4mpKtnqEQH7z',
    tokenName: 'The Shopping Cart Theory',
    tokenSymbol: 'CART',
    tokenAddress: '25B3q77sLRTCFWM4yvNZKeQffGD13CshvffJq5Pfpump',
    pairAddress: '8MfYJSHAD7cfvbdv66AaPpSuardUXewX4mpKtnqEQH7z',
    chain: 'SOL',
    exchange: '6EF8rrecthR5Dkzon8Nwu78hRvfCKubJ14M5uBEwF6P',
    priceUsd: 0.00000990715559,
    volumeUsd: 2535.72,
    mcap: 9907.15,
    priceChangePcs: { '5m': 27.17, '1h': 27.17, '6h': 27.17, '24h': 27.17 },
    transactions: { buys: 28, sells: 13 },
    audit: {
      mintable: false,
      freezable: false,
      honeypot: false,
      contractVerified: false,
      linkTwitter: 'https://x.com/washghost1/status/1971929045110870525'
    },
    security: { renounced: false, locked: true },
    tokenCreatedTimestamp: 2025-09-27T13:27:53.000Z,
    liquidity: { current: 0.78, changePc: -99.96 }
  },
  {
    id: '2hXF7X5Y8xpkXJNV6S2dx2eCtxoWGjLvZWi1dnT4iwqa',
    tokenName: 'TESLA',
    tokenSymbol: 'TESLA',
    tokenAddress: 'CfwALoVE9mLNprjxND6eznQUfQov4XDNAi25iwyrmm6C',
    pairAddress: '2hXF7X5Y8xpkXJNV6S2dx2eCtxoWGjLvZWi1dnT4iwqa',
    chain: 'SOL',
    exchange: '6EF8rrecthR5Dkzon8Nwu78hRvfCKubJ14M5uBEwF6P',
    priceUsd: 0,
    volumeUsd: 0,
    mcap: 40.846656074134444,
    priceChangePcs: { '5m': 0, '1h': 0, '6h': 0, '24h': 0 },
    transactions: { buys: 0, sells: 0 },
    audit: {
      mintable: false,
      freezable: false,
      honeypot: false,
      contractVerified: false
    },
    security: { renounced: false, locked: true },
    tokenCreatedTimestamp: 2025-09-27T13:27:47.000Z,
    liquidity: { current: 0, changePc: -100 }
  },
  {
    id: '9ypMPLyJJ5AWTzk81QAYxWi71pQdkdUsRVzg2vSUU8Lj',
    tokenName: 'WURK',
    tokenSymbol: 'WURK',
    tokenAddress: 'TPPKXVckoe2ZLaqWh2FdkpWC9ML3XraE3WtRpf2F181',
    pairAddress: '9ypMPLyJJ5AWTzk81QAYxWi71pQdkdUsRVzg2vSUU8Lj',
    chain: 'SOL',
    exchange: 'dbcij3LWUppWqq96dh6gJWwBifmcGfLSB5D4DuSMaqN',
    priceUsd: 0.00002406968549,
    volumeUsd: 31472.17,
    mcap: 24069.68,
    priceChangePcs: { '5m': -79.01, '1h': -79.01, '6h': -79.01, '24h': -79.01 },
    transactions: { buys: 141, sells: 131 },
    audit: {
      mintable: false,
      freezable: false,
      honeypot: false,
      contractVerified: true,
      linkTelegram: 'https://t.me/WURKDOTFUN',
      linkTwitter: 'https://x.com/WURKDOTFUN',
      linkWebsite: 'https://wurk.fun/'
    },
    security: { renounced: false, locked: true },
    tokenCreatedTimestamp: 2025-09-27T13:27:44.000Z,
    liquidity: { current: 9.36, changePc: -99.92 }
  },
  {
    id: 'GNHLWywPCUzWH9fS9bjrhAxCyT5rWELTevUkUEAeB7rG',
    tokenName: 'Retire Theory',
    tokenSymbol: '11FLIPS',
    tokenAddress: 'GttPrV8xm2xYJpnxjBb9j6N8NiAjJH2a5GEhE8XYpump',
    pairAddress: 'GNHLWywPCUzWH9fS9bjrhAxCyT5rWELTevUkUEAeB7rG',
    chain: 'SOL',
    exchange: 'pAMMBay6oceH9fJKBRHGP5D4bD4sWpmSwMn52FMfXEA',
    priceUsd: 0,
    volumeUsd: 10420.65,
    mcap: 114733.04,
    priceChangePcs: { '5m': 39.73, '1h': 39.73, '6h': 39.73, '24h': 39.73 },
    transactions: { buys: 137, sells: 114 },
    audit: {
      mintable: false,
      freezable: false,
      honeypot: false,
      contractVerified: false,
      linkTwitter: 'https://x.com/i/communities/1971925356384080249'
    },
    security: { renounced: false, locked: false },
    tokenCreatedTimestamp: 2025-09-27T13:27:41.000Z,
    liquidity: { current: 0, changePc: -100 }
  },
  {
    id: '768dKGhHRJgikj9rhPijAvTvnXEvMNaxWE8QkrMVExGL',
    tokenName: 'Corgi',
    tokenSymbol: 'Corgi',
    tokenAddress: '6xNd7LzT18d5D3mFDW9gwovfWKAohxGDbEtjBnvhpump',
    pairAddress: '768dKGhHRJgikj9rhPijAvTvnXEvMNaxWE8QkrMVExGL',
    chain: 'SOL',
    exchange: '6EF8rrecthR5Dkzon8Nwu78hRvfCKubJ14M5uBEwF6P',
    priceUsd: 0.000006055460532,
    volumeUsd: 1213.54,
    mcap: 6055.46,
    priceChangePcs: { '5m': -16.91, '1h': -16.91, '6h': -16.91, '24h': -16.91 },
    transactions: { buys: 13, sells: 13 },
    audit: {
      mintable: false,
      freezable: false,
      honeypot: false,
      contractVerified: false,
      linkTwitter: 'https://x.com/i/communities/1971927986665673148'
    },
    security: { renounced: false, locked: true },
    tokenCreatedTimestamp: 2025-09-27T13:27:40.000Z,
    liquidity: { current: 374.34, changePc: -63.04 }
  },
  {
    id: 'D3qmwAP2bDd5qxEeqcmA8Y7Brj9k1MTn7DTi3S2KHQG',
    tokenName: 'Homophic Dog Meme',
    tokenSymbol: 'Homog',
    tokenAddress: '5Ce42awcXUsFxmJnyRPmCzHUAvCJ8tAD29vJmUdpump',
    pairAddress: 'D3qmwAP2bDd5qxEeqcmA8Y7Brj9k1MTn7DTi3S2KHQG',
    chain: 'SOL',
    exchange: '6EF8rrecthR5Dkzon8Nwu78hRvfCKubJ14M5uBEwF6P',
    priceUsd: 0,
    volumeUsd: 0,
    mcap: 60.87756557607884,
    priceChangePcs: { '5m': 0, '1h': 0, '6h': 0, '24h': 0 },
    transactions: { buys: 0, sells: 0 },
    audit: {
      mintable: false,
      freezable: false,
      honeypot: false,
      contractVerified: true,
      linkTwitter: 'https://x.com/i/communities/1971928325955141710',
      linkWebsite: 'https://knowyourmeme.com/memes/homophobic-dog-not-too-fond-of-gay-people/photos/page/5'
    },
    security: { renounced: false, locked: true },
    tokenCreatedTimestamp: 2025-09-27T13:27:34.000Z,
    liquidity: { current: 0, changePc: -100 }
  },
  {
    id: '214u6HKwzLzdaJ4xjCZ2aFVdCkv9MYiy1dpZ5HnkNQyC',
    tokenName: 'Asterina',
    tokenSymbol: 'ASTERINA',
    tokenAddress: 'MoSpRiUbJvWx4hRLaB3DsaRFZnZeapaPPHGpT33EQcV',
    pairAddress: '214u6HKwzLzdaJ4xjCZ2aFVdCkv9MYiy1dpZ5HnkNQyC',
    chain: 'SOL',
    exchange: 'pAMMBay6oceH9fJKBRHGP5D4bD4sWpmSwMn52FMfXEA',
    priceUsd: 0.5114661053,
    volumeUsd: 6310.04,
    mcap: 511466105.28,
    priceChangePcs: { '5m': 31.99, '1h': 31.99, '6h': 31.99, '24h': 31.99 },
    transactions: { buys: 891, sells: 147 },
    audit: {
      mintable: false,
      freezable: false,
      honeypot: false,
      contractVerified: false,
      linkTelegram: 'https://t.me/asterina_app_bot',
      linkTwitter: 'https://x.com/asterina_app',
      linkWebsite: 'https://www.asterina.app/'
    },
    security: { renounced: false, locked: false },
    tokenCreatedTimestamp: 2025-09-27T13:27:33.000Z,
    liquidity: { current: 70012.47, changePc: 14.98 }
  },
  {
    id: '2iCTVaXZxrFMjBkLSKvs5K8SRWTxeasNkaR833Bn5SHo',
    tokenName: 'niggaliquid',
    tokenSymbol: 'nl',
    tokenAddress: '5ThrLJDFpJqaFL36AvAX8ECZmz6n4vZvqMYvpHHkpump',
    pairAddress: '2iCTVaXZxrFMjBkLSKvs5K8SRWTxeasNkaR833Bn5SHo',
    chain: 'SOL',
    exchange: 'LBUZKhRxPF3XUpBCjp4YzTKgLccjZhTSDM9YuVaPwxo',
    priceUsd: 0,
    volumeUsd: 0,
    mcap: 0,
    priceChangePcs: { '5m': 0, '1h': 0, '6h': 0, '24h': 0 },
    transactions: { buys: 0, sells: 0 },
    audit: {
      mintable: false,
      freezable: false,
      honeypot: false,
      contractVerified: true,
      linkTwitter: 'https://x.com/niggaliquidx'
    },
    security: { renounced: false, locked: true },
    tokenCreatedTimestamp: 2025-09-27T13:27:31.000Z,
    liquidity: { current: 0, changePc: 0 }
  },
  {
    id: '2UaZM8PxSmgyKCHt57t5mX8mHV6x7RRpaGQTd5N7X4iQ',
    tokenName: 'Why DUB',
    tokenSymbol: '$DGE',
    tokenAddress: '2xTpzuCPrEEHpQnq7LNB2QKhKzQHa5qZj455uY2qdoge',
    pairAddress: '2UaZM8PxSmgyKCHt57t5mX8mHV6x7RRpaGQTd5N7X4iQ',
    chain: 'SOL',
    exchange: 'dbcij3LWUppWqq96dh6gJWwBifmcGfLSB5D4DuSMaqN',
    priceUsd: 0,
    volumeUsd: 0,
    mcap: 0,
    priceChangePcs: { '5m': 0, '1h': 0, '6h': 0, '24h': 0 },
    transactions: { buys: 0, sells: 0 },
    audit: {
      mintable: false,
      freezable: false,
      honeypot: false,
      contractVerified: false,
      linkWebsite: 'https://anoncoin.it/$DGE'
    },
    security: { renounced: false, locked: true },
    tokenCreatedTimestamp: 2025-09-27T13:27:26.000Z,
    liquidity: { current: 0, changePc: 0 }
  },
  {
    id: '0xd178a2f5Ad73aC8d28Bf504167727BEd35949122',
    tokenName: 'OG YING',
    tokenSymbol: 'OG YING',
    tokenAddress: '0x3D2348b345f8067B4f50450B21c08170E29693a2',
    pairAddress: '0xd178a2f5Ad73aC8d28Bf504167727BEd35949122',
    chain: 'BSC',
    exchange: '0x10ED43C718714eb63d5aA57B78B54704E256024E',
    priceUsd: 2.5446040859544896e-10,
    volumeUsd: 3.75,
    mcap: 107.04,
    priceChangePcs: { '5m': 5.52, '1h': 5.52, '6h': 5.52, '24h': 5.52 },
    transactions: { buys: 3, sells: 0 },
    audit: {
      mintable: false,
      freezable: false,
      honeypot: false,
      contractVerified: true
    },
    security: { renounced: false, locked: false },
    tokenCreatedTimestamp: 2025-09-27T13:27:25.000Z,
    liquidity: { current: 204.68, changePc: 5.01 }
  },
  {
    id: '0xfCff637Ba37d63d6351dA440dB020A91E5bd717D',
    tokenName: 'AI XRPC',
    tokenSymbol: 'AI XRPC',
    tokenAddress: '0x59Ae9E8f9Ad7FE7d87Abf6191B09701237A62C0C',
    pairAddress: '0xfCff637Ba37d63d6351dA440dB020A91E5bd717D',
    chain: 'BSC',
    exchange: '0x10ED43C718714eb63d5aA57B78B54704E256024E',
    priceUsd: 0,
    volumeUsd: 0,
    mcap: 0.21,
    priceChangePcs: { '5m': 0, '1h': 0, '6h': 0, '24h': 0 },
    transactions: { buys: 0, sells: 0 },
    audit: {
      mintable: false,
      freezable: false,
      honeypot: false,
      contractVerified: true
    },
    security: { renounced: false, locked: true },
    tokenCreatedTimestamp: 2025-09-27T13:27:24.000Z,
    liquidity: { current: 0.21, changePc: 11.99 }
  },
  {
    id: '0x0ABb44c3c9b6Ffec1A8809feB637a364Fa78720B',
    tokenName: 'KIRANEXUSTOKEN',
    tokenSymbol: 'KLAI',
    tokenAddress: '0x07fE7499d976Fc3681bE1d60B2E1cE0B9a0d81e7',
    pairAddress: '0x0ABb44c3c9b6Ffec1A8809feB637a364Fa78720B',
    chain: 'BSC',
    exchange: '0x10ED43C718714eb63d5aA57B78B54704E256024E',
    priceUsd: 0,
    volumeUsd: 0,
    mcap: 2923.65,
    priceChangePcs: { '5m': 0, '1h': 0, '6h': 0, '24h': 0 },
    transactions: { buys: 0, sells: 0 },
    audit: {
      mintable: false,
      freezable: false,
      honeypot: false,
      contractVerified: false
    },
    security: { renounced: false, locked: false },
    tokenCreatedTimestamp: 2025-09-27T13:27:14.000Z,
    liquidity: { current: 2923.65, changePc: 0 }
  },
  {
    id: 'BBQRVETzpgm1vvUs3BN2Vi469dQTpXaTLEKVJRfGU5uE',
    tokenName: 'PEPETOSHI NAKAMOTO',
    tokenSymbol: 'PEPETOSHI',
    tokenAddress: 'Gyk6cuL16butwpEuLpdpDkcq5dBHtGfoPjN24ngJVmmc',
    pairAddress: 'BBQRVETzpgm1vvUs3BN2Vi469dQTpXaTLEKVJRfGU5uE',
    chain: 'SOL',
    exchange: '6EF8rrecthR5Dkzon8Nwu78hRvfCKubJ14M5uBEwF6P',
    priceUsd: 0.000006058118374,
    volumeUsd: 9926.3,
    mcap: 6058.11,
    priceChangePcs: { '5m': -14.73, '1h': -14.73, '6h': -14.73, '24h': -14.73 },
    transactions: { buys: 87, sells: 74 },
    audit: {
      mintable: false,
      freezable: false,
      honeypot: false,
      contractVerified: false,
      linkTwitter: 'https://x.com/RossRupert5558/status/1971929545080295572'
    },
    security: { renounced: false, locked: true },
    tokenCreatedTimestamp: 2025-09-27T13:27:09.000Z,
    liquidity: { current: 97.65, changePc: -95.46 }
  },
  {
    id: 'GGp34KU2ijeTMw5rr2XaQ2ZMvFZzfiG8MMXixzMTWrJ4',
    tokenName: 'DOWNTOBER',
    tokenSymbol: 'DOWNTOBER',
    tokenAddress: '3xS8UicwtFJLnhyzZgyctpsue3fQh1TU4dQYwKK8pump',
    pairAddress: 'GGp34KU2ijeTMw5rr2XaQ2ZMvFZzfiG8MMXixzMTWrJ4',
    chain: 'SOL',
    exchange: '6EF8rrecthR5Dkzon8Nwu78hRvfCKubJ14M5uBEwF6P',
    priceUsd: 0.000006463958771,
    volumeUsd: 39.67,
    mcap: 6463.95,
    priceChangePcs: { '5m': 0, '1h': 0, '6h': 0, '24h': 0 },
    transactions: { buys: 1, sells: 1 },
    audit: {
      mintable: false,
      freezable: false,
      honeypot: false,
      contractVerified: false
    },
    security: { renounced: false, locked: true },
    tokenCreatedTimestamp: 2025-09-27T13:27:08.000Z,
    liquidity: { current: 802.33, changePc: -28.8 }
  },
  {
    id: '0x103DCB1CF290153b0EDb8cD6510fcfC7172F71dD',
    tokenName: 'FalconFinancePresale $FF',
    tokenSymbol: 'FalconFinancePresale $FF',
    tokenAddress: '0x3312AC3BDaF6CecE35Dae3CCf8172bAD6020Ea69',
    pairAddress: '0x103DCB1CF290153b0EDb8cD6510fcfC7172F71dD',
    chain: 'BASE',
    exchange: '0x4752ba5DBc23f44D87826276BF6Fd6b1C372aD24',
    priceUsd: 0,
    volumeUsd: 0,
    mcap: 0.08044587302,
    priceChangePcs: { '5m': 0, '1h': 0, '6h': 0, '24h': 0 },
    transactions: { buys: 0, sells: 0 },
    audit: {
      mintable: false,
      freezable: false,
      honeypot: false,
      contractVerified: true
    },
    security: { renounced: false, locked: true },
    tokenCreatedTimestamp: 2025-09-27T13:27:05.000Z,
    liquidity: { current: 0, changePc: -100 }
  },
  {
    id: 'v6BpEW6YNGXkEieAqpeSfvMCgR4vRqKHRXGmXpLkApw',
    tokenName: 'NeuralDerp',
    tokenSymbol: 'NeuralDerp',
    tokenAddress: 'nkFjTQUPW3MwoZvNzpmp1CMpekB8iLn9aLZZJ53pump',
    pairAddress: 'v6BpEW6YNGXkEieAqpeSfvMCgR4vRqKHRXGmXpLkApw',
    chain: 'SOL',
    exchange: '6EF8rrecthR5Dkzon8Nwu78hRvfCKubJ14M5uBEwF6P',
    priceUsd: 0,
    volumeUsd: 0,
    mcap: 1217.9398470292415,
    priceChangePcs: { '5m': 0, '1h': 0, '6h': 0, '24h': 0 },
    transactions: { buys: 0, sells: 0 },
    audit: {
      mintable: false,
      freezable: false,
      honeypot: false,
      contractVerified: true,
      linkTwitter: 'https://x.com/NeuralDerp'
    },
    security: { renounced: false, locked: true },
    tokenCreatedTimestamp: 2025-09-27T13:27:05.000Z,
    liquidity: { current: 0, changePc: -100 }
  },
  {
    id: '5eyiZmehUPHLhxaghNcR93xXd6bzfq4y7Yt5zBQKGoJa',
    tokenName: 'NeuralDerp',
    tokenSymbol: 'NeuralDerp',
    tokenAddress: 'BxvAgs7SWhPhKA1QL9dA5ChTeciFQnEUgxo5T36Apump',
    pairAddress: '5eyiZmehUPHLhxaghNcR93xXd6bzfq4y7Yt5zBQKGoJa',
    chain: 'SOL',
    exchange: '6EF8rrecthR5Dkzon8Nwu78hRvfCKubJ14M5uBEwF6P',
    priceUsd: 0.000007029826729,
    volumeUsd: 582.52,
    mcap: 7029.82,
    priceChangePcs: { '5m': -21.31, '1h': 0.58, '6h': 0.58, '24h': 0.58 },
    transactions: { buys: 10, sells: 7 },
    audit: {
      mintable: false,
      freezable: false,
      honeypot: false,
      contractVerified: true,
      linkTwitter: 'https://x.com/NeuralDerp'
    },
    security: { renounced: false, locked: true },
    tokenCreatedTimestamp: 2025-09-27T13:27:04.000Z,
    liquidity: { current: 0.78, changePc: -99.94 }
  },
  {
    id: 'BuNnNQkqhUHVJ5v1rmemxZBEi7ix4xcrWWn7PGqsvtyi',
    tokenName: 'Random Coin',
    tokenSymbol: 'RANDOM',
    tokenAddress: '67SmGnrPMyL4Py32C8SZa92dKbropA3rzcBSLdS9pump',
    pairAddress: 'BuNnNQkqhUHVJ5v1rmemxZBEi7ix4xcrWWn7PGqsvtyi',
    chain: 'SOL',
    exchange: '6EF8rrecthR5Dkzon8Nwu78hRvfCKubJ14M5uBEwF6P',
    priceUsd: 0,
    volumeUsd: 0,
    mcap: 802.3321883305312,
    priceChangePcs: { '5m': 0, '1h': 0, '6h': 0, '24h': 0 },
    transactions: { buys: 0, sells: 0 },
    audit: {
      mintable: false,
      freezable: false,
      honeypot: false,
      contractVerified: false,
      linkTwitter: 'https://x.com/chillgooner1/status/1971929511383257263'
    },
    security: { renounced: false, locked: true },
    tokenCreatedTimestamp: 2025-09-27T13:27:00.000Z,
    liquidity: { current: 0, changePc: -100 }
  },
  {
    id: 'G6ewVLWEw5PwHEWcRsgVomfi2DigH2Z3quzvkaMKPgv1',
    tokenName: 'BitlightLabs',
    tokenSymbol: 'LIGHT',
    tokenAddress: 'HBjdFwcVZf9rR9zRXtVXnk5LYG5Y41LGsrYRJg5z59xP',
    pairAddress: 'G6ewVLWEw5PwHEWcRsgVomfi2DigH2Z3quzvkaMKPgv1',
    chain: 'SOL',
    exchange: 'dbcij3LWUppWqq96dh6gJWwBifmcGfLSB5D4DuSMaqN',
    priceUsd: 0.002294897664,
    volumeUsd: 62173.94,
    mcap: 2294897.66,
    priceChangePcs: { '5m': 4.33, '1h': 5.54, '6h': 5.54, '24h': 5.54 },
    transactions: { buys: 396, sells: 297 },
    audit: {
      mintable: false,
      freezable: false,
      honeypot: false,
      contractVerified: true,
      linkTwitter: 'https://x.com/BitlightLabs',
      linkWebsite: 'https://bitlightlabs.com/'
    },
    security: { renounced: false, locked: true },
    tokenCreatedTimestamp: 2025-09-27T13:26:52.000Z,
    liquidity: { current: 87740.08, changePc: 2.96 }
  },
  {
    id: 'BMVLzGCCqLRoBm1fK9nRuW5xb4W1ZVRudStUhqstxLgp',
    tokenName: 'Bluma',
    tokenSymbol: 'Bluma',
    tokenAddress: 'G4rJ1zR41GZraETDXHURYJ2ZStTD3DqU6NeYGjjmr1kJ',
    pairAddress: 'BMVLzGCCqLRoBm1fK9nRuW5xb4W1ZVRudStUhqstxLgp',
    chain: 'SOL',
    exchange: 'dbcij3LWUppWqq96dh6gJWwBifmcGfLSB5D4DuSMaqN',
    priceUsd: 0.0004429113725,
    volumeUsd: 33326.24,
    mcap: 442911.37,
    priceChangePcs: { '5m': 259.07, '1h': 300.35, '6h': 300.35, '24h': 300.35 },
    transactions: { buys: 317, sells: 127 },
    audit: {
      mintable: false,
      freezable: false,
      honeypot: false,
      contractVerified: true,
      linkTwitter: 'https://x.com/getbluma',
      linkWebsite: 'https://www.getbluma.com/'
    },
    security: { renounced: false, locked: true },
    tokenCreatedTimestamp: 2025-09-27T13:26:51.000Z,
    liquidity: { current: 33495.51, changePc: 175.15 }
  },
  {
    id: 'H6QeCwAc9wbjypbXRyFkL7pDPZBFBQMyVFYkrcM5EPDE',
    tokenName: 'Jobless coin',
    tokenSymbol: 'Jobless',
    tokenAddress: 'HCYRGDne2EYUvXMrEXywdmzSVKCyBP4TzorRNU1Bpump',
    pairAddress: 'H6QeCwAc9wbjypbXRyFkL7pDPZBFBQMyVFYkrcM5EPDE',
    chain: 'SOL',
    exchange: '6EF8rrecthR5Dkzon8Nwu78hRvfCKubJ14M5uBEwF6P',
    priceUsd: 0,
    volumeUsd: 0,
    mcap: 264.04324970147695,
    priceChangePcs: { '5m': 0, '1h': 0, '6h': 0, '24h': 0 },
    transactions: { buys: 0, sells: 0 },
    audit: {
      mintable: false,
      freezable: false,
      honeypot: false,
      contractVerified: false
    },
    security: { renounced: false, locked: true },
    tokenCreatedTimestamp: 2025-09-27T13:26:41.000Z,
    liquidity: { current: 0, changePc: -100 }
  },
  {
    id: '8VGSitcRwaUftM4wZG9sGBguz97aBb8Mo5cXBzJQeMFS',
    tokenName: 'PerpDex ',
    tokenSymbol: 'PERPS',
    tokenAddress: 'G3Zqok9xEgPcBYXkq57WTbGKfBuWpMRUrxs5C6Kfpump',
    pairAddress: '8VGSitcRwaUftM4wZG9sGBguz97aBb8Mo5cXBzJQeMFS',
    chain: 'SOL',
    exchange: '6EF8rrecthR5Dkzon8Nwu78hRvfCKubJ14M5uBEwF6P',
    priceUsd: 0.000006070439058,
    volumeUsd: 10.56,
    mcap: 6070.43,
    priceChangePcs: { '5m': 0, '1h': -6.16, '6h': -6.16, '24h': -6.16 },
    transactions: { buys: 2, sells: 1 },
    audit: {
      mintable: false,
      freezable: false,
      honeypot: false,
      contractVerified: false
    },
    security: { renounced: false, locked: true },
    tokenCreatedTimestamp: 2025-09-27T13:26:36.000Z,
    liquidity: { current: 920.57, changePc: 14.08 }
  },
  {
    id: 'GcgC1D8DkitvZg75qrxPoPs2zy1oth6w7ubzV1fjj1VM',
    tokenName: 'Cooked Monkey ',
    tokenSymbol: 'KOLO',
    tokenAddress: 'EF5HfXQERyajeoeqDQWmbpK3ptNcaX3wk1nbRSjrpump',
    pairAddress: 'GcgC1D8DkitvZg75qrxPoPs2zy1oth6w7ubzV1fjj1VM',
    chain: 'SOL',
    exchange: '6EF8rrecthR5Dkzon8Nwu78hRvfCKubJ14M5uBEwF6P',
    priceUsd: 0.00000809677905,
    volumeUsd: 660.57,
    mcap: 8096.77,
    priceChangePcs: { '5m': -1.63, '1h': 23.59, '6h': 23.59, '24h': 23.59 },
    transactions: { buys: 9, sells: 4 },
    audit: {
      mintable: false,
      freezable: false,
      honeypot: false,
      contractVerified: false,
      linkWebsite: 'https://www.tiktok.com/@ysr.ai'
    },
    security: { renounced: false, locked: true },
    tokenCreatedTimestamp: 2025-09-27T13:26:29.000Z,
    liquidity: { current: 64.05, changePc: -92.79 }
  },
  {
    id: '0x189C76B51CeB5Bcd580Df702bb12f23D28A60a0f',
    tokenName: 'AI Nitro NITRO AI On Base',
    tokenSymbol: 'AI NITRO NITRO AI ON BASE',
    tokenAddress: '0x9AaFBCb58C32b1d390F0490A9C9A6BBE2A50dd74',
    pairAddress: '0x189C76B51CeB5Bcd580Df702bb12f23D28A60a0f',
    chain: 'BSC',
    exchange: '0x10ED43C718714eb63d5aA57B78B54704E256024E',
    priceUsd: 0,
    volumeUsd: 0,
    mcap: 0.21,
    priceChangePcs: { '5m': 0, '1h': 0, '6h': 0, '24h': 0 },
    transactions: { buys: 0, sells: 0 },
    audit: {
      mintable: false,
      freezable: false,
      honeypot: false,
      contractVerified: true
    },
    security: { renounced: true, locked: true },
    tokenCreatedTimestamp: 2025-09-27T13:26:25.000Z,
    liquidity: { current: 0.21, changePc: 11.99 }
  }
]
tokensReducer executed { type: 'scanner/pairs' }
tokensReducer state after action: {
  byId: {
    '0xF65a021508f0Ed52C2C1C38cD9F6c3ff04f240a9': {
      id: '0xF65a021508f0Ed52C2C1C38cD9F6c3ff04f240a9',
      tokenName: 'Sickburn Inu',
      tokenSymbol: 'SBI',
      tokenAddress: '0x0BEE91533Be2EDE0936Ea53457Ce7bd9b0B398c6',
      pairAddress: '0xF65a021508f0Ed52C2C1C38cD9F6c3ff04f240a9',
      chain: 'ETH',
      exchange: '0x7a250d5630B4cF539739dF2C5dAcb4c659F2488D',
      priceUsd: 0,
      volumeUsd: 483095431.62,
      mcap: 11944.834205863863,
      priceChangePcs: [Object],
      transactions: [Object],
      audit: [Object],
      security: [Object],
      tokenCreatedTimestamp: 2023-04-20T21:22:23.000Z,
      liquidity: [Object],
      history: [Object],
      scannerAt: 1758994653559
    },
    '0xf65a021508f0ed52c2c1c38cd9f6c3ff04f240a9': {
      id: '0xF65a021508f0Ed52C2C1C38cD9F6c3ff04f240a9',
      tokenName: 'Sickburn Inu',
      tokenSymbol: 'SBI',
      tokenAddress: '0x0BEE91533Be2EDE0936Ea53457Ce7bd9b0B398c6',
      pairAddress: '0xF65a021508f0Ed52C2C1C38cD9F6c3ff04f240a9',
      chain: 'ETH',
      exchange: '0x7a250d5630B4cF539739dF2C5dAcb4c659F2488D',
      priceUsd: 0,
      volumeUsd: 483095431.62,
      mcap: 11944.834205863863,
      priceChangePcs: [Object],
      transactions: [Object],
      audit: [Object],
      security: [Object],
      tokenCreatedTimestamp: 2023-04-20T21:22:23.000Z,
      liquidity: [Object],
      history: [Object],
      scannerAt: 1758994653559
    },
    '0x172fcD41E0913e95784454622d1c3724f546f849': {
      id: '0x172fcD41E0913e95784454622d1c3724f546f849',
      tokenName: 'Tether USD',
      tokenSymbol: 'USDT',
      tokenAddress: '0x55d398326f99059fF775485246999027B3197955',
      pairAddress: '0x172fcD41E0913e95784454622d1c3724f546f849',
      chain: 'BSC',
      exchange: '0x1b81D678ffb9C0263b24A97847620C99d213eB14',
      priceUsd: 1.0003248226424524,
      volumeUsd: 302823157.87,
      mcap: 7483969539.99,
      priceChangePcs: [Object],
      transactions: [Object],
      audit: [Object],
      security: [Object],
      tokenCreatedTimestamp: 2022-05-13T09:04:03.000Z,
      liquidity: [Object],
      history: [Object],
      scannerAt: 1758994653559
    },
    '0x172fcd41e0913e95784454622d1c3724f546f849': {
      id: '0x172fcD41E0913e95784454622d1c3724f546f849',
      tokenName: 'Tether USD',
      tokenSymbol: 'USDT',
      tokenAddress: '0x55d398326f99059fF775485246999027B3197955',
      pairAddress: '0x172fcD41E0913e95784454622d1c3724f546f849',
      chain: 'BSC',
      exchange: '0x1b81D678ffb9C0263b24A97847620C99d213eB14',
      priceUsd: 1.0003248226424524,
      volumeUsd: 302823157.87,
      mcap: 7483969539.99,
      priceChangePcs: [Object],
      transactions: [Object],
      audit: [Object],
      security: [Object],
      tokenCreatedTimestamp: 2022-05-13T09:04:03.000Z,
      liquidity: [Object],
      history: [Object],
      scannerAt: 1758994653559
    },
    '4VCAmmx2szE1BBQeF2w3zt2w9F5nFvxJtDtRjYKK1WLd': {
      id: '4VCAmmx2szE1BBQeF2w3zt2w9F5nFvxJtDtRjYKK1WLd',
      tokenName: 'Mask Coin',
      tokenSymbol: 'MetaMask',
      tokenAddress: 'AyTeAqqfmKeQdBdhtLzwmW8vPE2xeW9Re7BbArfLhdWf',
      pairAddress: '4VCAmmx2szE1BBQeF2w3zt2w9F5nFvxJtDtRjYKK1WLd',
      chain: 'SOL',
      exchange: 'pAMMBay6oceH9fJKBRHGP5D4bD4sWpmSwMn52FMfXEA',
      priceUsd: 0,
      volumeUsd: 274174439.89,
      mcap: 1067837.06,
      priceChangePcs: [Object],
      transactions: [Object],
      audit: [Object],
      security: [Object],
      tokenCreatedTimestamp: 2025-09-26T16:45:30.000Z,
      liquidity: [Object],
      history: [Object],
      scannerAt: 1758994653559
    },
    '4vcammx2sze1bbqef2w3zt2w9f5nfvxjtdtrjykk1wld': {
      id: '4VCAmmx2szE1BBQeF2w3zt2w9F5nFvxJtDtRjYKK1WLd',
      tokenName: 'Mask Coin',
      tokenSymbol: 'MetaMask',
      tokenAddress: 'AyTeAqqfmKeQdBdhtLzwmW8vPE2xeW9Re7BbArfLhdWf',
      pairAddress: '4VCAmmx2szE1BBQeF2w3zt2w9F5nFvxJtDtRjYKK1WLd',
      chain: 'SOL',
      exchange: 'pAMMBay6oceH9fJKBRHGP5D4bD4sWpmSwMn52FMfXEA',
      priceUsd: 0,
      volumeUsd: 274174439.89,
      mcap: 1067837.06,
      priceChangePcs: [Object],
      transactions: [Object],
      audit: [Object],
      security: [Object],
      tokenCreatedTimestamp: 2025-09-26T16:45:30.000Z,
      liquidity: [Object],
      history: [Object],
      scannerAt: 1758994653559
    },
    '6aCxf9vimJNQ8aC2W69f79AHrZhq5mcYq9ciCL6fn7KM': {
      id: '6aCxf9vimJNQ8aC2W69f79AHrZhq5mcYq9ciCL6fn7KM',
      tokenName: 'Falcon Finance',
      tokenSymbol: 'FF',
      tokenAddress: 'DqjhEgkNQM49r17PMJCkaQXDF4CVezo3VbGvQrGGL83N',
      pairAddress: '6aCxf9vimJNQ8aC2W69f79AHrZhq5mcYq9ciCL6fn7KM',
      chain: 'SOL',
      exchange: 'pAMMBay6oceH9fJKBRHGP5D4bD4sWpmSwMn52FMfXEA',
      priceUsd: 0,
      volumeUsd: 194493582.85,
      mcap: 1430328.15,
      priceChangePcs: [Object],
      transactions: [Object],
      audit: [Object],
      security: [Object],
      tokenCreatedTimestamp: 2025-09-27T03:22:30.000Z,
      liquidity: [Object],
      history: [Object],
      scannerAt: 1758994653559
    },
    '6acxf9vimjnq8ac2w69f79ahrzhq5mcyq9cicl6fn7km': {
      id: '6aCxf9vimJNQ8aC2W69f79AHrZhq5mcYq9ciCL6fn7KM',
      tokenName: 'Falcon Finance',
      tokenSymbol: 'FF',
      tokenAddress: 'DqjhEgkNQM49r17PMJCkaQXDF4CVezo3VbGvQrGGL83N',
      pairAddress: '6aCxf9vimJNQ8aC2W69f79AHrZhq5mcYq9ciCL6fn7KM',
      chain: 'SOL',
      exchange: 'pAMMBay6oceH9fJKBRHGP5D4bD4sWpmSwMn52FMfXEA',
      priceUsd: 0,
      volumeUsd: 194493582.85,
      mcap: 1430328.15,
      priceChangePcs: [Object],
      transactions: [Object],
      audit: [Object],
      security: [Object],
      tokenCreatedTimestamp: 2025-09-27T03:22:30.000Z,
      liquidity: [Object],
      history: [Object],
      scannerAt: 1758994653559
    },
    '0xCF39e58ed4deCc9ef7Bdb2F9335602DC22BE99b4': {
      id: '0xCF39e58ed4deCc9ef7Bdb2F9335602DC22BE99b4',
      tokenName: 'World of Dypians',
      tokenSymbol: 'WoD',
      tokenAddress: '0xb994882a1b9bd98A71Dd6ea5F61577c42848B0E8',
      pairAddress: '0xCF39e58ed4deCc9ef7Bdb2F9335602DC22BE99b4',
      chain: 'BSC',
      exchange: '0x1b81D678ffb9C0263b24A97847620C99d213eB14',
      priceUsd: 0.10575612367189116,
      volumeUsd: 175890037.99,
      mcap: 105189484.58,
      priceChangePcs: [Object],
      transactions: [Object],
      audit: [Object],
      security: [Object],
      tokenCreatedTimestamp: 2025-01-02T11:55:56.000Z,
      liquidity: [Object],
      history: [Object],
      scannerAt: 1758994653559
    },
    '0xcf39e58ed4decc9ef7bdb2f9335602dc22be99b4': {
      id: '0xCF39e58ed4deCc9ef7Bdb2F9335602DC22BE99b4',
      tokenName: 'World of Dypians',
      tokenSymbol: 'WoD',
      tokenAddress: '0xb994882a1b9bd98A71Dd6ea5F61577c42848B0E8',
      pairAddress: '0xCF39e58ed4deCc9ef7Bdb2F9335602DC22BE99b4',
      chain: 'BSC',
      exchange: '0x1b81D678ffb9C0263b24A97847620C99d213eB14',
      priceUsd: 0.10575612367189116,
      volumeUsd: 175890037.99,
      mcap: 105189484.58,
      priceChangePcs: [Object],
      transactions: [Object],
      audit: [Object],
      security: [Object],
      tokenCreatedTimestamp: 2025-01-02T11:55:56.000Z,
      liquidity: [Object],
      history: [Object],
      scannerAt: 1758994653559
    },
    '4fDu1gxCJtqYdrovT7Hba67NzuaHsd8Kg9PXnBZNDdcq': {
      id: '4fDu1gxCJtqYdrovT7Hba67NzuaHsd8Kg9PXnBZNDdcq',
      tokenName: 'Mask Coin',
      tokenSymbol: 'MetaMask',
      tokenAddress: 'DBqwHc6iufkUPAQ9Yp5wcR9ovwowVksbmDF2eqJndUdN',
      pairAddress: '4fDu1gxCJtqYdrovT7Hba67NzuaHsd8Kg9PXnBZNDdcq',
      chain: 'SOL',
      exchange: 'pAMMBay6oceH9fJKBRHGP5D4bD4sWpmSwMn52FMfXEA',
      priceUsd: 0,
      volumeUsd: 161793080.1,
      mcap: 690792.94,
      priceChangePcs: [Object],
      transactions: [Object],
      audit: [Object],
      security: [Object],
      tokenCreatedTimestamp: 2025-09-27T00:38:56.000Z,
      liquidity: [Object],
      history: [Object],
      scannerAt: 1758994653559
    },
    '4fdu1gxcjtqydrovt7hba67nzuahsd8kg9pxnbznddcq': {
      id: '4fDu1gxCJtqYdrovT7Hba67NzuaHsd8Kg9PXnBZNDdcq',
      tokenName: 'Mask Coin',
      tokenSymbol: 'MetaMask',
      tokenAddress: 'DBqwHc6iufkUPAQ9Yp5wcR9ovwowVksbmDF2eqJndUdN',
      pairAddress: '4fDu1gxCJtqYdrovT7Hba67NzuaHsd8Kg9PXnBZNDdcq',
      chain: 'SOL',
      exchange: 'pAMMBay6oceH9fJKBRHGP5D4bD4sWpmSwMn52FMfXEA',
      priceUsd: 0,
      volumeUsd: 161793080.1,
      mcap: 690792.94,
      priceChangePcs: [Object],
      transactions: [Object],
      audit: [Object],
      security: [Object],
      tokenCreatedTimestamp: 2025-09-27T00:38:56.000Z,
      liquidity: [Object],
      history: [Object],
      scannerAt: 1758994653559
    },
    '2quQL4PdFzQnhs3b3F645hfteDUBcR9KppLUFshZ6YQG': {
      id: '2quQL4PdFzQnhs3b3F645hfteDUBcR9KppLUFshZ6YQG',
      tokenName: 'MetaMask Coin',
      tokenSymbol: 'MetaMask',
      tokenAddress: 'AMzzkoZKaBxim2Mqzu8zQyj23mHq2B38oaN2XSHuDoTF',
      pairAddress: '2quQL4PdFzQnhs3b3F645hfteDUBcR9KppLUFshZ6YQG',
      chain: 'SOL',
      exchange: 'pAMMBay6oceH9fJKBRHGP5D4bD4sWpmSwMn52FMfXEA',
      priceUsd: 0.001040519101,
      volumeUsd: 148976188.42,
      mcap: 1040518.12,
      priceChangePcs: [Object],
      transactions: [Object],
      audit: [Object],
      security: [Object],
      tokenCreatedTimestamp: 2025-09-27T08:44:36.000Z,
      liquidity: [Object],
      history: [Object],
      scannerAt: 1758994653559
    },
    '2quql4pdfzqnhs3b3f645hftedubcr9kpplufshz6yqg': {
      id: '2quQL4PdFzQnhs3b3F645hfteDUBcR9KppLUFshZ6YQG',
      tokenName: 'MetaMask Coin',
      tokenSymbol: 'MetaMask',
      tokenAddress: 'AMzzkoZKaBxim2Mqzu8zQyj23mHq2B38oaN2XSHuDoTF',
      pairAddress: '2quQL4PdFzQnhs3b3F645hfteDUBcR9KppLUFshZ6YQG',
      chain: 'SOL',
      exchange: 'pAMMBay6oceH9fJKBRHGP5D4bD4sWpmSwMn52FMfXEA',
      priceUsd: 0.001040519101,
      volumeUsd: 148976188.42,
      mcap: 1040518.12,
      priceChangePcs: [Object],
      transactions: [Object],
      audit: [Object],
      security: [Object],
      tokenCreatedTimestamp: 2025-09-27T08:44:36.000Z,
      liquidity: [Object],
      history: [Object],
      scannerAt: 1758994653559
    },
    '0x47a90A2d92A8367A91EfA1906bFc8c1E05bf10c4': {
      id: '0x47a90A2d92A8367A91EfA1906bFc8c1E05bf10c4',
      tokenName: 'Tether USD',
      tokenSymbol: 'USDT',
      tokenAddress: '0x55d398326f99059fF775485246999027B3197955',
      pairAddress: '0x47a90A2d92A8367A91EfA1906bFc8c1E05bf10c4',
      chain: 'BSC',
      exchange: '0xB971eF87ede563556b2ED4b1C0b0019111Dd85d2',
      priceUsd: 1.0001008289018865,
      volumeUsd: 143073377.16,
      mcap: 7482293722,
      priceChangePcs: [Object],
      transactions: [Object],
      audit: [Object],
      security: [Object],
      tokenCreatedTimestamp: 2022-05-14T21:49:54.000Z,
      liquidity: [Object],
      history: [Object],
      scannerAt: 1758994653559
    },
    '0x47a90a2d92a8367a91efa1906bfc8c1e05bf10c4': {
      id: '0x47a90A2d92A8367A91EfA1906bFc8c1E05bf10c4',
      tokenName: 'Tether USD',
      tokenSymbol: 'USDT',
      tokenAddress: '0x55d398326f99059fF775485246999027B3197955',
      pairAddress: '0x47a90A2d92A8367A91EfA1906bFc8c1E05bf10c4',
      chain: 'BSC',
      exchange: '0xB971eF87ede563556b2ED4b1C0b0019111Dd85d2',
      priceUsd: 1.0001008289018865,
      volumeUsd: 143073377.16,
      mcap: 7482293722,
      priceChangePcs: [Object],
      transactions: [Object],
      audit: [Object],
      security: [Object],
      tokenCreatedTimestamp: 2022-05-14T21:49:54.000Z,
      liquidity: [Object],
      history: [Object],
      scannerAt: 1758994653559
    },
    '0xf2F84C274F715ba1fE7D1D28a4E377Fb59A33386': {
      id: '0xf2F84C274F715ba1fE7D1D28a4E377Fb59A33386',
      tokenName: 'Tsunami',
      tokenSymbol: 'NAMI',
      tokenAddress: '0x7EB4DB4dDDB16A329c5aDE17a8a0178331267E28',
      pairAddress: '0xf2F84C274F715ba1fE7D1D28a4E377Fb59A33386',
      chain: 'ETH',
      exchange: '0x7a250d5630B4cF539739dF2C5dAcb4c659F2488D',
      priceUsd: 0.0012804149790016214,
      volumeUsd: 134794349.18,
      mcap: 935.51,
      priceChangePcs: [Object],
      transactions: [Object],
      audit: [Object],
      security: [Object],
      tokenCreatedTimestamp: 2020-10-23T09:47:51.000Z,
      liquidity: [Object],
      history: [Object],
      scannerAt: 1758994653559
    },
    '0xf2f84c274f715ba1fe7d1d28a4e377fb59a33386': {
      id: '0xf2F84C274F715ba1fE7D1D28a4E377Fb59A33386',
      tokenName: 'Tsunami',
      tokenSymbol: 'NAMI',
      tokenAddress: '0x7EB4DB4dDDB16A329c5aDE17a8a0178331267E28',
      pairAddress: '0xf2F84C274F715ba1fE7D1D28a4E377Fb59A33386',
      chain: 'ETH',
      exchange: '0x7a250d5630B4cF539739dF2C5dAcb4c659F2488D',
      priceUsd: 0.0012804149790016214,
      volumeUsd: 134794349.18,
      mcap: 935.51,
      priceChangePcs: [Object],
      transactions: [Object],
      audit: [Object],
      security: [Object],
      tokenCreatedTimestamp: 2020-10-23T09:47:51.000Z,
      liquidity: [Object],
      history: [Object],
      scannerAt: 1758994653559
    },
    HzSxT5dW8GGiTaZnsdeUJur2ZregN8zR85rdYiw2udTK: {
      id: 'HzSxT5dW8GGiTaZnsdeUJur2ZregN8zR85rdYiw2udTK',
      tokenName: 'Bitlight Labs',
      tokenSymbol: 'LIGHT',
      tokenAddress: 'HhL7vXsUVFjk37fJfmHqsvcv1k9sJJKR2pan4BQJs8Ex',
      pairAddress: 'HzSxT5dW8GGiTaZnsdeUJur2ZregN8zR85rdYiw2udTK',
      chain: 'SOL',
      exchange: 'pAMMBay6oceH9fJKBRHGP5D4bD4sWpmSwMn52FMfXEA',
      priceUsd: 0,
      volumeUsd: 112231946.63,
      mcap: 1649821.99,
      priceChangePcs: [Object],
      transactions: [Object],
      audit: [Object],
      security: [Object],
      tokenCreatedTimestamp: 2025-09-26T15:08:02.000Z,
      liquidity: [Object],
      history: [Object],
      scannerAt: 1758994653559
    },
    hzsxt5dw8ggitaznsdeujur2zregn8zr85rdyiw2udtk: {
      id: 'HzSxT5dW8GGiTaZnsdeUJur2ZregN8zR85rdYiw2udTK',
      tokenName: 'Bitlight Labs',
      tokenSymbol: 'LIGHT',
      tokenAddress: 'HhL7vXsUVFjk37fJfmHqsvcv1k9sJJKR2pan4BQJs8Ex',
      pairAddress: 'HzSxT5dW8GGiTaZnsdeUJur2ZregN8zR85rdYiw2udTK',
      chain: 'SOL',
      exchange: 'pAMMBay6oceH9fJKBRHGP5D4bD4sWpmSwMn52FMfXEA',
      priceUsd: 0,
      volumeUsd: 112231946.63,
      mcap: 1649821.99,
      priceChangePcs: [Object],
      transactions: [Object],
      audit: [Object],
      security: [Object],
      tokenCreatedTimestamp: 2025-09-26T15:08:02.000Z,
      liquidity: [Object],
      history: [Object],
      scannerAt: 1758994653559
    },
    '0xcf8d62960Fb7Ce5F1359E5D9267e32B9522d5d7C': {
      id: '0xcf8d62960Fb7Ce5F1359E5D9267e32B9522d5d7C',
      tokenName: 'BURNETH',
      tokenSymbol: 'BURNETH',
      tokenAddress: '0x2EdC30CF3BB7c840c41C1BC3485Aa3619C46465a',
      pairAddress: '0xcf8d62960Fb7Ce5F1359E5D9267e32B9522d5d7C',
      chain: 'ETH',
      exchange: '0x7a250d5630B4cF539739dF2C5dAcb4c659F2488D',
      priceUsd: 1.0982931113209496e-8,
      volumeUsd: 104703000.84,
      mcap: 1079.05,
      priceChangePcs: [Object],
      transactions: [Object],
      audit: [Object],
      security: [Object],
      tokenCreatedTimestamp: 2024-10-30T08:58:59.000Z,
      liquidity: [Object],
      history: [Object],
      scannerAt: 1758994653559
    },
    '0xcf8d62960fb7ce5f1359e5d9267e32b9522d5d7c': {
      id: '0xcf8d62960Fb7Ce5F1359E5D9267e32B9522d5d7C',
      tokenName: 'BURNETH',
      tokenSymbol: 'BURNETH',
      tokenAddress: '0x2EdC30CF3BB7c840c41C1BC3485Aa3619C46465a',
      pairAddress: '0xcf8d62960Fb7Ce5F1359E5D9267e32B9522d5d7C',
      chain: 'ETH',
      exchange: '0x7a250d5630B4cF539739dF2C5dAcb4c659F2488D',
      priceUsd: 1.0982931113209496e-8,
      volumeUsd: 104703000.84,
      mcap: 1079.05,
      priceChangePcs: [Object],
      transactions: [Object],
      audit: [Object],
      security: [Object],
      tokenCreatedTimestamp: 2024-10-30T08:58:59.000Z,
      liquidity: [Object],
      history: [Object],
      scannerAt: 1758994653559
    },
    '3FMq5HUcKreBGB83pTZ5o9tEKfViofL4WqoSNJJxzCAY': {
      id: '3FMq5HUcKreBGB83pTZ5o9tEKfViofL4WqoSNJJxzCAY',
      tokenName: 'GOAT Network',
      tokenSymbol: 'GOATED',
      tokenAddress: 'C8V18XHwwP3ynMHfxVzuzoM3LANwojBaQAs6DuKtZnVm',
      pairAddress: '3FMq5HUcKreBGB83pTZ5o9tEKfViofL4WqoSNJJxzCAY',
      chain: 'SOL',
      exchange: 'pAMMBay6oceH9fJKBRHGP5D4bD4sWpmSwMn52FMfXEA',
      priceUsd: 0.0015332800169086502,
      volumeUsd: 100990280.53,
      mcap: 1533278,
      priceChangePcs: [Object],
      transactions: [Object],
      audit: [Object],
      security: [Object],
      tokenCreatedTimestamp: 2025-09-26T15:00:39.000Z,
      liquidity: [Object],
      history: [Object],
      scannerAt: 1758994653559
    },
    '3fmq5huckrebgb83ptz5o9tekfviofl4wqosnjjxzcay': {
      id: '3FMq5HUcKreBGB83pTZ5o9tEKfViofL4WqoSNJJxzCAY',
      tokenName: 'GOAT Network',
      tokenSymbol: 'GOATED',
      tokenAddress: 'C8V18XHwwP3ynMHfxVzuzoM3LANwojBaQAs6DuKtZnVm',
      pairAddress: '3FMq5HUcKreBGB83pTZ5o9tEKfViofL4WqoSNJJxzCAY',
      chain: 'SOL',
      exchange: 'pAMMBay6oceH9fJKBRHGP5D4bD4sWpmSwMn52FMfXEA',
      priceUsd: 0.0015332800169086502,
      volumeUsd: 100990280.53,
      mcap: 1533278,
      priceChangePcs: [Object],
      transactions: [Object],
      audit: [Object],
      security: [Object],
      tokenCreatedTimestamp: 2025-09-26T15:00:39.000Z,
      liquidity: [Object],
      history: [Object],
      scannerAt: 1758994653559
    },
    pWGMSzVa3bxktGVcDy8JASvM2ixeifNKFJiCK9Y4NUE: {
      id: 'pWGMSzVa3bxktGVcDy8JASvM2ixeifNKFJiCK9Y4NUE',
      tokenName: 'Official Ronaldo',
      tokenSymbol: 'CR7',
      tokenAddress: 'FdpvkaYHkUD5vYHxAmS4foJrer1eoL9YwUFyVSdF6KFC',
      pairAddress: 'pWGMSzVa3bxktGVcDy8JASvM2ixeifNKFJiCK9Y4NUE',
      chain: 'SOL',
      exchange: 'pAMMBay6oceH9fJKBRHGP5D4bD4sWpmSwMn52FMfXEA',
      priceUsd: 0.00005194339731605096,
      volumeUsd: 99544504.23,
      mcap: 51943.38,
      priceChangePcs: [Object],
      transactions: [Object],
      audit: [Object],
      security: [Object],
      tokenCreatedTimestamp: 2025-09-26T16:12:55.000Z,
      liquidity: [Object],
      history: [Object],
      scannerAt: 1758994653559
    },
    pwgmszva3bxktgvcdy8jasvm2ixeifnkfjick9y4nue: {
      id: 'pWGMSzVa3bxktGVcDy8JASvM2ixeifNKFJiCK9Y4NUE',
      tokenName: 'Official Ronaldo',
      tokenSymbol: 'CR7',
      tokenAddress: 'FdpvkaYHkUD5vYHxAmS4foJrer1eoL9YwUFyVSdF6KFC',
      pairAddress: 'pWGMSzVa3bxktGVcDy8JASvM2ixeifNKFJiCK9Y4NUE',
      chain: 'SOL',
      exchange: 'pAMMBay6oceH9fJKBRHGP5D4bD4sWpmSwMn52FMfXEA',
      priceUsd: 0.00005194339731605096,
      volumeUsd: 99544504.23,
      mcap: 51943.38,
      priceChangePcs: [Object],
      transactions: [Object],
      audit: [Object],
      security: [Object],
      tokenCreatedTimestamp: 2025-09-26T16:12:55.000Z,
      liquidity: [Object],
      history: [Object],
      scannerAt: 1758994653559
    },
    GTc2CX4pBzZEtN6PtLmnhZpFMkTXVnxnoJJhaKsaUgCe: {
      id: 'GTc2CX4pBzZEtN6PtLmnhZpFMkTXVnxnoJJhaKsaUgCe',
      tokenName: 'MetaMask Coin',
      tokenSymbol: 'MetaMask',
      tokenAddress: '91dpHfnGBkkrgQfjyTEVKuVxUdkMnCBHVV2DCdfMsBAU',
      pairAddress: 'GTc2CX4pBzZEtN6PtLmnhZpFMkTXVnxnoJJhaKsaUgCe',
      chain: 'SOL',
      exchange: 'pAMMBay6oceH9fJKBRHGP5D4bD4sWpmSwMn52FMfXEA',
      priceUsd: 0.0007352460896898907,
      volumeUsd: 96743573.35,
      mcap: 735245.53,
      priceChangePcs: [Object],
      transactions: [Object],
      audit: [Object],
      security: [Object],
      tokenCreatedTimestamp: 2025-09-26T11:52:59.000Z,
      liquidity: [Object],
      history: [Object],
      scannerAt: 1758994653559
    },
    gtc2cx4pbzzetn6ptlmnhzpfmktxvnxnojjhaksaugce: {
      id: 'GTc2CX4pBzZEtN6PtLmnhZpFMkTXVnxnoJJhaKsaUgCe',
      tokenName: 'MetaMask Coin',
      tokenSymbol: 'MetaMask',
      tokenAddress: '91dpHfnGBkkrgQfjyTEVKuVxUdkMnCBHVV2DCdfMsBAU',
      pairAddress: 'GTc2CX4pBzZEtN6PtLmnhZpFMkTXVnxnoJJhaKsaUgCe',
      chain: 'SOL',
      exchange: 'pAMMBay6oceH9fJKBRHGP5D4bD4sWpmSwMn52FMfXEA',
      priceUsd: 0.0007352460896898907,
      volumeUsd: 96743573.35,
      mcap: 735245.53,
      priceChangePcs: [Object],
      transactions: [Object],
      audit: [Object],
      security: [Object],
      tokenCreatedTimestamp: 2025-09-26T11:52:59.000Z,
      liquidity: [Object],
      history: [Object],
      scannerAt: 1758994653559
    },
    p3sLcnFeCcFtfMhUVR9b4x6mCcFymhnKmineJAA6Jp5: {
      id: 'p3sLcnFeCcFtfMhUVR9b4x6mCcFymhnKmineJAA6Jp5',
      tokenName: 'GOAT Network',
      tokenSymbol: 'GOATED',
      tokenAddress: 'FmmLMdrGAXEpJLNTFsqL6g5ubF2DA6Tkf8fGhTeijKYe',
      pairAddress: 'p3sLcnFeCcFtfMhUVR9b4x6mCcFymhnKmineJAA6Jp5',
      chain: 'SOL',
      exchange: 'pAMMBay6oceH9fJKBRHGP5D4bD4sWpmSwMn52FMfXEA',
      priceUsd: 0,
      volumeUsd: 95610153.76,
      mcap: 1394820.34,
      priceChangePcs: [Object],
      transactions: [Object],
      audit: [Object],
      security: [Object],
      tokenCreatedTimestamp: 2025-09-27T04:34:56.000Z,
      liquidity: [Object],
      history: [Object],
      scannerAt: 1758994653560
    },
    p3slcnfeccftfmhuvr9b4x6mccfymhnkminejaa6jp5: {
      id: 'p3sLcnFeCcFtfMhUVR9b4x6mCcFymhnKmineJAA6Jp5',
      tokenName: 'GOAT Network',
      tokenSymbol: 'GOATED',
      tokenAddress: 'FmmLMdrGAXEpJLNTFsqL6g5ubF2DA6Tkf8fGhTeijKYe',
      pairAddress: 'p3sLcnFeCcFtfMhUVR9b4x6mCcFymhnKmineJAA6Jp5',
      chain: 'SOL',
      exchange: 'pAMMBay6oceH9fJKBRHGP5D4bD4sWpmSwMn52FMfXEA',
      priceUsd: 0,
      volumeUsd: 95610153.76,
      mcap: 1394820.34,
      priceChangePcs: [Object],
      transactions: [Object],
      audit: [Object],
      security: [Object],
      tokenCreatedTimestamp: 2025-09-27T04:34:56.000Z,
      liquidity: [Object],
      history: [Object],
      scannerAt: 1758994653560
    },
    AxSMLfSdNs1ooivbvKCdVQ15kzc2snscZJAsYZPjfBaZ: {
      id: 'AxSMLfSdNs1ooivbvKCdVQ15kzc2snscZJAsYZPjfBaZ',
      tokenName: 'Mira Network',
      tokenSymbol: 'MIRA',
      tokenAddress: 'AqYqbCzwWyziiM8z6AjW5adNbKfhtmeX7ojik5ULCA47',
      pairAddress: 'AxSMLfSdNs1ooivbvKCdVQ15kzc2snscZJAsYZPjfBaZ',
      chain: 'SOL',
      exchange: 'pAMMBay6oceH9fJKBRHGP5D4bD4sWpmSwMn52FMfXEA',
      priceUsd: 0.0007375740089581808,
      volumeUsd: 92204527.48,
      mcap: 737573,
      priceChangePcs: [Object],
      transactions: [Object],
      audit: [Object],
      security: [Object],
      tokenCreatedTimestamp: 2025-09-26T17:58:18.000Z,
      liquidity: [Object],
      history: [Object],
      scannerAt: 1758994653560
    },
    axsmlfsdns1ooivbvkcdvq15kzc2snsczjasyzpjfbaz: {
      id: 'AxSMLfSdNs1ooivbvKCdVQ15kzc2snscZJAsYZPjfBaZ',
      tokenName: 'Mira Network',
      tokenSymbol: 'MIRA',
      tokenAddress: 'AqYqbCzwWyziiM8z6AjW5adNbKfhtmeX7ojik5ULCA47',
      pairAddress: 'AxSMLfSdNs1ooivbvKCdVQ15kzc2snscZJAsYZPjfBaZ',
      chain: 'SOL',
      exchange: 'pAMMBay6oceH9fJKBRHGP5D4bD4sWpmSwMn52FMfXEA',
      priceUsd: 0.0007375740089581808,
      volumeUsd: 92204527.48,
      mcap: 737573,
      priceChangePcs: [Object],
      transactions: [Object],
      audit: [Object],
      security: [Object],
      tokenCreatedTimestamp: 2025-09-26T17:58:18.000Z,
      liquidity: [Object],
      history: [Object],
      scannerAt: 1758994653560
    },
    '7eRYcKmvtFBot3dDGTeiQjxt65FdHRJTDhmnDTt24MK1': {
      id: '7eRYcKmvtFBot3dDGTeiQjxt65FdHRJTDhmnDTt24MK1',
      tokenName: 'GOAT Network',
      tokenSymbol: 'GOATED',
      tokenAddress: 'DsACiNAtf8TXj1kARsnb2Fa3JhKfxBz9VpQ2fnwJnjXK',
      pairAddress: '7eRYcKmvtFBot3dDGTeiQjxt65FdHRJTDhmnDTt24MK1',
      chain: 'SOL',
      exchange: 'pAMMBay6oceH9fJKBRHGP5D4bD4sWpmSwMn52FMfXEA',
      priceUsd: 0.001359642161847149,
      volumeUsd: 89783004.71,
      mcap: 1359642.08,
      priceChangePcs: [Object],
      transactions: [Object],
      audit: [Object],
      security: [Object],
      tokenCreatedTimestamp: 2025-09-26T19:14:27.000Z,
      liquidity: [Object],
      history: [Object],
      scannerAt: 1758994653560
    },
    '7eryckmvtfbot3ddgteiqjxt65fdhrjtdhmndtt24mk1': {
      id: '7eRYcKmvtFBot3dDGTeiQjxt65FdHRJTDhmnDTt24MK1',
      tokenName: 'GOAT Network',
      tokenSymbol: 'GOATED',
      tokenAddress: 'DsACiNAtf8TXj1kARsnb2Fa3JhKfxBz9VpQ2fnwJnjXK',
      pairAddress: '7eRYcKmvtFBot3dDGTeiQjxt65FdHRJTDhmnDTt24MK1',
      chain: 'SOL',
      exchange: 'pAMMBay6oceH9fJKBRHGP5D4bD4sWpmSwMn52FMfXEA',
      priceUsd: 0.001359642161847149,
      volumeUsd: 89783004.71,
      mcap: 1359642.08,
      priceChangePcs: [Object],
      transactions: [Object],
      audit: [Object],
      security: [Object],
      tokenCreatedTimestamp: 2025-09-26T19:14:27.000Z,
      liquidity: [Object],
      history: [Object],
      scannerAt: 1758994653560
    },
    '2xjWY4bXE7gH2YkoxuEN4DuC8SLi97gboEgVGE8ZSrWS': {
      id: '2xjWY4bXE7gH2YkoxuEN4DuC8SLi97gboEgVGE8ZSrWS',
      tokenName: 'Falcon Finance',
      tokenSymbol: 'FF',
      tokenAddress: 'Fibx6SzLVcqxicX3uDTqKZ8kZGJkFxXMcKmPLM7BsyNC',
      pairAddress: '2xjWY4bXE7gH2YkoxuEN4DuC8SLi97gboEgVGE8ZSrWS',
      chain: 'SOL',
      exchange: 'pAMMBay6oceH9fJKBRHGP5D4bD4sWpmSwMn52FMfXEA',
      priceUsd: 0,
      volumeUsd: 89155145.5,
      mcap: 1141097.07,
      priceChangePcs: [Object],
      transactions: [Object],
      audit: [Object],
      security: [Object],
      tokenCreatedTimestamp: 2025-09-26T22:00:52.000Z,
      liquidity: [Object],
      history: [Object],
      scannerAt: 1758994653560
    },
    '2xjwy4bxe7gh2ykoxuen4duc8sli97gboegvge8zsrws': {
      id: '2xjWY4bXE7gH2YkoxuEN4DuC8SLi97gboEgVGE8ZSrWS',
      tokenName: 'Falcon Finance',
      tokenSymbol: 'FF',
      tokenAddress: 'Fibx6SzLVcqxicX3uDTqKZ8kZGJkFxXMcKmPLM7BsyNC',
      pairAddress: '2xjWY4bXE7gH2YkoxuEN4DuC8SLi97gboEgVGE8ZSrWS',
      chain: 'SOL',
      exchange: 'pAMMBay6oceH9fJKBRHGP5D4bD4sWpmSwMn52FMfXEA',
      priceUsd: 0,
      volumeUsd: 89155145.5,
      mcap: 1141097.07,
      priceChangePcs: [Object],
      transactions: [Object],
      audit: [Object],
      security: [Object],
      tokenCreatedTimestamp: 2025-09-26T22:00:52.000Z,
      liquidity: [Object],
      history: [Object],
      scannerAt: 1758994653560
    },
    ExT1saY11BgVtKwDE8d9vm1Yh9bQ5Gh8r4UNVY1b1Tts: {
      id: 'ExT1saY11BgVtKwDE8d9vm1Yh9bQ5Gh8r4UNVY1b1Tts',
      tokenName: 'OpenEden_X',
      tokenSymbol: 'EDEN',
      tokenAddress: 'A1uqzuceHaMXXNNt9YMtr99KvNh9eJFhnw9BhdX4gHZy',
      pairAddress: 'ExT1saY11BgVtKwDE8d9vm1Yh9bQ5Gh8r4UNVY1b1Tts',
      chain: 'SOL',
      exchange: 'pAMMBay6oceH9fJKBRHGP5D4bD4sWpmSwMn52FMfXEA',
      priceUsd: 0.0009380118928188284,
      volumeUsd: 82808629.07,
      mcap: 937970.12,
      priceChangePcs: [Object],
      transactions: [Object],
      audit: [Object],
      security: [Object],
      tokenCreatedTimestamp: 2025-09-26T21:21:51.000Z,
      liquidity: [Object],
      history: [Object],
      scannerAt: 1758994653560
    },
    ext1say11bgvtkwde8d9vm1yh9bq5gh8r4unvy1b1tts: {
      id: 'ExT1saY11BgVtKwDE8d9vm1Yh9bQ5Gh8r4UNVY1b1Tts',
      tokenName: 'OpenEden_X',
      tokenSymbol: 'EDEN',
      tokenAddress: 'A1uqzuceHaMXXNNt9YMtr99KvNh9eJFhnw9BhdX4gHZy',
      pairAddress: 'ExT1saY11BgVtKwDE8d9vm1Yh9bQ5Gh8r4UNVY1b1Tts',
      chain: 'SOL',
      exchange: 'pAMMBay6oceH9fJKBRHGP5D4bD4sWpmSwMn52FMfXEA',
      priceUsd: 0.0009380118928188284,
      volumeUsd: 82808629.07,
      mcap: 937970.12,
      priceChangePcs: [Object],
      transactions: [Object],
      audit: [Object],
      security: [Object],
      tokenCreatedTimestamp: 2025-09-26T21:21:51.000Z,
      liquidity: [Object],
      history: [Object],
      scannerAt: 1758994653560
    },
    '82ZgX2tHeVTmTt5z2Eqo7cZe99bK22PwyVRNVJF9aMaV': {
      id: '82ZgX2tHeVTmTt5z2Eqo7cZe99bK22PwyVRNVJF9aMaV',
      tokenName: 'GOAT Network',
      tokenSymbol: 'GOATED',
      tokenAddress: '71rYYNZ1bybEPh4vBBAyWg1wgm2n66pcwFbRv5uorWPS',
      pairAddress: '82ZgX2tHeVTmTt5z2Eqo7cZe99bK22PwyVRNVJF9aMaV',
      chain: 'SOL',
      exchange: 'pAMMBay6oceH9fJKBRHGP5D4bD4sWpmSwMn52FMfXEA',
      priceUsd: 0,
      volumeUsd: 81790606.33,
      mcap: 1228310.56,
      priceChangePcs: [Object],
      transactions: [Object],
      audit: [Object],
      security: [Object],
      tokenCreatedTimestamp: 2025-09-27T09:20:38.000Z,
      liquidity: [Object],
      history: [Object],
      scannerAt: 1758994653560
    },
    '82zgx2thevtmtt5z2eqo7cze99bk22pwyvrnvjf9amav': {
      id: '82ZgX2tHeVTmTt5z2Eqo7cZe99bK22PwyVRNVJF9aMaV',
      tokenName: 'GOAT Network',
      tokenSymbol: 'GOATED',
      tokenAddress: '71rYYNZ1bybEPh4vBBAyWg1wgm2n66pcwFbRv5uorWPS',
      pairAddress: '82ZgX2tHeVTmTt5z2Eqo7cZe99bK22PwyVRNVJF9aMaV',
      chain: 'SOL',
      exchange: 'pAMMBay6oceH9fJKBRHGP5D4bD4sWpmSwMn52FMfXEA',
      priceUsd: 0,
      volumeUsd: 81790606.33,
      mcap: 1228310.56,
      priceChangePcs: [Object],
      transactions: [Object],
      audit: [Object],
      security: [Object],
      tokenCreatedTimestamp: 2025-09-27T09:20:38.000Z,
      liquidity: [Object],
      history: [Object],
      scannerAt: 1758994653560
    },
    G75wBqjLJbZSn5p1GNwnmBgkKVwRcXKP3FaSiYgpmcRw: {
      id: 'G75wBqjLJbZSn5p1GNwnmBgkKVwRcXKP3FaSiYgpmcRw',
      tokenName: 'GOAT Network',
      tokenSymbol: 'GOATED🟡',
      tokenAddress: 'CX1shFVzc3G8VpmDg73TMYHNrTeZFT4Yz5JWUBy2sDZv',
      pairAddress: 'G75wBqjLJbZSn5p1GNwnmBgkKVwRcXKP3FaSiYgpmcRw',
      chain: 'SOL',
      exchange: 'pAMMBay6oceH9fJKBRHGP5D4bD4sWpmSwMn52FMfXEA',
      priceUsd: 0,
      volumeUsd: 81632799.06,
      mcap: 31971.95,
      priceChangePcs: [Object],
      transactions: [Object],
      audit: [Object],
      security: [Object],
      tokenCreatedTimestamp: 2025-09-27T05:59:35.000Z,
      liquidity: [Object],
      history: [Object],
      scannerAt: 1758994653560
    },
    g75wbqjljbzsn5p1gnwnmbgkkvwrcxkp3fasiygpmcrw: {
      id: 'G75wBqjLJbZSn5p1GNwnmBgkKVwRcXKP3FaSiYgpmcRw',
      tokenName: 'GOAT Network',
      tokenSymbol: 'GOATED🟡',
      tokenAddress: 'CX1shFVzc3G8VpmDg73TMYHNrTeZFT4Yz5JWUBy2sDZv',
      pairAddress: 'G75wBqjLJbZSn5p1GNwnmBgkKVwRcXKP3FaSiYgpmcRw',
      chain: 'SOL',
      exchange: 'pAMMBay6oceH9fJKBRHGP5D4bD4sWpmSwMn52FMfXEA',
      priceUsd: 0,
      volumeUsd: 81632799.06,
      mcap: 31971.95,
      priceChangePcs: [Object],
      transactions: [Object],
      audit: [Object],
      security: [Object],
      tokenCreatedTimestamp: 2025-09-27T05:59:35.000Z,
      liquidity: [Object],
      history: [Object],
      scannerAt: 1758994653560
    },
    EiuKuPvi9Cv2eQdSTcBHTkD4KcnM76XzoaCmjwnW6aw3: {
      id: 'EiuKuPvi9Cv2eQdSTcBHTkD4KcnM76XzoaCmjwnW6aw3',
      tokenName: 'Falcon Finance',
      tokenSymbol: 'FF',
      tokenAddress: 'bseLibkFaXTrG7RbTVQ2gspPvDuTbXBwxD28VyvEx7s',
      pairAddress: 'EiuKuPvi9Cv2eQdSTcBHTkD4KcnM76XzoaCmjwnW6aw3',
      chain: 'SOL',
      exchange: 'pAMMBay6oceH9fJKBRHGP5D4bD4sWpmSwMn52FMfXEA',
      priceUsd: 0.0009881765395042168,
      volumeUsd: 78735598.86,
      mcap: 988176.3,
      priceChangePcs: [Object],
      transactions: [Object],
      audit: [Object],
      security: [Object],
      tokenCreatedTimestamp: 2025-09-26T15:10:13.000Z,
      liquidity: [Object],
      history: [Object],
      scannerAt: 1758994653560
    },
    eiukupvi9cv2eqdstcbhtkd4kcnm76xzoacmjwnw6aw3: {
      id: 'EiuKuPvi9Cv2eQdSTcBHTkD4KcnM76XzoaCmjwnW6aw3',
      tokenName: 'Falcon Finance',
      tokenSymbol: 'FF',
      tokenAddress: 'bseLibkFaXTrG7RbTVQ2gspPvDuTbXBwxD28VyvEx7s',
      pairAddress: 'EiuKuPvi9Cv2eQdSTcBHTkD4KcnM76XzoaCmjwnW6aw3',
      chain: 'SOL',
      exchange: 'pAMMBay6oceH9fJKBRHGP5D4bD4sWpmSwMn52FMfXEA',
      priceUsd: 0.0009881765395042168,
      volumeUsd: 78735598.86,
      mcap: 988176.3,
      priceChangePcs: [Object],
      transactions: [Object],
      audit: [Object],
      security: [Object],
      tokenCreatedTimestamp: 2025-09-26T15:10:13.000Z,
      liquidity: [Object],
      history: [Object],
      scannerAt: 1758994653560
    },
    Jjy3AkTgDfuQmwcemcA5A7Es5gT2UdiWKuEYEkNXwg7: {
      id: 'Jjy3AkTgDfuQmwcemcA5A7Es5gT2UdiWKuEYEkNXwg7',
      tokenName: 'MetaMask Coin',
      tokenSymbol: 'MetaMask',
      tokenAddress: '3eU4mPJbiGJ7PokKuYZywQrfZZtd4h4BYkmYdbA9CDJo',
      pairAddress: 'Jjy3AkTgDfuQmwcemcA5A7Es5gT2UdiWKuEYEkNXwg7',
      chain: 'SOL',
      exchange: 'pAMMBay6oceH9fJKBRHGP5D4bD4sWpmSwMn52FMfXEA',
      priceUsd: 0,
      volumeUsd: 78546838.49,
      mcap: 554635.8,
      priceChangePcs: [Object],
      transactions: [Object],
      audit: [Object],
      security: [Object],
      tokenCreatedTimestamp: 2025-09-27T06:09:44.000Z,
      liquidity: [Object],
      history: [Object],
      scannerAt: 1758994653560
    },
    jjy3aktgdfuqmwcemca5a7es5gt2udiwkueyeknxwg7: {
      id: 'Jjy3AkTgDfuQmwcemcA5A7Es5gT2UdiWKuEYEkNXwg7',
      tokenName: 'MetaMask Coin',
      tokenSymbol: 'MetaMask',
      tokenAddress: '3eU4mPJbiGJ7PokKuYZywQrfZZtd4h4BYkmYdbA9CDJo',
      pairAddress: 'Jjy3AkTgDfuQmwcemcA5A7Es5gT2UdiWKuEYEkNXwg7',
      chain: 'SOL',
      exchange: 'pAMMBay6oceH9fJKBRHGP5D4bD4sWpmSwMn52FMfXEA',
      priceUsd: 0,
      volumeUsd: 78546838.49,
      mcap: 554635.8,
      priceChangePcs: [Object],
      transactions: [Object],
      audit: [Object],
      security: [Object],
      tokenCreatedTimestamp: 2025-09-27T06:09:44.000Z,
      liquidity: [Object],
      history: [Object],
      scannerAt: 1758994653560
    },
    '3yKsk9wBH5Bqht6Q8BHJdHGEWd91UmFaSGdYPPqMerR4': {
      id: '3yKsk9wBH5Bqht6Q8BHJdHGEWd91UmFaSGdYPPqMerR4',
      tokenName: 'Mira Network',
      tokenSymbol: 'MIRA',
      tokenAddress: '8QEEkEsx8NgruD5RdmEVHcaoJDMPUz5Gq7BdZSyLCP7i',
      pairAddress: '3yKsk9wBH5Bqht6Q8BHJdHGEWd91UmFaSGdYPPqMerR4',
      chain: 'SOL',
      exchange: 'pAMMBay6oceH9fJKBRHGP5D4bD4sWpmSwMn52FMfXEA',
      priceUsd: 0,
      volumeUsd: 71255333.56,
      mcap: 481259.35,
      priceChangePcs: [Object],
      transactions: [Object],
      audit: [Object],
      security: [Object],
      tokenCreatedTimestamp: 2025-09-26T21:13:23.000Z,
      liquidity: [Object],
      history: [Object],
      scannerAt: 1758994653560
    },
    '3yksk9wbh5bqht6q8bhjdhgewd91umfasgdyppqmerr4': {
      id: '3yKsk9wBH5Bqht6Q8BHJdHGEWd91UmFaSGdYPPqMerR4',
      tokenName: 'Mira Network',
      tokenSymbol: 'MIRA',
      tokenAddress: '8QEEkEsx8NgruD5RdmEVHcaoJDMPUz5Gq7BdZSyLCP7i',
      pairAddress: '3yKsk9wBH5Bqht6Q8BHJdHGEWd91UmFaSGdYPPqMerR4',
      chain: 'SOL',
      exchange: 'pAMMBay6oceH9fJKBRHGP5D4bD4sWpmSwMn52FMfXEA',
      priceUsd: 0,
      volumeUsd: 71255333.56,
      mcap: 481259.35,
      priceChangePcs: [Object],
      transactions: [Object],
      audit: [Object],
      security: [Object],
      tokenCreatedTimestamp: 2025-09-26T21:13:23.000Z,
      liquidity: [Object],
      history: [Object],
      scannerAt: 1758994653560
    },
    HRaeeBu2Bhx1KDd25336ak6oeKCo7i6UjEeuxgWjqf82: {
      id: 'HRaeeBu2Bhx1KDd25336ak6oeKCo7i6UjEeuxgWjqf82',
      tokenName: 'OpenEden_X',
      tokenSymbol: 'EDEN',
      tokenAddress: 'AMGYeSWL7RwykkLNTEVMd9pDbSJrEBbypypWv8XxCZfw',
      pairAddress: 'HRaeeBu2Bhx1KDd25336ak6oeKCo7i6UjEeuxgWjqf82',
      chain: 'SOL',
      exchange: 'pAMMBay6oceH9fJKBRHGP5D4bD4sWpmSwMn52FMfXEA',
      priceUsd: 0,
      volumeUsd: 69752805.36,
      mcap: 846088.34,
      priceChangePcs: [Object],
      transactions: [Object],
      audit: [Object],
      security: [Object],
      tokenCreatedTimestamp: 2025-09-26T18:41:58.000Z,
      liquidity: [Object],
      history: [Object],
      scannerAt: 1758994653560
    },
    hraeebu2bhx1kdd25336ak6oekco7i6ujeeuxgwjqf82: {
      id: 'HRaeeBu2Bhx1KDd25336ak6oeKCo7i6UjEeuxgWjqf82',
      tokenName: 'OpenEden_X',
      tokenSymbol: 'EDEN',
      tokenAddress: 'AMGYeSWL7RwykkLNTEVMd9pDbSJrEBbypypWv8XxCZfw',
      pairAddress: 'HRaeeBu2Bhx1KDd25336ak6oeKCo7i6UjEeuxgWjqf82',
      chain: 'SOL',
      exchange: 'pAMMBay6oceH9fJKBRHGP5D4bD4sWpmSwMn52FMfXEA',
      priceUsd: 0,
      volumeUsd: 69752805.36,
      mcap: 846088.34,
      priceChangePcs: [Object],
      transactions: [Object],
      audit: [Object],
      security: [Object],
      tokenCreatedTimestamp: 2025-09-26T18:41:58.000Z,
      liquidity: [Object],
      history: [Object],
      scannerAt: 1758994653560
    },
    '3dnWHQGvTwgbYDFCLtaRBecbCF3k1ogC78hDTPyAMB4o': {
      id: '3dnWHQGvTwgbYDFCLtaRBecbCF3k1ogC78hDTPyAMB4o',
      tokenName: 'OpenEden_DEX',
      tokenSymbol: 'EDEN',
      tokenAddress: '6QXcuTqsxqi7SSzYv7xFujpHWy7hmsqWDh2HnD6yc3Ks',
      pairAddress: '3dnWHQGvTwgbYDFCLtaRBecbCF3k1ogC78hDTPyAMB4o',
      chain: 'SOL',
      exchange: 'pAMMBay6oceH9fJKBRHGP5D4bD4sWpmSwMn52FMfXEA',
      priceUsd: 0.0005233944867,
      volumeUsd: 66781147.96,
      mcap: 523394.42,
      priceChangePcs: [Object],
      transactions: [Object],
      audit: [Object],
      security: [Object],
      tokenCreatedTimestamp: 2025-09-27T04:10:00.000Z,
      liquidity: [Object],
      history: [Object],
      scannerAt: 1758994653560
    },
    '3dnwhqgvtwgbydfcltarbecbcf3k1ogc78hdtpyamb4o': {
      id: '3dnWHQGvTwgbYDFCLtaRBecbCF3k1ogC78hDTPyAMB4o',
      tokenName: 'OpenEden_DEX',
      tokenSymbol: 'EDEN',
      tokenAddress: '6QXcuTqsxqi7SSzYv7xFujpHWy7hmsqWDh2HnD6yc3Ks',
      pairAddress: '3dnWHQGvTwgbYDFCLtaRBecbCF3k1ogC78hDTPyAMB4o',
      chain: 'SOL',
      exchange: 'pAMMBay6oceH9fJKBRHGP5D4bD4sWpmSwMn52FMfXEA',
      priceUsd: 0.0005233944867,
      volumeUsd: 66781147.96,
      mcap: 523394.42,
      priceChangePcs: [Object],
      transactions: [Object],
      audit: [Object],
      security: [Object],
      tokenCreatedTimestamp: 2025-09-27T04:10:00.000Z,
      liquidity: [Object],
      history: [Object],
      scannerAt: 1758994653560
    },
    '0xc7bBeC68d12a0d1830360F8Ec58fA599bA1b0e9b': {
      id: '0xc7bBeC68d12a0d1830360F8Ec58fA599bA1b0e9b',
      tokenName: 'Tether USD',
      tokenSymbol: 'USDT',
      tokenAddress: '0xdAC17F958D2ee523a2206206994597C13D831ec7',
      pairAddress: '0xc7bBeC68d12a0d1830360F8Ec58fA599bA1b0e9b',
      chain: 'ETH',
      exchange: '0x68b3465833fb72A70ecDF485E0e4C7bD8665Fc45',
      priceUsd: 0.9992399566744775,
      volumeUsd: 64368309.88,
      mcap: 94701508584.23,
      priceChangePcs: [Object],
      transactions: [Object],
      audit: [Object],
      security: [Object],
      tokenCreatedTimestamp: 2022-12-26T04:37:47.000Z,
      liquidity: [Object],
      history: [Object],
      scannerAt: 1758994653560
    },
    '0xc7bbec68d12a0d1830360f8ec58fa599ba1b0e9b': {
      id: '0xc7bBeC68d12a0d1830360F8Ec58fA599bA1b0e9b',
      tokenName: 'Tether USD',
      tokenSymbol: 'USDT',
      tokenAddress: '0xdAC17F958D2ee523a2206206994597C13D831ec7',
      pairAddress: '0xc7bBeC68d12a0d1830360F8Ec58fA599bA1b0e9b',
      chain: 'ETH',
      exchange: '0x68b3465833fb72A70ecDF485E0e4C7bD8665Fc45',
      priceUsd: 0.9992399566744775,
      volumeUsd: 64368309.88,
      mcap: 94701508584.23,
      priceChangePcs: [Object],
      transactions: [Object],
      audit: [Object],
      security: [Object],
      tokenCreatedTimestamp: 2022-12-26T04:37:47.000Z,
      liquidity: [Object],
      history: [Object],
      scannerAt: 1758994653560
    },
    '6BJ7EWQsYHbVHni4mhfYJ32xNV6a8Tu6PSTVmrLKjKT9': {
      id: '6BJ7EWQsYHbVHni4mhfYJ32xNV6a8Tu6PSTVmrLKjKT9',
      tokenName: 'Official Ronaldo',
      tokenSymbol: 'CR7',
      tokenAddress: 'CgAJ1DwCUSjKtL1cDFrLKpSaPn6o4pmP8ZhQcxiGMF5e',
      pairAddress: '6BJ7EWQsYHbVHni4mhfYJ32xNV6a8Tu6PSTVmrLKjKT9',
      chain: 'SOL',
      exchange: 'pAMMBay6oceH9fJKBRHGP5D4bD4sWpmSwMn52FMfXEA',
      priceUsd: 0.0000219420916,
      volumeUsd: 62028114.93,
      mcap: 21942.09,
      priceChangePcs: [Object],
      transactions: [Object],
      audit: [Object],
      security: [Object],
      tokenCreatedTimestamp: 2025-09-27T09:42:26.000Z,
      liquidity: [Object],
      history: [Object],
      scannerAt: 1758994653560
    },
    '6bj7ewqsyhbvhni4mhfyj32xnv6a8tu6pstvmrlkjkt9': {
      id: '6BJ7EWQsYHbVHni4mhfYJ32xNV6a8Tu6PSTVmrLKjKT9',
      tokenName: 'Official Ronaldo',
      tokenSymbol: 'CR7',
      tokenAddress: 'CgAJ1DwCUSjKtL1cDFrLKpSaPn6o4pmP8ZhQcxiGMF5e',
      pairAddress: '6BJ7EWQsYHbVHni4mhfYJ32xNV6a8Tu6PSTVmrLKjKT9',
      chain: 'SOL',
      exchange: 'pAMMBay6oceH9fJKBRHGP5D4bD4sWpmSwMn52FMfXEA',
      priceUsd: 0.0000219420916,
      volumeUsd: 62028114.93,
      mcap: 21942.09,
      priceChangePcs: [Object],
      transactions: [Object],
      audit: [Object],
      security: [Object],
      tokenCreatedTimestamp: 2025-09-27T09:42:26.000Z,
      liquidity: [Object],
      history: [Object],
      scannerAt: 1758994653560
    },
    '0xCA3F029A70d5d90000E614afD29E5c833f33CEa5': {
      id: '0xCA3F029A70d5d90000E614afD29E5c833f33CEa5',
      tokenName: 'Ark Of Panda',
      tokenSymbol: 'AOP',
      tokenAddress: '0xd5dF4d260D7a0145F655bcBf3B398076F21016C7',
      pairAddress: '0xCA3F029A70d5d90000E614afD29E5c833f33CEa5',
      chain: 'BSC',
      exchange: '0x1b81D678ffb9C0263b24A97847620C99d213eB14',
      priceUsd: 0.06387563847609318,
      volumeUsd: 61642333.75,
      mcap: 127751276.95,
      priceChangePcs: [Object],
      transactions: [Object],
      audit: [Object],
      security: [Object],
      tokenCreatedTimestamp: 2025-09-18T07:15:21.000Z,
      liquidity: [Object],
      history: [Object],
      scannerAt: 1758994653560
    },
    '0xca3f029a70d5d90000e614afd29e5c833f33cea5': {
      id: '0xCA3F029A70d5d90000E614afD29E5c833f33CEa5',
      tokenName: 'Ark Of Panda',
      tokenSymbol: 'AOP',
      tokenAddress: '0xd5dF4d260D7a0145F655bcBf3B398076F21016C7',
      pairAddress: '0xCA3F029A70d5d90000E614afD29E5c833f33CEa5',
      chain: 'BSC',
      exchange: '0x1b81D678ffb9C0263b24A97847620C99d213eB14',
      priceUsd: 0.06387563847609318,
      volumeUsd: 61642333.75,
      mcap: 127751276.95,
      priceChangePcs: [Object],
      transactions: [Object],
      audit: [Object],
      security: [Object],
      tokenCreatedTimestamp: 2025-09-18T07:15:21.000Z,
      liquidity: [Object],
      history: [Object],
      scannerAt: 1758994653560
    },
    HcWiiZEBHBKWmHP4ZjxqwQWhGwovXUvThU4aNt4yANye: {
      id: 'HcWiiZEBHBKWmHP4ZjxqwQWhGwovXUvThU4aNt4yANye',
      tokenName: 'Bitlight Labs',
      tokenSymbol: 'LIGHT',
      tokenAddress: 'FHZBpDdytvgDFXvfXoXpR3CNiWRzs5rVqq4L1g1HKrGk',
      pairAddress: 'HcWiiZEBHBKWmHP4ZjxqwQWhGwovXUvThU4aNt4yANye',
      chain: 'SOL',
      exchange: 'pAMMBay6oceH9fJKBRHGP5D4bD4sWpmSwMn52FMfXEA',
      priceUsd: 0,
      volumeUsd: 61386942.25,
      mcap: 796524.46,
      priceChangePcs: [Object],
      transactions: [Object],
      audit: [Object],
      security: [Object],
      tokenCreatedTimestamp: 2025-09-27T02:44:11.000Z,
      liquidity: [Object],
      history: [Object],
      scannerAt: 1758994653560
    },
    hcwiizebhbkwmhp4zjxqwqwhgwovxuvthu4ant4yanye: {
      id: 'HcWiiZEBHBKWmHP4ZjxqwQWhGwovXUvThU4aNt4yANye',
      tokenName: 'Bitlight Labs',
      tokenSymbol: 'LIGHT',
      tokenAddress: 'FHZBpDdytvgDFXvfXoXpR3CNiWRzs5rVqq4L1g1HKrGk',
      pairAddress: 'HcWiiZEBHBKWmHP4ZjxqwQWhGwovXUvThU4aNt4yANye',
      chain: 'SOL',
      exchange: 'pAMMBay6oceH9fJKBRHGP5D4bD4sWpmSwMn52FMfXEA',
      priceUsd: 0,
      volumeUsd: 61386942.25,
      mcap: 796524.46,
      priceChangePcs: [Object],
      transactions: [Object],
      audit: [Object],
      security: [Object],
      tokenCreatedTimestamp: 2025-09-27T02:44:11.000Z,
      liquidity: [Object],
      history: [Object],
      scannerAt: 1758994653560
    },
    '9L3eT5BxHWo8hEpGQ3NzbmYJRSvMN4ajDtDGxsqKhQGo': {
      id: '9L3eT5BxHWo8hEpGQ3NzbmYJRSvMN4ajDtDGxsqKhQGo',
      tokenName: 'OpenEden_X@@',
      tokenSymbol: 'EDEN✨',
      tokenAddress: '3FbH4RYYVZb8AMVwLigqKigjLNtr45Hbc5iJ7QXC33MP',
      pairAddress: '9L3eT5BxHWo8hEpGQ3NzbmYJRSvMN4ajDtDGxsqKhQGo',
      chain: 'SOL',
      exchange: 'pAMMBay6oceH9fJKBRHGP5D4bD4sWpmSwMn52FMfXEA',
      priceUsd: 0,
      volumeUsd: 60604758.09,
      mcap: 515825.11,
      priceChangePcs: [Object],
      transactions: [Object],
      audit: [Object],
      security: [Object],
      tokenCreatedTimestamp: 2025-09-27T00:58:19.000Z,
      liquidity: [Object],
      history: [Object],
      scannerAt: 1758994653560
    },
    '9l3et5bxhwo8hepgq3nzbmyjrsvmn4ajdtdgxsqkhqgo': {
      id: '9L3eT5BxHWo8hEpGQ3NzbmYJRSvMN4ajDtDGxsqKhQGo',
      tokenName: 'OpenEden_X@@',
      tokenSymbol: 'EDEN✨',
      tokenAddress: '3FbH4RYYVZb8AMVwLigqKigjLNtr45Hbc5iJ7QXC33MP',
      pairAddress: '9L3eT5BxHWo8hEpGQ3NzbmYJRSvMN4ajDtDGxsqKhQGo',
      chain: 'SOL',
      exchange: 'pAMMBay6oceH9fJKBRHGP5D4bD4sWpmSwMn52FMfXEA',
      priceUsd: 0,
      volumeUsd: 60604758.09,
      mcap: 515825.11,
      priceChangePcs: [Object],
      transactions: [Object],
      audit: [Object],
      security: [Object],
      tokenCreatedTimestamp: 2025-09-27T00:58:19.000Z,
      liquidity: [Object],
      history: [Object],
      scannerAt: 1758994653560
    },
    '5YWJdKDXJmi77oPT8VD4kTGH7yv1A9f5N4HEVepmgweN': {
      id: '5YWJdKDXJmi77oPT8VD4kTGH7yv1A9f5N4HEVepmgweN',
      tokenName: 'Monad (mainnet arc)',
      tokenSymbol: 'MON',
      tokenAddress: '5vLL55cHMYGFBTnLaSpzrcJgqzKmZznvmzQBQiiRzr7P',
      pairAddress: '5YWJdKDXJmi77oPT8VD4kTGH7yv1A9f5N4HEVepmgweN',
      chain: 'SOL',
      exchange: 'pAMMBay6oceH9fJKBRHGP5D4bD4sWpmSwMn52FMfXEA',
      priceUsd: 0,
      volumeUsd: 59984966.27,
      mcap: 624616.24,
      priceChangePcs: [Object],
      transactions: [Object],
      audit: [Object],
      security: [Object],
      tokenCreatedTimestamp: 2025-09-27T07:42:22.000Z,
      liquidity: [Object],
      history: [Object],
      scannerAt: 1758994653560
    },
    '5ywjdkdxjmi77opt8vd4ktgh7yv1a9f5n4hevepmgwen': {
      id: '5YWJdKDXJmi77oPT8VD4kTGH7yv1A9f5N4HEVepmgweN',
      tokenName: 'Monad (mainnet arc)',
      tokenSymbol: 'MON',
      tokenAddress: '5vLL55cHMYGFBTnLaSpzrcJgqzKmZznvmzQBQiiRzr7P',
      pairAddress: '5YWJdKDXJmi77oPT8VD4kTGH7yv1A9f5N4HEVepmgweN',
      chain: 'SOL',
      exchange: 'pAMMBay6oceH9fJKBRHGP5D4bD4sWpmSwMn52FMfXEA',
      priceUsd: 0,
      volumeUsd: 59984966.27,
      mcap: 624616.24,
      priceChangePcs: [Object],
      transactions: [Object],
      audit: [Object],
      security: [Object],
      tokenCreatedTimestamp: 2025-09-27T07:42:22.000Z,
      liquidity: [Object],
      history: [Object],
      scannerAt: 1758994653560
    },
    BDrDMa9mpQxoTkjYXgmZVjW9nxCi9tgrMmcfvu8fSYDF: {
      id: 'BDrDMa9mpQxoTkjYXgmZVjW9nxCi9tgrMmcfvu8fSYDF',
      tokenName: 'GOAT Network',
      tokenSymbol: 'GOATED',
      tokenAddress: '517im42zwkQQUgVZnk4fp19UBdgFv2cBt6cH5vPRbTAw',
      pairAddress: 'BDrDMa9mpQxoTkjYXgmZVjW9nxCi9tgrMmcfvu8fSYDF',
      chain: 'SOL',
      exchange: 'pAMMBay6oceH9fJKBRHGP5D4bD4sWpmSwMn52FMfXEA',
      priceUsd: 0.0009455779007439551,
      volumeUsd: 59748080.59,
      mcap: 945577.12,
      priceChangePcs: [Object],
      transactions: [Object],
      audit: [Object],
      security: [Object],
      tokenCreatedTimestamp: 2025-09-26T22:58:11.000Z,
      liquidity: [Object],
      history: [Object],
      scannerAt: 1758994653560
    },
    bdrdma9mpqxotkjyxgmzvjw9nxci9tgrmmcfvu8fsydf: {
      id: 'BDrDMa9mpQxoTkjYXgmZVjW9nxCi9tgrMmcfvu8fSYDF',
      tokenName: 'GOAT Network',
      tokenSymbol: 'GOATED',
      tokenAddress: '517im42zwkQQUgVZnk4fp19UBdgFv2cBt6cH5vPRbTAw',
      pairAddress: 'BDrDMa9mpQxoTkjYXgmZVjW9nxCi9tgrMmcfvu8fSYDF',
      chain: 'SOL',
      exchange: 'pAMMBay6oceH9fJKBRHGP5D4bD4sWpmSwMn52FMfXEA',
      priceUsd: 0.0009455779007439551,
      volumeUsd: 59748080.59,
      mcap: 945577.12,
      priceChangePcs: [Object],
      transactions: [Object],
      audit: [Object],
      security: [Object],
      tokenCreatedTimestamp: 2025-09-26T22:58:11.000Z,
      liquidity: [Object],
      history: [Object],
      scannerAt: 1758994653560
    },
    CvxgmSEvTYzs37GRSjGmGCsiCrB1X4RxMCR1pD5o7QAv: {
      id: 'CvxgmSEvTYzs37GRSjGmGCsiCrB1X4RxMCR1pD5o7QAv',
      tokenName: 'Bitlight Labs',
      tokenSymbol: 'LIGHT',
      tokenAddress: '6izx19WzDYGreCprA5wpinxdSQqRP5h4Geb3h3cG73SA',
      pairAddress: 'CvxgmSEvTYzs37GRSjGmGCsiCrB1X4RxMCR1pD5o7QAv',
      chain: 'SOL',
      exchange: 'pAMMBay6oceH9fJKBRHGP5D4bD4sWpmSwMn52FMfXEA',
      priceUsd: 0,
      volumeUsd: 59720185.09,
      mcap: 852313.07,
      priceChangePcs: [Object],
      transactions: [Object],
      audit: [Object],
      security: [Object],
      tokenCreatedTimestamp: 2025-09-27T04:58:11.000Z,
      liquidity: [Object],
      history: [Object],
      scannerAt: 1758994653560
    },
    cvxgmsevtyzs37grsjgmgcsicrb1x4rxmcr1pd5o7qav: {
      id: 'CvxgmSEvTYzs37GRSjGmGCsiCrB1X4RxMCR1pD5o7QAv',
      tokenName: 'Bitlight Labs',
      tokenSymbol: 'LIGHT',
      tokenAddress: '6izx19WzDYGreCprA5wpinxdSQqRP5h4Geb3h3cG73SA',
      pairAddress: 'CvxgmSEvTYzs37GRSjGmGCsiCrB1X4RxMCR1pD5o7QAv',
      chain: 'SOL',
      exchange: 'pAMMBay6oceH9fJKBRHGP5D4bD4sWpmSwMn52FMfXEA',
      priceUsd: 0,
      volumeUsd: 59720185.09,
      mcap: 852313.07,
      priceChangePcs: [Object],
      transactions: [Object],
      audit: [Object],
      security: [Object],
      tokenCreatedTimestamp: 2025-09-27T04:58:11.000Z,
      liquidity: [Object],
      history: [Object],
      scannerAt: 1758994653560
    },
    '7EkRhnQx5dJ9pasQosJUzMxyS12b4mEL8ipjUZ4BpwW3': {
      id: '7EkRhnQx5dJ9pasQosJUzMxyS12b4mEL8ipjUZ4BpwW3',
      tokenName: 'OpenEden_X',
      tokenSymbol: 'EDEN',
      tokenAddress: 'HRVjSJ1kv5qunM3tCJqNNhqGAvBqHXCpDRwkt8KKMxTf',
      pairAddress: '7EkRhnQx5dJ9pasQosJUzMxyS12b4mEL8ipjUZ4BpwW3',
      chain: 'SOL',
      exchange: 'pAMMBay6oceH9fJKBRHGP5D4bD4sWpmSwMn52FMfXEA',
      priceUsd: 0.0005136990373350583,
      volumeUsd: 58900805.72,
      mcap: 513698.85,
      priceChangePcs: [Object],
      transactions: [Object],
      audit: [Object],
      security: [Object],
      tokenCreatedTimestamp: 2025-09-26T13:24:40.000Z,
      liquidity: [Object],
      history: [Object],
      scannerAt: 1758994653560
    },
    '7ekrhnqx5dj9pasqosjuzmxys12b4mel8ipjuz4bpww3': {
      id: '7EkRhnQx5dJ9pasQosJUzMxyS12b4mEL8ipjUZ4BpwW3',
      tokenName: 'OpenEden_X',
      tokenSymbol: 'EDEN',
      tokenAddress: 'HRVjSJ1kv5qunM3tCJqNNhqGAvBqHXCpDRwkt8KKMxTf',
      pairAddress: '7EkRhnQx5dJ9pasQosJUzMxyS12b4mEL8ipjUZ4BpwW3',
      chain: 'SOL',
      exchange: 'pAMMBay6oceH9fJKBRHGP5D4bD4sWpmSwMn52FMfXEA',
      priceUsd: 0.0005136990373350583,
      volumeUsd: 58900805.72,
      mcap: 513698.85,
      priceChangePcs: [Object],
      transactions: [Object],
      audit: [Object],
      security: [Object],
      tokenCreatedTimestamp: 2025-09-26T13:24:40.000Z,
      liquidity: [Object],
      history: [Object],
      scannerAt: 1758994653560
    },
    '4icxYpSiggvcn6cj4F217FYvaRWVGt9tpw4FMpBUrn8e': {
      id: '4icxYpSiggvcn6cj4F217FYvaRWVGt9tpw4FMpBUrn8e',
      tokenName: 'Opensea',
      tokenSymbol: 'SEA',
      tokenAddress: '65LPZrf4ZJKSEa3eQUBQ5fV8YCmdcX91a4pG8Zsag3Jk',
      pairAddress: '4icxYpSiggvcn6cj4F217FYvaRWVGt9tpw4FMpBUrn8e',
      chain: 'SOL',
      exchange: 'pAMMBay6oceH9fJKBRHGP5D4bD4sWpmSwMn52FMfXEA',
      priceUsd: 0.00001754391853,
      volumeUsd: 57156903.74,
      mcap: 17543.91,
      priceChangePcs: [Object],
      transactions: [Object],
      audit: [Object],
      security: [Object],
      tokenCreatedTimestamp: 2025-09-27T09:38:10.000Z,
      liquidity: [Object],
      history: [Object],
      scannerAt: 1758994653560
    },
    '4icxypsiggvcn6cj4f217fyvarwvgt9tpw4fmpburn8e': {
      id: '4icxYpSiggvcn6cj4F217FYvaRWVGt9tpw4FMpBUrn8e',
      tokenName: 'Opensea',
      tokenSymbol: 'SEA',
      tokenAddress: '65LPZrf4ZJKSEa3eQUBQ5fV8YCmdcX91a4pG8Zsag3Jk',
      pairAddress: '4icxYpSiggvcn6cj4F217FYvaRWVGt9tpw4FMpBUrn8e',
      chain: 'SOL',
      exchange: 'pAMMBay6oceH9fJKBRHGP5D4bD4sWpmSwMn52FMfXEA',
      priceUsd: 0.00001754391853,
      volumeUsd: 57156903.74,
      mcap: 17543.91,
      priceChangePcs: [Object],
      transactions: [Object],
      audit: [Object],
      security: [Object],
      tokenCreatedTimestamp: 2025-09-27T09:38:10.000Z,
      liquidity: [Object],
      history: [Object],
      scannerAt: 1758994653560
    },
    CcB5AazsQ87qz4x2G2ZnNykgJzRr2gqLhTDHfktYushF: {
      id: 'CcB5AazsQ87qz4x2G2ZnNykgJzRr2gqLhTDHfktYushF',
      tokenName: 'Falcon Finance',
      tokenSymbol: 'FF',
      tokenAddress: 'FrHGaeLF8TscrKWYJFfEP7Xi91SSSYaFXZsh3Br5EPMc',
      pairAddress: 'CcB5AazsQ87qz4x2G2ZnNykgJzRr2gqLhTDHfktYushF',
      chain: 'SOL',
      exchange: 'pAMMBay6oceH9fJKBRHGP5D4bD4sWpmSwMn52FMfXEA',
      priceUsd: 0.0007532722571,
      volumeUsd: 55489769.04,
      mcap: 753271.47,
      priceChangePcs: [Object],
      transactions: [Object],
      audit: [Object],
      security: [Object],
      tokenCreatedTimestamp: 2025-09-27T11:30:55.000Z,
      liquidity: [Object],
      history: [Object],
      scannerAt: 1758994653560
    },
    ccb5aazsq87qz4x2g2znnykgjzrr2gqlhtdhfktyushf: {
      id: 'CcB5AazsQ87qz4x2G2ZnNykgJzRr2gqLhTDHfktYushF',
      tokenName: 'Falcon Finance',
      tokenSymbol: 'FF',
      tokenAddress: 'FrHGaeLF8TscrKWYJFfEP7Xi91SSSYaFXZsh3Br5EPMc',
      pairAddress: 'CcB5AazsQ87qz4x2G2ZnNykgJzRr2gqLhTDHfktYushF',
      chain: 'SOL',
      exchange: 'pAMMBay6oceH9fJKBRHGP5D4bD4sWpmSwMn52FMfXEA',
      priceUsd: 0.0007532722571,
      volumeUsd: 55489769.04,
      mcap: 753271.47,
      priceChangePcs: [Object],
      transactions: [Object],
      audit: [Object],
      security: [Object],
      tokenCreatedTimestamp: 2025-09-27T11:30:55.000Z,
      liquidity: [Object],
      history: [Object],
      scannerAt: 1758994653560
    },
    '3ucNos4NbumPLZNWztqGHNFFgkHeRMBQAVemeeomsUxv': {
      id: '3ucNos4NbumPLZNWztqGHNFFgkHeRMBQAVemeeomsUxv',
      tokenName: 'USD Coin',
      tokenSymbol: 'USDC',
      tokenAddress: 'EPjFWdd5AufqSSqeM2qN1xzybapC8G4wEGGkZwyTDt1v',
      pairAddress: '3ucNos4NbumPLZNWztqGHNFFgkHeRMBQAVemeeomsUxv',
      chain: 'SOL',
      exchange: 'CAMMCzo5YL8w4VFF8KVHrK22GGUsp5VTaW7grrKgrWqK',
      priceUsd: 1.000297761,
      volumeUsd: 54774911.1,
      mcap: 10148785864.32,
      priceChangePcs: [Object],
      transactions: [Object],
      audit: [Object],
      security: [Object],
      tokenCreatedTimestamp: 2025-01-12T20:36:22.000Z,
      liquidity: [Object],
      history: [Object],
      scannerAt: 1758994653560
    },
    '3ucnos4nbumplznwztqghnffgkhermbqavemeeomsuxv': {
      id: '3ucNos4NbumPLZNWztqGHNFFgkHeRMBQAVemeeomsUxv',
      tokenName: 'USD Coin',
      tokenSymbol: 'USDC',
      tokenAddress: 'EPjFWdd5AufqSSqeM2qN1xzybapC8G4wEGGkZwyTDt1v',
      pairAddress: '3ucNos4NbumPLZNWztqGHNFFgkHeRMBQAVemeeomsUxv',
      chain: 'SOL',
      exchange: 'CAMMCzo5YL8w4VFF8KVHrK22GGUsp5VTaW7grrKgrWqK',
      priceUsd: 1.000297761,
      volumeUsd: 54774911.1,
      mcap: 10148785864.32,
      priceChangePcs: [Object],
      transactions: [Object],
      audit: [Object],
      security: [Object],
      tokenCreatedTimestamp: 2025-01-12T20:36:22.000Z,
      liquidity: [Object],
      history: [Object],
      scannerAt: 1758994653560
    },
    '5U98VbSfqJPMejWxg1MC1Y4oFeyEMGTj8JNPcCvGp1vZ': {
      id: '5U98VbSfqJPMejWxg1MC1Y4oFeyEMGTj8JNPcCvGp1vZ',
      tokenName: 'Falcon Finance',
      tokenSymbol: 'FF',
      tokenAddress: 'A8miNTG5bvVZa8DKHPwHLBbHScf6KysgMbWpToTGZEQT',
      pairAddress: '5U98VbSfqJPMejWxg1MC1Y4oFeyEMGTj8JNPcCvGp1vZ',
      chain: 'SOL',
      exchange: 'pAMMBay6oceH9fJKBRHGP5D4bD4sWpmSwMn52FMfXEA',
      priceUsd: 0,
      volumeUsd: 54281000.56,
      mcap: 967504.2,
      priceChangePcs: [Object],
      transactions: [Object],
      audit: [Object],
      security: [Object],
      tokenCreatedTimestamp: 2025-09-27T01:17:42.000Z,
      liquidity: [Object],
      history: [Object],
      scannerAt: 1758994653560
    },
    '5u98vbsfqjpmejwxg1mc1y4ofeyemgtj8jnpccvgp1vz': {
      id: '5U98VbSfqJPMejWxg1MC1Y4oFeyEMGTj8JNPcCvGp1vZ',
      tokenName: 'Falcon Finance',
      tokenSymbol: 'FF',
      tokenAddress: 'A8miNTG5bvVZa8DKHPwHLBbHScf6KysgMbWpToTGZEQT',
      pairAddress: '5U98VbSfqJPMejWxg1MC1Y4oFeyEMGTj8JNPcCvGp1vZ',
      chain: 'SOL',
      exchange: 'pAMMBay6oceH9fJKBRHGP5D4bD4sWpmSwMn52FMfXEA',
      priceUsd: 0,
      volumeUsd: 54281000.56,
      mcap: 967504.2,
      priceChangePcs: [Object],
      transactions: [Object],
      audit: [Object],
      security: [Object],
      tokenCreatedTimestamp: 2025-09-27T01:17:42.000Z,
      liquidity: [Object],
      history: [Object],
      scannerAt: 1758994653560
    },
    CMAvF24c6DHhWL18MZ9xZDsXSepnDijbEQCUnRVprxwX: {
      id: 'CMAvF24c6DHhWL18MZ9xZDsXSepnDijbEQCUnRVprxwX',
      tokenName: 'Mira_Network',
      tokenSymbol: 'MIRA',
      tokenAddress: 'BMoMNUAJoth4YH1HdSuvqjpR6BiEkTSmZLJ7vmcrNoLW',
      pairAddress: 'CMAvF24c6DHhWL18MZ9xZDsXSepnDijbEQCUnRVprxwX',
      chain: 'SOL',
      exchange: 'pAMMBay6oceH9fJKBRHGP5D4bD4sWpmSwMn52FMfXEA',
      priceUsd: 0.00001373416277,
      volumeUsd: 51634961.52,
      mcap: 13734.16,
      priceChangePcs: [Object],
      transactions: [Object],
      audit: [Object],
      security: [Object],
      tokenCreatedTimestamp: 2025-09-27T03:47:55.000Z,
      liquidity: [Object],
      history: [Object],
      scannerAt: 1758994653560
    },
    cmavf24c6dhhwl18mz9xzdsxsepndijbeqcunrvprxwx: {
      id: 'CMAvF24c6DHhWL18MZ9xZDsXSepnDijbEQCUnRVprxwX',
      tokenName: 'Mira_Network',
      tokenSymbol: 'MIRA',
      tokenAddress: 'BMoMNUAJoth4YH1HdSuvqjpR6BiEkTSmZLJ7vmcrNoLW',
      pairAddress: 'CMAvF24c6DHhWL18MZ9xZDsXSepnDijbEQCUnRVprxwX',
      chain: 'SOL',
      exchange: 'pAMMBay6oceH9fJKBRHGP5D4bD4sWpmSwMn52FMfXEA',
      priceUsd: 0.00001373416277,
      volumeUsd: 51634961.52,
      mcap: 13734.16,
      priceChangePcs: [Object],
      transactions: [Object],
      audit: [Object],
      security: [Object],
      tokenCreatedTimestamp: 2025-09-27T03:47:55.000Z,
      liquidity: [Object],
      history: [Object],
      scannerAt: 1758994653560
    },
    F8m2TynBCNjLTvZDaDEYHvRSWdBwYWkNQqhWJTdtUMGB: {
      id: 'F8m2TynBCNjLTvZDaDEYHvRSWdBwYWkNQqhWJTdtUMGB',
      tokenName: 'MetaMask Coin',
      tokenSymbol: 'MetaMask',
      tokenAddress: 'HdsopTwezQGCgrNQtcHpMRMCJpHaXmbxtdzcBwpkJbNp',
      pairAddress: 'F8m2TynBCNjLTvZDaDEYHvRSWdBwYWkNQqhWJTdtUMGB',
      chain: 'SOL',
      exchange: 'pAMMBay6oceH9fJKBRHGP5D4bD4sWpmSwMn52FMfXEA',
      priceUsd: 0.0002458071064,
      volumeUsd: 51372979.15,
      mcap: 245806.59,
      priceChangePcs: [Object],
      transactions: [Object],
      audit: [Object],
      security: [Object],
      tokenCreatedTimestamp: 2025-09-27T03:37:36.000Z,
      liquidity: [Object],
      history: [Object],
      scannerAt: 1758994653560
    },
    f8m2tynbcnjltvzdadeyhvrswdbwywknqqhwjtdtumgb: {
      id: 'F8m2TynBCNjLTvZDaDEYHvRSWdBwYWkNQqhWJTdtUMGB',
      tokenName: 'MetaMask Coin',
      tokenSymbol: 'MetaMask',
      tokenAddress: 'HdsopTwezQGCgrNQtcHpMRMCJpHaXmbxtdzcBwpkJbNp',
      pairAddress: 'F8m2TynBCNjLTvZDaDEYHvRSWdBwYWkNQqhWJTdtUMGB',
      chain: 'SOL',
      exchange: 'pAMMBay6oceH9fJKBRHGP5D4bD4sWpmSwMn52FMfXEA',
      priceUsd: 0.0002458071064,
      volumeUsd: 51372979.15,
      mcap: 245806.59,
      priceChangePcs: [Object],
      transactions: [Object],
      audit: [Object],
      security: [Object],
      tokenCreatedTimestamp: 2025-09-27T03:37:36.000Z,
      liquidity: [Object],
      history: [Object],
      scannerAt: 1758994653560
    },
    JGLWg1ZyvvaGj7xumoFgvyBedQoTmTtgL6gfZ7TsBhu: {
      id: 'JGLWg1ZyvvaGj7xumoFgvyBedQoTmTtgL6gfZ7TsBhu',
      tokenName: 'GOAT Network',
      tokenSymbol: 'GOATED',
      tokenAddress: 'BgGsy64smJdsW1HEeXYPpwnUYid6rcDUzdNEWeij2aTg',
      pairAddress: 'JGLWg1ZyvvaGj7xumoFgvyBedQoTmTtgL6gfZ7TsBhu',
      chain: 'SOL',
      exchange: 'pAMMBay6oceH9fJKBRHGP5D4bD4sWpmSwMn52FMfXEA',
      priceUsd: 0,
      volumeUsd: 51073311.16,
      mcap: 676084.2,
      priceChangePcs: [Object],
      transactions: [Object],
      audit: [Object],
      security: [Object],
      tokenCreatedTimestamp: 2025-09-27T02:19:58.000Z,
      liquidity: [Object],
      history: [Object],
      scannerAt: 1758994653560
    },
    jglwg1zyvvagj7xumofgvybedqotmttgl6gfz7tsbhu: {
      id: 'JGLWg1ZyvvaGj7xumoFgvyBedQoTmTtgL6gfZ7TsBhu',
      tokenName: 'GOAT Network',
      tokenSymbol: 'GOATED',
      tokenAddress: 'BgGsy64smJdsW1HEeXYPpwnUYid6rcDUzdNEWeij2aTg',
      pairAddress: 'JGLWg1ZyvvaGj7xumoFgvyBedQoTmTtgL6gfZ7TsBhu',
      chain: 'SOL',
      exchange: 'pAMMBay6oceH9fJKBRHGP5D4bD4sWpmSwMn52FMfXEA',
      priceUsd: 0,
      volumeUsd: 51073311.16,
      mcap: 676084.2,
      priceChangePcs: [Object],
      transactions: [Object],
      audit: [Object],
      security: [Object],
      tokenCreatedTimestamp: 2025-09-27T02:19:58.000Z,
      liquidity: [Object],
      history: [Object],
      scannerAt: 1758994653560
    },
    '4NAdnJaeioRVcbgVusJtEpcjCdVC83icooKJ5dMZUYZb': {
      id: '4NAdnJaeioRVcbgVusJtEpcjCdVC83icooKJ5dMZUYZb',
      tokenName: 'Mask Coin',
      tokenSymbol: 'MetaMask',
      tokenAddress: 'CV7HTQR5muoKgpdCaCHXkXiYpHAm1Tw3GHvTxZWyuYxM',
      pairAddress: '4NAdnJaeioRVcbgVusJtEpcjCdVC83icooKJ5dMZUYZb',
      chain: 'SOL',
      exchange: 'pAMMBay6oceH9fJKBRHGP5D4bD4sWpmSwMn52FMfXEA',
      priceUsd: 0.0001722366045311415,
      volumeUsd: 49586584.66,
      mcap: 172235.69,
      priceChangePcs: [Object],
      transactions: [Object],
      audit: [Object],
      security: [Object],
      tokenCreatedTimestamp: 2025-09-26T21:24:44.000Z,
      liquidity: [Object],
      history: [Object],
      scannerAt: 1758994653560
    },
    '4nadnjaeiorvcbgvusjtepcjcdvc83icookj5dmzuyzb': {
      id: '4NAdnJaeioRVcbgVusJtEpcjCdVC83icooKJ5dMZUYZb',
      tokenName: 'Mask Coin',
      tokenSymbol: 'MetaMask',
      tokenAddress: 'CV7HTQR5muoKgpdCaCHXkXiYpHAm1Tw3GHvTxZWyuYxM',
      pairAddress: '4NAdnJaeioRVcbgVusJtEpcjCdVC83icooKJ5dMZUYZb',
      chain: 'SOL',
      exchange: 'pAMMBay6oceH9fJKBRHGP5D4bD4sWpmSwMn52FMfXEA',
      priceUsd: 0.0001722366045311415,
      volumeUsd: 49586584.66,
      mcap: 172235.69,
      priceChangePcs: [Object],
      transactions: [Object],
      audit: [Object],
      security: [Object],
      tokenCreatedTimestamp: 2025-09-26T21:24:44.000Z,
      liquidity: [Object],
      history: [Object],
      scannerAt: 1758994653560
    },
    '0x5777d92f208679DB4b9778590Fa3CAB3aC9e2168': {
      id: '0x5777d92f208679DB4b9778590Fa3CAB3aC9e2168',
      tokenName: 'Dai Stablecoin',
      tokenSymbol: 'DAI',
      tokenAddress: '0x6B175474E89094C44Da98b954EedeAC495271d0F',
      pairAddress: '0x5777d92f208679DB4b9778590Fa3CAB3aC9e2168',
      chain: 'ETH',
      exchange: '0x68b3465833fb72A70ecDF485E0e4C7bD8665Fc45',
      priceUsd: 0.9999155108457336,
      volumeUsd: 49011422.18,
      mcap: 4601454987.11,
      priceChangePcs: [Object],
      transactions: [Object],
      audit: [Object],
      security: [Object],
      tokenCreatedTimestamp: 2021-11-13T02:45:03.000Z,
      liquidity: [Object],
      history: [Object],
      scannerAt: 1758994653560
    },
    '0x5777d92f208679db4b9778590fa3cab3ac9e2168': {
      id: '0x5777d92f208679DB4b9778590Fa3CAB3aC9e2168',
      tokenName: 'Dai Stablecoin',
      tokenSymbol: 'DAI',
      tokenAddress: '0x6B175474E89094C44Da98b954EedeAC495271d0F',
      pairAddress: '0x5777d92f208679DB4b9778590Fa3CAB3aC9e2168',
      chain: 'ETH',
      exchange: '0x68b3465833fb72A70ecDF485E0e4C7bD8665Fc45',
      priceUsd: 0.9999155108457336,
      volumeUsd: 49011422.18,
      mcap: 4601454987.11,
      priceChangePcs: [Object],
      transactions: [Object],
      audit: [Object],
      security: [Object],
      tokenCreatedTimestamp: 2021-11-13T02:45:03.000Z,
      liquidity: [Object],
      history: [Object],
      scannerAt: 1758994653560
    },
    '84fZSnPSyjxc23X1rvtZgJSXHSo4CGjFSLnyipZrkwyV': {
      id: '84fZSnPSyjxc23X1rvtZgJSXHSo4CGjFSLnyipZrkwyV',
      tokenName: 'OpenEden_X',
      tokenSymbol: 'EDEN',
      tokenAddress: '92BAaCDPw4Q4ux2hqrwA1mbbnhJefjzWy7H31tH2xbaT',
      pairAddress: '84fZSnPSyjxc23X1rvtZgJSXHSo4CGjFSLnyipZrkwyV',
      chain: 'SOL',
      exchange: 'pAMMBay6oceH9fJKBRHGP5D4bD4sWpmSwMn52FMfXEA',
      priceUsd: 0.0005466589487718114,
      volumeUsd: 47890932.89,
      mcap: 546658.44,
      priceChangePcs: [Object],
      transactions: [Object],
      audit: [Object],
      security: [Object],
      tokenCreatedTimestamp: 2025-09-26T16:04:31.000Z,
      liquidity: [Object],
      history: [Object],
      scannerAt: 1758994653560
    },
    '84fzsnpsyjxc23x1rvtzgjsxhso4cgjfslnyipzrkwyv': {
      id: '84fZSnPSyjxc23X1rvtZgJSXHSo4CGjFSLnyipZrkwyV',
      tokenName: 'OpenEden_X',
      tokenSymbol: 'EDEN',
      tokenAddress: '92BAaCDPw4Q4ux2hqrwA1mbbnhJefjzWy7H31tH2xbaT',
      pairAddress: '84fZSnPSyjxc23X1rvtZgJSXHSo4CGjFSLnyipZrkwyV',
      chain: 'SOL',
      exchange: 'pAMMBay6oceH9fJKBRHGP5D4bD4sWpmSwMn52FMfXEA',
      priceUsd: 0.0005466589487718114,
      volumeUsd: 47890932.89,
      mcap: 546658.44,
      priceChangePcs: [Object],
      transactions: [Object],
      audit: [Object],
      security: [Object],
      tokenCreatedTimestamp: 2025-09-26T16:04:31.000Z,
      liquidity: [Object],
      history: [Object],
      scannerAt: 1758994653560
    },
    '86y2dm9iex1emL289N62tk75awZVmYrFuHDQXdwWDUxE': {
      id: '86y2dm9iex1emL289N62tk75awZVmYrFuHDQXdwWDUxE',
      tokenName: 'Official Ronaldo',
      tokenSymbol: 'CR7',
      tokenAddress: '6dPGogSySP69D9MVuaRPauFQDTsma8XZAwN5NtQZaFo9',
      pairAddress: '86y2dm9iex1emL289N62tk75awZVmYrFuHDQXdwWDUxE',
      chain: 'SOL',
      exchange: 'pAMMBay6oceH9fJKBRHGP5D4bD4sWpmSwMn52FMfXEA',
      priceUsd: 0.00001261652886,
      volumeUsd: 47099357.74,
      mcap: 12616.52,
      priceChangePcs: [Object],
      transactions: [Object],
      audit: [Object],
      security: [Object],
      tokenCreatedTimestamp: 2025-09-27T07:12:36.000Z,
      liquidity: [Object],
      history: [Object],
      scannerAt: 1758994653560
    },
    '86y2dm9iex1eml289n62tk75awzvmyrfuhdqxdwwduxe': {
      id: '86y2dm9iex1emL289N62tk75awZVmYrFuHDQXdwWDUxE',
      tokenName: 'Official Ronaldo',
      tokenSymbol: 'CR7',
      tokenAddress: '6dPGogSySP69D9MVuaRPauFQDTsma8XZAwN5NtQZaFo9',
      pairAddress: '86y2dm9iex1emL289N62tk75awZVmYrFuHDQXdwWDUxE',
      chain: 'SOL',
      exchange: 'pAMMBay6oceH9fJKBRHGP5D4bD4sWpmSwMn52FMfXEA',
      priceUsd: 0.00001261652886,
      volumeUsd: 47099357.74,
      mcap: 12616.52,
      priceChangePcs: [Object],
      transactions: [Object],
      audit: [Object],
      security: [Object],
      tokenCreatedTimestamp: 2025-09-27T07:12:36.000Z,
      liquidity: [Object],
      history: [Object],
      scannerAt: 1758994653560
    },
    '0x88e6A0c2dDD26FEEb64F039a2c41296FcB3f5640': {
      id: '0x88e6A0c2dDD26FEEb64F039a2c41296FcB3f5640',
      tokenName: 'USD Coin',
      tokenSymbol: 'USDC',
      tokenAddress: '0xA0b86991c6218b36c1d19D4a2e9Eb0cE3606eB48',
      pairAddress: '0x88e6A0c2dDD26FEEb64F039a2c41296FcB3f5640',
      chain: 'ETH',
      exchange: '0x68b3465833fb72A70ecDF485E0e4C7bD8665Fc45',
      priceUsd: 0.9985787857875046,
      volumeUsd: 44900233.26,
      mcap: 48698178912.27,
      priceChangePcs: [Object],
      transactions: [Object],
      audit: [Object],
      security: [Object],
      tokenCreatedTimestamp: 2021-05-05T21:42:11.000Z,
      liquidity: [Object],
      history: [Object],
      scannerAt: 1758994653560
    },
    '0x88e6a0c2ddd26feeb64f039a2c41296fcb3f5640': {
      id: '0x88e6A0c2dDD26FEEb64F039a2c41296FcB3f5640',
      tokenName: 'USD Coin',
      tokenSymbol: 'USDC',
      tokenAddress: '0xA0b86991c6218b36c1d19D4a2e9Eb0cE3606eB48',
      pairAddress: '0x88e6A0c2dDD26FEEb64F039a2c41296FcB3f5640',
      chain: 'ETH',
      exchange: '0x68b3465833fb72A70ecDF485E0e4C7bD8665Fc45',
      priceUsd: 0.9985787857875046,
      volumeUsd: 44900233.26,
      mcap: 48698178912.27,
      priceChangePcs: [Object],
      transactions: [Object],
      audit: [Object],
      security: [Object],
      tokenCreatedTimestamp: 2021-05-05T21:42:11.000Z,
      liquidity: [Object],
      history: [Object],
      scannerAt: 1758994653560
    },
    '5WRDHbRmSm7nQ73KtVCLMnTDEoSBPH6ZfX9dd68UhmuR': {
      id: '5WRDHbRmSm7nQ73KtVCLMnTDEoSBPH6ZfX9dd68UhmuR',
      tokenName: 'Bitlight Labs',
      tokenSymbol: 'LIGHT✨',
      tokenAddress: '2KUNyDwcfw4wHkSnugapjTT1JdrtsoPfdAD6JfsyVSn5',
      pairAddress: '5WRDHbRmSm7nQ73KtVCLMnTDEoSBPH6ZfX9dd68UhmuR',
      chain: 'SOL',
      exchange: 'pAMMBay6oceH9fJKBRHGP5D4bD4sWpmSwMn52FMfXEA',
      priceUsd: 0.00001285406402,
      volumeUsd: 43954494.01,
      mcap: 12854.06,
      priceChangePcs: [Object],
      transactions: [Object],
      audit: [Object],
      security: [Object],
      tokenCreatedTimestamp: 2025-09-27T01:54:54.000Z,
      liquidity: [Object],
      history: [Object],
      scannerAt: 1758994653560
    },
    '5wrdhbrmsm7nq73ktvclmntdeosbph6zfx9dd68uhmur': {
      id: '5WRDHbRmSm7nQ73KtVCLMnTDEoSBPH6ZfX9dd68UhmuR',
      tokenName: 'Bitlight Labs',
      tokenSymbol: 'LIGHT✨',
      tokenAddress: '2KUNyDwcfw4wHkSnugapjTT1JdrtsoPfdAD6JfsyVSn5',
      pairAddress: '5WRDHbRmSm7nQ73KtVCLMnTDEoSBPH6ZfX9dd68UhmuR',
      chain: 'SOL',
      exchange: 'pAMMBay6oceH9fJKBRHGP5D4bD4sWpmSwMn52FMfXEA',
      priceUsd: 0.00001285406402,
      volumeUsd: 43954494.01,
      mcap: 12854.06,
      priceChangePcs: [Object],
      transactions: [Object],
      audit: [Object],
      security: [Object],
      tokenCreatedTimestamp: 2025-09-27T01:54:54.000Z,
      liquidity: [Object],
      history: [Object],
      scannerAt: 1758994653560
    },
    '3XP2gPB5P6TkvUuSnpNd136TtaGxSXibjDkvFvYFB6mK': {
      id: '3XP2gPB5P6TkvUuSnpNd136TtaGxSXibjDkvFvYFB6mK',
      tokenName: 'Bitlight Labs',
      tokenSymbol: 'LIGHT',
      tokenAddress: '8pEpKLkcFB22rjg7SzervrhWPEaXVjVhtPa1EPWZEXBK',
      pairAddress: '3XP2gPB5P6TkvUuSnpNd136TtaGxSXibjDkvFvYFB6mK',
      chain: 'SOL',
      exchange: 'pAMMBay6oceH9fJKBRHGP5D4bD4sWpmSwMn52FMfXEA',
      priceUsd: 0,
      volumeUsd: 43213620.5,
      mcap: 591700.93,
      priceChangePcs: [Object],
      transactions: [Object],
      audit: [Object],
      security: [Object],
      tokenCreatedTimestamp: 2025-09-27T10:29:33.000Z,
      liquidity: [Object],
      history: [Object],
      scannerAt: 1758994653560
    },
    '3xp2gpb5p6tkvuusnpnd136ttagxsxibjdkvfvyfb6mk': {
      id: '3XP2gPB5P6TkvUuSnpNd136TtaGxSXibjDkvFvYFB6mK',
      tokenName: 'Bitlight Labs',
      tokenSymbol: 'LIGHT',
      tokenAddress: '8pEpKLkcFB22rjg7SzervrhWPEaXVjVhtPa1EPWZEXBK',
      pairAddress: '3XP2gPB5P6TkvUuSnpNd136TtaGxSXibjDkvFvYFB6mK',
      chain: 'SOL',
      exchange: 'pAMMBay6oceH9fJKBRHGP5D4bD4sWpmSwMn52FMfXEA',
      priceUsd: 0,
      volumeUsd: 43213620.5,
      mcap: 591700.93,
      priceChangePcs: [Object],
      transactions: [Object],
      audit: [Object],
      security: [Object],
      tokenCreatedTimestamp: 2025-09-27T10:29:33.000Z,
      liquidity: [Object],
      history: [Object],
      scannerAt: 1758994653560
    },
    '6NBeuSTRBmFhMBGAKcUT8V9YbSYz9rVypH9eoHe9j4Hj': {
      id: '6NBeuSTRBmFhMBGAKcUT8V9YbSYz9rVypH9eoHe9j4Hj',
      tokenName: 'Plasma',
      tokenSymbol: 'XPL',
      tokenAddress: '2c61jFWDoP5uwczFnLLyahCgCmLbAPMZcoPXptFZeAHM',
      pairAddress: '6NBeuSTRBmFhMBGAKcUT8V9YbSYz9rVypH9eoHe9j4Hj',
      chain: 'SOL',
      exchange: 'pAMMBay6oceH9fJKBRHGP5D4bD4sWpmSwMn52FMfXEA',
      priceUsd: 0.000012032587287082554,
      volumeUsd: 42234470.57,
      mcap: 12032.58,
      priceChangePcs: [Object],
      transactions: [Object],
      audit: [Object],
      security: [Object],
      tokenCreatedTimestamp: 2025-09-26T20:48:50.000Z,
      liquidity: [Object],
      history: [Object],
      scannerAt: 1758994653560
    },
    '6nbeustrbmfhmbgakcut8v9ybsyz9rvyph9eohe9j4hj': {
      id: '6NBeuSTRBmFhMBGAKcUT8V9YbSYz9rVypH9eoHe9j4Hj',
      tokenName: 'Plasma',
      tokenSymbol: 'XPL',
      tokenAddress: '2c61jFWDoP5uwczFnLLyahCgCmLbAPMZcoPXptFZeAHM',
      pairAddress: '6NBeuSTRBmFhMBGAKcUT8V9YbSYz9rVypH9eoHe9j4Hj',
      chain: 'SOL',
      exchange: 'pAMMBay6oceH9fJKBRHGP5D4bD4sWpmSwMn52FMfXEA',
      priceUsd: 0.000012032587287082554,
      volumeUsd: 42234470.57,
      mcap: 12032.58,
      priceChangePcs: [Object],
      transactions: [Object],
      audit: [Object],
      security: [Object],
      tokenCreatedTimestamp: 2025-09-26T20:48:50.000Z,
      liquidity: [Object],
      history: [Object],
      scannerAt: 1758994653560
    },
    HTvjzsfX3yU6BUodCjZ5vZkUrAxMDTrBs3CJaq43ashR: {
      id: 'HTvjzsfX3yU6BUodCjZ5vZkUrAxMDTrBs3CJaq43ashR',
      tokenName: 'USD Coin',
      tokenSymbol: 'USDC',
      tokenAddress: 'EPjFWdd5AufqSSqeM2qN1xzybapC8G4wEGGkZwyTDt1v',
      pairAddress: 'HTvjzsfX3yU6BUodCjZ5vZkUrAxMDTrBs3CJaq43ashR',
      chain: 'SOL',
      exchange: 'LBUZKhRxPF3XUpBCjp4YzTKgLccjZhTSDM9YuVaPwxo',
      priceUsd: 0.9996404144,
      volumeUsd: 42138387.84,
      mcap: 10142116580.29,
      priceChangePcs: [Object],
      transactions: [Object],
      audit: [Object],
      security: [Object],
      tokenCreatedTimestamp: 2025-01-16T08:06:00.000Z,
      liquidity: [Object],
      history: [Object],
      scannerAt: 1758994653560
    },
    htvjzsfx3yu6buodcjz5vzkuraxmdtrbs3cjaq43ashr: {
      id: 'HTvjzsfX3yU6BUodCjZ5vZkUrAxMDTrBs3CJaq43ashR',
      tokenName: 'USD Coin',
      tokenSymbol: 'USDC',
      tokenAddress: 'EPjFWdd5AufqSSqeM2qN1xzybapC8G4wEGGkZwyTDt1v',
      pairAddress: 'HTvjzsfX3yU6BUodCjZ5vZkUrAxMDTrBs3CJaq43ashR',
      chain: 'SOL',
      exchange: 'LBUZKhRxPF3XUpBCjp4YzTKgLccjZhTSDM9YuVaPwxo',
      priceUsd: 0.9996404144,
      volumeUsd: 42138387.84,
      mcap: 10142116580.29,
      priceChangePcs: [Object],
      transactions: [Object],
      audit: [Object],
      security: [Object],
      tokenCreatedTimestamp: 2025-01-16T08:06:00.000Z,
      liquidity: [Object],
      history: [Object],
      scannerAt: 1758994653560
    },
    EuPnpWGTPB5iYm34rTzk7aCvhBzZvGEjXhRwE65ShBdE: {
      id: 'EuPnpWGTPB5iYm34rTzk7aCvhBzZvGEjXhRwE65ShBdE',
      tokenName: 'Bitlight Labs',
      tokenSymbol: 'LIGHT',
      tokenAddress: '35ueb87P8QGLMJg8sJJL9KzsGnauNRdY3cj2gCu5rhyx',
      pairAddress: 'EuPnpWGTPB5iYm34rTzk7aCvhBzZvGEjXhRwE65ShBdE',
      chain: 'SOL',
      exchange: 'pAMMBay6oceH9fJKBRHGP5D4bD4sWpmSwMn52FMfXEA',
      priceUsd: 0,
      volumeUsd: 42110761.83,
      mcap: 510758.05,
      priceChangePcs: [Object],
      transactions: [Object],
      audit: [Object],
      security: [Object],
      tokenCreatedTimestamp: 2025-09-27T08:24:21.000Z,
      liquidity: [Object],
      history: [Object],
      scannerAt: 1758994653560
    },
    eupnpwgtpb5iym34rtzk7acvhbzzvgejxhrwe65shbde: {
      id: 'EuPnpWGTPB5iYm34rTzk7aCvhBzZvGEjXhRwE65ShBdE',
      tokenName: 'Bitlight Labs',
      tokenSymbol: 'LIGHT',
      tokenAddress: '35ueb87P8QGLMJg8sJJL9KzsGnauNRdY3cj2gCu5rhyx',
      pairAddress: 'EuPnpWGTPB5iYm34rTzk7aCvhBzZvGEjXhRwE65ShBdE',
      chain: 'SOL',
      exchange: 'pAMMBay6oceH9fJKBRHGP5D4bD4sWpmSwMn52FMfXEA',
      priceUsd: 0,
      volumeUsd: 42110761.83,
      mcap: 510758.05,
      priceChangePcs: [Object],
      transactions: [Object],
      audit: [Object],
      security: [Object],
      tokenCreatedTimestamp: 2025-09-27T08:24:21.000Z,
      liquidity: [Object],
      history: [Object],
      scannerAt: 1758994653560
    },
    '7A8XiSivB8ZpRL6T7qJFYv2wkxnEubRXt5DbAx15hzAB': {
      id: '7A8XiSivB8ZpRL6T7qJFYv2wkxnEubRXt5DbAx15hzAB',
      tokenName: 'BestWalletHQ',
      tokenSymbol: 'Best',
      tokenAddress: 'EPKQvx5DVHDa2cNgXtNTvCtfmhNKKPrUFDDtXDUG5Fxa',
      pairAddress: '7A8XiSivB8ZpRL6T7qJFYv2wkxnEubRXt5DbAx15hzAB',
      chain: 'SOL',
      exchange: 'pAMMBay6oceH9fJKBRHGP5D4bD4sWpmSwMn52FMfXEA',
      priceUsd: 0.00001927527081141244,
      volumeUsd: 41789323.4,
      mcap: 19275.26,
      priceChangePcs: [Object],
      transactions: [Object],
      audit: [Object],
      security: [Object],
      tokenCreatedTimestamp: 2025-09-26T22:56:35.000Z,
      liquidity: [Object],
      history: [Object],
      scannerAt: 1758994653560
    },
    '7a8xisivb8zprl6t7qjfyv2wkxneubrxt5dbax15hzab': {
      id: '7A8XiSivB8ZpRL6T7qJFYv2wkxnEubRXt5DbAx15hzAB',
      tokenName: 'BestWalletHQ',
      tokenSymbol: 'Best',
      tokenAddress: 'EPKQvx5DVHDa2cNgXtNTvCtfmhNKKPrUFDDtXDUG5Fxa',
      pairAddress: '7A8XiSivB8ZpRL6T7qJFYv2wkxnEubRXt5DbAx15hzAB',
      chain: 'SOL',
      exchange: 'pAMMBay6oceH9fJKBRHGP5D4bD4sWpmSwMn52FMfXEA',
      priceUsd: 0.00001927527081141244,
      volumeUsd: 41789323.4,
      mcap: 19275.26,
      priceChangePcs: [Object],
      transactions: [Object],
      audit: [Object],
      security: [Object],
      tokenCreatedTimestamp: 2025-09-26T22:56:35.000Z,
      liquidity: [Object],
      history: [Object],
      scannerAt: 1758994653560
    },
    '0x924E62a3689e7B94F397E61ac796DaBfEa32E93B': {
      id: '0x924E62a3689e7B94F397E61ac796DaBfEa32E93B',
      tokenName: 'TRADOOR',
      tokenSymbol: 'TRADOOR',
      tokenAddress: '0x9123400446a56176Eb1B6BE9ee5CF703e409F492',
      pairAddress: '0x924E62a3689e7B94F397E61ac796DaBfEa32E93B',
      chain: 'BSC',
      exchange: '0x1b81D678ffb9C0263b24A97847620C99d213eB14',
      priceUsd: 2.5552895577163492,
      volumeUsd: 41552637.8,
      mcap: 153317373.46,
      priceChangePcs: [Object],
      transactions: [Object],
      audit: [Object],
      security: [Object],
      tokenCreatedTimestamp: 2025-09-03T09:44:32.000Z,
      liquidity: [Object],
      history: [Object],
      scannerAt: 1758994653560
    },
    '0x924e62a3689e7b94f397e61ac796dabfea32e93b': {
      id: '0x924E62a3689e7B94F397E61ac796DaBfEa32E93B',
      tokenName: 'TRADOOR',
      tokenSymbol: 'TRADOOR',
      tokenAddress: '0x9123400446a56176Eb1B6BE9ee5CF703e409F492',
      pairAddress: '0x924E62a3689e7B94F397E61ac796DaBfEa32E93B',
      chain: 'BSC',
      exchange: '0x1b81D678ffb9C0263b24A97847620C99d213eB14',
      priceUsd: 2.5552895577163492,
      volumeUsd: 41552637.8,
      mcap: 153317373.46,
      priceChangePcs: [Object],
      transactions: [Object],
      audit: [Object],
      security: [Object],
      tokenCreatedTimestamp: 2025-09-03T09:44:32.000Z,
      liquidity: [Object],
      history: [Object],
      scannerAt: 1758994653560
    },
    EPUn9VkhAHVjtbX9Rsv7RsoZwnUSxyv1eVuUqwXkAh2z: {
      id: 'EPUn9VkhAHVjtbX9Rsv7RsoZwnUSxyv1eVuUqwXkAh2z',
      tokenName: 'Mira Network',
      tokenSymbol: 'MIRA',
      tokenAddress: 'BvzcpKGyhE1ACoWLzrYvH7hhgYTBUgnmvoPkB4WxHz9X',
      pairAddress: 'EPUn9VkhAHVjtbX9Rsv7RsoZwnUSxyv1eVuUqwXkAh2z',
      chain: 'SOL',
      exchange: 'pAMMBay6oceH9fJKBRHGP5D4bD4sWpmSwMn52FMfXEA',
      priceUsd: 0.00043223732593828887,
      volumeUsd: 41282234.94,
      mcap: 432237.15,
      priceChangePcs: [Object],
      transactions: [Object],
      audit: [Object],
      security: [Object],
      tokenCreatedTimestamp: 2025-09-26T13:34:47.000Z,
      liquidity: [Object],
      history: [Object],
      scannerAt: 1758994653560
    },
    epun9vkhahvjtbx9rsv7rsozwnusxyv1evuuqwxkah2z: {
      id: 'EPUn9VkhAHVjtbX9Rsv7RsoZwnUSxyv1eVuUqwXkAh2z',
      tokenName: 'Mira Network',
      tokenSymbol: 'MIRA',
      tokenAddress: 'BvzcpKGyhE1ACoWLzrYvH7hhgYTBUgnmvoPkB4WxHz9X',
      pairAddress: 'EPUn9VkhAHVjtbX9Rsv7RsoZwnUSxyv1eVuUqwXkAh2z',
      chain: 'SOL',
      exchange: 'pAMMBay6oceH9fJKBRHGP5D4bD4sWpmSwMn52FMfXEA',
      priceUsd: 0.00043223732593828887,
      volumeUsd: 41282234.94,
      mcap: 432237.15,
      priceChangePcs: [Object],
      transactions: [Object],
      audit: [Object],
      security: [Object],
      tokenCreatedTimestamp: 2025-09-26T13:34:47.000Z,
      liquidity: [Object],
      history: [Object],
      scannerAt: 1758994653560
    },
    AY1NRnBPV1fzNaWd8AGJ2v78iFoALrBsGc4oXBTuxQ7s: {
      id: 'AY1NRnBPV1fzNaWd8AGJ2v78iFoALrBsGc4oXBTuxQ7s',
      tokenName: 'MetaMask Coin',
      tokenSymbol: 'Meta-Mask',
      tokenAddress: 'GQMBkmv3rFJEsiXfRDJbd16TmGP8RckKnjGie5JPhGWf',
      pairAddress: 'AY1NRnBPV1fzNaWd8AGJ2v78iFoALrBsGc4oXBTuxQ7s',
      chain: 'SOL',
      exchange: 'pAMMBay6oceH9fJKBRHGP5D4bD4sWpmSwMn52FMfXEA',
      priceUsd: 0.0002198564611,
      volumeUsd: 41247541,
      mcap: 219855.79,
      priceChangePcs: [Object],
      transactions: [Object],
      audit: [Object],
      security: [Object],
      tokenCreatedTimestamp: 2025-09-27T09:11:49.000Z,
      liquidity: [Object],
      history: [Object],
      scannerAt: 1758994653560
    },
    ay1nrnbpv1fznawd8agj2v78ifoalrbsgc4oxbtuxq7s: {
      id: 'AY1NRnBPV1fzNaWd8AGJ2v78iFoALrBsGc4oXBTuxQ7s',
      tokenName: 'MetaMask Coin',
      tokenSymbol: 'Meta-Mask',
      tokenAddress: 'GQMBkmv3rFJEsiXfRDJbd16TmGP8RckKnjGie5JPhGWf',
      pairAddress: 'AY1NRnBPV1fzNaWd8AGJ2v78iFoALrBsGc4oXBTuxQ7s',
      chain: 'SOL',
      exchange: 'pAMMBay6oceH9fJKBRHGP5D4bD4sWpmSwMn52FMfXEA',
      priceUsd: 0.0002198564611,
      volumeUsd: 41247541,
      mcap: 219855.79,
      priceChangePcs: [Object],
      transactions: [Object],
      audit: [Object],
      security: [Object],
      tokenCreatedTimestamp: 2025-09-27T09:11:49.000Z,
      liquidity: [Object],
      history: [Object],
      scannerAt: 1758994653560
    },
    '88G7sDF7RvU5x1w5uyYVoCkK7SZewNywDGQA4rL7XsoY': {
      id: '88G7sDF7RvU5x1w5uyYVoCkK7SZewNywDGQA4rL7XsoY',
      tokenName: 'Mask Coin',
      tokenSymbol: 'MetaMask',
      tokenAddress: '9c5NpRifGwvuidHBq6Vw8Hgpcg27RMpJ6Qd9FiSVgPFs',
      pairAddress: '88G7sDF7RvU5x1w5uyYVoCkK7SZewNywDGQA4rL7XsoY',
      chain: 'SOL',
      exchange: 'pAMMBay6oceH9fJKBRHGP5D4bD4sWpmSwMn52FMfXEA',
      priceUsd: 0.00019669429883955626,
      volumeUsd: 40506920.05,
      mcap: 196693.9,
      priceChangePcs: [Object],
      transactions: [Object],
      audit: [Object],
      security: [Object],
      tokenCreatedTimestamp: 2025-09-26T13:25:32.000Z,
      liquidity: [Object],
      history: [Object],
      scannerAt: 1758994653560
    },
    '88g7sdf7rvu5x1w5uyyvockk7szewnywdgqa4rl7xsoy': {
      id: '88G7sDF7RvU5x1w5uyYVoCkK7SZewNywDGQA4rL7XsoY',
      tokenName: 'Mask Coin',
      tokenSymbol: 'MetaMask',
      tokenAddress: '9c5NpRifGwvuidHBq6Vw8Hgpcg27RMpJ6Qd9FiSVgPFs',
      pairAddress: '88G7sDF7RvU5x1w5uyYVoCkK7SZewNywDGQA4rL7XsoY',
      chain: 'SOL',
      exchange: 'pAMMBay6oceH9fJKBRHGP5D4bD4sWpmSwMn52FMfXEA',
      priceUsd: 0.00019669429883955626,
      volumeUsd: 40506920.05,
      mcap: 196693.9,
      priceChangePcs: [Object],
      transactions: [Object],
      audit: [Object],
      security: [Object],
      tokenCreatedTimestamp: 2025-09-26T13:25:32.000Z,
      liquidity: [Object],
      history: [Object],
      scannerAt: 1758994653560
    },
    '0xE0554a476A092703abdB3Ef35c80e0D76d32939F': {
      id: '0xE0554a476A092703abdB3Ef35c80e0D76d32939F',
      tokenName: 'USD Coin',
      tokenSymbol: 'USDC',
      tokenAddress: '0xA0b86991c6218b36c1d19D4a2e9Eb0cE3606eB48',
      pairAddress: '0xE0554a476A092703abdB3Ef35c80e0D76d32939F',
      chain: 'ETH',
      exchange: '0x68b3465833fb72A70ecDF485E0e4C7bD8665Fc45',
      priceUsd: 0.9988846665031407,
      volumeUsd: 39975519.68,
      mcap: 48713095946.39,
      priceChangePcs: [Object],
      transactions: [Object],
      audit: [Object],
      security: [Object],
      tokenCreatedTimestamp: 2021-11-14T21:44:29.000Z,
      liquidity: [Object],
      history: [Object],
      scannerAt: 1758994653560
    },
    '0xe0554a476a092703abdb3ef35c80e0d76d32939f': {
      id: '0xE0554a476A092703abdB3Ef35c80e0D76d32939F',
      tokenName: 'USD Coin',
      tokenSymbol: 'USDC',
      tokenAddress: '0xA0b86991c6218b36c1d19D4a2e9Eb0cE3606eB48',
      pairAddress: '0xE0554a476A092703abdB3Ef35c80e0D76d32939F',
      chain: 'ETH',
      exchange: '0x68b3465833fb72A70ecDF485E0e4C7bD8665Fc45',
      priceUsd: 0.9988846665031407,
      volumeUsd: 39975519.68,
      mcap: 48713095946.39,
      priceChangePcs: [Object],
      transactions: [Object],
      audit: [Object],
      security: [Object],
      tokenCreatedTimestamp: 2021-11-14T21:44:29.000Z,
      liquidity: [Object],
      history: [Object],
      scannerAt: 1758994653560
    },
    '8g7n7j1BJssKNA4sXAcpCuZCqiYRnaUVfQFFe8LDuALH': {
      id: '8g7n7j1BJssKNA4sXAcpCuZCqiYRnaUVfQFFe8LDuALH',
      tokenName: 'MIRA',
      tokenSymbol: 'MIRA',
      tokenAddress: 'HzmH1zXBGpLttVGHev58rAs6RwJYXnWrP3kAU6BxzCYr',
      pairAddress: '8g7n7j1BJssKNA4sXAcpCuZCqiYRnaUVfQFFe8LDuALH',
      chain: 'SOL',
      exchange: 'pAMMBay6oceH9fJKBRHGP5D4bD4sWpmSwMn52FMfXEA',
      priceUsd: 0,
      volumeUsd: 39120169.9,
      mcap: 385568.85,
      priceChangePcs: [Object],
      transactions: [Object],
      audit: [Object],
      security: [Object],
      tokenCreatedTimestamp: 2025-09-26T23:47:34.000Z,
      liquidity: [Object],
      history: [Object],
      scannerAt: 1758994653560
    },
    '8g7n7j1bjsskna4sxacpcuzcqiyrnauvfqffe8ldualh': {
      id: '8g7n7j1BJssKNA4sXAcpCuZCqiYRnaUVfQFFe8LDuALH',
      tokenName: 'MIRA',
      tokenSymbol: 'MIRA',
      tokenAddress: 'HzmH1zXBGpLttVGHev58rAs6RwJYXnWrP3kAU6BxzCYr',
      pairAddress: '8g7n7j1BJssKNA4sXAcpCuZCqiYRnaUVfQFFe8LDuALH',
      chain: 'SOL',
      exchange: 'pAMMBay6oceH9fJKBRHGP5D4bD4sWpmSwMn52FMfXEA',
      priceUsd: 0,
      volumeUsd: 39120169.9,
      mcap: 385568.85,
      priceChangePcs: [Object],
      transactions: [Object],
      audit: [Object],
      security: [Object],
      tokenCreatedTimestamp: 2025-09-26T23:47:34.000Z,
      liquidity: [Object],
      history: [Object],
      scannerAt: 1758994653560
    },
    '9nQQohMsSWAYL8ZzdRSjD54SKEEvyz9wmSQrk3t4st3X': {
      id: '9nQQohMsSWAYL8ZzdRSjD54SKEEvyz9wmSQrk3t4st3X',
      tokenName: 'Nyx Eternal',
      tokenSymbol: 'NYX',
      tokenAddress: 'BwUuMTwiCUruHcAXZ6C4jQX9hFnJKavq43FXiR7FPLGQ',
      pairAddress: '9nQQohMsSWAYL8ZzdRSjD54SKEEvyz9wmSQrk3t4st3X',
      chain: 'SOL',
      exchange: 'pAMMBay6oceH9fJKBRHGP5D4bD4sWpmSwMn52FMfXEA',
      priceUsd: 0.0002313684457266388,
      volumeUsd: 39019579.41,
      mcap: 231368.02,
      priceChangePcs: [Object],
      transactions: [Object],
      audit: [Object],
      security: [Object],
      tokenCreatedTimestamp: 2025-09-26T22:03:13.000Z,
      liquidity: [Object],
      history: [Object],
      scannerAt: 1758994653560
    },
    '9nqqohmsswayl8zzdrsjd54skeevyz9wmsqrk3t4st3x': {
      id: '9nQQohMsSWAYL8ZzdRSjD54SKEEvyz9wmSQrk3t4st3X',
      tokenName: 'Nyx Eternal',
      tokenSymbol: 'NYX',
      tokenAddress: 'BwUuMTwiCUruHcAXZ6C4jQX9hFnJKavq43FXiR7FPLGQ',
      pairAddress: '9nQQohMsSWAYL8ZzdRSjD54SKEEvyz9wmSQrk3t4st3X',
      chain: 'SOL',
      exchange: 'pAMMBay6oceH9fJKBRHGP5D4bD4sWpmSwMn52FMfXEA',
      priceUsd: 0.0002313684457266388,
      volumeUsd: 39019579.41,
      mcap: 231368.02,
      priceChangePcs: [Object],
      transactions: [Object],
      audit: [Object],
      security: [Object],
      tokenCreatedTimestamp: 2025-09-26T22:03:13.000Z,
      liquidity: [Object],
      history: [Object],
      scannerAt: 1758994653560
    },
    '7CkXEnsXAPWBdRkGAUdRS2WS2v59HRYvbVviz8Gzomgt': {
      id: '7CkXEnsXAPWBdRkGAUdRS2WS2v59HRYvbVviz8Gzomgt',
      tokenName: 'trillions',
      tokenSymbol: 'trillions',
      tokenAddress: 'Axe7g3Gwnx9tBUG53PYGxMF6sJJxPKDgeqDS7zEv5TJR',
      pairAddress: '7CkXEnsXAPWBdRkGAUdRS2WS2v59HRYvbVviz8Gzomgt',
      chain: 'SOL',
      exchange: 'pAMMBay6oceH9fJKBRHGP5D4bD4sWpmSwMn52FMfXEA',
      priceUsd: 0.000221785233,
      volumeUsd: 38951038.48,
      mcap: 221784.62,
      priceChangePcs: [Object],
      transactions: [Object],
      audit: [Object],
      security: [Object],
      tokenCreatedTimestamp: 2025-09-27T11:04:43.000Z,
      liquidity: [Object],
      history: [Object],
      scannerAt: 1758994653560
    },
    '7ckxensxapwbdrkgaudrs2ws2v59hryvbvviz8gzomgt': {
      id: '7CkXEnsXAPWBdRkGAUdRS2WS2v59HRYvbVviz8Gzomgt',
      tokenName: 'trillions',
      tokenSymbol: 'trillions',
      tokenAddress: 'Axe7g3Gwnx9tBUG53PYGxMF6sJJxPKDgeqDS7zEv5TJR',
      pairAddress: '7CkXEnsXAPWBdRkGAUdRS2WS2v59HRYvbVviz8Gzomgt',
      chain: 'SOL',
      exchange: 'pAMMBay6oceH9fJKBRHGP5D4bD4sWpmSwMn52FMfXEA',
      priceUsd: 0.000221785233,
      volumeUsd: 38951038.48,
      mcap: 221784.62,
      priceChangePcs: [Object],
      transactions: [Object],
      audit: [Object],
      security: [Object],
      tokenCreatedTimestamp: 2025-09-27T11:04:43.000Z,
      liquidity: [Object],
      history: [Object],
      scannerAt: 1758994653560
    },
    '9AbW2CpmDd29Qdx2irzHoRKKX8RKuXMjsWcmh86Mtqe4': {
      id: '9AbW2CpmDd29Qdx2irzHoRKKX8RKuXMjsWcmh86Mtqe4',
      tokenName: 'PoyeVerse',
      tokenSymbol: 'POYE',
      tokenAddress: '79B65uJCwgugDvGuha2adv8ZCEbM5gmDtUyGvY2vu3wN',
      pairAddress: '9AbW2CpmDd29Qdx2irzHoRKKX8RKuXMjsWcmh86Mtqe4',
      chain: 'SOL',
      exchange: 'pAMMBay6oceH9fJKBRHGP5D4bD4sWpmSwMn52FMfXEA',
      priceUsd: 0.0002377669249,
      volumeUsd: 38263229.38,
      mcap: 237766.53,
      priceChangePcs: [Object],
      transactions: [Object],
      audit: [Object],
      security: [Object],
      tokenCreatedTimestamp: 2025-09-27T01:35:39.000Z,
      liquidity: [Object],
      history: [Object],
      scannerAt: 1758994653560
    },
    '9abw2cpmdd29qdx2irzhorkkx8rkuxmjswcmh86mtqe4': {
      id: '9AbW2CpmDd29Qdx2irzHoRKKX8RKuXMjsWcmh86Mtqe4',
      tokenName: 'PoyeVerse',
      tokenSymbol: 'POYE',
      tokenAddress: '79B65uJCwgugDvGuha2adv8ZCEbM5gmDtUyGvY2vu3wN',
      pairAddress: '9AbW2CpmDd29Qdx2irzHoRKKX8RKuXMjsWcmh86Mtqe4',
      chain: 'SOL',
      exchange: 'pAMMBay6oceH9fJKBRHGP5D4bD4sWpmSwMn52FMfXEA',
      priceUsd: 0.0002377669249,
      volumeUsd: 38263229.38,
      mcap: 237766.53,
      priceChangePcs: [Object],
      transactions: [Object],
      audit: [Object],
      security: [Object],
      tokenCreatedTimestamp: 2025-09-27T01:35:39.000Z,
      liquidity: [Object],
      history: [Object],
      scannerAt: 1758994653560
    },
    '5pTrEfjtKwVFRcAxh4B1rmCPJPK4G8YA5UDpgxAMsJL3': {
      id: '5pTrEfjtKwVFRcAxh4B1rmCPJPK4G8YA5UDpgxAMsJL3',
      tokenName: 'Bowl Cut Dog',
      tokenSymbol: 'MOE',
      tokenAddress: '8N2hCvuyxpByAnDenLcLFeJr3osiVW7fuutxthc3u8Dx',
      pairAddress: '5pTrEfjtKwVFRcAxh4B1rmCPJPK4G8YA5UDpgxAMsJL3',
      chain: 'SOL',
      exchange: 'pAMMBay6oceH9fJKBRHGP5D4bD4sWpmSwMn52FMfXEA',
      priceUsd: 0.0001538352766,
      volumeUsd: 38096207.95,
      mcap: 153834.04,
      priceChangePcs: [Object],
      transactions: [Object],
      audit: [Object],
      security: [Object],
      tokenCreatedTimestamp: 2025-09-27T10:36:53.000Z,
      liquidity: [Object],
      history: [Object],
      scannerAt: 1758994653560
    },
    '5ptrefjtkwvfrcaxh4b1rmcpjpk4g8ya5udpgxamsjl3': {
      id: '5pTrEfjtKwVFRcAxh4B1rmCPJPK4G8YA5UDpgxAMsJL3',
      tokenName: 'Bowl Cut Dog',
      tokenSymbol: 'MOE',
      tokenAddress: '8N2hCvuyxpByAnDenLcLFeJr3osiVW7fuutxthc3u8Dx',
      pairAddress: '5pTrEfjtKwVFRcAxh4B1rmCPJPK4G8YA5UDpgxAMsJL3',
      chain: 'SOL',
      exchange: 'pAMMBay6oceH9fJKBRHGP5D4bD4sWpmSwMn52FMfXEA',
      priceUsd: 0.0001538352766,
      volumeUsd: 38096207.95,
      mcap: 153834.04,
      priceChangePcs: [Object],
      transactions: [Object],
      audit: [Object],
      security: [Object],
      tokenCreatedTimestamp: 2025-09-27T10:36:53.000Z,
      liquidity: [Object],
      history: [Object],
      scannerAt: 1758994653560
    },
    gA6Ceeeoc3Qy3Rdwv1nppARG8gabKMmzHNYMv5wMAYB: {
      id: 'gA6Ceeeoc3Qy3Rdwv1nppARG8gabKMmzHNYMv5wMAYB',
      tokenName: 'Official Ronaldo',
      tokenSymbol: 'CR7',
      tokenAddress: 'Fa9pC1hrFA8XXHuGXLpvLgDxAQYArA4REDEwRevHWst8',
      pairAddress: 'gA6Ceeeoc3Qy3Rdwv1nppARG8gabKMmzHNYMv5wMAYB',
      chain: 'SOL',
      exchange: 'pAMMBay6oceH9fJKBRHGP5D4bD4sWpmSwMn52FMfXEA',
      priceUsd: 0.000007084195836,
      volumeUsd: 37678922.94,
      mcap: 7084.19,
      priceChangePcs: [Object],
      transactions: [Object],
      audit: [Object],
      security: [Object],
      tokenCreatedTimestamp: 2025-09-27T05:15:56.000Z,
      liquidity: [Object],
      history: [Object],
      scannerAt: 1758994653560
    },
    ga6ceeeoc3qy3rdwv1npparg8gabkmmzhnymv5wmayb: {
      id: 'gA6Ceeeoc3Qy3Rdwv1nppARG8gabKMmzHNYMv5wMAYB',
      tokenName: 'Official Ronaldo',
      tokenSymbol: 'CR7',
      tokenAddress: 'Fa9pC1hrFA8XXHuGXLpvLgDxAQYArA4REDEwRevHWst8',
      pairAddress: 'gA6Ceeeoc3Qy3Rdwv1nppARG8gabKMmzHNYMv5wMAYB',
      chain: 'SOL',
      exchange: 'pAMMBay6oceH9fJKBRHGP5D4bD4sWpmSwMn52FMfXEA',
      priceUsd: 0.000007084195836,
      volumeUsd: 37678922.94,
      mcap: 7084.19,
      priceChangePcs: [Object],
      transactions: [Object],
      audit: [Object],
      security: [Object],
      tokenCreatedTimestamp: 2025-09-27T05:15:56.000Z,
      liquidity: [Object],
      history: [Object],
      scannerAt: 1758994653560
    },
    '0xd21bc2291C1aeF340f5265E257B18aa5dafed759': {
      id: '0xd21bc2291C1aeF340f5265E257B18aa5dafed759',
      tokenName: 'Hana Token',
      tokenSymbol: 'HANA',
      tokenAddress: '0x6261963EbE9Ff014aAd10eCc3b0238D4D04E8353',
      pairAddress: '0xd21bc2291C1aeF340f5265E257B18aa5dafed759',
      chain: 'BSC',
      exchange: '0x1b81D678ffb9C0263b24A97847620C99d213eB14',
      priceUsd: 0.05834764885753,
      volumeUsd: 37665525.62,
      mcap: 58347648.85,
      priceChangePcs: [Object],
      transactions: [Object],
      audit: [Object],
      security: [Object],
      tokenCreatedTimestamp: 2025-09-25T02:15:44.000Z,
      liquidity: [Object],
      history: [Object],
      scannerAt: 1758994653560
    },
    '0xd21bc2291c1aef340f5265e257b18aa5dafed759': {
      id: '0xd21bc2291C1aeF340f5265E257B18aa5dafed759',
      tokenName: 'Hana Token',
      tokenSymbol: 'HANA',
      tokenAddress: '0x6261963EbE9Ff014aAd10eCc3b0238D4D04E8353',
      pairAddress: '0xd21bc2291C1aeF340f5265E257B18aa5dafed759',
      chain: 'BSC',
      exchange: '0x1b81D678ffb9C0263b24A97847620C99d213eB14',
      priceUsd: 0.05834764885753,
      volumeUsd: 37665525.62,
      mcap: 58347648.85,
      priceChangePcs: [Object],
      transactions: [Object],
      audit: [Object],
      security: [Object],
      tokenCreatedTimestamp: 2025-09-25T02:15:44.000Z,
      liquidity: [Object],
      history: [Object],
      scannerAt: 1758994653560
    },
    '0x4e68Ccd3E89f51C3074ca5072bbAC773960dFa36': {
      id: '0x4e68Ccd3E89f51C3074ca5072bbAC773960dFa36',
      tokenName: 'Tether USD',
      tokenSymbol: 'USDT',
      tokenAddress: '0xdAC17F958D2ee523a2206206994597C13D831ec7',
      pairAddress: '0x4e68Ccd3E89f51C3074ca5072bbAC773960dFa36',
      chain: 'ETH',
      exchange: '0x68b3465833fb72A70ecDF485E0e4C7bD8665Fc45',
      priceUsd: 0.9955531963609452,
      volumeUsd: 37107897,
      mcap: 94352101256.05,
      priceChangePcs: [Object],
      transactions: [Object],
      audit: [Object],
      security: [Object],
      tokenCreatedTimestamp: 2021-05-05T16:37:08.000Z,
      liquidity: [Object],
      history: [Object],
      scannerAt: 1758994653560
    },
    '0x4e68ccd3e89f51c3074ca5072bbac773960dfa36': {
      id: '0x4e68Ccd3E89f51C3074ca5072bbAC773960dFa36',
      tokenName: 'Tether USD',
      tokenSymbol: 'USDT',
      tokenAddress: '0xdAC17F958D2ee523a2206206994597C13D831ec7',
      pairAddress: '0x4e68Ccd3E89f51C3074ca5072bbAC773960dFa36',
      chain: 'ETH',
      exchange: '0x68b3465833fb72A70ecDF485E0e4C7bD8665Fc45',
      priceUsd: 0.9955531963609452,
      volumeUsd: 37107897,
      mcap: 94352101256.05,
      priceChangePcs: [Object],
      transactions: [Object],
      audit: [Object],
      security: [Object],
      tokenCreatedTimestamp: 2021-05-05T16:37:08.000Z,
      liquidity: [Object],
      history: [Object],
      scannerAt: 1758994653560
    },
    E6nG5KBXw74xEXwNGWihUa9LUHKHs1dG75VCv9tewNN3: {
      id: 'E6nG5KBXw74xEXwNGWihUa9LUHKHs1dG75VCv9tewNN3',
      tokenName: 'MetaMask Coin',
      tokenSymbol: 'MetaMask',
      tokenAddress: 'HWpiyoJvaahBi4kmGVkxcaSzT54PnLqURBniEqku5HGy',
      pairAddress: 'E6nG5KBXw74xEXwNGWihUa9LUHKHs1dG75VCv9tewNN3',
      chain: 'SOL',
      exchange: 'pAMMBay6oceH9fJKBRHGP5D4bD4sWpmSwMn52FMfXEA',
      priceUsd: 0.0001619516689,
      volumeUsd: 37014877.68,
      mcap: 161950.44,
      priceChangePcs: [Object],
      transactions: [Object],
      audit: [Object],
      security: [Object],
      tokenCreatedTimestamp: 2025-09-27T04:19:50.000Z,
      liquidity: [Object],
      history: [Object],
      scannerAt: 1758994653560
    },
    e6ng5kbxw74xexwngwihua9luhkhs1dg75vcv9tewnn3: {
      id: 'E6nG5KBXw74xEXwNGWihUa9LUHKHs1dG75VCv9tewNN3',
      tokenName: 'MetaMask Coin',
      tokenSymbol: 'MetaMask',
      tokenAddress: 'HWpiyoJvaahBi4kmGVkxcaSzT54PnLqURBniEqku5HGy',
      pairAddress: 'E6nG5KBXw74xEXwNGWihUa9LUHKHs1dG75VCv9tewNN3',
      chain: 'SOL',
      exchange: 'pAMMBay6oceH9fJKBRHGP5D4bD4sWpmSwMn52FMfXEA',
      priceUsd: 0.0001619516689,
      volumeUsd: 37014877.68,
      mcap: 161950.44,
      priceChangePcs: [Object],
      transactions: [Object],
      audit: [Object],
      security: [Object],
      tokenCreatedTimestamp: 2025-09-27T04:19:50.000Z,
      liquidity: [Object],
      history: [Object],
      scannerAt: 1758994653560
    },
    '8HxJVwg9JPEm72D3uR9jp79BTgJj1cMQaYGNELFFeL6n': {
      id: '8HxJVwg9JPEm72D3uR9jp79BTgJj1cMQaYGNELFFeL6n',
      tokenName: 'Aster_DEX',
      tokenSymbol: 'Aster',
      tokenAddress: '9fQRKpzq29E6brzv7c2eXVpG6yiwoCgtSR4FjKiz63JY',
      pairAddress: '8HxJVwg9JPEm72D3uR9jp79BTgJj1cMQaYGNELFFeL6n',
      chain: 'SOL',
      exchange: 'pAMMBay6oceH9fJKBRHGP5D4bD4sWpmSwMn52FMfXEA',
      priceUsd: 0.00000844746360898433,
      volumeUsd: 35799930.15,
      mcap: 8447.46,
      priceChangePcs: [Object],
      transactions: [Object],
      audit: [Object],
      security: [Object],
      tokenCreatedTimestamp: 2025-09-26T22:06:19.000Z,
      liquidity: [Object],
      history: [Object],
      scannerAt: 1758994653560
    },
    '8hxjvwg9jpem72d3ur9jp79btgjj1cmqaygnelffel6n': {
      id: '8HxJVwg9JPEm72D3uR9jp79BTgJj1cMQaYGNELFFeL6n',
      tokenName: 'Aster_DEX',
      tokenSymbol: 'Aster',
      tokenAddress: '9fQRKpzq29E6brzv7c2eXVpG6yiwoCgtSR4FjKiz63JY',
      pairAddress: '8HxJVwg9JPEm72D3uR9jp79BTgJj1cMQaYGNELFFeL6n',
      chain: 'SOL',
      exchange: 'pAMMBay6oceH9fJKBRHGP5D4bD4sWpmSwMn52FMfXEA',
      priceUsd: 0.00000844746360898433,
      volumeUsd: 35799930.15,
      mcap: 8447.46,
      priceChangePcs: [Object],
      transactions: [Object],
      audit: [Object],
      security: [Object],
      tokenCreatedTimestamp: 2025-09-26T22:06:19.000Z,
      liquidity: [Object],
      history: [Object],
      scannerAt: 1758994653560
    },
    BhkrpVukUBTvZ7xmKTXkubGBC8VncbDNRgQgbRzExxAb: {
      id: 'BhkrpVukUBTvZ7xmKTXkubGBC8VncbDNRgQgbRzExxAb',
      tokenName: 'Aster Inu',
      tokenSymbol: 'ASTERINU',
      tokenAddress: 'FKieQmUYzhPPDNYHYw5YXJdPY1GfS8S4A9QbMaFtdaje',
      pairAddress: 'BhkrpVukUBTvZ7xmKTXkubGBC8VncbDNRgQgbRzExxAb',
      chain: 'SOL',
      exchange: 'pAMMBay6oceH9fJKBRHGP5D4bD4sWpmSwMn52FMfXEA',
      priceUsd: 0.000009145260837930946,
      volumeUsd: 35242965.29,
      mcap: 9145.25,
      priceChangePcs: [Object],
      transactions: [Object],
      audit: [Object],
      security: [Object],
      tokenCreatedTimestamp: 2025-09-27T00:48:09.000Z,
      liquidity: [Object],
      history: [Object],
      scannerAt: 1758994653560
    },
    bhkrpvukubtvz7xmktxkubgbc8vncbdnrgqgbrzexxab: {
      id: 'BhkrpVukUBTvZ7xmKTXkubGBC8VncbDNRgQgbRzExxAb',
      tokenName: 'Aster Inu',
      tokenSymbol: 'ASTERINU',
      tokenAddress: 'FKieQmUYzhPPDNYHYw5YXJdPY1GfS8S4A9QbMaFtdaje',
      pairAddress: 'BhkrpVukUBTvZ7xmKTXkubGBC8VncbDNRgQgbRzExxAb',
      chain: 'SOL',
      exchange: 'pAMMBay6oceH9fJKBRHGP5D4bD4sWpmSwMn52FMfXEA',
      priceUsd: 0.000009145260837930946,
      volumeUsd: 35242965.29,
      mcap: 9145.25,
      priceChangePcs: [Object],
      transactions: [Object],
      audit: [Object],
      security: [Object],
      tokenCreatedTimestamp: 2025-09-27T00:48:09.000Z,
      liquidity: [Object],
      history: [Object],
      scannerAt: 1758994653560
    },
    '0x30D59a44930B3994c116846EFe55fC8fcF608aa8': {
      id: '0x30D59a44930B3994c116846EFe55fC8fcF608aa8',
      tokenName: 'Roam Token',
      tokenSymbol: 'ROAM',
      tokenAddress: '0x3fefe29dA25BEa166fB5f6ADe7b5976D2b0e586B',
      pairAddress: '0x30D59a44930B3994c116846EFe55fC8fcF608aa8',
      chain: 'BSC',
      exchange: '0x1b81D678ffb9C0263b24A97847620C99d213eB14',
      priceUsd: 0.09143708883771101,
      volumeUsd: 34995322.71,
      mcap: 4024184.09,
      priceChangePcs: [Object],
      transactions: [Object],
      audit: [Object],
      security: [Object],
      tokenCreatedTimestamp: 2025-06-12T13:31:55.000Z,
      liquidity: [Object],
      history: [Object],
      scannerAt: 1758994653560
    },
    '0x30d59a44930b3994c116846efe55fc8fcf608aa8': {
      id: '0x30D59a44930B3994c116846EFe55fC8fcF608aa8',
      tokenName: 'Roam Token',
      tokenSymbol: 'ROAM',
      tokenAddress: '0x3fefe29dA25BEa166fB5f6ADe7b5976D2b0e586B',
      pairAddress: '0x30D59a44930B3994c116846EFe55fC8fcF608aa8',
      chain: 'BSC',
      exchange: '0x1b81D678ffb9C0263b24A97847620C99d213eB14',
      priceUsd: 0.09143708883771101,
      volumeUsd: 34995322.71,
      mcap: 4024184.09,
      priceChangePcs: [Object],
      transactions: [Object],
      audit: [Object],
      security: [Object],
      tokenCreatedTimestamp: 2025-06-12T13:31:55.000Z,
      liquidity: [Object],
      history: [Object],
      scannerAt: 1758994653560
    },
    AA861xs52detaJZejR53MRnmyBTR9Nru2g7z12v1fngD: {
      id: 'AA861xs52detaJZejR53MRnmyBTR9Nru2g7z12v1fngD',
      tokenName: 'Wall Street Pepe',
      tokenSymbol: 'WEPE',
      tokenAddress: 'EchVgsbGoy2WqEB9AZP8PAbGzF86sQfK3QXXpsLhmoFP',
      pairAddress: 'AA861xs52detaJZejR53MRnmyBTR9Nru2g7z12v1fngD',
      chain: 'SOL',
      exchange: 'pAMMBay6oceH9fJKBRHGP5D4bD4sWpmSwMn52FMfXEA',
      priceUsd: 0.00023050211238680884,
      volumeUsd: 33950247.95,
      mcap: 230501.46,
      priceChangePcs: [Object],
      transactions: [Object],
      audit: [Object],
      security: [Object],
      tokenCreatedTimestamp: 2025-09-26T15:56:20.000Z,
      liquidity: [Object],
      history: [Object],
      scannerAt: 1758994653560
    },
    aa861xs52detajzejr53mrnmybtr9nru2g7z12v1fngd: {
      id: 'AA861xs52detaJZejR53MRnmyBTR9Nru2g7z12v1fngD',
      tokenName: 'Wall Street Pepe',
      tokenSymbol: 'WEPE',
      tokenAddress: 'EchVgsbGoy2WqEB9AZP8PAbGzF86sQfK3QXXpsLhmoFP',
      pairAddress: 'AA861xs52detaJZejR53MRnmyBTR9Nru2g7z12v1fngD',
      chain: 'SOL',
      exchange: 'pAMMBay6oceH9fJKBRHGP5D4bD4sWpmSwMn52FMfXEA',
      priceUsd: 0.00023050211238680884,
      volumeUsd: 33950247.95,
      mcap: 230501.46,
      priceChangePcs: [Object],
      transactions: [Object],
      audit: [Object],
      security: [Object],
      tokenCreatedTimestamp: 2025-09-26T15:56:20.000Z,
      liquidity: [Object],
      history: [Object],
      scannerAt: 1758994653560
    },
    '65oAbYggcoW2U4k65DzgnAQbm3CPfLFrA585NTB7Vj46': {
      id: '65oAbYggcoW2U4k65DzgnAQbm3CPfLFrA585NTB7Vj46',
      tokenName: 'trillions',
      tokenSymbol: 'trillions',
      tokenAddress: '7btk2Yxu9ySEH4HkJhZRJfuspPuZ5GP2bKnrwU1XpXTC',
      pairAddress: '65oAbYggcoW2U4k65DzgnAQbm3CPfLFrA585NTB7Vj46',
      chain: 'SOL',
      exchange: 'pAMMBay6oceH9fJKBRHGP5D4bD4sWpmSwMn52FMfXEA',
      priceUsd: 0.0001817371938,
      volumeUsd: 33835236.97,
      mcap: 181736.72,
      priceChangePcs: [Object],
      transactions: [Object],
      audit: [Object],
      security: [Object],
      tokenCreatedTimestamp: 2025-09-27T07:52:30.000Z,
      liquidity: [Object],
      history: [Object],
      scannerAt: 1758994653560
    },
    '65oabyggcow2u4k65dzgnaqbm3cpflfra585ntb7vj46': {
      id: '65oAbYggcoW2U4k65DzgnAQbm3CPfLFrA585NTB7Vj46',
      tokenName: 'trillions',
      tokenSymbol: 'trillions',
      tokenAddress: '7btk2Yxu9ySEH4HkJhZRJfuspPuZ5GP2bKnrwU1XpXTC',
      pairAddress: '65oAbYggcoW2U4k65DzgnAQbm3CPfLFrA585NTB7Vj46',
      chain: 'SOL',
      exchange: 'pAMMBay6oceH9fJKBRHGP5D4bD4sWpmSwMn52FMfXEA',
      priceUsd: 0.0001817371938,
      volumeUsd: 33835236.97,
      mcap: 181736.72,
      priceChangePcs: [Object],
      transactions: [Object],
      audit: [Object],
      security: [Object],
      tokenCreatedTimestamp: 2025-09-27T07:52:30.000Z,
      liquidity: [Object],
      history: [Object],
      scannerAt: 1758994653560
    },
    '6nZwCPVZ21LHmrsVYLZKpFwaLmrMqBGgkE1mTaSkETJy': {
      id: '6nZwCPVZ21LHmrsVYLZKpFwaLmrMqBGgkE1mTaSkETJy',
      tokenName: 'Mira Network',
      tokenSymbol: 'MIRA🚀',
      tokenAddress: 'GEjNGLjNyDgbC7p5BnRq4NxUrvRArKgeR2RZ2V8k87sZ',
      pairAddress: '6nZwCPVZ21LHmrsVYLZKpFwaLmrMqBGgkE1mTaSkETJy',
      chain: 'SOL',
      exchange: 'pAMMBay6oceH9fJKBRHGP5D4bD4sWpmSwMn52FMfXEA',
      priceUsd: 0.00022092357419748333,
      volumeUsd: 33510100.63,
      mcap: 220923.33,
      priceChangePcs: [Object],
      transactions: [Object],
      audit: [Object],
      security: [Object],
      tokenCreatedTimestamp: 2025-09-26T13:16:57.000Z,
      liquidity: [Object],
      history: [Object],
      scannerAt: 1758994653560
    },
    '6nzwcpvz21lhmrsvylzkpfwalmrmqbggke1mtasketjy': {
      id: '6nZwCPVZ21LHmrsVYLZKpFwaLmrMqBGgkE1mTaSkETJy',
      tokenName: 'Mira Network',
      tokenSymbol: 'MIRA🚀',
      tokenAddress: 'GEjNGLjNyDgbC7p5BnRq4NxUrvRArKgeR2RZ2V8k87sZ',
      pairAddress: '6nZwCPVZ21LHmrsVYLZKpFwaLmrMqBGgkE1mTaSkETJy',
      chain: 'SOL',
      exchange: 'pAMMBay6oceH9fJKBRHGP5D4bD4sWpmSwMn52FMfXEA',
      priceUsd: 0.00022092357419748333,
      volumeUsd: 33510100.63,
      mcap: 220923.33,
      priceChangePcs: [Object],
      transactions: [Object],
      audit: [Object],
      security: [Object],
      tokenCreatedTimestamp: 2025-09-26T13:16:57.000Z,
      liquidity: [Object],
      history: [Object],
      scannerAt: 1758994653560
    },
    '9ccRB9QYL1YFyBEM5oSGd9f6BiAmBwRJUwDvrXxAnD3z': {
      id: '9ccRB9QYL1YFyBEM5oSGd9f6BiAmBwRJUwDvrXxAnD3z',
      tokenName: 'GOAT Network',
      tokenSymbol: 'GOATED',
      tokenAddress: 'Bbb9h9kGkYFLvgAPufU8aZYnV1TFKfVrtuQBia9SBmxW',
      pairAddress: '9ccRB9QYL1YFyBEM5oSGd9f6BiAmBwRJUwDvrXxAnD3z',
      chain: 'SOL',
      exchange: 'pAMMBay6oceH9fJKBRHGP5D4bD4sWpmSwMn52FMfXEA',
      priceUsd: 0,
      volumeUsd: 33461973.8,
      mcap: 149862.08,
      priceChangePcs: [Object],
      transactions: [Object],
      audit: [Object],
      security: [Object],
      tokenCreatedTimestamp: 2025-09-27T09:03:08.000Z,
      liquidity: [Object],
      history: [Object],
      scannerAt: 1758994653560
    },
    '9ccrb9qyl1yfybem5osgd9f6biambwrjuwdvrxxand3z': {
      id: '9ccRB9QYL1YFyBEM5oSGd9f6BiAmBwRJUwDvrXxAnD3z',
      tokenName: 'GOAT Network',
      tokenSymbol: 'GOATED',
      tokenAddress: 'Bbb9h9kGkYFLvgAPufU8aZYnV1TFKfVrtuQBia9SBmxW',
      pairAddress: '9ccRB9QYL1YFyBEM5oSGd9f6BiAmBwRJUwDvrXxAnD3z',
      chain: 'SOL',
      exchange: 'pAMMBay6oceH9fJKBRHGP5D4bD4sWpmSwMn52FMfXEA',
      priceUsd: 0,
      volumeUsd: 33461973.8,
      mcap: 149862.08,
      priceChangePcs: [Object],
      transactions: [Object],
      audit: [Object],
      security: [Object],
      tokenCreatedTimestamp: 2025-09-27T09:03:08.000Z,
      liquidity: [Object],
      history: [Object],
      scannerAt: 1758994653560
    },
    AXkK9xCyuupy9T3Tg6uvbbjoX1ENKfZmXe8qpc1ZTaoq: {
      id: 'AXkK9xCyuupy9T3Tg6uvbbjoX1ENKfZmXe8qpc1ZTaoq',
      tokenName: 'ZEROBASE',
      tokenSymbol: 'ZBT',
      tokenAddress: '8TbQNaNGLNwqnWwkGxHt2qtTxQsXXTpwBLv8Nx2MS6Yr',
      pairAddress: 'AXkK9xCyuupy9T3Tg6uvbbjoX1ENKfZmXe8qpc1ZTaoq',
      chain: 'SOL',
      exchange: 'pAMMBay6oceH9fJKBRHGP5D4bD4sWpmSwMn52FMfXEA',
      priceUsd: 0,
      volumeUsd: 33335896.58,
      mcap: 157176.39,
      priceChangePcs: [Object],
      transactions: [Object],
      audit: [Object],
      security: [Object],
      tokenCreatedTimestamp: 2025-09-27T04:41:33.000Z,
      liquidity: [Object],
      history: [Object],
      scannerAt: 1758994653560
    },
    axkk9xcyuupy9t3tg6uvbbjox1enkfzmxe8qpc1ztaoq: {
      id: 'AXkK9xCyuupy9T3Tg6uvbbjoX1ENKfZmXe8qpc1ZTaoq',
      tokenName: 'ZEROBASE',
      tokenSymbol: 'ZBT',
      tokenAddress: '8TbQNaNGLNwqnWwkGxHt2qtTxQsXXTpwBLv8Nx2MS6Yr',
      pairAddress: 'AXkK9xCyuupy9T3Tg6uvbbjoX1ENKfZmXe8qpc1ZTaoq',
      chain: 'SOL',
      exchange: 'pAMMBay6oceH9fJKBRHGP5D4bD4sWpmSwMn52FMfXEA',
      priceUsd: 0,
      volumeUsd: 33335896.58,
      mcap: 157176.39,
      priceChangePcs: [Object],
      transactions: [Object],
      audit: [Object],
      security: [Object],
      tokenCreatedTimestamp: 2025-09-27T04:41:33.000Z,
      liquidity: [Object],
      history: [Object],
      scannerAt: 1758994653560
    },
    '262D9LoRepz7KCv9oMu7vHGYnwNMrhzHgnV25BHzAQky': {
      id: '262D9LoRepz7KCv9oMu7vHGYnwNMrhzHgnV25BHzAQky',
      tokenName: 'Plasma',
      tokenSymbol: 'XPL',
      tokenAddress: 'CdEcPLgyfpV4wHLTD13jbKtphGSEKUnQpZ4Pf9jVJWir',
      pairAddress: '262D9LoRepz7KCv9oMu7vHGYnwNMrhzHgnV25BHzAQky',
      chain: 'SOL',
      exchange: 'pAMMBay6oceH9fJKBRHGP5D4bD4sWpmSwMn52FMfXEA',
      priceUsd: 0.000019236957213760133,
      volumeUsd: 32717528.34,
      mcap: 19236.95,
      priceChangePcs: [Object],
      transactions: [Object],
      audit: [Object],
      security: [Object],
      tokenCreatedTimestamp: 2025-09-26T12:09:20.000Z,
      liquidity: [Object],
      history: [Object],
      scannerAt: 1758994653560
    },
    '262d9lorepz7kcv9omu7vhgynwnmrhzhgnv25bhzaqky': {
      id: '262D9LoRepz7KCv9oMu7vHGYnwNMrhzHgnV25BHzAQky',
      tokenName: 'Plasma',
      tokenSymbol: 'XPL',
      tokenAddress: 'CdEcPLgyfpV4wHLTD13jbKtphGSEKUnQpZ4Pf9jVJWir',
      pairAddress: '262D9LoRepz7KCv9oMu7vHGYnwNMrhzHgnV25BHzAQky',
      chain: 'SOL',
      exchange: 'pAMMBay6oceH9fJKBRHGP5D4bD4sWpmSwMn52FMfXEA',
      priceUsd: 0.000019236957213760133,
      volumeUsd: 32717528.34,
      mcap: 19236.95,
      priceChangePcs: [Object],
      transactions: [Object],
      audit: [Object],
      security: [Object],
      tokenCreatedTimestamp: 2025-09-26T12:09:20.000Z,
      liquidity: [Object],
      history: [Object],
      scannerAt: 1758994653560
    },
    '2de6Nhy5sFVYmvqpjbzN2MSsMZb34uSVvxKCXSqek8GT': {
      id: '2de6Nhy5sFVYmvqpjbzN2MSsMZb34uSVvxKCXSqek8GT',
      tokenName: 'Aark Digital',
      tokenSymbol: 'AARK',
      tokenAddress: '2aXjui2YFtL6HrUYHY4rJyFsnnwg7LCYGjeZAKh8Y8P1',
      pairAddress: '2de6Nhy5sFVYmvqpjbzN2MSsMZb34uSVvxKCXSqek8GT',
      chain: 'SOL',
      exchange: 'pAMMBay6oceH9fJKBRHGP5D4bD4sWpmSwMn52FMfXEA',
      priceUsd: 0,
      volumeUsd: 32641782.51,
      mcap: 182829.73,
      priceChangePcs: [Object],
      transactions: [Object],
      audit: [Object],
      security: [Object],
      tokenCreatedTimestamp: 2025-09-27T11:06:40.000Z,
      liquidity: [Object],
      history: [Object],
      scannerAt: 1758994653560
    },
    '2de6nhy5sfvymvqpjbzn2mssmzb34usvvxkcxsqek8gt': {
      id: '2de6Nhy5sFVYmvqpjbzN2MSsMZb34uSVvxKCXSqek8GT',
      tokenName: 'Aark Digital',
      tokenSymbol: 'AARK',
      tokenAddress: '2aXjui2YFtL6HrUYHY4rJyFsnnwg7LCYGjeZAKh8Y8P1',
      pairAddress: '2de6Nhy5sFVYmvqpjbzN2MSsMZb34uSVvxKCXSqek8GT',
      chain: 'SOL',
      exchange: 'pAMMBay6oceH9fJKBRHGP5D4bD4sWpmSwMn52FMfXEA',
      priceUsd: 0,
      volumeUsd: 32641782.51,
      mcap: 182829.73,
      priceChangePcs: [Object],
      transactions: [Object],
      audit: [Object],
      security: [Object],
      tokenCreatedTimestamp: 2025-09-27T11:06:40.000Z,
      liquidity: [Object],
      history: [Object],
      scannerAt: 1758994653560
    },
    '3xAg7YRxqQaKoSpL9mzpJ27KDeAob8jNWtpYkQFDRBv4': {
      id: '3xAg7YRxqQaKoSpL9mzpJ27KDeAob8jNWtpYkQFDRBv4',
      tokenName: 'Aster',
      tokenSymbol: 'ASTER',
      tokenAddress: 'BpbsF5UVk8ZLWB3Ky2fMqmN2Km89fiKXHb5kySkWQ4Au',
      pairAddress: '3xAg7YRxqQaKoSpL9mzpJ27KDeAob8jNWtpYkQFDRBv4',
      chain: 'SOL',
      exchange: 'pAMMBay6oceH9fJKBRHGP5D4bD4sWpmSwMn52FMfXEA',
      priceUsd: 0,
      volumeUsd: 32261198.29,
      mcap: 182257.26,
      priceChangePcs: [Object],
      transactions: [Object],
      audit: [Object],
      security: [Object],
      tokenCreatedTimestamp: 2025-09-27T07:57:38.000Z,
      liquidity: [Object],
      history: [Object],
      scannerAt: 1758994653560
    },
    '3xag7yrxqqakospl9mzpj27kdeaob8jnwtpykqfdrbv4': {
      id: '3xAg7YRxqQaKoSpL9mzpJ27KDeAob8jNWtpYkQFDRBv4',
      tokenName: 'Aster',
      tokenSymbol: 'ASTER',
      tokenAddress: 'BpbsF5UVk8ZLWB3Ky2fMqmN2Km89fiKXHb5kySkWQ4Au',
      pairAddress: '3xAg7YRxqQaKoSpL9mzpJ27KDeAob8jNWtpYkQFDRBv4',
      chain: 'SOL',
      exchange: 'pAMMBay6oceH9fJKBRHGP5D4bD4sWpmSwMn52FMfXEA',
      priceUsd: 0,
      volumeUsd: 32261198.29,
      mcap: 182257.26,
      priceChangePcs: [Object],
      transactions: [Object],
      audit: [Object],
      security: [Object],
      tokenCreatedTimestamp: 2025-09-27T07:57:38.000Z,
      liquidity: [Object],
      history: [Object],
      scannerAt: 1758994653560
    },
    '0xF07a660776BE8CEa92f8BF91Fc2b482213d03f02': {
      id: '0xF07a660776BE8CEa92f8BF91Fc2b482213d03f02',
      tokenName: 'Golden',
      tokenSymbol: 'GOLDEN',
      tokenAddress: '0x40f8A48d7579039d42ff832E67fAD7D891640BDb',
      pairAddress: '0xF07a660776BE8CEa92f8BF91Fc2b482213d03f02',
      chain: 'ETH',
      exchange: '0x7a250d5630B4cF539739dF2C5dAcb4c659F2488D',
      priceUsd: 0,
      volumeUsd: 32165549.51,
      mcap: 1632.2807027037152,
      priceChangePcs: [Object],
      transactions: [Object],
      audit: [Object],
      security: [Object],
      tokenCreatedTimestamp: 2023-01-25T13:54:35.000Z,
      liquidity: [Object],
      history: [Object],
      scannerAt: 1758994653560
    },
    '0xf07a660776be8cea92f8bf91fc2b482213d03f02': {
      id: '0xF07a660776BE8CEa92f8BF91Fc2b482213d03f02',
      tokenName: 'Golden',
      tokenSymbol: 'GOLDEN',
      tokenAddress: '0x40f8A48d7579039d42ff832E67fAD7D891640BDb',
      pairAddress: '0xF07a660776BE8CEa92f8BF91Fc2b482213d03f02',
      chain: 'ETH',
      exchange: '0x7a250d5630B4cF539739dF2C5dAcb4c659F2488D',
      priceUsd: 0,
      volumeUsd: 32165549.51,
      mcap: 1632.2807027037152,
      priceChangePcs: [Object],
      transactions: [Object],
      audit: [Object],
      security: [Object],
      tokenCreatedTimestamp: 2023-01-25T13:54:35.000Z,
      liquidity: [Object],
      history: [Object],
      scannerAt: 1758994653560
    },
    '72FGNDqFm1mttWnpx4T3dUvABeJ4nytxQUg2jQUMCkmK': {
      id: '72FGNDqFm1mttWnpx4T3dUvABeJ4nytxQUg2jQUMCkmK',
      tokenName: 'Plasma',
      tokenSymbol: 'XPL',
      tokenAddress: 'F3VufeDHsoo2KKLbGv2qYyoniCnSP9bskCcXwfsEzMQ4',
      pairAddress: '72FGNDqFm1mttWnpx4T3dUvABeJ4nytxQUg2jQUMCkmK',
      chain: 'SOL',
      exchange: 'pAMMBay6oceH9fJKBRHGP5D4bD4sWpmSwMn52FMfXEA',
      priceUsd: 0.00021182323278299105,
      volumeUsd: 31973112.01,
      mcap: 211823.16,
      priceChangePcs: [Object],
      transactions: [Object],
      audit: [Object],
      security: [Object],
      tokenCreatedTimestamp: 2025-09-26T18:19:57.000Z,
      liquidity: [Object],
      history: [Object],
      scannerAt: 1758994653560
    },
    '72fgndqfm1mttwnpx4t3duvabej4nytxqug2jqumckmk': {
      id: '72FGNDqFm1mttWnpx4T3dUvABeJ4nytxQUg2jQUMCkmK',
      tokenName: 'Plasma',
      tokenSymbol: 'XPL',
      tokenAddress: 'F3VufeDHsoo2KKLbGv2qYyoniCnSP9bskCcXwfsEzMQ4',
      pairAddress: '72FGNDqFm1mttWnpx4T3dUvABeJ4nytxQUg2jQUMCkmK',
      chain: 'SOL',
      exchange: 'pAMMBay6oceH9fJKBRHGP5D4bD4sWpmSwMn52FMfXEA',
      priceUsd: 0.00021182323278299105,
      volumeUsd: 31973112.01,
      mcap: 211823.16,
      priceChangePcs: [Object],
      transactions: [Object],
      audit: [Object],
      security: [Object],
      tokenCreatedTimestamp: 2025-09-26T18:19:57.000Z,
      liquidity: [Object],
      history: [Object],
      scannerAt: 1758994653560
    },
    LSck3bJUSkkVQKzyjd8kMHEycMY52Ems5DeYeuXngMA: {
      id: 'LSck3bJUSkkVQKzyjd8kMHEycMY52Ems5DeYeuXngMA',
      tokenName: 'HanaNetwork',
      tokenSymbol: 'HANA',
      tokenAddress: 'B6peDDugTf6wBMDwQ3VByVby6Dx2Qqwc4q7eE3NpryEF',
      pairAddress: 'LSck3bJUSkkVQKzyjd8kMHEycMY52Ems5DeYeuXngMA',
      chain: 'SOL',
      exchange: 'pAMMBay6oceH9fJKBRHGP5D4bD4sWpmSwMn52FMfXEA',
      priceUsd: 0,
      volumeUsd: 31694725.59,
      mcap: 121388.55,
      priceChangePcs: [Object],
      transactions: [Object],
      audit: [Object],
      security: [Object],
      tokenCreatedTimestamp: 2025-09-27T06:21:28.000Z,
      liquidity: [Object],
      history: [Object],
      scannerAt: 1758994653560
    },
    lsck3bjuskkvqkzyjd8kmheycmy52ems5deyeuxngma: {
      id: 'LSck3bJUSkkVQKzyjd8kMHEycMY52Ems5DeYeuXngMA',
      tokenName: 'HanaNetwork',
      tokenSymbol: 'HANA',
      tokenAddress: 'B6peDDugTf6wBMDwQ3VByVby6Dx2Qqwc4q7eE3NpryEF',
      pairAddress: 'LSck3bJUSkkVQKzyjd8kMHEycMY52Ems5DeYeuXngMA',
      chain: 'SOL',
      exchange: 'pAMMBay6oceH9fJKBRHGP5D4bD4sWpmSwMn52FMfXEA',
      priceUsd: 0,
      volumeUsd: 31694725.59,
      mcap: 121388.55,
      priceChangePcs: [Object],
      transactions: [Object],
      audit: [Object],
      security: [Object],
      tokenCreatedTimestamp: 2025-09-27T06:21:28.000Z,
      liquidity: [Object],
      history: [Object],
      scannerAt: 1758994653560
    },
    G69UieGxtHvVhtfFeJfk4NA18AS6kJE8c7PY6erpfuBx: {
      id: 'G69UieGxtHvVhtfFeJfk4NA18AS6kJE8c7PY6erpfuBx',
      tokenName: 'Bitlight Labs',
      tokenSymbol: 'LIGHT🔥',
      tokenAddress: '7e9pcKwiACvuE5vf2P855Y4j2eXXu3wKWPmHKeJBcLRK',
      pairAddress: 'G69UieGxtHvVhtfFeJfk4NA18AS6kJE8c7PY6erpfuBx',
      chain: 'SOL',
      exchange: 'pAMMBay6oceH9fJKBRHGP5D4bD4sWpmSwMn52FMfXEA',
      priceUsd: 0.1816170556,
      volumeUsd: 30653523.98,
      mcap: 181617054.78,
      priceChangePcs: [Object],
      transactions: [Object],
      audit: [Object],
      security: [Object],
      tokenCreatedTimestamp: 2025-09-27T12:25:48.000Z,
      liquidity: [Object],
      history: [Object],
      scannerAt: 1758994653560
    },
    g69uiegxthvvhtffejfk4na18as6kje8c7py6erpfubx: {
      id: 'G69UieGxtHvVhtfFeJfk4NA18AS6kJE8c7PY6erpfuBx',
      tokenName: 'Bitlight Labs',
      tokenSymbol: 'LIGHT🔥',
      tokenAddress: '7e9pcKwiACvuE5vf2P855Y4j2eXXu3wKWPmHKeJBcLRK',
      pairAddress: 'G69UieGxtHvVhtfFeJfk4NA18AS6kJE8c7PY6erpfuBx',
      chain: 'SOL',
      exchange: 'pAMMBay6oceH9fJKBRHGP5D4bD4sWpmSwMn52FMfXEA',
      priceUsd: 0.1816170556,
      volumeUsd: 30653523.98,
      mcap: 181617054.78,
      priceChangePcs: [Object],
      transactions: [Object],
      audit: [Object],
      security: [Object],
      tokenCreatedTimestamp: 2025-09-27T12:25:48.000Z,
      liquidity: [Object],
      history: [Object],
      scannerAt: 1758994653560
    },
    '4xmSszrPwSrqWFN3TE9djvH4ZMzSfw8iFqvTJ1S8MwPF': {
      id: '4xmSszrPwSrqWFN3TE9djvH4ZMzSfw8iFqvTJ1S8MwPF',
      tokenName: 'だいぞう',
      tokenSymbol: 'Daizo',
      tokenAddress: '6caVpdwUKu17xBEvajA3SgXnFnp8vra15Tv7Wj2BKScA',
      pairAddress: '4xmSszrPwSrqWFN3TE9djvH4ZMzSfw8iFqvTJ1S8MwPF',
      chain: 'SOL',
      exchange: 'pAMMBay6oceH9fJKBRHGP5D4bD4sWpmSwMn52FMfXEA',
      priceUsd: 0.000009818661301,
      volumeUsd: 30126593.07,
      mcap: 9818.66,
      priceChangePcs: [Object],
      transactions: [Object],
      audit: [Object],
      security: [Object],
      tokenCreatedTimestamp: 2025-09-27T05:29:54.000Z,
      liquidity: [Object],
      history: [Object],
      scannerAt: 1758994653560
    },
    '4xmsszrpwsrqwfn3te9djvh4zmzsfw8ifqvtj1s8mwpf': {
      id: '4xmSszrPwSrqWFN3TE9djvH4ZMzSfw8iFqvTJ1S8MwPF',
      tokenName: 'だいぞう',
      tokenSymbol: 'Daizo',
      tokenAddress: '6caVpdwUKu17xBEvajA3SgXnFnp8vra15Tv7Wj2BKScA',
      pairAddress: '4xmSszrPwSrqWFN3TE9djvH4ZMzSfw8iFqvTJ1S8MwPF',
      chain: 'SOL',
      exchange: 'pAMMBay6oceH9fJKBRHGP5D4bD4sWpmSwMn52FMfXEA',
      priceUsd: 0.000009818661301,
      volumeUsd: 30126593.07,
      mcap: 9818.66,
      priceChangePcs: [Object],
      transactions: [Object],
      audit: [Object],
      security: [Object],
      tokenCreatedTimestamp: 2025-09-27T05:29:54.000Z,
      liquidity: [Object],
      history: [Object],
      scannerAt: 1758994653560
    },
    '7Q6SSQiiPtrdE24Pp7pDMoTKnhxFF7fCjZgtpK1G2iJS': {
      id: '7Q6SSQiiPtrdE24Pp7pDMoTKnhxFF7fCjZgtpK1G2iJS',
      tokenName: 'Falcon Finance',
      tokenSymbol: 'FF',
      tokenAddress: '9XMQ72WETBF74Ln2Yh9ZDBNPFnx3UheRaUU2bkymmwfk',
      pairAddress: '7Q6SSQiiPtrdE24Pp7pDMoTKnhxFF7fCjZgtpK1G2iJS',
      chain: 'SOL',
      exchange: 'pAMMBay6oceH9fJKBRHGP5D4bD4sWpmSwMn52FMfXEA',
      priceUsd: 0.00046709367328330934,
      volumeUsd: 30104475.86,
      mcap: 467092.99,
      priceChangePcs: [Object],
      transactions: [Object],
      audit: [Object],
      security: [Object],
      tokenCreatedTimestamp: 2025-09-26T20:16:03.000Z,
      liquidity: [Object],
      history: [Object],
      scannerAt: 1758994653560
    },
    '7q6ssqiiptrde24pp7pdmotknhxff7fcjzgtpk1g2ijs': {
      id: '7Q6SSQiiPtrdE24Pp7pDMoTKnhxFF7fCjZgtpK1G2iJS',
      tokenName: 'Falcon Finance',
      tokenSymbol: 'FF',
      tokenAddress: '9XMQ72WETBF74Ln2Yh9ZDBNPFnx3UheRaUU2bkymmwfk',
      pairAddress: '7Q6SSQiiPtrdE24Pp7pDMoTKnhxFF7fCjZgtpK1G2iJS',
      chain: 'SOL',
      exchange: 'pAMMBay6oceH9fJKBRHGP5D4bD4sWpmSwMn52FMfXEA',
      priceUsd: 0.00046709367328330934,
      volumeUsd: 30104475.86,
      mcap: 467092.99,
      priceChangePcs: [Object],
      transactions: [Object],
      audit: [Object],
      security: [Object],
      tokenCreatedTimestamp: 2025-09-26T20:16:03.000Z,
      liquidity: [Object],
      history: [Object],
      scannerAt: 1758994653560
    },
    '0x48DA0965ab2d2cbf1C17C09cFB5Cbe67Ad5B1406': {
      id: '0x48DA0965ab2d2cbf1C17C09cFB5Cbe67Ad5B1406',
      tokenName: 'Dai Stablecoin',
      tokenSymbol: 'DAI',
      tokenAddress: '0x6B175474E89094C44Da98b954EedeAC495271d0F',
      pairAddress: '0x48DA0965ab2d2cbf1C17C09cFB5Cbe67Ad5B1406',
      chain: 'ETH',
      exchange: '0x68b3465833fb72A70ecDF485E0e4C7bD8665Fc45',
      priceUsd: 0.9994947172108616,
      volumeUsd: 30064240.44,
      mcap: 4599499376.14,
      priceChangePcs: [Object],
      transactions: [Object],
      audit: [Object],
      security: [Object],
      tokenCreatedTimestamp: 2022-07-14T19:46:36.000Z,
      liquidity: [Object],
      history: [Object],
      scannerAt: 1758994653560
    },
    '0x48da0965ab2d2cbf1c17c09cfb5cbe67ad5b1406': {
      id: '0x48DA0965ab2d2cbf1C17C09cFB5Cbe67Ad5B1406',
      tokenName: 'Dai Stablecoin',
      tokenSymbol: 'DAI',
      tokenAddress: '0x6B175474E89094C44Da98b954EedeAC495271d0F',
      pairAddress: '0x48DA0965ab2d2cbf1C17C09cFB5Cbe67Ad5B1406',
      chain: 'ETH',
      exchange: '0x68b3465833fb72A70ecDF485E0e4C7bD8665Fc45',
      priceUsd: 0.9994947172108616,
      volumeUsd: 30064240.44,
      mcap: 4599499376.14,
      priceChangePcs: [Object],
      transactions: [Object],
      audit: [Object],
      security: [Object],
      tokenCreatedTimestamp: 2022-07-14T19:46:36.000Z,
      liquidity: [Object],
      history: [Object],
      scannerAt: 1758994653560
    },
    '7AEu3shCo6wq9Q4L1fFrmLxDR5ud997ojxhkpArhuvQL': {
      id: '7AEu3shCo6wq9Q4L1fFrmLxDR5ud997ojxhkpArhuvQL',
      tokenName: 'OpenEden (mainnet arc)_dex',
      tokenSymbol: 'EDEN',
      tokenAddress: 'DFtqYZJbBx6yE7S25gMHPvfc9CLkaZtGTn5neBqRQFoU',
      pairAddress: '7AEu3shCo6wq9Q4L1fFrmLxDR5ud997ojxhkpArhuvQL',
      chain: 'SOL',
      exchange: 'pAMMBay6oceH9fJKBRHGP5D4bD4sWpmSwMn52FMfXEA',
      priceUsd: 0.0002025367349,
      volumeUsd: 29285039.24,
      mcap: 202536.34,
      priceChangePcs: [Object],
      transactions: [Object],
      audit: [Object],
      security: [Object],
      tokenCreatedTimestamp: 2025-09-27T11:15:49.000Z,
      liquidity: [Object],
      history: [Object],
      scannerAt: 1758994653560
    },
    '7aeu3shco6wq9q4l1ffrmlxdr5ud997ojxhkparhuvql': {
      id: '7AEu3shCo6wq9Q4L1fFrmLxDR5ud997ojxhkpArhuvQL',
      tokenName: 'OpenEden (mainnet arc)_dex',
      tokenSymbol: 'EDEN',
      tokenAddress: 'DFtqYZJbBx6yE7S25gMHPvfc9CLkaZtGTn5neBqRQFoU',
      pairAddress: '7AEu3shCo6wq9Q4L1fFrmLxDR5ud997ojxhkpArhuvQL',
      chain: 'SOL',
      exchange: 'pAMMBay6oceH9fJKBRHGP5D4bD4sWpmSwMn52FMfXEA',
      priceUsd: 0.0002025367349,
      volumeUsd: 29285039.24,
      mcap: 202536.34,
      priceChangePcs: [Object],
      transactions: [Object],
      audit: [Object],
      security: [Object],
      tokenCreatedTimestamp: 2025-09-27T11:15:49.000Z,
      liquidity: [Object],
      history: [Object],
      scannerAt: 1758994653560
    },
    FAAwKMiRSxg5Ly9kF7fTic9TPsUtAsBE8GzYJHGUBBnE: {
      id: 'FAAwKMiRSxg5Ly9kF7fTic9TPsUtAsBE8GzYJHGUBBnE',
      tokenName: 'BestWalletHQ',
      tokenSymbol: 'Best',
      tokenAddress: '6wqwA7D69iWYGYaRhdi6o9UVyAreGDxkCGtyZGP4GVoC',
      pairAddress: 'FAAwKMiRSxg5Ly9kF7fTic9TPsUtAsBE8GzYJHGUBBnE',
      chain: 'SOL',
      exchange: 'pAMMBay6oceH9fJKBRHGP5D4bD4sWpmSwMn52FMfXEA',
      priceUsd: 0.000007985328354202874,
      volumeUsd: 28655546.14,
      mcap: 7985.32,
      priceChangePcs: [Object],
      transactions: [Object],
      audit: [Object],
      security: [Object],
      tokenCreatedTimestamp: 2025-09-26T16:29:03.000Z,
      liquidity: [Object],
      history: [Object],
      scannerAt: 1758994653560
    },
    faawkmirsxg5ly9kf7ftic9tpsutasbe8gzyjhgubbne: {
      id: 'FAAwKMiRSxg5Ly9kF7fTic9TPsUtAsBE8GzYJHGUBBnE',
      tokenName: 'BestWalletHQ',
      tokenSymbol: 'Best',
      tokenAddress: '6wqwA7D69iWYGYaRhdi6o9UVyAreGDxkCGtyZGP4GVoC',
      pairAddress: 'FAAwKMiRSxg5Ly9kF7fTic9TPsUtAsBE8GzYJHGUBBnE',
      chain: 'SOL',
      exchange: 'pAMMBay6oceH9fJKBRHGP5D4bD4sWpmSwMn52FMfXEA',
      priceUsd: 0.000007985328354202874,
      volumeUsd: 28655546.14,
      mcap: 7985.32,
      priceChangePcs: [Object],
      transactions: [Object],
      audit: [Object],
      security: [Object],
      tokenCreatedTimestamp: 2025-09-26T16:29:03.000Z,
      liquidity: [Object],
      history: [Object],
      scannerAt: 1758994653560
    },
    '8FweVMxdZDERdJ2m6YZgA2SfDSCYQr2LSPDEADExEWqM': {
      id: '8FweVMxdZDERdJ2m6YZgA2SfDSCYQr2LSPDEADExEWqM',
      tokenName: 'Plasma',
      tokenSymbol: 'XPL',
      tokenAddress: '8AJTMb3scFGBHY56AbA8Uyy5ziozftgW2eRfCAKoMkoq',
      pairAddress: '8FweVMxdZDERdJ2m6YZgA2SfDSCYQr2LSPDEADExEWqM',
      chain: 'SOL',
      exchange: 'pAMMBay6oceH9fJKBRHGP5D4bD4sWpmSwMn52FMfXEA',
      priceUsd: 0.00023051132186101769,
      volumeUsd: 28465233.01,
      mcap: 230510.67,
      priceChangePcs: [Object],
      transactions: [Object],
      audit: [Object],
      security: [Object],
      tokenCreatedTimestamp: 2025-09-26T17:30:31.000Z,
      liquidity: [Object],
      history: [Object],
      scannerAt: 1758994653560
    },
    '8fwevmxdzderdj2m6yzga2sfdscyqr2lspdeadexewqm': {
      id: '8FweVMxdZDERdJ2m6YZgA2SfDSCYQr2LSPDEADExEWqM',
      tokenName: 'Plasma',
      tokenSymbol: 'XPL',
      tokenAddress: '8AJTMb3scFGBHY56AbA8Uyy5ziozftgW2eRfCAKoMkoq',
      pairAddress: '8FweVMxdZDERdJ2m6YZgA2SfDSCYQr2LSPDEADExEWqM',
      chain: 'SOL',
      exchange: 'pAMMBay6oceH9fJKBRHGP5D4bD4sWpmSwMn52FMfXEA',
      priceUsd: 0.00023051132186101769,
      volumeUsd: 28465233.01,
      mcap: 230510.67,
      priceChangePcs: [Object],
      transactions: [Object],
      audit: [Object],
      security: [Object],
      tokenCreatedTimestamp: 2025-09-26T17:30:31.000Z,
      liquidity: [Object],
      history: [Object],
      scannerAt: 1758994653560
    },
    BGm1tav58oGcsQJehL9WXBFXF7D27vZsKefj4xJKD5Y: {
      id: 'BGm1tav58oGcsQJehL9WXBFXF7D27vZsKefj4xJKD5Y',
      tokenName: 'USD Coin',
      tokenSymbol: 'USDC',
      tokenAddress: 'EPjFWdd5AufqSSqeM2qN1xzybapC8G4wEGGkZwyTDt1v',
      pairAddress: 'BGm1tav58oGcsQJehL9WXBFXF7D27vZsKefj4xJKD5Y',
      chain: 'SOL',
      exchange: 'LBUZKhRxPF3XUpBCjp4YzTKgLccjZhTSDM9YuVaPwxo',
      priceUsd: 1.001125503,
      volumeUsd: 28403695.09,
      mcap: 10157202218.37,
      priceChangePcs: [Object],
      transactions: [Object],
      audit: [Object],
      security: [Object],
      tokenCreatedTimestamp: 2025-01-19T19:28:04.000Z,
      liquidity: [Object],
      history: [Object],
      scannerAt: 1758994653560
    },
    bgm1tav58ogcsqjehl9wxbfxf7d27vzskefj4xjkd5y: {
      id: 'BGm1tav58oGcsQJehL9WXBFXF7D27vZsKefj4xJKD5Y',
      tokenName: 'USD Coin',
      tokenSymbol: 'USDC',
      tokenAddress: 'EPjFWdd5AufqSSqeM2qN1xzybapC8G4wEGGkZwyTDt1v',
      pairAddress: 'BGm1tav58oGcsQJehL9WXBFXF7D27vZsKefj4xJKD5Y',
      chain: 'SOL',
      exchange: 'LBUZKhRxPF3XUpBCjp4YzTKgLccjZhTSDM9YuVaPwxo',
      priceUsd: 1.001125503,
      volumeUsd: 28403695.09,
      mcap: 10157202218.37,
      priceChangePcs: [Object],
      transactions: [Object],
      audit: [Object],
      security: [Object],
      tokenCreatedTimestamp: 2025-01-19T19:28:04.000Z,
      liquidity: [Object],
      history: [Object],
      scannerAt: 1758994653560
    },
    DSDKsFEFMgosh4LXWJho2yZdmrRS8EuUCcEv8fZXcVVM: {
      id: 'DSDKsFEFMgosh4LXWJho2yZdmrRS8EuUCcEv8fZXcVVM',
      tokenName: 'Mask Coin',
      tokenSymbol: 'MetaMask',
      tokenAddress: 'BFRSXPfDLhyXCeLieLbEYtT5pujwVVoSg81yVHS2bjag',
      pairAddress: 'DSDKsFEFMgosh4LXWJho2yZdmrRS8EuUCcEv8fZXcVVM',
      chain: 'SOL',
      exchange: 'pAMMBay6oceH9fJKBRHGP5D4bD4sWpmSwMn52FMfXEA',
      priceUsd: 0.00023232215543845708,
      volumeUsd: 28317422.86,
      mcap: 232321.58,
      priceChangePcs: [Object],
      transactions: [Object],
      audit: [Object],
      security: [Object],
      tokenCreatedTimestamp: 2025-09-26T16:58:21.000Z,
      liquidity: [Object],
      history: [Object],
      scannerAt: 1758994653560
    },
    dsdksfefmgosh4lxwjho2yzdmrrs8euuccev8fzxcvvm: {
      id: 'DSDKsFEFMgosh4LXWJho2yZdmrRS8EuUCcEv8fZXcVVM',
      tokenName: 'Mask Coin',
      tokenSymbol: 'MetaMask',
      tokenAddress: 'BFRSXPfDLhyXCeLieLbEYtT5pujwVVoSg81yVHS2bjag',
      pairAddress: 'DSDKsFEFMgosh4LXWJho2yZdmrRS8EuUCcEv8fZXcVVM',
      chain: 'SOL',
      exchange: 'pAMMBay6oceH9fJKBRHGP5D4bD4sWpmSwMn52FMfXEA',
      priceUsd: 0.00023232215543845708,
      volumeUsd: 28317422.86,
      mcap: 232321.58,
      priceChangePcs: [Object],
      transactions: [Object],
      audit: [Object],
      security: [Object],
      tokenCreatedTimestamp: 2025-09-26T16:58:21.000Z,
      liquidity: [Object],
      history: [Object],
      scannerAt: 1758994653560
    },
    '0x4D3bF29Ba30f8Bfe4624e7678709afA195689c5D': {
      id: '0x4D3bF29Ba30f8Bfe4624e7678709afA195689c5D',
      tokenName: 'AKE',
      tokenSymbol: 'AKE',
      tokenAddress: '0x2c3a8Ee94dDD97244a93Bc48298f97d2C412F7Db',
      pairAddress: '0x4D3bF29Ba30f8Bfe4624e7678709afA195689c5D',
      chain: 'BSC',
      exchange: '0x1b81D678ffb9C0263b24A97847620C99d213eB14',
      priceUsd: 0.0018440674879972303,
      volumeUsd: 28265231.19,
      mcap: 184406748.79,
      priceChangePcs: [Object],
      transactions: [Object],
      audit: [Object],
      security: [Object],
      tokenCreatedTimestamp: 2025-08-20T07:40:09.000Z,
      liquidity: [Object],
      history: [Object],
      scannerAt: 1758994653560
    },
    '0x4d3bf29ba30f8bfe4624e7678709afa195689c5d': {
      id: '0x4D3bF29Ba30f8Bfe4624e7678709afA195689c5D',
      tokenName: 'AKE',
      tokenSymbol: 'AKE',
      tokenAddress: '0x2c3a8Ee94dDD97244a93Bc48298f97d2C412F7Db',
      pairAddress: '0x4D3bF29Ba30f8Bfe4624e7678709afA195689c5D',
      chain: 'BSC',
      exchange: '0x1b81D678ffb9C0263b24A97847620C99d213eB14',
      priceUsd: 0.0018440674879972303,
      volumeUsd: 28265231.19,
      mcap: 184406748.79,
      priceChangePcs: [Object],
      transactions: [Object],
      audit: [Object],
      security: [Object],
      tokenCreatedTimestamp: 2025-08-20T07:40:09.000Z,
      liquidity: [Object],
      history: [Object],
      scannerAt: 1758994653560
    },
    '65jZDZQNgUUjn8nzWfWfCjTt8GADchcPQstSJrHLVgtD': {
      id: '65jZDZQNgUUjn8nzWfWfCjTt8GADchcPQstSJrHLVgtD',
      tokenName: 'Falcon Finance',
      tokenSymbol: 'FF',
      tokenAddress: 'GkDwuYBCE6EPFU4W5p8rDNsCTRPwTpu2PEW71Qhpn1g8',
      pairAddress: '65jZDZQNgUUjn8nzWfWfCjTt8GADchcPQstSJrHLVgtD',
      chain: 'SOL',
      exchange: 'pAMMBay6oceH9fJKBRHGP5D4bD4sWpmSwMn52FMfXEA',
      priceUsd: 0.0004155427865377349,
      volumeUsd: 28015977.66,
      mcap: 415542.05,
      priceChangePcs: [Object],
      transactions: [Object],
      audit: [Object],
      security: [Object],
      tokenCreatedTimestamp: 2025-09-27T01:06:49.000Z,
      liquidity: [Object],
      history: [Object],
      scannerAt: 1758994653560
    },
    '65jzdzqnguujn8nzwfwfcjtt8gadchcpqstsjrhlvgtd': {
      id: '65jZDZQNgUUjn8nzWfWfCjTt8GADchcPQstSJrHLVgtD',
      tokenName: 'Falcon Finance',
      tokenSymbol: 'FF',
      tokenAddress: 'GkDwuYBCE6EPFU4W5p8rDNsCTRPwTpu2PEW71Qhpn1g8',
      pairAddress: '65jZDZQNgUUjn8nzWfWfCjTt8GADchcPQstSJrHLVgtD',
      chain: 'SOL',
      exchange: 'pAMMBay6oceH9fJKBRHGP5D4bD4sWpmSwMn52FMfXEA',
      priceUsd: 0.0004155427865377349,
      volumeUsd: 28015977.66,
      mcap: 415542.05,
      priceChangePcs: [Object],
      transactions: [Object],
      audit: [Object],
      security: [Object],
      tokenCreatedTimestamp: 2025-09-27T01:06:49.000Z,
      liquidity: [Object],
      history: [Object],
      scannerAt: 1758994653560
    },
    '0x51CD0752767F7EAA094b6a2D42481cE856966796': {
      id: '0x51CD0752767F7EAA094b6a2D42481cE856966796',
      tokenName: 'LAYER TOKEN',
      tokenSymbol: 'LAYER',
      tokenAddress: '0x9B11E4539614dFa0CD640FAcD10495578B6F06D7',
      pairAddress: '0x51CD0752767F7EAA094b6a2D42481cE856966796',
      chain: 'BSC',
      exchange: '0xB971eF87ede563556b2ED4b1C0b0019111Dd85d2',
      priceUsd: 175314.20422068963,
      volumeUsd: 27140005.23,
      mcap: 1753142042206.89,
      priceChangePcs: [Object],
      transactions: [Object],
      audit: [Object],
      security: [Object],
      tokenCreatedTimestamp: 2025-09-11T17:08:53.000Z,
      liquidity: [Object],
      history: [Object],
      scannerAt: 1758994653560
    },
    '0x51cd0752767f7eaa094b6a2d42481ce856966796': {
      id: '0x51CD0752767F7EAA094b6a2D42481cE856966796',
      tokenName: 'LAYER TOKEN',
      tokenSymbol: 'LAYER',
      tokenAddress: '0x9B11E4539614dFa0CD640FAcD10495578B6F06D7',
      pairAddress: '0x51CD0752767F7EAA094b6a2D42481cE856966796',
      chain: 'BSC',
      exchange: '0xB971eF87ede563556b2ED4b1C0b0019111Dd85d2',
      priceUsd: 175314.20422068963,
      volumeUsd: 27140005.23,
      mcap: 1753142042206.89,
      priceChangePcs: [Object],
      transactions: [Object],
      audit: [Object],
      security: [Object],
      tokenCreatedTimestamp: 2025-09-11T17:08:53.000Z,
      liquidity: [Object],
      history: [Object],
      scannerAt: 1758994653560
    },
    H4dsseSVJhvUeQjsh3CxFfvTcVXMJKkgG5nvGDSUJfyN: {
      id: 'H4dsseSVJhvUeQjsh3CxFfvTcVXMJKkgG5nvGDSUJfyN',
      tokenName: 'CORGI',
      tokenSymbol: 'CORGI',
      tokenAddress: '78MBbpRuimZoTpP39kMDTEWa8c5R5mWFt8FwbDvaur8a',
      pairAddress: 'H4dsseSVJhvUeQjsh3CxFfvTcVXMJKkgG5nvGDSUJfyN',
      chain: 'SOL',
      exchange: 'pAMMBay6oceH9fJKBRHGP5D4bD4sWpmSwMn52FMfXEA',
      priceUsd: 0,
      volumeUsd: 26914675.18,
      mcap: 212499.01,
      priceChangePcs: [Object],
      transactions: [Object],
      audit: [Object],
      security: [Object],
      tokenCreatedTimestamp: 2025-09-27T00:31:14.000Z,
      liquidity: [Object],
      history: [Object],
      scannerAt: 1758994653560
    },
    h4dssesvjhvueqjsh3cxffvtcvxmjkkgg5nvgdsujfyn: {
      id: 'H4dsseSVJhvUeQjsh3CxFfvTcVXMJKkgG5nvGDSUJfyN',
      tokenName: 'CORGI',
      tokenSymbol: 'CORGI',
      tokenAddress: '78MBbpRuimZoTpP39kMDTEWa8c5R5mWFt8FwbDvaur8a',
      pairAddress: 'H4dsseSVJhvUeQjsh3CxFfvTcVXMJKkgG5nvGDSUJfyN',
      chain: 'SOL',
      exchange: 'pAMMBay6oceH9fJKBRHGP5D4bD4sWpmSwMn52FMfXEA',
      priceUsd: 0,
      volumeUsd: 26914675.18,
      mcap: 212499.01,
      priceChangePcs: [Object],
      transactions: [Object],
      audit: [Object],
      security: [Object],
      tokenCreatedTimestamp: 2025-09-27T00:31:14.000Z,
      liquidity: [Object],
      history: [Object],
      scannerAt: 1758994653560
    },
    EciycbwXyaC42yHTexhvZNt8mLrTtjcCegRXz5gDS3bK: {
      id: 'EciycbwXyaC42yHTexhvZNt8mLrTtjcCegRXz5gDS3bK',
      tokenName: 'LittlePepe',
      tokenSymbol: 'LILPEPE',
      tokenAddress: '4JALF7To9sY4U771VTNHYb69u5w72ivqohyvgutz98cm',
      pairAddress: 'EciycbwXyaC42yHTexhvZNt8mLrTtjcCegRXz5gDS3bK',
      chain: 'SOL',
      exchange: 'pAMMBay6oceH9fJKBRHGP5D4bD4sWpmSwMn52FMfXEA',
      priceUsd: 0.003378333133,
      volumeUsd: 26679464.6,
      mcap: 3378332.88,
      priceChangePcs: [Object],
      transactions: [Object],
      audit: [Object],
      security: [Object],
      tokenCreatedTimestamp: 2025-09-27T09:50:16.000Z,
      liquidity: [Object],
      history: [Object],
      scannerAt: 1758994653560
    },
    eciycbwxyac42yhtexhvznt8mlrttjccegrxz5gds3bk: {
      id: 'EciycbwXyaC42yHTexhvZNt8mLrTtjcCegRXz5gDS3bK',
      tokenName: 'LittlePepe',
      tokenSymbol: 'LILPEPE',
      tokenAddress: '4JALF7To9sY4U771VTNHYb69u5w72ivqohyvgutz98cm',
      pairAddress: 'EciycbwXyaC42yHTexhvZNt8mLrTtjcCegRXz5gDS3bK',
      chain: 'SOL',
      exchange: 'pAMMBay6oceH9fJKBRHGP5D4bD4sWpmSwMn52FMfXEA',
      priceUsd: 0.003378333133,
      volumeUsd: 26679464.6,
      mcap: 3378332.88,
      priceChangePcs: [Object],
      transactions: [Object],
      audit: [Object],
      security: [Object],
      tokenCreatedTimestamp: 2025-09-27T09:50:16.000Z,
      liquidity: [Object],
      history: [Object],
      scannerAt: 1758994653560
    },
    D9h5PPpHDa7ba95HiyLeYjnXCinGhhdjhcoeFJQ2cf7z: {
      id: 'D9h5PPpHDa7ba95HiyLeYjnXCinGhhdjhcoeFJQ2cf7z',
      tokenName: 'WURK',
      tokenSymbol: 'WURK',
      tokenAddress: 'CzQA6NA5ykJ5ASD7swLSxcVcG1nrwzSAcyR5EFGFFtPU',
      pairAddress: 'D9h5PPpHDa7ba95HiyLeYjnXCinGhhdjhcoeFJQ2cf7z',
      chain: 'SOL',
      exchange: 'pAMMBay6oceH9fJKBRHGP5D4bD4sWpmSwMn52FMfXEA',
      priceUsd: 0,
      volumeUsd: 26597124.22,
      mcap: 183467.91,
      priceChangePcs: [Object],
      transactions: [Object],
      audit: [Object],
      security: [Object],
      tokenCreatedTimestamp: 2025-09-27T07:46:41.000Z,
      liquidity: [Object],
      history: [Object],
      scannerAt: 1758994653560
    },
    d9h5ppphda7ba95hiyleyjnxcinghhdjhcoefjq2cf7z: {
      id: 'D9h5PPpHDa7ba95HiyLeYjnXCinGhhdjhcoeFJQ2cf7z',
      tokenName: 'WURK',
      tokenSymbol: 'WURK',
      tokenAddress: 'CzQA6NA5ykJ5ASD7swLSxcVcG1nrwzSAcyR5EFGFFtPU',
      pairAddress: 'D9h5PPpHDa7ba95HiyLeYjnXCinGhhdjhcoeFJQ2cf7z',
      chain: 'SOL',
      exchange: 'pAMMBay6oceH9fJKBRHGP5D4bD4sWpmSwMn52FMfXEA',
      priceUsd: 0,
      volumeUsd: 26597124.22,
      mcap: 183467.91,
      priceChangePcs: [Object],
      transactions: [Object],
      audit: [Object],
      security: [Object],
      tokenCreatedTimestamp: 2025-09-27T07:46:41.000Z,
      liquidity: [Object],
      history: [Object],
      scannerAt: 1758994653560
    },
    FDqFiYe3QfKiLBfav7GW4EsGh3Jt465tBqLg7HTnrkqR: {
      id: 'FDqFiYe3QfKiLBfav7GW4EsGh3Jt465tBqLg7HTnrkqR',
      tokenName: 'Bitlight Labs',
      tokenSymbol: 'LIGHT',
      tokenAddress: 'CipEt68fvLSxyo9CYch8qqkKPULmNkTp6qLsEtS8Lovw',
      pairAddress: 'FDqFiYe3QfKiLBfav7GW4EsGh3Jt465tBqLg7HTnrkqR',
      chain: 'SOL',
      exchange: 'pAMMBay6oceH9fJKBRHGP5D4bD4sWpmSwMn52FMfXEA',
      priceUsd: 0.0005403168924762773,
      volumeUsd: 26478943.24,
      mcap: 540265.52,
      priceChangePcs: [Object],
      transactions: [Object],
      audit: [Object],
      security: [Object],
      tokenCreatedTimestamp: 2025-09-26T13:15:09.000Z,
      liquidity: [Object],
      history: [Object],
      scannerAt: 1758994653560
    },
    fdqfiye3qfkilbfav7gw4esgh3jt465tbqlg7htnrkqr: {
      id: 'FDqFiYe3QfKiLBfav7GW4EsGh3Jt465tBqLg7HTnrkqR',
      tokenName: 'Bitlight Labs',
      tokenSymbol: 'LIGHT',
      tokenAddress: 'CipEt68fvLSxyo9CYch8qqkKPULmNkTp6qLsEtS8Lovw',
      pairAddress: 'FDqFiYe3QfKiLBfav7GW4EsGh3Jt465tBqLg7HTnrkqR',
      chain: 'SOL',
      exchange: 'pAMMBay6oceH9fJKBRHGP5D4bD4sWpmSwMn52FMfXEA',
      priceUsd: 0.0005403168924762773,
      volumeUsd: 26478943.24,
      mcap: 540265.52,
      priceChangePcs: [Object],
      transactions: [Object],
      audit: [Object],
      security: [Object],
      tokenCreatedTimestamp: 2025-09-26T13:15:09.000Z,
      liquidity: [Object],
      history: [Object],
      scannerAt: 1758994653560
    },
    ALnyJnYCgFqLuJEFajqBjbDp7k9apSxARLFBE736U1ZF: {
      id: 'ALnyJnYCgFqLuJEFajqBjbDp7k9apSxARLFBE736U1ZF',
      tokenName: 'TESLA AI',
      tokenSymbol: 'TESLA',
      tokenAddress: 'FjUrnJMCUG9wVE9HQr4aNFCwpK1eUCPyrEotaVBgDXfn',
      pairAddress: 'ALnyJnYCgFqLuJEFajqBjbDp7k9apSxARLFBE736U1ZF',
      chain: 'SOL',
      exchange: 'pAMMBay6oceH9fJKBRHGP5D4bD4sWpmSwMn52FMfXEA',
      priceUsd: 0,
      volumeUsd: 26341416.63,
      mcap: 4319302.69,
      priceChangePcs: [Object],
      transactions: [Object],
      audit: [Object],
      security: [Object],
      tokenCreatedTimestamp: 2025-09-27T06:49:34.000Z,
      liquidity: [Object],
      history: [Object],
      scannerAt: 1758994653560
    },
    alnyjnycgfqlujefajqbjbdp7k9apsxarlfbe736u1zf: {
      id: 'ALnyJnYCgFqLuJEFajqBjbDp7k9apSxARLFBE736U1ZF',
      tokenName: 'TESLA AI',
      tokenSymbol: 'TESLA',
      tokenAddress: 'FjUrnJMCUG9wVE9HQr4aNFCwpK1eUCPyrEotaVBgDXfn',
      pairAddress: 'ALnyJnYCgFqLuJEFajqBjbDp7k9apSxARLFBE736U1ZF',
      chain: 'SOL',
      exchange: 'pAMMBay6oceH9fJKBRHGP5D4bD4sWpmSwMn52FMfXEA',
      priceUsd: 0,
      volumeUsd: 26341416.63,
      mcap: 4319302.69,
      priceChangePcs: [Object],
      transactions: [Object],
      audit: [Object],
      security: [Object],
      tokenCreatedTimestamp: 2025-09-27T06:49:34.000Z,
      liquidity: [Object],
      history: [Object],
      scannerAt: 1758994653560
    },
    CtVm6wRPUFdgc8uh2NhFrM5fgsRAKwNZPXEuw8btXmHt: {
      id: 'CtVm6wRPUFdgc8uh2NhFrM5fgsRAKwNZPXEuw8btXmHt',
      tokenName: 'Falcon Finance',
      tokenSymbol: 'FF',
      tokenAddress: '6shzeWC3h3Y8g2vN6B97BGvW6mS288v5gRXCejnVH1ZG',
      pairAddress: 'CtVm6wRPUFdgc8uh2NhFrM5fgsRAKwNZPXEuw8btXmHt',
      chain: 'SOL',
      exchange: 'pAMMBay6oceH9fJKBRHGP5D4bD4sWpmSwMn52FMfXEA',
      priceUsd: 0.002660817127028389,
      volumeUsd: 26319431.04,
      mcap: 2660817.04,
      priceChangePcs: [Object],
      transactions: [Object],
      audit: [Object],
      security: [Object],
      tokenCreatedTimestamp: 2025-09-26T13:38:26.000Z,
      liquidity: [Object],
      history: [Object],
      scannerAt: 1758994653560
    },
    ctvm6wrpufdgc8uh2nhfrm5fgsrakwnzpxeuw8btxmht: {
      id: 'CtVm6wRPUFdgc8uh2NhFrM5fgsRAKwNZPXEuw8btXmHt',
      tokenName: 'Falcon Finance',
      tokenSymbol: 'FF',
      tokenAddress: '6shzeWC3h3Y8g2vN6B97BGvW6mS288v5gRXCejnVH1ZG',
      pairAddress: 'CtVm6wRPUFdgc8uh2NhFrM5fgsRAKwNZPXEuw8btXmHt',
      chain: 'SOL',
      exchange: 'pAMMBay6oceH9fJKBRHGP5D4bD4sWpmSwMn52FMfXEA',
      priceUsd: 0.002660817127028389,
      volumeUsd: 26319431.04,
      mcap: 2660817.04,
      priceChangePcs: [Object],
      transactions: [Object],
      audit: [Object],
      security: [Object],
      tokenCreatedTimestamp: 2025-09-26T13:38:26.000Z,
      liquidity: [Object],
      history: [Object],
      scannerAt: 1758994653560
    },
    AieAwfurtuySgUoNbrABJUNGCpHA2UPsDWawn5WuYuUz: {
      id: 'AieAwfurtuySgUoNbrABJUNGCpHA2UPsDWawn5WuYuUz',
      tokenName: 'trillions',
      tokenSymbol: 'trillions',
      tokenAddress: 'AxGSDwpzU2GdpSVJvsZrQPwWJreSXXv87aGBcwoL1neE',
      pairAddress: 'AieAwfurtuySgUoNbrABJUNGCpHA2UPsDWawn5WuYuUz',
      chain: 'SOL',
      exchange: 'pAMMBay6oceH9fJKBRHGP5D4bD4sWpmSwMn52FMfXEA',
      priceUsd: 0,
      volumeUsd: 25768891.67,
      mcap: 207541.59,
      priceChangePcs: [Object],
      transactions: [Object],
      audit: [Object],
      security: [Object],
      tokenCreatedTimestamp: 2025-09-27T06:14:49.000Z,
      liquidity: [Object],
      history: [Object],
      scannerAt: 1758994653560
    },
    aieawfurtuysguonbrabjungcpha2upsdwawn5wuyuuz: {
      id: 'AieAwfurtuySgUoNbrABJUNGCpHA2UPsDWawn5WuYuUz',
      tokenName: 'trillions',
      tokenSymbol: 'trillions',
      tokenAddress: 'AxGSDwpzU2GdpSVJvsZrQPwWJreSXXv87aGBcwoL1neE',
      pairAddress: 'AieAwfurtuySgUoNbrABJUNGCpHA2UPsDWawn5WuYuUz',
      chain: 'SOL',
      exchange: 'pAMMBay6oceH9fJKBRHGP5D4bD4sWpmSwMn52FMfXEA',
      priceUsd: 0,
      volumeUsd: 25768891.67,
      mcap: 207541.59,
      priceChangePcs: [Object],
      transactions: [Object],
      audit: [Object],
      security: [Object],
      tokenCreatedTimestamp: 2025-09-27T06:14:49.000Z,
      liquidity: [Object],
      history: [Object],
      scannerAt: 1758994653560
    },
    '3y2hZe5D3mwwhkjz7jNsN9dTDWgKkZh9msXJ8r1ApLyh': {
      id: '3y2hZe5D3mwwhkjz7jNsN9dTDWgKkZh9msXJ8r1ApLyh',
      tokenName: 'Just a Chill Bear',
      tokenSymbol: 'CHILLBEAR',
      tokenAddress: 'E2ZGPypgSn1oFan4wDiWECS7dwmdRZkr54V1bFvnpump',
      pairAddress: '3y2hZe5D3mwwhkjz7jNsN9dTDWgKkZh9msXJ8r1ApLyh',
      chain: 'SOL',
      exchange: '6EF8rrecthR5Dkzon8Nwu78hRvfCKubJ14M5uBEwF6P',
      priceUsd: 0,
      volumeUsd: 0,
      mcap: 0,
      priceChangePcs: [Object],
      transactions: [Object],
      audit: [Object],
      security: [Object],
      tokenCreatedTimestamp: 2025-09-27T13:32:11.000Z,
      liquidity: [Object],
      history: [Object],
      scannerAt: 1758994654001
    },
    '3y2hze5d3mwwhkjz7jnsn9dtdwgkkzh9msxj8r1aplyh': {
      id: '3y2hZe5D3mwwhkjz7jNsN9dTDWgKkZh9msXJ8r1ApLyh',
      tokenName: 'Just a Chill Bear',
      tokenSymbol: 'CHILLBEAR',
      tokenAddress: 'E2ZGPypgSn1oFan4wDiWECS7dwmdRZkr54V1bFvnpump',
      pairAddress: '3y2hZe5D3mwwhkjz7jNsN9dTDWgKkZh9msXJ8r1ApLyh',
      chain: 'SOL',
      exchange: '6EF8rrecthR5Dkzon8Nwu78hRvfCKubJ14M5uBEwF6P',
      priceUsd: 0,
      volumeUsd: 0,
      mcap: 0,
      priceChangePcs: [Object],
      transactions: [Object],
      audit: [Object],
      security: [Object],
      tokenCreatedTimestamp: 2025-09-27T13:32:11.000Z,
      liquidity: [Object],
      history: [Object],
      scannerAt: 1758994654001
    },
    '0xe643A1075C57624bd27df9caD4f90EA0A710598D': {
      id: '0xe643A1075C57624bd27df9caD4f90EA0A710598D',
      tokenName: 'LABUBU',
      tokenSymbol: 'LABUBU',
      tokenAddress: '0xA7cb31CB308870687b361409FDc7998266D51Bcd',
      pairAddress: '0xe643A1075C57624bd27df9caD4f90EA0A710598D',
      chain: 'BSC',
      exchange: '0x10ED43C718714eb63d5aA57B78B54704E256024E',
      priceUsd: 0,
      volumeUsd: 0,
      mcap: 0,
      priceChangePcs: [Object],
      transactions: [Object],
      audit: [Object],
      security: [Object],
      tokenCreatedTimestamp: 2025-09-27T13:32:08.000Z,
      liquidity: [Object],
      history: [Object],
      scannerAt: 1758994654001
    },
    '0xe643a1075c57624bd27df9cad4f90ea0a710598d': {
      id: '0xe643A1075C57624bd27df9caD4f90EA0A710598D',
      tokenName: 'LABUBU',
      tokenSymbol: 'LABUBU',
      tokenAddress: '0xA7cb31CB308870687b361409FDc7998266D51Bcd',
      pairAddress: '0xe643A1075C57624bd27df9caD4f90EA0A710598D',
      chain: 'BSC',
      exchange: '0x10ED43C718714eb63d5aA57B78B54704E256024E',
      priceUsd: 0,
      volumeUsd: 0,
      mcap: 0,
      priceChangePcs: [Object],
      transactions: [Object],
      audit: [Object],
      security: [Object],
      tokenCreatedTimestamp: 2025-09-27T13:32:08.000Z,
      liquidity: [Object],
      history: [Object],
      scannerAt: 1758994654001
    },
    CFnXUzvC5HuztiepzRYHX3ihKV7iQMxMc8hwjuTsjJJU: {
      id: 'CFnXUzvC5HuztiepzRYHX3ihKV7iQMxMc8hwjuTsjJJU',
      tokenName: 'Lost It',
      tokenSymbol: 'LOST',
      tokenAddress: 'ChNDuHJqqjEQk74ZTkShff5AwAk8ykfZ7kkTUB7Upump',
      pairAddress: 'CFnXUzvC5HuztiepzRYHX3ihKV7iQMxMc8hwjuTsjJJU',
      chain: 'SOL',
      exchange: '6EF8rrecthR5Dkzon8Nwu78hRvfCKubJ14M5uBEwF6P',
      priceUsd: 0,
      volumeUsd: 0,
      mcap: 802.18,
      priceChangePcs: [Object],
      transactions: [Object],
      audit: [Object],
      security: [Object],
      tokenCreatedTimestamp: 2025-09-27T13:32:03.000Z,
      liquidity: [Object],
      history: [Object],
      scannerAt: 1758994654001
    },
    cfnxuzvc5huztiepzryhx3ihkv7iqmxmc8hwjutsjjju: {
      id: 'CFnXUzvC5HuztiepzRYHX3ihKV7iQMxMc8hwjuTsjJJU',
      tokenName: 'Lost It',
      tokenSymbol: 'LOST',
      tokenAddress: 'ChNDuHJqqjEQk74ZTkShff5AwAk8ykfZ7kkTUB7Upump',
      pairAddress: 'CFnXUzvC5HuztiepzRYHX3ihKV7iQMxMc8hwjuTsjJJU',
      chain: 'SOL',
      exchange: '6EF8rrecthR5Dkzon8Nwu78hRvfCKubJ14M5uBEwF6P',
      priceUsd: 0,
      volumeUsd: 0,
      mcap: 802.18,
      priceChangePcs: [Object],
      transactions: [Object],
      audit: [Object],
      security: [Object],
      tokenCreatedTimestamp: 2025-09-27T13:32:03.000Z,
      liquidity: [Object],
      history: [Object],
      scannerAt: 1758994654001
    },
    FTqQ24CYxVspoXF6bsfRTejBUVdRYmLGdpqEejNkUWNk: {
      id: 'FTqQ24CYxVspoXF6bsfRTejBUVdRYmLGdpqEejNkUWNk',
      tokenName: 'Perp.City',
      tokenSymbol: 'Perp',
      tokenAddress: '4viZr6CfLDMJUAuFixGv3Q97AT4737LnXoaUjeXapump',
      pairAddress: 'FTqQ24CYxVspoXF6bsfRTejBUVdRYmLGdpqEejNkUWNk',
      chain: 'SOL',
      exchange: '6EF8rrecthR5Dkzon8Nwu78hRvfCKubJ14M5uBEwF6P',
      priceUsd: 0,
      volumeUsd: 0,
      mcap: 1202.88,
      priceChangePcs: [Object],
      transactions: [Object],
      audit: [Object],
      security: [Object],
      tokenCreatedTimestamp: 2025-09-27T13:32:03.000Z,
      liquidity: [Object],
      history: [Object],
      scannerAt: 1758994654001
    },
    ftqq24cyxvspoxf6bsfrtejbuvdrymlgdpqeejnkuwnk: {
      id: 'FTqQ24CYxVspoXF6bsfRTejBUVdRYmLGdpqEejNkUWNk',
      tokenName: 'Perp.City',
      tokenSymbol: 'Perp',
      tokenAddress: '4viZr6CfLDMJUAuFixGv3Q97AT4737LnXoaUjeXapump',
      pairAddress: 'FTqQ24CYxVspoXF6bsfRTejBUVdRYmLGdpqEejNkUWNk',
      chain: 'SOL',
      exchange: '6EF8rrecthR5Dkzon8Nwu78hRvfCKubJ14M5uBEwF6P',
      priceUsd: 0,
      volumeUsd: 0,
      mcap: 1202.88,
      priceChangePcs: [Object],
      transactions: [Object],
      audit: [Object],
      security: [Object],
      tokenCreatedTimestamp: 2025-09-27T13:32:03.000Z,
      liquidity: [Object],
      history: [Object],
      scannerAt: 1758994654001
    },
    CQRism6bRr1jSWu1uXwSSTzkSneGZ3abCztzT6oaBtGJ: {
      id: 'CQRism6bRr1jSWu1uXwSSTzkSneGZ3abCztzT6oaBtGJ',
      tokenName: 'DUKLY',
      tokenSymbol: 'DUKLY',
      tokenAddress: '5eHQGT2GXge2i7bFz8xB76epkS1fzTBmVGy1MQRWuXao',
      pairAddress: 'CQRism6bRr1jSWu1uXwSSTzkSneGZ3abCztzT6oaBtGJ',
      chain: 'SOL',
      exchange: 'dbcij3LWUppWqq96dh6gJWwBifmcGfLSB5D4DuSMaqN',
      priceUsd: 0.0001190602591,
      volumeUsd: 1320.63,
      mcap: 119060.25,
      priceChangePcs: [Object],
      transactions: [Object],
      audit: [Object],
      security: [Object],
      tokenCreatedTimestamp: 2025-09-27T13:32:01.000Z,
      liquidity: [Object],
      history: [Object],
      scannerAt: 1758994654001
    },
    cqrism6brr1jswu1uxwsstzksnegz3abcztzt6oabtgj: {
      id: 'CQRism6bRr1jSWu1uXwSSTzkSneGZ3abCztzT6oaBtGJ',
      tokenName: 'DUKLY',
      tokenSymbol: 'DUKLY',
      tokenAddress: '5eHQGT2GXge2i7bFz8xB76epkS1fzTBmVGy1MQRWuXao',
      pairAddress: 'CQRism6bRr1jSWu1uXwSSTzkSneGZ3abCztzT6oaBtGJ',
      chain: 'SOL',
      exchange: 'dbcij3LWUppWqq96dh6gJWwBifmcGfLSB5D4DuSMaqN',
      priceUsd: 0.0001190602591,
      volumeUsd: 1320.63,
      mcap: 119060.25,
      priceChangePcs: [Object],
      transactions: [Object],
      audit: [Object],
      security: [Object],
      tokenCreatedTimestamp: 2025-09-27T13:32:01.000Z,
      liquidity: [Object],
      history: [Object],
      scannerAt: 1758994654001
    },
    '5t8UBcTbkUFXzuqiovriADL92BLicZiFMC1TZT4gdef7': {
      id: '5t8UBcTbkUFXzuqiovriADL92BLicZiFMC1TZT4gdef7',
      tokenName: 'The Eye of Answers',
      tokenSymbol: 'ANSWERS',
      tokenAddress: '4tMW5aeWyBQQR2ZTsKMFndZAqdYz9qBQYrDevUqypump',
      pairAddress: '5t8UBcTbkUFXzuqiovriADL92BLicZiFMC1TZT4gdef7',
      chain: 'SOL',
      exchange: '6EF8rrecthR5Dkzon8Nwu78hRvfCKubJ14M5uBEwF6P',
      priceUsd: 0.000005974655866,
      volumeUsd: 22.56,
      mcap: 5974.65,
      priceChangePcs: [Object],
      transactions: [Object],
      audit: [Object],
      security: [Object],
      tokenCreatedTimestamp: 2025-09-27T13:31:52.000Z,
      liquidity: [Object],
      history: [Object],
      scannerAt: 1758994654001
    },
    '5t8ubctbkufxzuqiovriadl92bliczifmc1tzt4gdef7': {
      id: '5t8UBcTbkUFXzuqiovriADL92BLicZiFMC1TZT4gdef7',
      tokenName: 'The Eye of Answers',
      tokenSymbol: 'ANSWERS',
      tokenAddress: '4tMW5aeWyBQQR2ZTsKMFndZAqdYz9qBQYrDevUqypump',
      pairAddress: '5t8UBcTbkUFXzuqiovriADL92BLicZiFMC1TZT4gdef7',
      chain: 'SOL',
      exchange: '6EF8rrecthR5Dkzon8Nwu78hRvfCKubJ14M5uBEwF6P',
      priceUsd: 0.000005974655866,
      volumeUsd: 22.56,
      mcap: 5974.65,
      priceChangePcs: [Object],
      transactions: [Object],
      audit: [Object],
      security: [Object],
      tokenCreatedTimestamp: 2025-09-27T13:31:52.000Z,
      liquidity: [Object],
      history: [Object],
      scannerAt: 1758994654001
    },
    '0x231478DF651aE4781de6b8457E10193BAAF1Ffaa': {
      id: '0x231478DF651aE4781de6b8457E10193BAAF1Ffaa',
      tokenName: 'Elon Troll Face',
      tokenSymbol: 'ETF',
      tokenAddress: '0x2F78Bcd7eA3bc5793F571953951ae17633FBaFAE',
      pairAddress: '0x231478DF651aE4781de6b8457E10193BAAF1Ffaa',
      chain: 'BASE',
      exchange: '0x4752ba5DBc23f44D87826276BF6Fd6b1C372aD24',
      priceUsd: 0.00001668582133936555,
      volumeUsd: 471.42,
      mcap: 91772.01,
      priceChangePcs: [Object],
      transactions: [Object],
      audit: [Object],
      security: [Object],
      tokenCreatedTimestamp: 2025-09-27T13:31:47.000Z,
      liquidity: [Object],
      history: [Object],
      scannerAt: 1758994654001
    },
    '0x231478df651ae4781de6b8457e10193baaf1ffaa': {
      id: '0x231478DF651aE4781de6b8457E10193BAAF1Ffaa',
      tokenName: 'Elon Troll Face',
      tokenSymbol: 'ETF',
      tokenAddress: '0x2F78Bcd7eA3bc5793F571953951ae17633FBaFAE',
      pairAddress: '0x231478DF651aE4781de6b8457E10193BAAF1Ffaa',
      chain: 'BASE',
      exchange: '0x4752ba5DBc23f44D87826276BF6Fd6b1C372aD24',
      priceUsd: 0.00001668582133936555,
      volumeUsd: 471.42,
      mcap: 91772.01,
      priceChangePcs: [Object],
      transactions: [Object],
      audit: [Object],
      security: [Object],
      tokenCreatedTimestamp: 2025-09-27T13:31:47.000Z,
      liquidity: [Object],
      history: [Object],
      scannerAt: 1758994654001
    },
    '8MrcchKa3zo5cRpUsmjyKWM84v3ggkp6V3k9ACQkvDja': {
      id: '8MrcchKa3zo5cRpUsmjyKWM84v3ggkp6V3k9ACQkvDja',
      tokenName: 'Pandu Pandas',
      tokenSymbol: 'PANDU',
      tokenAddress: '69GXejCYUEht3AvBPreTBuh7jmyuS8UxSjNghgRdaos',
      pairAddress: '8MrcchKa3zo5cRpUsmjyKWM84v3ggkp6V3k9ACQkvDja',
      chain: 'SOL',
      exchange: 'cpamdpZCGKUy5JxQXB4dcpGPiikHawvSWAd6mEn1sGG',
      priceUsd: 0.00005151043799,
      volumeUsd: 958.7,
      mcap: 51510.43,
      priceChangePcs: [Object],
      transactions: [Object],
      audit: [Object],
      security: [Object],
      tokenCreatedTimestamp: 2025-09-27T13:31:43.000Z,
      liquidity: [Object],
      history: [Object],
      scannerAt: 1758994654001
    },
    '8mrcchka3zo5crpusmjykwm84v3ggkp6v3k9acqkvdja': {
      id: '8MrcchKa3zo5cRpUsmjyKWM84v3ggkp6V3k9ACQkvDja',
      tokenName: 'Pandu Pandas',
      tokenSymbol: 'PANDU',
      tokenAddress: '69GXejCYUEht3AvBPreTBuh7jmyuS8UxSjNghgRdaos',
      pairAddress: '8MrcchKa3zo5cRpUsmjyKWM84v3ggkp6V3k9ACQkvDja',
      chain: 'SOL',
      exchange: 'cpamdpZCGKUy5JxQXB4dcpGPiikHawvSWAd6mEn1sGG',
      priceUsd: 0.00005151043799,
      volumeUsd: 958.7,
      mcap: 51510.43,
      priceChangePcs: [Object],
      transactions: [Object],
      audit: [Object],
      security: [Object],
      tokenCreatedTimestamp: 2025-09-27T13:31:43.000Z,
      liquidity: [Object],
      history: [Object],
      scannerAt: 1758994654001
    },
    '0xE36334a376E71Abc5bC087F3C62597A540685949': {
      id: '0xE36334a376E71Abc5bC087F3C62597A540685949',
      tokenName: 'Eco trade coin',
      tokenSymbol: 'ETT',
      tokenAddress: '0x4ce8a39D4c0D3644f22553b9C2c7708199Bad23b',
      pairAddress: '0xE36334a376E71Abc5bC087F3C62597A540685949',
      chain: 'BASE',
      exchange: '0x2626664c2603336E57B271c5C0b26F421741e481',
      priceUsd: 0,
      volumeUsd: 0,
      mcap: 0,
      priceChangePcs: [Object],
      transactions: [Object],
      audit: [Object],
      security: [Object],
      tokenCreatedTimestamp: 2025-09-27T13:31:43.000Z,
      liquidity: [Object],
      history: [Object],
      scannerAt: 1758994654001
    },
    '0xe36334a376e71abc5bc087f3c62597a540685949': {
      id: '0xE36334a376E71Abc5bC087F3C62597A540685949',
      tokenName: 'Eco trade coin',
      tokenSymbol: 'ETT',
      tokenAddress: '0x4ce8a39D4c0D3644f22553b9C2c7708199Bad23b',
      pairAddress: '0xE36334a376E71Abc5bC087F3C62597A540685949',
      chain: 'BASE',
      exchange: '0x2626664c2603336E57B271c5C0b26F421741e481',
      priceUsd: 0,
      volumeUsd: 0,
      mcap: 0,
      priceChangePcs: [Object],
      transactions: [Object],
      audit: [Object],
      security: [Object],
      tokenCreatedTimestamp: 2025-09-27T13:31:43.000Z,
      liquidity: [Object],
      history: [Object],
      scannerAt: 1758994654001
    },
    '0xA7722F49f21cF937fae5d042c5EDDCD81C9D5b45': {
      id: '0xA7722F49f21cF937fae5d042c5EDDCD81C9D5b45',
      tokenName: 'AI Size SIZE',
      tokenSymbol: 'AI SIZE SIZE',
      tokenAddress: '0x093Fe3eC3C59F13591d83517b418015E3F593661',
      pairAddress: '0xA7722F49f21cF937fae5d042c5EDDCD81C9D5b45',
      chain: 'BSC',
      exchange: '0x10ED43C718714eb63d5aA57B78B54704E256024E',
      priceUsd: 0,
      volumeUsd: 0,
      mcap: 0.19484157000000002,
      priceChangePcs: [Object],
      transactions: [Object],
      audit: [Object],
      security: [Object],
      tokenCreatedTimestamp: 2025-09-27T13:31:42.000Z,
      liquidity: [Object],
      history: [Object],
      scannerAt: 1758994654001
    },
    '0xa7722f49f21cf937fae5d042c5eddcd81c9d5b45': {
      id: '0xA7722F49f21cF937fae5d042c5EDDCD81C9D5b45',
      tokenName: 'AI Size SIZE',
      tokenSymbol: 'AI SIZE SIZE',
      tokenAddress: '0x093Fe3eC3C59F13591d83517b418015E3F593661',
      pairAddress: '0xA7722F49f21cF937fae5d042c5EDDCD81C9D5b45',
      chain: 'BSC',
      exchange: '0x10ED43C718714eb63d5aA57B78B54704E256024E',
      priceUsd: 0,
      volumeUsd: 0,
      mcap: 0.19484157000000002,
      priceChangePcs: [Object],
      transactions: [Object],
      audit: [Object],
      security: [Object],
      tokenCreatedTimestamp: 2025-09-27T13:31:42.000Z,
      liquidity: [Object],
      history: [Object],
      scannerAt: 1758994654001
    },
    '5ZMD3sEqWLwWUtVydBptTSumQbPn13UEfaKe97C1adRB': {
      id: '5ZMD3sEqWLwWUtVydBptTSumQbPn13UEfaKe97C1adRB',
      tokenName: 'Qintara',
      tokenSymbol: 'QTARA',
      tokenAddress: '4bKyEvKzaTMcyWCD9GnLPEkSFHv2xS9EdSZJ2U79p7ob',
      pairAddress: '5ZMD3sEqWLwWUtVydBptTSumQbPn13UEfaKe97C1adRB',
      chain: 'SOL',
      exchange: 'dbcij3LWUppWqq96dh6gJWwBifmcGfLSB5D4DuSMaqN',
      priceUsd: 0.001627384457,
      volumeUsd: 1186.45,
      mcap: 1627384.45,
      priceChangePcs: [Object],
      transactions: [Object],
      audit: [Object],
      security: [Object],
      tokenCreatedTimestamp: 2025-09-27T13:31:42.000Z,
      liquidity: [Object],
      history: [Object],
      scannerAt: 1758994654001
    },
    '5zmd3seqwlwwutvydbpttsumqbpn13uefake97c1adrb': {
      id: '5ZMD3sEqWLwWUtVydBptTSumQbPn13UEfaKe97C1adRB',
      tokenName: 'Qintara',
      tokenSymbol: 'QTARA',
      tokenAddress: '4bKyEvKzaTMcyWCD9GnLPEkSFHv2xS9EdSZJ2U79p7ob',
      pairAddress: '5ZMD3sEqWLwWUtVydBptTSumQbPn13UEfaKe97C1adRB',
      chain: 'SOL',
      exchange: 'dbcij3LWUppWqq96dh6gJWwBifmcGfLSB5D4DuSMaqN',
      priceUsd: 0.001627384457,
      volumeUsd: 1186.45,
      mcap: 1627384.45,
      priceChangePcs: [Object],
      transactions: [Object],
      audit: [Object],
      security: [Object],
      tokenCreatedTimestamp: 2025-09-27T13:31:42.000Z,
      liquidity: [Object],
      history: [Object],
      scannerAt: 1758994654001
    },
    CSn1jyW2bVmwrwHqFAKzBPvqF32bXbHxnkoESQisc7uF: {
      id: 'CSn1jyW2bVmwrwHqFAKzBPvqF32bXbHxnkoESQisc7uF',
      tokenName: 'SOLTAN',
      tokenSymbol: 'SOLTAN',
      tokenAddress: 'HRNDGEd1vDAQwgAU5XftdFFmbRVWSnJBp8rKvAvpump',
      pairAddress: 'CSn1jyW2bVmwrwHqFAKzBPvqF32bXbHxnkoESQisc7uF',
      chain: 'SOL',
      exchange: '6EF8rrecthR5Dkzon8Nwu78hRvfCKubJ14M5uBEwF6P',
      priceUsd: 0.00000657107587291501,
      volumeUsd: 10.34,
      mcap: 6571.07,
      priceChangePcs: [Object],
      transactions: [Object],
      audit: [Object],
      security: [Object],
      tokenCreatedTimestamp: 2025-09-27T13:31:40.000Z,
      liquidity: [Object],
      history: [Object],
      scannerAt: 1758994654001
    },
    csn1jyw2bvmwrwhqfakzbpvqf32bxbhxnkoesqisc7uf: {
      id: 'CSn1jyW2bVmwrwHqFAKzBPvqF32bXbHxnkoESQisc7uF',
      tokenName: 'SOLTAN',
      tokenSymbol: 'SOLTAN',
      tokenAddress: 'HRNDGEd1vDAQwgAU5XftdFFmbRVWSnJBp8rKvAvpump',
      pairAddress: 'CSn1jyW2bVmwrwHqFAKzBPvqF32bXbHxnkoESQisc7uF',
      chain: 'SOL',
      exchange: '6EF8rrecthR5Dkzon8Nwu78hRvfCKubJ14M5uBEwF6P',
      priceUsd: 0.00000657107587291501,
      volumeUsd: 10.34,
      mcap: 6571.07,
      priceChangePcs: [Object],
      transactions: [Object],
      audit: [Object],
      security: [Object],
      tokenCreatedTimestamp: 2025-09-27T13:31:40.000Z,
      liquidity: [Object],
      history: [Object],
      scannerAt: 1758994654001
    },
    '0xd1a44891Cb74A134535849059356f08a1591b028': {
      id: '0xd1a44891Cb74A134535849059356f08a1591b028',
      tokenName: 'Just cats on base',
      tokenSymbol: 'Cats',
      tokenAddress: '0x11547CcCD2F0E4CC0a07b41d7c905c61317E918D',
      pairAddress: '0xd1a44891Cb74A134535849059356f08a1591b028',
      chain: 'BASE',
      exchange: '0x4752ba5DBc23f44D87826276BF6Fd6b1C372aD24',
      priceUsd: 0,
      volumeUsd: 0,
      mcap: 0,
      priceChangePcs: [Object],
      transactions: [Object],
      audit: [Object],
      security: [Object],
      tokenCreatedTimestamp: 2025-09-27T13:31:39.000Z,
      liquidity: [Object],
      history: [Object],
      scannerAt: 1758994654001
    },
    '0xd1a44891cb74a134535849059356f08a1591b028': {
      id: '0xd1a44891Cb74A134535849059356f08a1591b028',
      tokenName: 'Just cats on base',
      tokenSymbol: 'Cats',
      tokenAddress: '0x11547CcCD2F0E4CC0a07b41d7c905c61317E918D',
      pairAddress: '0xd1a44891Cb74A134535849059356f08a1591b028',
      chain: 'BASE',
      exchange: '0x4752ba5DBc23f44D87826276BF6Fd6b1C372aD24',
      priceUsd: 0,
      volumeUsd: 0,
      mcap: 0,
      priceChangePcs: [Object],
      transactions: [Object],
      audit: [Object],
      security: [Object],
      tokenCreatedTimestamp: 2025-09-27T13:31:39.000Z,
      liquidity: [Object],
      history: [Object],
      scannerAt: 1758994654001
    },
    '0x0CC3822d343691CF585F4fa15f90Fcfb0C638564': {
      id: '0x0CC3822d343691CF585F4fa15f90Fcfb0C638564',
      tokenName: '1BNB And A Dream',
      tokenSymbol: '1BNB',
      tokenAddress: '0xcE3a8331e054489C068Ff01B288D9A4831D14444',
      pairAddress: '0x0CC3822d343691CF585F4fa15f90Fcfb0C638564',
      chain: 'BSC',
      exchange: '0x1b81D678ffb9C0263b24A97847620C99d213eB14',
      priceUsd: 0,
      volumeUsd: 0,
      mcap: 0,
      priceChangePcs: [Object],
      transactions: [Object],
      audit: [Object],
      security: [Object],
      tokenCreatedTimestamp: 2025-09-27T13:31:38.000Z,
      liquidity: [Object],
      history: [Object],
      scannerAt: 1758994654001
    },
    '0x0cc3822d343691cf585f4fa15f90fcfb0c638564': {
      id: '0x0CC3822d343691CF585F4fa15f90Fcfb0C638564',
      tokenName: '1BNB And A Dream',
      tokenSymbol: '1BNB',
      tokenAddress: '0xcE3a8331e054489C068Ff01B288D9A4831D14444',
      pairAddress: '0x0CC3822d343691CF585F4fa15f90Fcfb0C638564',
      chain: 'BSC',
      exchange: '0x1b81D678ffb9C0263b24A97847620C99d213eB14',
      priceUsd: 0,
      volumeUsd: 0,
      mcap: 0,
      priceChangePcs: [Object],
      transactions: [Object],
      audit: [Object],
      security: [Object],
      tokenCreatedTimestamp: 2025-09-27T13:31:38.000Z,
      liquidity: [Object],
      history: [Object],
      scannerAt: 1758994654001
    },
    ACcS7dzfCYvCwprSexdiHvQWsa925HLEnHFdUnFXLjEW: {
      id: 'ACcS7dzfCYvCwprSexdiHvQWsa925HLEnHFdUnFXLjEW',
      tokenName: 'MIAMI BAGWORK',
      tokenSymbol: '$MIAMI',
      tokenAddress: 'HpTfXPNig6QgbM4eisaTT4uKHiJ2WBNKWLGXfrD9pump',
      pairAddress: 'ACcS7dzfCYvCwprSexdiHvQWsa925HLEnHFdUnFXLjEW',
      chain: 'SOL',
      exchange: '6EF8rrecthR5Dkzon8Nwu78hRvfCKubJ14M5uBEwF6P',
      priceUsd: 0.000006513692844,
      volumeUsd: 90.28,
      mcap: 6513.69,
      priceChangePcs: [Object],
      transactions: [Object],
      audit: [Object],
      security: [Object],
      tokenCreatedTimestamp: 2025-09-27T13:31:34.000Z,
      liquidity: [Object],
      history: [Object],
      scannerAt: 1758994654001
    },
    accs7dzfcyvcwprsexdihvqwsa925hlenhfdunfxljew: {
      id: 'ACcS7dzfCYvCwprSexdiHvQWsa925HLEnHFdUnFXLjEW',
      tokenName: 'MIAMI BAGWORK',
      tokenSymbol: '$MIAMI',
      tokenAddress: 'HpTfXPNig6QgbM4eisaTT4uKHiJ2WBNKWLGXfrD9pump',
      pairAddress: 'ACcS7dzfCYvCwprSexdiHvQWsa925HLEnHFdUnFXLjEW',
      chain: 'SOL',
      exchange: '6EF8rrecthR5Dkzon8Nwu78hRvfCKubJ14M5uBEwF6P',
      priceUsd: 0.000006513692844,
      volumeUsd: 90.28,
      mcap: 6513.69,
      priceChangePcs: [Object],
      transactions: [Object],
      audit: [Object],
      security: [Object],
      tokenCreatedTimestamp: 2025-09-27T13:31:34.000Z,
      liquidity: [Object],
      history: [Object],
      scannerAt: 1758994654001
    },
    '3ATQoyaUc1itNcw8cVhJDwUjaSwrUNNiSXdJXGiQxxGT': {
      id: '3ATQoyaUc1itNcw8cVhJDwUjaSwrUNNiSXdJXGiQxxGT',
      tokenName: 'Justice For Squirrel White',
      tokenSymbol: 'Squirrel ',
      tokenAddress: '9nFranDpuzXXxA7X3F5aEeKiRpmkcm1JYWAKvu1Bpump',
      pairAddress: '3ATQoyaUc1itNcw8cVhJDwUjaSwrUNNiSXdJXGiQxxGT',
      chain: 'SOL',
      exchange: '6EF8rrecthR5Dkzon8Nwu78hRvfCKubJ14M5uBEwF6P',
      priceUsd: 0.000006863157482,
      volumeUsd: 0.49,
      mcap: 6863.15,
      priceChangePcs: [Object],
      transactions: [Object],
      audit: [Object],
      security: [Object],
      tokenCreatedTimestamp: 2025-09-27T13:31:32.000Z,
      liquidity: [Object],
      history: [Object],
      scannerAt: 1758994654001
    },
    '3atqoyauc1itncw8cvhjdwujaswrunnisxdjxgiqxxgt': {
      id: '3ATQoyaUc1itNcw8cVhJDwUjaSwrUNNiSXdJXGiQxxGT',
      tokenName: 'Justice For Squirrel White',
      tokenSymbol: 'Squirrel ',
      tokenAddress: '9nFranDpuzXXxA7X3F5aEeKiRpmkcm1JYWAKvu1Bpump',
      pairAddress: '3ATQoyaUc1itNcw8cVhJDwUjaSwrUNNiSXdJXGiQxxGT',
      chain: 'SOL',
      exchange: '6EF8rrecthR5Dkzon8Nwu78hRvfCKubJ14M5uBEwF6P',
      priceUsd: 0.000006863157482,
      volumeUsd: 0.49,
      mcap: 6863.15,
      priceChangePcs: [Object],
      transactions: [Object],
      audit: [Object],
      security: [Object],
      tokenCreatedTimestamp: 2025-09-27T13:31:32.000Z,
      liquidity: [Object],
      history: [Object],
      scannerAt: 1758994654001
    },
    '8g1191Nf93SpLDooi35VvjP1xPX597mj5DuQjhteRK97': {
      id: '8g1191Nf93SpLDooi35VvjP1xPX597mj5DuQjhteRK97',
      tokenName: 'Work Hard On Reaching Excellence',
      tokenSymbol: 'WHORE',
      tokenAddress: 'BHpdpG23VykZYD5sdxXGg1a2NPHoTJdRs3U9p5UsxsKw',
      pairAddress: '8g1191Nf93SpLDooi35VvjP1xPX597mj5DuQjhteRK97',
      chain: 'SOL',
      exchange: 'dbcij3LWUppWqq96dh6gJWwBifmcGfLSB5D4DuSMaqN',
      priceUsd: 0.0001288660706,
      volumeUsd: 1423.79,
      mcap: 128866.07,
      priceChangePcs: [Object],
      transactions: [Object],
      audit: [Object],
      security: [Object],
      tokenCreatedTimestamp: 2025-09-27T13:31:30.000Z,
      liquidity: [Object],
      history: [Object],
      scannerAt: 1758994654001
    },
    '8g1191nf93spldooi35vvjp1xpx597mj5duqjhterk97': {
      id: '8g1191Nf93SpLDooi35VvjP1xPX597mj5DuQjhteRK97',
      tokenName: 'Work Hard On Reaching Excellence',
      tokenSymbol: 'WHORE',
      tokenAddress: 'BHpdpG23VykZYD5sdxXGg1a2NPHoTJdRs3U9p5UsxsKw',
      pairAddress: '8g1191Nf93SpLDooi35VvjP1xPX597mj5DuQjhteRK97',
      chain: 'SOL',
      exchange: 'dbcij3LWUppWqq96dh6gJWwBifmcGfLSB5D4DuSMaqN',
      priceUsd: 0.0001288660706,
      volumeUsd: 1423.79,
      mcap: 128866.07,
      priceChangePcs: [Object],
      transactions: [Object],
      audit: [Object],
      security: [Object],
      tokenCreatedTimestamp: 2025-09-27T13:31:30.000Z,
      liquidity: [Object],
      history: [Object],
      scannerAt: 1758994654001
    },
    '0xF962A4E2dA26E06e4487c497f26109720b3Ab8Af': {
      id: '0xF962A4E2dA26E06e4487c497f26109720b3Ab8Af',
      tokenName: 'Reverse Reality Rot',
      tokenSymbol: 'RRR',
      tokenAddress: '0x0762E0d8ebe13a865E7bDc94F2145864649DF7b7',
      pairAddress: '0xF962A4E2dA26E06e4487c497f26109720b3Ab8Af',
      chain: 'BASE',
      exchange: '0x4752ba5DBc23f44D87826276BF6Fd6b1C372aD24',
      priceUsd: 0.0000022917017259825,
      volumeUsd: 400.05,
      mcap: 2291.7,
      priceChangePcs: [Object],
      transactions: [Object],
      audit: [Object],
      security: [Object],
      tokenCreatedTimestamp: 2025-09-27T13:31:25.000Z,
      liquidity: [Object],
      history: [Object],
      scannerAt: 1758994654001
    },
    '0xf962a4e2da26e06e4487c497f26109720b3ab8af': {
      id: '0xF962A4E2dA26E06e4487c497f26109720b3Ab8Af',
      tokenName: 'Reverse Reality Rot',
      tokenSymbol: 'RRR',
      tokenAddress: '0x0762E0d8ebe13a865E7bDc94F2145864649DF7b7',
      pairAddress: '0xF962A4E2dA26E06e4487c497f26109720b3Ab8Af',
      chain: 'BASE',
      exchange: '0x4752ba5DBc23f44D87826276BF6Fd6b1C372aD24',
      priceUsd: 0.0000022917017259825,
      volumeUsd: 400.05,
      mcap: 2291.7,
      priceChangePcs: [Object],
      transactions: [Object],
      audit: [Object],
      security: [Object],
      tokenCreatedTimestamp: 2025-09-27T13:31:25.000Z,
      liquidity: [Object],
      history: [Object],
      scannerAt: 1758994654001
    },
    xkrNBo5xnHeegLUBurwFmqZFCQ1S36WrBj1FD44Mt53: {
      id: 'xkrNBo5xnHeegLUBurwFmqZFCQ1S36WrBj1FD44Mt53',
      tokenName: 'The Spoon Theory',
      tokenSymbol: 'Spoon',
      tokenAddress: 'ChYJiFedodbUiNzifVJ2ovR5hLo8SQmWTtrr9uz5pump',
      pairAddress: 'xkrNBo5xnHeegLUBurwFmqZFCQ1S36WrBj1FD44Mt53',
      chain: 'SOL',
      exchange: '6EF8rrecthR5Dkzon8Nwu78hRvfCKubJ14M5uBEwF6P',
      priceUsd: 0,
      volumeUsd: 0,
      mcap: 606.8444650760047,
      priceChangePcs: [Object],
      transactions: [Object],
      audit: [Object],
      security: [Object],
      tokenCreatedTimestamp: 2025-09-27T13:31:22.000Z,
      liquidity: [Object],
      history: [Object],
      scannerAt: 1758994654001
    },
    xkrnbo5xnheegluburwfmqzfcq1s36wrbj1fd44mt53: {
      id: 'xkrNBo5xnHeegLUBurwFmqZFCQ1S36WrBj1FD44Mt53',
      tokenName: 'The Spoon Theory',
      tokenSymbol: 'Spoon',
      tokenAddress: 'ChYJiFedodbUiNzifVJ2ovR5hLo8SQmWTtrr9uz5pump',
      pairAddress: 'xkrNBo5xnHeegLUBurwFmqZFCQ1S36WrBj1FD44Mt53',
      chain: 'SOL',
      exchange: '6EF8rrecthR5Dkzon8Nwu78hRvfCKubJ14M5uBEwF6P',
      priceUsd: 0,
      volumeUsd: 0,
      mcap: 606.8444650760047,
      priceChangePcs: [Object],
      transactions: [Object],
      audit: [Object],
      security: [Object],
      tokenCreatedTimestamp: 2025-09-27T13:31:22.000Z,
      liquidity: [Object],
      history: [Object],
      scannerAt: 1758994654001
    },
    C4e5Q4345nMSD1HiBfWFtHYkHVgvviHMGx8J2S4BnqtG: {
      id: 'C4e5Q4345nMSD1HiBfWFtHYkHVgvviHMGx8J2S4BnqtG',
      tokenName: 'Hearing Things',
      tokenSymbol: 'HEARING',
      tokenAddress: '97sraAGszzEFY6AW8iuWfTceBQWa1RzuFRXryJqSbonk',
      pairAddress: 'C4e5Q4345nMSD1HiBfWFtHYkHVgvviHMGx8J2S4BnqtG',
      chain: 'SOL',
      exchange: 'cpamdpZCGKUy5JxQXB4dcpGPiikHawvSWAd6mEn1sGG',
      priceUsd: 0,
      volumeUsd: 0,
      mcap: 39.96,
      priceChangePcs: [Object],
      transactions: [Object],
      audit: [Object],
      security: [Object],
      tokenCreatedTimestamp: 2025-09-27T13:31:20.000Z,
      liquidity: [Object],
      history: [Object],
      scannerAt: 1758994654001
    },
    c4e5q4345nmsd1hibfwfthykhvgvvihmgx8j2s4bnqtg: {
      id: 'C4e5Q4345nMSD1HiBfWFtHYkHVgvviHMGx8J2S4BnqtG',
      tokenName: 'Hearing Things',
      tokenSymbol: 'HEARING',
      tokenAddress: '97sraAGszzEFY6AW8iuWfTceBQWa1RzuFRXryJqSbonk',
      pairAddress: 'C4e5Q4345nMSD1HiBfWFtHYkHVgvviHMGx8J2S4BnqtG',
      chain: 'SOL',
      exchange: 'cpamdpZCGKUy5JxQXB4dcpGPiikHawvSWAd6mEn1sGG',
      priceUsd: 0,
      volumeUsd: 0,
      mcap: 39.96,
      priceChangePcs: [Object],
      transactions: [Object],
      audit: [Object],
      security: [Object],
      tokenCreatedTimestamp: 2025-09-27T13:31:20.000Z,
      liquidity: [Object],
      history: [Object],
      scannerAt: 1758994654001
    },
    BcZrzPvEehFPkshhfXAec4Geaq9g4d3gKzW9ghzRueNs: {
      id: 'BcZrzPvEehFPkshhfXAec4Geaq9g4d3gKzW9ghzRueNs',
      tokenName: 'Justice of Kayla',
      tokenSymbol: 'KAYLA',
      tokenAddress: 'HvDt7PDHtL4neoVePhK1K72f2fcwcym1QK6WkQFVpump',
      pairAddress: 'BcZrzPvEehFPkshhfXAec4Geaq9g4d3gKzW9ghzRueNs',
      chain: 'SOL',
      exchange: '6EF8rrecthR5Dkzon8Nwu78hRvfCKubJ14M5uBEwF6P',
      priceUsd: 0,
      volumeUsd: 0,
      mcap: 8.803463446565281,
      priceChangePcs: [Object],
      transactions: [Object],
      audit: [Object],
      security: [Object],
      tokenCreatedTimestamp: 2025-09-27T13:31:17.000Z,
      liquidity: [Object],
      history: [Object],
      scannerAt: 1758994654001
    },
    bczrzpveehfpkshhfxaec4geaq9g4d3gkzw9ghzruens: {
      id: 'BcZrzPvEehFPkshhfXAec4Geaq9g4d3gKzW9ghzRueNs',
      tokenName: 'Justice of Kayla',
      tokenSymbol: 'KAYLA',
      tokenAddress: 'HvDt7PDHtL4neoVePhK1K72f2fcwcym1QK6WkQFVpump',
      pairAddress: 'BcZrzPvEehFPkshhfXAec4Geaq9g4d3gKzW9ghzRueNs',
      chain: 'SOL',
      exchange: '6EF8rrecthR5Dkzon8Nwu78hRvfCKubJ14M5uBEwF6P',
      priceUsd: 0,
      volumeUsd: 0,
      mcap: 8.803463446565281,
      priceChangePcs: [Object],
      transactions: [Object],
      audit: [Object],
      security: [Object],
      tokenCreatedTimestamp: 2025-09-27T13:31:17.000Z,
      liquidity: [Object],
      history: [Object],
      scannerAt: 1758994654001
    },
    '9wGeHNRauqFWYRXcrmADV7Yrg9GrUvgWeTMzE72AuHEc': {
      id: '9wGeHNRauqFWYRXcrmADV7Yrg9GrUvgWeTMzE72AuHEc',
      tokenName: 'Justice For Carolyn',
      tokenSymbol: 'Carolyn',
      tokenAddress: 'Gqgq2Yy5BpGcuTVhyY5mrTYVYE3RZmTuzVcHDswwpump',
      pairAddress: '9wGeHNRauqFWYRXcrmADV7Yrg9GrUvgWeTMzE72AuHEc',
      chain: 'SOL',
      exchange: '6EF8rrecthR5Dkzon8Nwu78hRvfCKubJ14M5uBEwF6P',
      priceUsd: 0.000005979048654,
      volumeUsd: 4.37,
      mcap: 5979.04,
      priceChangePcs: [Object],
      transactions: [Object],
      audit: [Object],
      security: [Object],
      tokenCreatedTimestamp: 2025-09-27T13:31:14.000Z,
      liquidity: [Object],
      history: [Object],
      scannerAt: 1758994654001
    },
    '9wgehnrauqfwyrxcrmadv7yrg9gruvgwetmze72auhec': {
      id: '9wGeHNRauqFWYRXcrmADV7Yrg9GrUvgWeTMzE72AuHEc',
      tokenName: 'Justice For Carolyn',
      tokenSymbol: 'Carolyn',
      tokenAddress: 'Gqgq2Yy5BpGcuTVhyY5mrTYVYE3RZmTuzVcHDswwpump',
      pairAddress: '9wGeHNRauqFWYRXcrmADV7Yrg9GrUvgWeTMzE72AuHEc',
      chain: 'SOL',
      exchange: '6EF8rrecthR5Dkzon8Nwu78hRvfCKubJ14M5uBEwF6P',
      priceUsd: 0.000005979048654,
      volumeUsd: 4.37,
      mcap: 5979.04,
      priceChangePcs: [Object],
      transactions: [Object],
      audit: [Object],
      security: [Object],
      tokenCreatedTimestamp: 2025-09-27T13:31:14.000Z,
      liquidity: [Object],
      history: [Object],
      scannerAt: 1758994654001
    },
    HBCqc5omkTrN3FUjjVgtwJHVbggQcNZRWikEuPHrRcwz: {
      id: 'HBCqc5omkTrN3FUjjVgtwJHVbggQcNZRWikEuPHrRcwz',
      tokenName: 'DUKLY',
      tokenSymbol: 'DUKLY',
      tokenAddress: 'C6UWEkrtpgd5WnPN6WtmyCXv4hXWPMvS7xXWjFZNpump',
      pairAddress: 'HBCqc5omkTrN3FUjjVgtwJHVbggQcNZRWikEuPHrRcwz',
      chain: 'SOL',
      exchange: '6EF8rrecthR5Dkzon8Nwu78hRvfCKubJ14M5uBEwF6P',
      priceUsd: 0,
      volumeUsd: 0,
      mcap: 1003.0438731371374,
      priceChangePcs: [Object],
      transactions: [Object],
      audit: [Object],
      security: [Object],
      tokenCreatedTimestamp: 2025-09-27T13:31:13.000Z,
      liquidity: [Object],
      history: [Object],
      scannerAt: 1758994654001
    },
    hbcqc5omktrn3fujjvgtwjhvbggqcnzrwikeuphrrcwz: {
      id: 'HBCqc5omkTrN3FUjjVgtwJHVbggQcNZRWikEuPHrRcwz',
      tokenName: 'DUKLY',
      tokenSymbol: 'DUKLY',
      tokenAddress: 'C6UWEkrtpgd5WnPN6WtmyCXv4hXWPMvS7xXWjFZNpump',
      pairAddress: 'HBCqc5omkTrN3FUjjVgtwJHVbggQcNZRWikEuPHrRcwz',
      chain: 'SOL',
      exchange: '6EF8rrecthR5Dkzon8Nwu78hRvfCKubJ14M5uBEwF6P',
      priceUsd: 0,
      volumeUsd: 0,
      mcap: 1003.0438731371374,
      priceChangePcs: [Object],
      transactions: [Object],
      audit: [Object],
      security: [Object],
      tokenCreatedTimestamp: 2025-09-27T13:31:13.000Z,
      liquidity: [Object],
      history: [Object],
      scannerAt: 1758994654001
    },
    '9LaLRbRGEqUhQjmw3UCsSuqUHHCDMRbZcZsyuJYEvXyd': {
      id: '9LaLRbRGEqUhQjmw3UCsSuqUHHCDMRbZcZsyuJYEvXyd',
      tokenName: 'GOAT Network',
      tokenSymbol: 'GOATED',
      tokenAddress: 'EamYnXqSZ29HNAcenE5EBP4UujabRZgZzbHWKdA1h6Au',
      pairAddress: '9LaLRbRGEqUhQjmw3UCsSuqUHHCDMRbZcZsyuJYEvXyd',
      chain: 'SOL',
      exchange: 'dbcij3LWUppWqq96dh6gJWwBifmcGfLSB5D4DuSMaqN',
      priceUsd: 0.0001245849362,
      volumeUsd: 8322.64,
      mcap: 124584.93,
      priceChangePcs: [Object],
      transactions: [Object],
      audit: [Object],
      security: [Object],
      tokenCreatedTimestamp: 2025-09-27T13:31:07.000Z,
      liquidity: [Object],
      history: [Object],
      scannerAt: 1758994654001
    },
    '9lalrbrgequhqjmw3ucssuquhhcdmrbzczsyujyevxyd': {
      id: '9LaLRbRGEqUhQjmw3UCsSuqUHHCDMRbZcZsyuJYEvXyd',
      tokenName: 'GOAT Network',
      tokenSymbol: 'GOATED',
      tokenAddress: 'EamYnXqSZ29HNAcenE5EBP4UujabRZgZzbHWKdA1h6Au',
      pairAddress: '9LaLRbRGEqUhQjmw3UCsSuqUHHCDMRbZcZsyuJYEvXyd',
      chain: 'SOL',
      exchange: 'dbcij3LWUppWqq96dh6gJWwBifmcGfLSB5D4DuSMaqN',
      priceUsd: 0.0001245849362,
      volumeUsd: 8322.64,
      mcap: 124584.93,
      priceChangePcs: [Object],
      transactions: [Object],
      audit: [Object],
      security: [Object],
      tokenCreatedTimestamp: 2025-09-27T13:31:07.000Z,
      liquidity: [Object],
      history: [Object],
      scannerAt: 1758994654001
    },
    EqKbEFGPzbz7Adh5YD5zg9d8TupcgkhFNvG2at4uYy8X: {
      id: 'EqKbEFGPzbz7Adh5YD5zg9d8TupcgkhFNvG2at4uYy8X',
      tokenName: 'Joke Cryptocurrency',
      tokenSymbol: 'Joke',
      tokenAddress: '3m6sEJ1XqkbvbFfSM1ywyFHFwTwFNtGCHHishPSXpump',
      pairAddress: 'EqKbEFGPzbz7Adh5YD5zg9d8TupcgkhFNvG2at4uYy8X',
      chain: 'SOL',
      exchange: '6EF8rrecthR5Dkzon8Nwu78hRvfCKubJ14M5uBEwF6P',
      priceUsd: 0.000005977430762,
      volumeUsd: 436.47,
      mcap: 5977.43,
      priceChangePcs: [Object],
      transactions: [Object],
      audit: [Object],
      security: [Object],
      tokenCreatedTimestamp: 2025-09-27T13:31:05.000Z,
      liquidity: [Object],
      history: [Object],
      scannerAt: 1758994654001
    },
    eqkbefgpzbz7adh5yd5zg9d8tupcgkhfnvg2at4uyy8x: {
      id: 'EqKbEFGPzbz7Adh5YD5zg9d8TupcgkhFNvG2at4uYy8X',
      tokenName: 'Joke Cryptocurrency',
      tokenSymbol: 'Joke',
      tokenAddress: '3m6sEJ1XqkbvbFfSM1ywyFHFwTwFNtGCHHishPSXpump',
      pairAddress: 'EqKbEFGPzbz7Adh5YD5zg9d8TupcgkhFNvG2at4uYy8X',
      chain: 'SOL',
      exchange: '6EF8rrecthR5Dkzon8Nwu78hRvfCKubJ14M5uBEwF6P',
      priceUsd: 0.000005977430762,
      volumeUsd: 436.47,
      mcap: 5977.43,
      priceChangePcs: [Object],
      transactions: [Object],
      audit: [Object],
      security: [Object],
      tokenCreatedTimestamp: 2025-09-27T13:31:05.000Z,
      liquidity: [Object],
      history: [Object],
      scannerAt: 1758994654001
    },
    '9Qx3YpQ65fb82DgLMLbrQetT5XBs7E5QMZXkffk2jiRG': {
      id: '9Qx3YpQ65fb82DgLMLbrQetT5XBs7E5QMZXkffk2jiRG',
      tokenName: 'niggaliquid',
      tokenSymbol: 'nl',
      tokenAddress: 'AiqWxoiTaVGGwNhBLtKMoG5Fvzke66zauB8PredLpump',
      pairAddress: '9Qx3YpQ65fb82DgLMLbrQetT5XBs7E5QMZXkffk2jiRG',
      chain: 'SOL',
      exchange: 'pAMMBay6oceH9fJKBRHGP5D4bD4sWpmSwMn52FMfXEA',
      priceUsd: 0.00009927157394,
      volumeUsd: 4751.38,
      mcap: 99271.54,
      priceChangePcs: [Object],
      transactions: [Object],
      audit: [Object],
      security: [Object],
      tokenCreatedTimestamp: 2025-09-27T13:31:02.000Z,
      liquidity: [Object],
      history: [Object],
      scannerAt: 1758994654001
    },
    '9qx3ypq65fb82dglmlbrqett5xbs7e5qmzxkffk2jirg': {
      id: '9Qx3YpQ65fb82DgLMLbrQetT5XBs7E5QMZXkffk2jiRG',
      tokenName: 'niggaliquid',
      tokenSymbol: 'nl',
      tokenAddress: 'AiqWxoiTaVGGwNhBLtKMoG5Fvzke66zauB8PredLpump',
      pairAddress: '9Qx3YpQ65fb82DgLMLbrQetT5XBs7E5QMZXkffk2jiRG',
      chain: 'SOL',
      exchange: 'pAMMBay6oceH9fJKBRHGP5D4bD4sWpmSwMn52FMfXEA',
      priceUsd: 0.00009927157394,
      volumeUsd: 4751.38,
      mcap: 99271.54,
      priceChangePcs: [Object],
      transactions: [Object],
      audit: [Object],
      security: [Object],
      tokenCreatedTimestamp: 2025-09-27T13:31:02.000Z,
      liquidity: [Object],
      history: [Object],
      scannerAt: 1758994654001
    },
    AkPE6i8L79w37uA6JN3jWEpnZNoqTNaTnRZ4YMcWGJ9h: {
      id: 'AkPE6i8L79w37uA6JN3jWEpnZNoqTNaTnRZ4YMcWGJ9h',
      tokenName: 'PEPETOSHI NAKAMOTO',
      tokenSymbol: 'PEPETOSHI',
      tokenAddress: 'DpcrKZsWfpaaDmFoUMMdMj538kTCbKkQr9fCVTx3FMeN',
      pairAddress: 'AkPE6i8L79w37uA6JN3jWEpnZNoqTNaTnRZ4YMcWGJ9h',
      chain: 'SOL',
      exchange: '6EF8rrecthR5Dkzon8Nwu78hRvfCKubJ14M5uBEwF6P',
      priceUsd: 0.00000956084202,
      volumeUsd: 2363.76,
      mcap: 9560.84,
      priceChangePcs: [Object],
      transactions: [Object],
      audit: [Object],
      security: [Object],
      tokenCreatedTimestamp: 2025-09-27T13:31:00.000Z,
      liquidity: [Object],
      history: [Object],
      scannerAt: 1758994654001
    },
    akpe6i8l79w37ua6jn3jwepnznoqtnatnrz4ymcwgj9h: {
      id: 'AkPE6i8L79w37uA6JN3jWEpnZNoqTNaTnRZ4YMcWGJ9h',
      tokenName: 'PEPETOSHI NAKAMOTO',
      tokenSymbol: 'PEPETOSHI',
      tokenAddress: 'DpcrKZsWfpaaDmFoUMMdMj538kTCbKkQr9fCVTx3FMeN',
      pairAddress: 'AkPE6i8L79w37uA6JN3jWEpnZNoqTNaTnRZ4YMcWGJ9h',
      chain: 'SOL',
      exchange: '6EF8rrecthR5Dkzon8Nwu78hRvfCKubJ14M5uBEwF6P',
      priceUsd: 0.00000956084202,
      volumeUsd: 2363.76,
      mcap: 9560.84,
      priceChangePcs: [Object],
      transactions: [Object],
      audit: [Object],
      security: [Object],
      tokenCreatedTimestamp: 2025-09-27T13:31:00.000Z,
      liquidity: [Object],
      history: [Object],
      scannerAt: 1758994654001
    },
    tnRFqPieFPQjt1RqWR9upxaGWjtZi1K9NvPArmX5Nnm: {
      id: 'tnRFqPieFPQjt1RqWR9upxaGWjtZi1K9NvPArmX5Nnm',
      tokenName: 'PEPETOSHI NAKAMOTO',
      tokenSymbol: 'PEPETOSHI',
      tokenAddress: 'H8juXSLBZ4G1qpd1CSSDgcC1ddzTodqnoNeLnr6949vQ',
      pairAddress: 'tnRFqPieFPQjt1RqWR9upxaGWjtZi1K9NvPArmX5Nnm',
      chain: 'SOL',
      exchange: '6EF8rrecthR5Dkzon8Nwu78hRvfCKubJ14M5uBEwF6P',
      priceUsd: 0.0000071127762753579505,
      volumeUsd: 35.56,
      mcap: 7112.77,
      priceChangePcs: [Object],
      transactions: [Object],
      audit: [Object],
      security: [Object],
      tokenCreatedTimestamp: 2025-09-27T13:31:00.000Z,
      liquidity: [Object],
      history: [Object],
      scannerAt: 1758994654001
    },
    tnrfqpiefpqjt1rqwr9upxagwjtzi1k9nvparmx5nnm: {
      id: 'tnRFqPieFPQjt1RqWR9upxaGWjtZi1K9NvPArmX5Nnm',
      tokenName: 'PEPETOSHI NAKAMOTO',
      tokenSymbol: 'PEPETOSHI',
      tokenAddress: 'H8juXSLBZ4G1qpd1CSSDgcC1ddzTodqnoNeLnr6949vQ',
      pairAddress: 'tnRFqPieFPQjt1RqWR9upxaGWjtZi1K9NvPArmX5Nnm',
      chain: 'SOL',
      exchange: '6EF8rrecthR5Dkzon8Nwu78hRvfCKubJ14M5uBEwF6P',
      priceUsd: 0.0000071127762753579505,
      volumeUsd: 35.56,
      mcap: 7112.77,
      priceChangePcs: [Object],
      transactions: [Object],
      audit: [Object],
      security: [Object],
      tokenCreatedTimestamp: 2025-09-27T13:31:00.000Z,
      liquidity: [Object],
      history: [Object],
      scannerAt: 1758994654001
    },
    AopTeQkR1i2mvHxdXa8TGPRs9tJ1XMbUWusJiQKcBSCD: {
      id: 'AopTeQkR1i2mvHxdXa8TGPRs9tJ1XMbUWusJiQKcBSCD',
      tokenName: 'Lighter',
      tokenSymbol: 'Lighter',
      tokenAddress: '2QvQtMDVbzjagpq4swMewsLELGxVRX4vY6n5n17BTVYV',
      pairAddress: 'AopTeQkR1i2mvHxdXa8TGPRs9tJ1XMbUWusJiQKcBSCD',
      chain: 'SOL',
      exchange: 'cpamdpZCGKUy5JxQXB4dcpGPiikHawvSWAd6mEn1sGG',
      priceUsd: 0,
      volumeUsd: 0,
      mcap: 14.565278683630357,
      priceChangePcs: [Object],
      transactions: [Object],
      audit: [Object],
      security: [Object],
      tokenCreatedTimestamp: 2025-09-27T13:30:59.000Z,
      liquidity: [Object],
      history: [Object],
      scannerAt: 1758994654001
    },
    aopteqkr1i2mvhxdxa8tgprs9tj1xmbuwusjiqkcbscd: {
      id: 'AopTeQkR1i2mvHxdXa8TGPRs9tJ1XMbUWusJiQKcBSCD',
      tokenName: 'Lighter',
      tokenSymbol: 'Lighter',
      tokenAddress: '2QvQtMDVbzjagpq4swMewsLELGxVRX4vY6n5n17BTVYV',
      pairAddress: 'AopTeQkR1i2mvHxdXa8TGPRs9tJ1XMbUWusJiQKcBSCD',
      chain: 'SOL',
      exchange: 'cpamdpZCGKUy5JxQXB4dcpGPiikHawvSWAd6mEn1sGG',
      priceUsd: 0,
      volumeUsd: 0,
      mcap: 14.565278683630357,
      priceChangePcs: [Object],
      transactions: [Object],
      audit: [Object],
      security: [Object],
      tokenCreatedTimestamp: 2025-09-27T13:30:59.000Z,
      liquidity: [Object],
      history: [Object],
      scannerAt: 1758994654001
    },
    '0x6dB1A7bD7873F45F53168A231761613B88c60d31': {
      id: '0x6dB1A7bD7873F45F53168A231761613B88c60d31',
      tokenName: 'Wvitacoin',
      tokenSymbol: 'VTA',
      tokenAddress: '0x20062aa9e3769b91a56E1398C10ece9eA3972979',
      pairAddress: '0x6dB1A7bD7873F45F53168A231761613B88c60d31',
      chain: 'BSC',
      exchange: '0x10ED43C718714eb63d5aA57B78B54704E256024E',
      priceUsd: 0,
      volumeUsd: 0,
      mcap: 0,
      priceChangePcs: [Object],
      transactions: [Object],
      audit: [Object],
      security: [Object],
      tokenCreatedTimestamp: 2025-09-27T13:30:53.000Z,
      liquidity: [Object],
      history: [Object],
      scannerAt: 1758994654001
    },
    '0x6db1a7bd7873f45f53168a231761613b88c60d31': {
      id: '0x6dB1A7bD7873F45F53168A231761613B88c60d31',
      tokenName: 'Wvitacoin',
      tokenSymbol: 'VTA',
      tokenAddress: '0x20062aa9e3769b91a56E1398C10ece9eA3972979',
      pairAddress: '0x6dB1A7bD7873F45F53168A231761613B88c60d31',
      chain: 'BSC',
      exchange: '0x10ED43C718714eb63d5aA57B78B54704E256024E',
      priceUsd: 0,
      volumeUsd: 0,
      mcap: 0,
      priceChangePcs: [Object],
      transactions: [Object],
      audit: [Object],
      security: [Object],
      tokenCreatedTimestamp: 2025-09-27T13:30:53.000Z,
      liquidity: [Object],
      history: [Object],
      scannerAt: 1758994654001
    },
    BuBsYHYt4gm1KJxjAJ2Nw44PgFmA8d9savpPfjgHQSJW: {
      id: 'BuBsYHYt4gm1KJxjAJ2Nw44PgFmA8d9savpPfjgHQSJW',
      tokenName: 'Work Hard On Reaching Excellence',
      tokenSymbol: 'WHORE',
      tokenAddress: 'HufSumGDS9s8tfpB3P6xxooSTAqThntzx1pLpQFZLLD4',
      pairAddress: 'BuBsYHYt4gm1KJxjAJ2Nw44PgFmA8d9savpPfjgHQSJW',
      chain: 'SOL',
      exchange: '6EF8rrecthR5Dkzon8Nwu78hRvfCKubJ14M5uBEwF6P',
      priceUsd: 0,
      volumeUsd: 0,
      mcap: 2030.163876735061,
      priceChangePcs: [Object],
      transactions: [Object],
      audit: [Object],
      security: [Object],
      tokenCreatedTimestamp: 2025-09-27T13:30:48.000Z,
      liquidity: [Object],
      history: [Object],
      scannerAt: 1758994654001
    },
    bubsyhyt4gm1kjxjaj2nw44pgfma8d9savppfjghqsjw: {
      id: 'BuBsYHYt4gm1KJxjAJ2Nw44PgFmA8d9savpPfjgHQSJW',
      tokenName: 'Work Hard On Reaching Excellence',
      tokenSymbol: 'WHORE',
      tokenAddress: 'HufSumGDS9s8tfpB3P6xxooSTAqThntzx1pLpQFZLLD4',
      pairAddress: 'BuBsYHYt4gm1KJxjAJ2Nw44PgFmA8d9savpPfjgHQSJW',
      chain: 'SOL',
      exchange: '6EF8rrecthR5Dkzon8Nwu78hRvfCKubJ14M5uBEwF6P',
      priceUsd: 0,
      volumeUsd: 0,
      mcap: 2030.163876735061,
      priceChangePcs: [Object],
      transactions: [Object],
      audit: [Object],
      security: [Object],
      tokenCreatedTimestamp: 2025-09-27T13:30:48.000Z,
      liquidity: [Object],
      history: [Object],
      scannerAt: 1758994654001
    },
    D1fmk7RYaiZPSzsQuvt1ZfpbRbwnixAdNFCd1twpDwQW: {
      id: 'D1fmk7RYaiZPSzsQuvt1ZfpbRbwnixAdNFCd1twpDwQW',
      tokenName: 'Work Hard On Reaching Excellence',
      tokenSymbol: 'WHORE',
      tokenAddress: '7nvTX84BashFLkyecVckuRnyKDAYQNs2Z451XMu2pump',
      pairAddress: 'D1fmk7RYaiZPSzsQuvt1ZfpbRbwnixAdNFCd1twpDwQW',
      chain: 'SOL',
      exchange: '6EF8rrecthR5Dkzon8Nwu78hRvfCKubJ14M5uBEwF6P',
      priceUsd: 0.000006175373917,
      volumeUsd: 2047.57,
      mcap: 6175.37,
      priceChangePcs: [Object],
      transactions: [Object],
      audit: [Object],
      security: [Object],
      tokenCreatedTimestamp: 2025-09-27T13:30:45.000Z,
      liquidity: [Object],
      history: [Object],
      scannerAt: 1758994654001
    },
    d1fmk7ryaizpszsquvt1zfpbrbwnixadnfcd1twpdwqw: {
      id: 'D1fmk7RYaiZPSzsQuvt1ZfpbRbwnixAdNFCd1twpDwQW',
      tokenName: 'Work Hard On Reaching Excellence',
      tokenSymbol: 'WHORE',
      tokenAddress: '7nvTX84BashFLkyecVckuRnyKDAYQNs2Z451XMu2pump',
      pairAddress: 'D1fmk7RYaiZPSzsQuvt1ZfpbRbwnixAdNFCd1twpDwQW',
      chain: 'SOL',
      exchange: '6EF8rrecthR5Dkzon8Nwu78hRvfCKubJ14M5uBEwF6P',
      priceUsd: 0.000006175373917,
      volumeUsd: 2047.57,
      mcap: 6175.37,
      priceChangePcs: [Object],
      transactions: [Object],
      audit: [Object],
      security: [Object],
      tokenCreatedTimestamp: 2025-09-27T13:30:45.000Z,
      liquidity: [Object],
      history: [Object],
      scannerAt: 1758994654001
    },
    LZ7vy3pQC4ubcVcadZSUjWZ6vBYjZHM9uWcpLfreBXY: {
      id: 'LZ7vy3pQC4ubcVcadZSUjWZ6vBYjZHM9uWcpLfreBXY',
      tokenName: 'sesame',
      tokenSymbol: 'sesame',
      tokenAddress: 'FimHPAYg4qQVZ1EE5C599oUQmdJraHqYGPhouJxkpump',
      pairAddress: 'LZ7vy3pQC4ubcVcadZSUjWZ6vBYjZHM9uWcpLfreBXY',
      chain: 'SOL',
      exchange: '6EF8rrecthR5Dkzon8Nwu78hRvfCKubJ14M5uBEwF6P',
      priceUsd: 0.00000734939175,
      volumeUsd: 263.56,
      mcap: 7349.39,
      priceChangePcs: [Object],
      transactions: [Object],
      audit: [Object],
      security: [Object],
      tokenCreatedTimestamp: 2025-09-27T13:30:42.000Z,
      liquidity: [Object],
      history: [Object],
      scannerAt: 1758994654001
    },
    lz7vy3pqc4ubcvcadzsujwz6vbyjzhm9uwcplfrebxy: {
      id: 'LZ7vy3pQC4ubcVcadZSUjWZ6vBYjZHM9uWcpLfreBXY',
      tokenName: 'sesame',
      tokenSymbol: 'sesame',
      tokenAddress: 'FimHPAYg4qQVZ1EE5C599oUQmdJraHqYGPhouJxkpump',
      pairAddress: 'LZ7vy3pQC4ubcVcadZSUjWZ6vBYjZHM9uWcpLfreBXY',
      chain: 'SOL',
      exchange: '6EF8rrecthR5Dkzon8Nwu78hRvfCKubJ14M5uBEwF6P',
      priceUsd: 0.00000734939175,
      volumeUsd: 263.56,
      mcap: 7349.39,
      priceChangePcs: [Object],
      transactions: [Object],
      audit: [Object],
      security: [Object],
      tokenCreatedTimestamp: 2025-09-27T13:30:42.000Z,
      liquidity: [Object],
      history: [Object],
      scannerAt: 1758994654001
    },
    '9uYdmNvDUPz6CUDE5mEEb1eNRVCta66M6tFakCgbmk7J': {
      id: '9uYdmNvDUPz6CUDE5mEEb1eNRVCta66M6tFakCgbmk7J',
      tokenName: 'BlockDAGNetwork',
      tokenSymbol: 'BDAG/USDT',
      tokenAddress: 'DbZfsc5Av3cabDrZndQL6Pa3vXQwkdkGLGnSAWjZq4dK',
      pairAddress: '9uYdmNvDUPz6CUDE5mEEb1eNRVCta66M6tFakCgbmk7J',
      chain: 'SOL',
      exchange: 'CAMMCzo5YL8w4VFF8KVHrK22GGUsp5VTaW7grrKgrWqK',
      priceUsd: 0.00004608515067,
      volumeUsd: 26327.61,
      mcap: 46085.15,
      priceChangePcs: [Object],
      transactions: [Object],
      audit: [Object],
      security: [Object],
      tokenCreatedTimestamp: 2025-09-27T13:30:41.000Z,
      liquidity: [Object],
      history: [Object],
      scannerAt: 1758994654001
    },
    '9uydmnvdupz6cude5meeb1enrvcta66m6tfakcgbmk7j': {
      id: '9uYdmNvDUPz6CUDE5mEEb1eNRVCta66M6tFakCgbmk7J',
      tokenName: 'BlockDAGNetwork',
      tokenSymbol: 'BDAG/USDT',
      tokenAddress: 'DbZfsc5Av3cabDrZndQL6Pa3vXQwkdkGLGnSAWjZq4dK',
      pairAddress: '9uYdmNvDUPz6CUDE5mEEb1eNRVCta66M6tFakCgbmk7J',
      chain: 'SOL',
      exchange: 'CAMMCzo5YL8w4VFF8KVHrK22GGUsp5VTaW7grrKgrWqK',
      priceUsd: 0.00004608515067,
      volumeUsd: 26327.61,
      mcap: 46085.15,
      priceChangePcs: [Object],
      transactions: [Object],
      audit: [Object],
      security: [Object],
      tokenCreatedTimestamp: 2025-09-27T13:30:41.000Z,
      liquidity: [Object],
      history: [Object],
      scannerAt: 1758994654001
    },
    FuSxU5vwLYifrFvsK93FnhRahM6G3CpzRCwPjrWpEEPq: {
      id: 'FuSxU5vwLYifrFvsK93FnhRahM6G3CpzRCwPjrWpEEPq',
      tokenName: 'The Grok Singularity',
      tokenSymbol: 'Groksing',
      tokenAddress: 'Gi8NxyHG3h99rkWCZ9hL48sPh9CMPCmrkE7UfgvFpump',
      pairAddress: 'FuSxU5vwLYifrFvsK93FnhRahM6G3CpzRCwPjrWpEEPq',
      chain: 'SOL',
      exchange: '6EF8rrecthR5Dkzon8Nwu78hRvfCKubJ14M5uBEwF6P',
      priceUsd: 0,
      volumeUsd: 0,
      mcap: 20.83,
      priceChangePcs: [Object],
      transactions: [Object],
      audit: [Object],
      security: [Object],
      tokenCreatedTimestamp: 2025-09-27T13:30:38.000Z,
      liquidity: [Object],
      history: [Object],
      scannerAt: 1758994654001
    },
    fusxu5vwlyifrfvsk93fnhrahm6g3cpzrcwpjrwpeepq: {
      id: 'FuSxU5vwLYifrFvsK93FnhRahM6G3CpzRCwPjrWpEEPq',
      tokenName: 'The Grok Singularity',
      tokenSymbol: 'Groksing',
      tokenAddress: 'Gi8NxyHG3h99rkWCZ9hL48sPh9CMPCmrkE7UfgvFpump',
      pairAddress: 'FuSxU5vwLYifrFvsK93FnhRahM6G3CpzRCwPjrWpEEPq',
      chain: 'SOL',
      exchange: '6EF8rrecthR5Dkzon8Nwu78hRvfCKubJ14M5uBEwF6P',
      priceUsd: 0,
      volumeUsd: 0,
      mcap: 20.83,
      priceChangePcs: [Object],
      transactions: [Object],
      audit: [Object],
      security: [Object],
      tokenCreatedTimestamp: 2025-09-27T13:30:38.000Z,
      liquidity: [Object],
      history: [Object],
      scannerAt: 1758994654001
    },
    EmscLdfuVCsNYCFJ4RXG84W2hfEN83x49V2JoZPTgS2H: {
      id: 'EmscLdfuVCsNYCFJ4RXG84W2hfEN83x49V2JoZPTgS2H',
      tokenName: 'Free',
      tokenSymbol: 'FREE',
      tokenAddress: 'CnqQ43bnNvGXWmNjEUQbUCqCmZxDzhECzyEKMeJquYge',
      pairAddress: 'EmscLdfuVCsNYCFJ4RXG84W2hfEN83x49V2JoZPTgS2H',
      chain: 'SOL',
      exchange: '6EF8rrecthR5Dkzon8Nwu78hRvfCKubJ14M5uBEwF6P',
      priceUsd: 0,
      volumeUsd: 0,
      mcap: 1.18,
      priceChangePcs: [Object],
      transactions: [Object],
      audit: [Object],
      security: [Object],
      tokenCreatedTimestamp: 2025-09-27T13:30:33.000Z,
      liquidity: [Object],
      history: [Object],
      scannerAt: 1758994654001
    },
    emscldfuvcsnycfj4rxg84w2hfen83x49v2jozptgs2h: {
      id: 'EmscLdfuVCsNYCFJ4RXG84W2hfEN83x49V2JoZPTgS2H',
      tokenName: 'Free',
      tokenSymbol: 'FREE',
      tokenAddress: 'CnqQ43bnNvGXWmNjEUQbUCqCmZxDzhECzyEKMeJquYge',
      pairAddress: 'EmscLdfuVCsNYCFJ4RXG84W2hfEN83x49V2JoZPTgS2H',
      chain: 'SOL',
      exchange: '6EF8rrecthR5Dkzon8Nwu78hRvfCKubJ14M5uBEwF6P',
      priceUsd: 0,
      volumeUsd: 0,
      mcap: 1.18,
      priceChangePcs: [Object],
      transactions: [Object],
      audit: [Object],
      security: [Object],
      tokenCreatedTimestamp: 2025-09-27T13:30:33.000Z,
      liquidity: [Object],
      history: [Object],
      scannerAt: 1758994654001
    },
    '0x519F960Fb16722580e997EfeC681B02EBe8d8f59': {
      id: '0x519F960Fb16722580e997EfeC681B02EBe8d8f59',
      tokenName: 'AI Monero Classic XMC',
      tokenSymbol: 'AI MONERO CLASSIC XMC',
      tokenAddress: '0xA0423F5e8B6596D1F00ab0246178c745012c1cE4',
      pairAddress: '0x519F960Fb16722580e997EfeC681B02EBe8d8f59',
      chain: 'BSC',
      exchange: '0x10ED43C718714eb63d5aA57B78B54704E256024E',
      priceUsd: 0,
      volumeUsd: 0,
      mcap: 0.21,
      priceChangePcs: [Object],
      transactions: [Object],
      audit: [Object],
      security: [Object],
      tokenCreatedTimestamp: 2025-09-27T13:30:33.000Z,
      liquidity: [Object],
      history: [Object],
      scannerAt: 1758994654001
    },
    '0x519f960fb16722580e997efec681b02ebe8d8f59': {
      id: '0x519F960Fb16722580e997EfeC681B02EBe8d8f59',
      tokenName: 'AI Monero Classic XMC',
      tokenSymbol: 'AI MONERO CLASSIC XMC',
      tokenAddress: '0xA0423F5e8B6596D1F00ab0246178c745012c1cE4',
      pairAddress: '0x519F960Fb16722580e997EfeC681B02EBe8d8f59',
      chain: 'BSC',
      exchange: '0x10ED43C718714eb63d5aA57B78B54704E256024E',
      priceUsd: 0,
      volumeUsd: 0,
      mcap: 0.21,
      priceChangePcs: [Object],
      transactions: [Object],
      audit: [Object],
      security: [Object],
      tokenCreatedTimestamp: 2025-09-27T13:30:33.000Z,
      liquidity: [Object],
      history: [Object],
      scannerAt: 1758994654001
    },
    '8DNoWzr4EQwfXgSAFJCnA2KCFp3eFC92C4DVrkj4eUZp': {
      id: '8DNoWzr4EQwfXgSAFJCnA2KCFp3eFC92C4DVrkj4eUZp',
      tokenName: 'live untill 10M marckap',
      tokenSymbol: '$DAD',
      tokenAddress: '6tQRRDoL3xQj67XxKybZ8jYedTxCtTPR6vyxVMzmpump',
      pairAddress: '8DNoWzr4EQwfXgSAFJCnA2KCFp3eFC92C4DVrkj4eUZp',
      chain: 'SOL',
      exchange: '6EF8rrecthR5Dkzon8Nwu78hRvfCKubJ14M5uBEwF6P',
      priceUsd: 0.000005988900122,
      volumeUsd: 9.98,
      mcap: 5988.9,
      priceChangePcs: [Object],
      transactions: [Object],
      audit: [Object],
      security: [Object],
      tokenCreatedTimestamp: 2025-09-27T13:30:29.000Z,
      liquidity: [Object],
      history: [Object],
      scannerAt: 1758994654001
    },
    '8dnowzr4eqwfxgsafjcna2kcfp3efc92c4dvrkj4euzp': {
      id: '8DNoWzr4EQwfXgSAFJCnA2KCFp3eFC92C4DVrkj4eUZp',
      tokenName: 'live untill 10M marckap',
      tokenSymbol: '$DAD',
      tokenAddress: '6tQRRDoL3xQj67XxKybZ8jYedTxCtTPR6vyxVMzmpump',
      pairAddress: '8DNoWzr4EQwfXgSAFJCnA2KCFp3eFC92C4DVrkj4eUZp',
      chain: 'SOL',
      exchange: '6EF8rrecthR5Dkzon8Nwu78hRvfCKubJ14M5uBEwF6P',
      priceUsd: 0.000005988900122,
      volumeUsd: 9.98,
      mcap: 5988.9,
      priceChangePcs: [Object],
      transactions: [Object],
      audit: [Object],
      security: [Object],
      tokenCreatedTimestamp: 2025-09-27T13:30:29.000Z,
      liquidity: [Object],
      history: [Object],
      scannerAt: 1758994654001
    },
    '3yaerz8fRtsgi9datdt426nxFVDsmsjVFVEc4BsEvySn': {
      id: '3yaerz8fRtsgi9datdt426nxFVDsmsjVFVEc4BsEvySn',
      tokenName: 'BlocksBeats',
      tokenSymbol: 'BB',
      tokenAddress: 'Aen7RjcBaYKX5fx1JRvzv7HXcaxAXRBgauwMdPYevTT7',
      pairAddress: '3yaerz8fRtsgi9datdt426nxFVDsmsjVFVEc4BsEvySn',
      chain: 'SOL',
      exchange: 'dbcij3LWUppWqq96dh6gJWwBifmcGfLSB5D4DuSMaqN',
      priceUsd: 0.0001498451042,
      volumeUsd: 7658.64,
      mcap: 149845.1,
      priceChangePcs: [Object],
      transactions: [Object],
      audit: [Object],
      security: [Object],
      tokenCreatedTimestamp: 2025-09-27T13:30:28.000Z,
      liquidity: [Object],
      history: [Object],
      scannerAt: 1758994654001
    },
    '3yaerz8frtsgi9datdt426nxfvdsmsjvfvec4bsevysn': {
      id: '3yaerz8fRtsgi9datdt426nxFVDsmsjVFVEc4BsEvySn',
      tokenName: 'BlocksBeats',
      tokenSymbol: 'BB',
      tokenAddress: 'Aen7RjcBaYKX5fx1JRvzv7HXcaxAXRBgauwMdPYevTT7',
      pairAddress: '3yaerz8fRtsgi9datdt426nxFVDsmsjVFVEc4BsEvySn',
      chain: 'SOL',
      exchange: 'dbcij3LWUppWqq96dh6gJWwBifmcGfLSB5D4DuSMaqN',
      priceUsd: 0.0001498451042,
      volumeUsd: 7658.64,
      mcap: 149845.1,
      priceChangePcs: [Object],
      transactions: [Object],
      audit: [Object],
      security: [Object],
      tokenCreatedTimestamp: 2025-09-27T13:30:28.000Z,
      liquidity: [Object],
      history: [Object],
      scannerAt: 1758994654001
    },
    DMMUF6L3g1YR9P1R9UNaSfTkT3xVh9oCRYUUf6YZ28A7: {
      id: 'DMMUF6L3g1YR9P1R9UNaSfTkT3xVh9oCRYUUf6YZ28A7',
      tokenName: 'AstroPepe Coin',
      tokenSymbol: 'APC',
      tokenAddress: '52qAHZW62oELcYnfCsDAtLpVkoTUUGwSm6X2bzUbpump',
      pairAddress: 'DMMUF6L3g1YR9P1R9UNaSfTkT3xVh9oCRYUUf6YZ28A7',
      chain: 'SOL',
      exchange: '6EF8rrecthR5Dkzon8Nwu78hRvfCKubJ14M5uBEwF6P',
      priceUsd: 0,
      volumeUsd: 20.02,
      mcap: 5693.14,
      priceChangePcs: [Object],
      transactions: [Object],
      audit: [Object],
      security: [Object],
      tokenCreatedTimestamp: 2025-09-27T13:30:26.000Z,
      liquidity: [Object],
      history: [Object],
      scannerAt: 1758994654001
    },
    dmmuf6l3g1yr9p1r9unasftkt3xvh9ocryuuf6yz28a7: {
      id: 'DMMUF6L3g1YR9P1R9UNaSfTkT3xVh9oCRYUUf6YZ28A7',
      tokenName: 'AstroPepe Coin',
      tokenSymbol: 'APC',
      tokenAddress: '52qAHZW62oELcYnfCsDAtLpVkoTUUGwSm6X2bzUbpump',
      pairAddress: 'DMMUF6L3g1YR9P1R9UNaSfTkT3xVh9oCRYUUf6YZ28A7',
      chain: 'SOL',
      exchange: '6EF8rrecthR5Dkzon8Nwu78hRvfCKubJ14M5uBEwF6P',
      priceUsd: 0,
      volumeUsd: 20.02,
      mcap: 5693.14,
      priceChangePcs: [Object],
      transactions: [Object],
      audit: [Object],
      security: [Object],
      tokenCreatedTimestamp: 2025-09-27T13:30:26.000Z,
      liquidity: [Object],
      history: [Object],
      scannerAt: 1758994654001
    },
    '9tiwyYw6Lq12KrJttv7PW38UBS8xFvghASnkGYgSZrTK': {
      id: '9tiwyYw6Lq12KrJttv7PW38UBS8xFvghASnkGYgSZrTK',
      tokenName: 'coin Green ',
      tokenSymbol: ' .',
      tokenAddress: 'J27NqBFKDi8rgAMup1SH1HzjJkpYiTMeiqnfeYBFX9ZX',
      pairAddress: '9tiwyYw6Lq12KrJttv7PW38UBS8xFvghASnkGYgSZrTK',
      chain: 'SOL',
      exchange: '6EF8rrecthR5Dkzon8Nwu78hRvfCKubJ14M5uBEwF6P',
      priceUsd: 0,
      volumeUsd: 0,
      mcap: 4.763753025350523,
      priceChangePcs: [Object],
      transactions: [Object],
      audit: [Object],
      security: [Object],
      tokenCreatedTimestamp: 2025-09-27T13:30:24.000Z,
      liquidity: [Object],
      history: [Object],
      scannerAt: 1758994654001
    },
    '9tiwyyw6lq12krjttv7pw38ubs8xfvghasnkgygszrtk': {
      id: '9tiwyYw6Lq12KrJttv7PW38UBS8xFvghASnkGYgSZrTK',
      tokenName: 'coin Green ',
      tokenSymbol: ' .',
      tokenAddress: 'J27NqBFKDi8rgAMup1SH1HzjJkpYiTMeiqnfeYBFX9ZX',
      pairAddress: '9tiwyYw6Lq12KrJttv7PW38UBS8xFvghASnkGYgSZrTK',
      chain: 'SOL',
      exchange: '6EF8rrecthR5Dkzon8Nwu78hRvfCKubJ14M5uBEwF6P',
      priceUsd: 0,
      volumeUsd: 0,
      mcap: 4.763753025350523,
      priceChangePcs: [Object],
      transactions: [Object],
      audit: [Object],
      security: [Object],
      tokenCreatedTimestamp: 2025-09-27T13:30:24.000Z,
      liquidity: [Object],
      history: [Object],
      scannerAt: 1758994654001
    },
    JAW3fnXZ4oLWqDMPq2GdWnjP7TwnY6k4nQ4QQs5rnWao: {
      id: 'JAW3fnXZ4oLWqDMPq2GdWnjP7TwnY6k4nQ4QQs5rnWao',
      tokenName: 'Bonkey',
      tokenSymbol: 'Bonkey',
      tokenAddress: '4PYvyKqkMxvHEcbzPoiPMW9W2ifgxkHtgwXEhm5Hbonk',
      pairAddress: 'JAW3fnXZ4oLWqDMPq2GdWnjP7TwnY6k4nQ4QQs5rnWao',
      chain: 'SOL',
      exchange: 'pAMMBay6oceH9fJKBRHGP5D4bD4sWpmSwMn52FMfXEA',
      priceUsd: 0.0001318280702,
      volumeUsd: 8904.34,
      mcap: 131827.94,
      priceChangePcs: [Object],
      transactions: [Object],
      audit: [Object],
      security: [Object],
      tokenCreatedTimestamp: 2025-09-27T13:30:17.000Z,
      liquidity: [Object],
      history: [Object],
      scannerAt: 1758994654001
    },
    jaw3fnxz4olwqdmpq2gdwnjp7twny6k4nq4qqs5rnwao: {
      id: 'JAW3fnXZ4oLWqDMPq2GdWnjP7TwnY6k4nQ4QQs5rnWao',
      tokenName: 'Bonkey',
      tokenSymbol: 'Bonkey',
      tokenAddress: '4PYvyKqkMxvHEcbzPoiPMW9W2ifgxkHtgwXEhm5Hbonk',
      pairAddress: 'JAW3fnXZ4oLWqDMPq2GdWnjP7TwnY6k4nQ4QQs5rnWao',
      chain: 'SOL',
      exchange: 'pAMMBay6oceH9fJKBRHGP5D4bD4sWpmSwMn52FMfXEA',
      priceUsd: 0.0001318280702,
      volumeUsd: 8904.34,
      mcap: 131827.94,
      priceChangePcs: [Object],
      transactions: [Object],
      audit: [Object],
      security: [Object],
      tokenCreatedTimestamp: 2025-09-27T13:30:17.000Z,
      liquidity: [Object],
      history: [Object],
      scannerAt: 1758994654001
    },
    '3zVRfPYpvKY8VwPM4DJoFZqb8SMnMN6qnYdpf2AG7hr2': {
      id: '3zVRfPYpvKY8VwPM4DJoFZqb8SMnMN6qnYdpf2AG7hr2',
      tokenName: 'Corgi',
      tokenSymbol: 'Corgi',
      tokenAddress: '223JNPAcUYZXDYvKADgKN8jNP6UU5hrXeCthweuibonk',
      pairAddress: '3zVRfPYpvKY8VwPM4DJoFZqb8SMnMN6qnYdpf2AG7hr2',
      chain: 'SOL',
      exchange: 'LanMV9sAd7wArD4vJFi2qDdfnVhFxYSUg6eADduJ3uj',
      priceUsd: 0.000006293984827,
      volumeUsd: 2447.32,
      mcap: 6293.98,
      priceChangePcs: [Object],
      transactions: [Object],
      audit: [Object],
      security: [Object],
      tokenCreatedTimestamp: 2025-09-27T13:30:14.000Z,
      liquidity: [Object],
      history: [Object],
      scannerAt: 1758994654001
    },
    '3zvrfpypvky8vwpm4djofzqb8smnmn6qnydpf2ag7hr2': {
      id: '3zVRfPYpvKY8VwPM4DJoFZqb8SMnMN6qnYdpf2AG7hr2',
      tokenName: 'Corgi',
      tokenSymbol: 'Corgi',
      tokenAddress: '223JNPAcUYZXDYvKADgKN8jNP6UU5hrXeCthweuibonk',
      pairAddress: '3zVRfPYpvKY8VwPM4DJoFZqb8SMnMN6qnYdpf2AG7hr2',
      chain: 'SOL',
      exchange: 'LanMV9sAd7wArD4vJFi2qDdfnVhFxYSUg6eADduJ3uj',
      priceUsd: 0.000006293984827,
      volumeUsd: 2447.32,
      mcap: 6293.98,
      priceChangePcs: [Object],
      transactions: [Object],
      audit: [Object],
      security: [Object],
      tokenCreatedTimestamp: 2025-09-27T13:30:14.000Z,
      liquidity: [Object],
      history: [Object],
      scannerAt: 1758994654001
    },
    Db8G7jkwTaFWzuyMcY5Rir6H4xuPGWY3JsvLm8HDG4cP: {
      id: 'Db8G7jkwTaFWzuyMcY5Rir6H4xuPGWY3JsvLm8HDG4cP',
      tokenName: 'Space Girrafe',
      tokenSymbol: 'SG',
      tokenAddress: 'BwpZDmqv8SBru6KKJsFB2sDMSUHGnpsCzGCVsbzzpump',
      pairAddress: 'Db8G7jkwTaFWzuyMcY5Rir6H4xuPGWY3JsvLm8HDG4cP',
      chain: 'SOL',
      exchange: '6EF8rrecthR5Dkzon8Nwu78hRvfCKubJ14M5uBEwF6P',
      priceUsd: 0,
      volumeUsd: 0,
      mcap: 49.21815348790427,
      priceChangePcs: [Object],
      transactions: [Object],
      audit: [Object],
      security: [Object],
      tokenCreatedTimestamp: 2025-09-27T13:30:11.000Z,
      liquidity: [Object],
      history: [Object],
      scannerAt: 1758994654001
    },
    db8g7jkwtafwzuymcy5rir6h4xupgwy3jsvlm8hdg4cp: {
      id: 'Db8G7jkwTaFWzuyMcY5Rir6H4xuPGWY3JsvLm8HDG4cP',
      tokenName: 'Space Girrafe',
      tokenSymbol: 'SG',
      tokenAddress: 'BwpZDmqv8SBru6KKJsFB2sDMSUHGnpsCzGCVsbzzpump',
      pairAddress: 'Db8G7jkwTaFWzuyMcY5Rir6H4xuPGWY3JsvLm8HDG4cP',
      chain: 'SOL',
      exchange: '6EF8rrecthR5Dkzon8Nwu78hRvfCKubJ14M5uBEwF6P',
      priceUsd: 0,
      volumeUsd: 0,
      mcap: 49.21815348790427,
      priceChangePcs: [Object],
      transactions: [Object],
      audit: [Object],
      security: [Object],
      tokenCreatedTimestamp: 2025-09-27T13:30:11.000Z,
      liquidity: [Object],
      history: [Object],
      scannerAt: 1758994654001
    },
    '9wmD4gLewRJJwqNCWKdF8t4nBut7kpshw9QSduBRLkBT': {
      id: '9wmD4gLewRJJwqNCWKdF8t4nBut7kpshw9QSduBRLkBT',
      tokenName: 'NeuralDerp',
      tokenSymbol: 'NeuralDerp',
      tokenAddress: '9LCc9GguzWKXeGT5ECHbppzGKBjkXjuSq1D5oFX7pump',
      pairAddress: '9wmD4gLewRJJwqNCWKdF8t4nBut7kpshw9QSduBRLkBT',
      chain: 'SOL',
      exchange: '6EF8rrecthR5Dkzon8Nwu78hRvfCKubJ14M5uBEwF6P',
      priceUsd: 0.000006496635064,
      volumeUsd: 651.05,
      mcap: 6496.63,
      priceChangePcs: [Object],
      transactions: [Object],
      audit: [Object],
      security: [Object],
      tokenCreatedTimestamp: 2025-09-27T13:30:10.000Z,
      liquidity: [Object],
      history: [Object],
      scannerAt: 1758994654001
    },
    '9wmd4glewrjjwqncwkdf8t4nbut7kpshw9qsdubrlkbt': {
      id: '9wmD4gLewRJJwqNCWKdF8t4nBut7kpshw9QSduBRLkBT',
      tokenName: 'NeuralDerp',
      tokenSymbol: 'NeuralDerp',
      tokenAddress: '9LCc9GguzWKXeGT5ECHbppzGKBjkXjuSq1D5oFX7pump',
      pairAddress: '9wmD4gLewRJJwqNCWKdF8t4nBut7kpshw9QSduBRLkBT',
      chain: 'SOL',
      exchange: '6EF8rrecthR5Dkzon8Nwu78hRvfCKubJ14M5uBEwF6P',
      priceUsd: 0.000006496635064,
      volumeUsd: 651.05,
      mcap: 6496.63,
      priceChangePcs: [Object],
      transactions: [Object],
      audit: [Object],
      security: [Object],
      tokenCreatedTimestamp: 2025-09-27T13:30:10.000Z,
      liquidity: [Object],
      history: [Object],
      scannerAt: 1758994654001
    },
    EHbC2THA3DqVxpvCpxWz61NLnjFnb533Qt6JTqbBL7kp: {
      id: 'EHbC2THA3DqVxpvCpxWz61NLnjFnb533Qt6JTqbBL7kp',
      tokenName: ' ZAYU THE JAGUAR',
      tokenSymbol: 'ZAYU',
      tokenAddress: '8MsofqwuzfroEXtgnk1fjXDv7LAJavJ3cyYuJTKhpump',
      pairAddress: 'EHbC2THA3DqVxpvCpxWz61NLnjFnb533Qt6JTqbBL7kp',
      chain: 'SOL',
      exchange: '6EF8rrecthR5Dkzon8Nwu78hRvfCKubJ14M5uBEwF6P',
      priceUsd: 0.000006248358552,
      volumeUsd: 9.91,
      mcap: 6248.35,
      priceChangePcs: [Object],
      transactions: [Object],
      audit: [Object],
      security: [Object],
      tokenCreatedTimestamp: 2025-09-27T13:29:47.000Z,
      liquidity: [Object],
      history: [Object],
      scannerAt: 1758994654001
    },
    ehbc2tha3dqvxpvcpxwz61nlnjfnb533qt6jtqbbl7kp: {
      id: 'EHbC2THA3DqVxpvCpxWz61NLnjFnb533Qt6JTqbBL7kp',
      tokenName: ' ZAYU THE JAGUAR',
      tokenSymbol: 'ZAYU',
      tokenAddress: '8MsofqwuzfroEXtgnk1fjXDv7LAJavJ3cyYuJTKhpump',
      pairAddress: 'EHbC2THA3DqVxpvCpxWz61NLnjFnb533Qt6JTqbBL7kp',
      chain: 'SOL',
      exchange: '6EF8rrecthR5Dkzon8Nwu78hRvfCKubJ14M5uBEwF6P',
      priceUsd: 0.000006248358552,
      volumeUsd: 9.91,
      mcap: 6248.35,
      priceChangePcs: [Object],
      transactions: [Object],
      audit: [Object],
      security: [Object],
      tokenCreatedTimestamp: 2025-09-27T13:29:47.000Z,
      liquidity: [Object],
      history: [Object],
      scannerAt: 1758994654001
    },
    AQwSvR3a3xaeXptfPzHNh8uynYSo6zntZZf5sQKdtKSe: {
      id: 'AQwSvR3a3xaeXptfPzHNh8uynYSo6zntZZf5sQKdtKSe',
      tokenName: 'pieverse',
      tokenSymbol: '$PIEVERSE',
      tokenAddress: 'G1oMsTk91XDnMmW6JKJh2hFD1neqbrAGwUsaa1yAr46m',
      pairAddress: 'AQwSvR3a3xaeXptfPzHNh8uynYSo6zntZZf5sQKdtKSe',
      chain: 'SOL',
      exchange: 'dbcij3LWUppWqq96dh6gJWwBifmcGfLSB5D4DuSMaqN',
      priceUsd: 0.0003871161867,
      volumeUsd: 45725.2,
      mcap: 387116.18,
      priceChangePcs: [Object],
      transactions: [Object],
      audit: [Object],
      security: [Object],
      tokenCreatedTimestamp: 2025-09-27T13:29:46.000Z,
      liquidity: [Object],
      history: [Object],
      scannerAt: 1758994654001
    },
    aqwsvr3a3xaexptfpzhnh8uynyso6zntzzf5sqkdtkse: {
      id: 'AQwSvR3a3xaeXptfPzHNh8uynYSo6zntZZf5sQKdtKSe',
      tokenName: 'pieverse',
      tokenSymbol: '$PIEVERSE',
      tokenAddress: 'G1oMsTk91XDnMmW6JKJh2hFD1neqbrAGwUsaa1yAr46m',
      pairAddress: 'AQwSvR3a3xaeXptfPzHNh8uynYSo6zntZZf5sQKdtKSe',
      chain: 'SOL',
      exchange: 'dbcij3LWUppWqq96dh6gJWwBifmcGfLSB5D4DuSMaqN',
      priceUsd: 0.0003871161867,
      volumeUsd: 45725.2,
      mcap: 387116.18,
      priceChangePcs: [Object],
      transactions: [Object],
      audit: [Object],
      security: [Object],
      tokenCreatedTimestamp: 2025-09-27T13:29:46.000Z,
      liquidity: [Object],
      history: [Object],
      scannerAt: 1758994654001
    },
    '5bd349hkLvcDYAMrsLDA1BWZxfhgfBkKdC4wwV5LtkgL': {
      id: '5bd349hkLvcDYAMrsLDA1BWZxfhgfBkKdC4wwV5LtkgL',
      tokenName: 'Anoma_XAN',
      tokenSymbol: 'XAN',
      tokenAddress: '3fYwtV2wQvxa99jCdxa67x1zRP2punS7tCy8T8pW6Xip',
      pairAddress: '5bd349hkLvcDYAMrsLDA1BWZxfhgfBkKdC4wwV5LtkgL',
      chain: 'SOL',
      exchange: 'pAMMBay6oceH9fJKBRHGP5D4bD4sWpmSwMn52FMfXEA',
      priceUsd: 0.0002030121246,
      volumeUsd: 801285.82,
      mcap: 203011.85,
      priceChangePcs: [Object],
      transactions: [Object],
      audit: [Object],
      security: [Object],
      tokenCreatedTimestamp: 2025-09-27T13:29:46.000Z,
      liquidity: [Object],
      history: [Object],
      scannerAt: 1758994654001
    },
    '5bd349hklvcdyamrslda1bwzxfhgfbkkdc4wwv5ltkgl': {
      id: '5bd349hkLvcDYAMrsLDA1BWZxfhgfBkKdC4wwV5LtkgL',
      tokenName: 'Anoma_XAN',
      tokenSymbol: 'XAN',
      tokenAddress: '3fYwtV2wQvxa99jCdxa67x1zRP2punS7tCy8T8pW6Xip',
      pairAddress: '5bd349hkLvcDYAMrsLDA1BWZxfhgfBkKdC4wwV5LtkgL',
      chain: 'SOL',
      exchange: 'pAMMBay6oceH9fJKBRHGP5D4bD4sWpmSwMn52FMfXEA',
      priceUsd: 0.0002030121246,
      volumeUsd: 801285.82,
      mcap: 203011.85,
      priceChangePcs: [Object],
      transactions: [Object],
      audit: [Object],
      security: [Object],
      tokenCreatedTimestamp: 2025-09-27T13:29:46.000Z,
      liquidity: [Object],
      history: [Object],
      scannerAt: 1758994654001
    },
    '0xACDE96cF19D852111A212Db4054f201876f4F0B9': {
      id: '0xACDE96cF19D852111A212Db4054f201876f4F0B9',
      tokenName: 'BZIL',
      tokenSymbol: 'BZIL',
      tokenAddress: '0x0De9b6f1567F50D4290Bc866a9e18D696e7f3Bfc',
      pairAddress: '0xACDE96cF19D852111A212Db4054f201876f4F0B9',
      chain: 'BASE',
      exchange: '0x4752ba5DBc23f44D87826276BF6Fd6b1C372aD24',
      priceUsd: 0,
      volumeUsd: 0,
      mcap: 0.08044587302,
      priceChangePcs: [Object],
      transactions: [Object],
      audit: [Object],
      security: [Object],
      tokenCreatedTimestamp: 2025-09-27T13:29:43.000Z,
      liquidity: [Object],
      history: [Object],
      scannerAt: 1758994654001
    },
    '0xacde96cf19d852111a212db4054f201876f4f0b9': {
      id: '0xACDE96cF19D852111A212Db4054f201876f4F0B9',
      tokenName: 'BZIL',
      tokenSymbol: 'BZIL',
      tokenAddress: '0x0De9b6f1567F50D4290Bc866a9e18D696e7f3Bfc',
      pairAddress: '0xACDE96cF19D852111A212Db4054f201876f4F0B9',
      chain: 'BASE',
      exchange: '0x4752ba5DBc23f44D87826276BF6Fd6b1C372aD24',
      priceUsd: 0,
      volumeUsd: 0,
      mcap: 0.08044587302,
      priceChangePcs: [Object],
      transactions: [Object],
      audit: [Object],
      security: [Object],
      tokenCreatedTimestamp: 2025-09-27T13:29:43.000Z,
      liquidity: [Object],
      history: [Object],
      scannerAt: 1758994654001
    },
    DZeaMn3ZkqYawf8aK7Mx6dZANPe7Zwfc2tux5nNFFVCy: {
      id: 'DZeaMn3ZkqYawf8aK7Mx6dZANPe7Zwfc2tux5nNFFVCy',
      tokenName: 'BITCOIN BREAKFAST',
      tokenSymbol: 'BITCOIN B ',
      tokenAddress: '6jM2GXK5W9WcFEbV6tJbQzP2UGju4D5EULoVc1E4pump',
      pairAddress: 'DZeaMn3ZkqYawf8aK7Mx6dZANPe7Zwfc2tux5nNFFVCy',
      chain: 'SOL',
      exchange: '6EF8rrecthR5Dkzon8Nwu78hRvfCKubJ14M5uBEwF6P',
      priceUsd: 0,
      volumeUsd: 0,
      mcap: 4.79,
      priceChangePcs: [Object],
      transactions: [Object],
      audit: [Object],
      security: [Object],
      tokenCreatedTimestamp: 2025-09-27T13:29:42.000Z,
      liquidity: [Object],
      history: [Object],
      scannerAt: 1758994654001
    },
    dzeamn3zkqyawf8ak7mx6dzanpe7zwfc2tux5nnffvcy: {
      id: 'DZeaMn3ZkqYawf8aK7Mx6dZANPe7Zwfc2tux5nNFFVCy',
      tokenName: 'BITCOIN BREAKFAST',
      tokenSymbol: 'BITCOIN B ',
      tokenAddress: '6jM2GXK5W9WcFEbV6tJbQzP2UGju4D5EULoVc1E4pump',
      pairAddress: 'DZeaMn3ZkqYawf8aK7Mx6dZANPe7Zwfc2tux5nNFFVCy',
      chain: 'SOL',
      exchange: '6EF8rrecthR5Dkzon8Nwu78hRvfCKubJ14M5uBEwF6P',
      priceUsd: 0,
      volumeUsd: 0,
      mcap: 4.79,
      priceChangePcs: [Object],
      transactions: [Object],
      audit: [Object],
      security: [Object],
      tokenCreatedTimestamp: 2025-09-27T13:29:42.000Z,
      liquidity: [Object],
      history: [Object],
      scannerAt: 1758994654001
    },
    '3VP7XRSTKwN3ziMcTJEZ28bdWZE1Y9muxiS6TZU7Azj4': {
      id: '3VP7XRSTKwN3ziMcTJEZ28bdWZE1Y9muxiS6TZU7Azj4',
      tokenName: 'Monster Strategy',
      tokenSymbol: 'MNSTR',
      tokenAddress: '8pEUCbYimCPbYsE1eszTMjmXcRR4eRvxfh84C2Mvpump',
      pairAddress: '3VP7XRSTKwN3ziMcTJEZ28bdWZE1Y9muxiS6TZU7Azj4',
      chain: 'SOL',
      exchange: '6EF8rrecthR5Dkzon8Nwu78hRvfCKubJ14M5uBEwF6P',
      priceUsd: 0,
      volumeUsd: 0,
      mcap: 926.2459385154123,
      priceChangePcs: [Object],
      transactions: [Object],
      audit: [Object],
      security: [Object],
      tokenCreatedTimestamp: 2025-09-27T13:29:40.000Z,
      liquidity: [Object],
      history: [Object],
      scannerAt: 1758994654001
    },
    '3vp7xrstkwn3zimctjez28bdwze1y9muxis6tzu7azj4': {
      id: '3VP7XRSTKwN3ziMcTJEZ28bdWZE1Y9muxiS6TZU7Azj4',
      tokenName: 'Monster Strategy',
      tokenSymbol: 'MNSTR',
      tokenAddress: '8pEUCbYimCPbYsE1eszTMjmXcRR4eRvxfh84C2Mvpump',
      pairAddress: '3VP7XRSTKwN3ziMcTJEZ28bdWZE1Y9muxiS6TZU7Azj4',
      chain: 'SOL',
      exchange: '6EF8rrecthR5Dkzon8Nwu78hRvfCKubJ14M5uBEwF6P',
      priceUsd: 0,
      volumeUsd: 0,
      mcap: 926.2459385154123,
      priceChangePcs: [Object],
      transactions: [Object],
      audit: [Object],
      security: [Object],
      tokenCreatedTimestamp: 2025-09-27T13:29:40.000Z,
      liquidity: [Object],
      history: [Object],
      scannerAt: 1758994654001
    },
    CEDJsVXFC5BSD15mieW1crJNfGqry6CvkabXuvQWqzpg: {
      id: 'CEDJsVXFC5BSD15mieW1crJNfGqry6CvkabXuvQWqzpg',
      tokenName: 'BULL PRINTER',
      tokenSymbol: 'PRINTER',
      tokenAddress: '7nagxq3uMtsAuQ6AgyqyECAoccZqVHB8FLb2Teyvpump',
      pairAddress: 'CEDJsVXFC5BSD15mieW1crJNfGqry6CvkabXuvQWqzpg',
      chain: 'SOL',
      exchange: '6EF8rrecthR5Dkzon8Nwu78hRvfCKubJ14M5uBEwF6P',
      priceUsd: 0.00002207516805,
      volumeUsd: 8213.75,
      mcap: 22075.16,
      priceChangePcs: [Object],
      transactions: [Object],
      audit: [Object],
      security: [Object],
      tokenCreatedTimestamp: 2025-09-27T13:29:37.000Z,
      liquidity: [Object],
      history: [Object],
      scannerAt: 1758994654001
    },
    cedjsvxfc5bsd15miew1crjnfgqry6cvkabxuvqwqzpg: {
      id: 'CEDJsVXFC5BSD15mieW1crJNfGqry6CvkabXuvQWqzpg',
      tokenName: 'BULL PRINTER',
      tokenSymbol: 'PRINTER',
      tokenAddress: '7nagxq3uMtsAuQ6AgyqyECAoccZqVHB8FLb2Teyvpump',
      pairAddress: 'CEDJsVXFC5BSD15mieW1crJNfGqry6CvkabXuvQWqzpg',
      chain: 'SOL',
      exchange: '6EF8rrecthR5Dkzon8Nwu78hRvfCKubJ14M5uBEwF6P',
      priceUsd: 0.00002207516805,
      volumeUsd: 8213.75,
      mcap: 22075.16,
      priceChangePcs: [Object],
      transactions: [Object],
      audit: [Object],
      security: [Object],
      tokenCreatedTimestamp: 2025-09-27T13:29:37.000Z,
      liquidity: [Object],
      history: [Object],
      scannerAt: 1758994654001
    },
    qLKeBk26GQn7rzSTWjvTikkfwwmPycqqT51TZVUMwxi: {
      id: 'qLKeBk26GQn7rzSTWjvTikkfwwmPycqqT51TZVUMwxi',
      tokenName: 'Hugo',
      tokenSymbol: 'HUGO',
      tokenAddress: 'FKbVnTYAHJt1Bt6viKGdA4JL1HQFg2W27AAStWexpump',
      pairAddress: 'qLKeBk26GQn7rzSTWjvTikkfwwmPycqqT51TZVUMwxi',
      chain: 'SOL',
      exchange: '6EF8rrecthR5Dkzon8Nwu78hRvfCKubJ14M5uBEwF6P',
      priceUsd: 0.000007253030484,
      volumeUsd: 79.32,
      mcap: 7253.03,
      priceChangePcs: [Object],
      transactions: [Object],
      audit: [Object],
      security: [Object],
      tokenCreatedTimestamp: 2025-09-27T13:29:36.000Z,
      liquidity: [Object],
      history: [Object],
      scannerAt: 1758994654001
    },
    qlkebk26gqn7rzstwjvtikkfwwmpycqqt51tzvumwxi: {
      id: 'qLKeBk26GQn7rzSTWjvTikkfwwmPycqqT51TZVUMwxi',
      tokenName: 'Hugo',
      tokenSymbol: 'HUGO',
      tokenAddress: 'FKbVnTYAHJt1Bt6viKGdA4JL1HQFg2W27AAStWexpump',
      pairAddress: 'qLKeBk26GQn7rzSTWjvTikkfwwmPycqqT51TZVUMwxi',
      chain: 'SOL',
      exchange: '6EF8rrecthR5Dkzon8Nwu78hRvfCKubJ14M5uBEwF6P',
      priceUsd: 0.000007253030484,
      volumeUsd: 79.32,
      mcap: 7253.03,
      priceChangePcs: [Object],
      transactions: [Object],
      audit: [Object],
      security: [Object],
      tokenCreatedTimestamp: 2025-09-27T13:29:36.000Z,
      liquidity: [Object],
      history: [Object],
      scannerAt: 1758994654001
    },
    '21mZ7PinxQNAWLer47J3hgYFPPzCgJYYka17AoEC3Gac': {
      id: '21mZ7PinxQNAWLer47J3hgYFPPzCgJYYka17AoEC3Gac',
      tokenName: 'ASTER TrueLoveStory',
      tokenSymbol: 'ATLS',
      tokenAddress: '9N8xmXKPzs9gzhdAeN41Wc53zaJB8UCHHkyFMnXvpump',
      pairAddress: '21mZ7PinxQNAWLer47J3hgYFPPzCgJYYka17AoEC3Gac',
      chain: 'SOL',
      exchange: '6EF8rrecthR5Dkzon8Nwu78hRvfCKubJ14M5uBEwF6P',
      priceUsd: 0.000006395002635,
      volumeUsd: 44.05,
      mcap: 6395,
      priceChangePcs: [Object],
      transactions: [Object],
      audit: [Object],
      security: [Object],
      tokenCreatedTimestamp: 2025-09-27T13:29:31.000Z,
      liquidity: [Object],
      history: [Object],
      scannerAt: 1758994654001
    },
    '21mz7pinxqnawler47j3hgyfppzcgjyyka17aoec3gac': {
      id: '21mZ7PinxQNAWLer47J3hgYFPPzCgJYYka17AoEC3Gac',
      tokenName: 'ASTER TrueLoveStory',
      tokenSymbol: 'ATLS',
      tokenAddress: '9N8xmXKPzs9gzhdAeN41Wc53zaJB8UCHHkyFMnXvpump',
      pairAddress: '21mZ7PinxQNAWLer47J3hgYFPPzCgJYYka17AoEC3Gac',
      chain: 'SOL',
      exchange: '6EF8rrecthR5Dkzon8Nwu78hRvfCKubJ14M5uBEwF6P',
      priceUsd: 0.000006395002635,
      volumeUsd: 44.05,
      mcap: 6395,
      priceChangePcs: [Object],
      transactions: [Object],
      audit: [Object],
      security: [Object],
      tokenCreatedTimestamp: 2025-09-27T13:29:31.000Z,
      liquidity: [Object],
      history: [Object],
      scannerAt: 1758994654001
    },
    '0x5192A823DC3a5ae2E185Ac26448459618538CfBC': {
      id: '0x5192A823DC3a5ae2E185Ac26448459618538CfBC',
      tokenName: 'AI Mocaverse',
      tokenSymbol: 'AI MOCAVERSE',
      tokenAddress: '0x459dD9537EE358Ef93a6F3dd34A540D66B5c5c03',
      pairAddress: '0x5192A823DC3a5ae2E185Ac26448459618538CfBC',
      chain: 'BSC',
      exchange: '0x10ED43C718714eb63d5aA57B78B54704E256024E',
      priceUsd: 0,
      volumeUsd: 0,
      mcap: 0.1948487,
      priceChangePcs: [Object],
      transactions: [Object],
      audit: [Object],
      security: [Object],
      tokenCreatedTimestamp: 2025-09-27T13:29:30.000Z,
      liquidity: [Object],
      history: [Object],
      scannerAt: 1758994654002
    },
    '0x5192a823dc3a5ae2e185ac26448459618538cfbc': {
      id: '0x5192A823DC3a5ae2E185Ac26448459618538CfBC',
      tokenName: 'AI Mocaverse',
      tokenSymbol: 'AI MOCAVERSE',
      tokenAddress: '0x459dD9537EE358Ef93a6F3dd34A540D66B5c5c03',
      pairAddress: '0x5192A823DC3a5ae2E185Ac26448459618538CfBC',
      chain: 'BSC',
      exchange: '0x10ED43C718714eb63d5aA57B78B54704E256024E',
      priceUsd: 0,
      volumeUsd: 0,
      mcap: 0.1948487,
      priceChangePcs: [Object],
      transactions: [Object],
      audit: [Object],
      security: [Object],
      tokenCreatedTimestamp: 2025-09-27T13:29:30.000Z,
      liquidity: [Object],
      history: [Object],
      scannerAt: 1758994654002
    },
    GBFjgnJ35rAm1r5NwgYpSAmSDkUEihLsf2YT7FGPTpTp: {
      id: 'GBFjgnJ35rAm1r5NwgYpSAmSDkUEihLsf2YT7FGPTpTp',
      tokenName: 'Nothing',
      tokenSymbol: 'Noth',
      tokenAddress: 'CscT9wmnLQEzDWhTXStNcKd5TuTXY1dtySXSC46opump',
      pairAddress: 'GBFjgnJ35rAm1r5NwgYpSAmSDkUEihLsf2YT7FGPTpTp',
      chain: 'SOL',
      exchange: '6EF8rrecthR5Dkzon8Nwu78hRvfCKubJ14M5uBEwF6P',
      priceUsd: 0,
      volumeUsd: 0,
      mcap: 283.9215717160078,
      priceChangePcs: [Object],
      transactions: [Object],
      audit: [Object],
      security: [Object],
      tokenCreatedTimestamp: 2025-09-27T13:29:28.000Z,
      liquidity: [Object],
      history: [Object],
      scannerAt: 1758994654002
    },
    gbfjgnj35ram1r5nwgypsamsdkueihlsf2yt7fgptptp: {
      id: 'GBFjgnJ35rAm1r5NwgYpSAmSDkUEihLsf2YT7FGPTpTp',
      tokenName: 'Nothing',
      tokenSymbol: 'Noth',
      tokenAddress: 'CscT9wmnLQEzDWhTXStNcKd5TuTXY1dtySXSC46opump',
      pairAddress: 'GBFjgnJ35rAm1r5NwgYpSAmSDkUEihLsf2YT7FGPTpTp',
      chain: 'SOL',
      exchange: '6EF8rrecthR5Dkzon8Nwu78hRvfCKubJ14M5uBEwF6P',
      priceUsd: 0,
      volumeUsd: 0,
      mcap: 283.9215717160078,
      priceChangePcs: [Object],
      transactions: [Object],
      audit: [Object],
      security: [Object],
      tokenCreatedTimestamp: 2025-09-27T13:29:28.000Z,
      liquidity: [Object],
      history: [Object],
      scannerAt: 1758994654002
    },
    '689ZRrnMbxypxMQY49hoF8jKNJQAuFF5HuXnzmnGvPGP': {
      id: '689ZRrnMbxypxMQY49hoF8jKNJQAuFF5HuXnzmnGvPGP',
      tokenName: '抖音',
      tokenSymbol: '抖音🔥',
      tokenAddress: 'J5e9ayxs51j5fYxa5S8ALARJgN9o1MGTMBAdzxURS5D2',
      pairAddress: '689ZRrnMbxypxMQY49hoF8jKNJQAuFF5HuXnzmnGvPGP',
      chain: 'SOL',
      exchange: 'cpamdpZCGKUy5JxQXB4dcpGPiikHawvSWAd6mEn1sGG',
      priceUsd: 0.0001209739817,
      volumeUsd: 12095.14,
      mcap: 120973.98,
      priceChangePcs: [Object],
      transactions: [Object],
      audit: [Object],
      security: [Object],
      tokenCreatedTimestamp: 2025-09-27T13:29:12.000Z,
      liquidity: [Object],
      history: [Object],
      scannerAt: 1758994654002
    },
    '689zrrnmbxypxmqy49hof8jknjqauff5huxnzmngvpgp': {
      id: '689ZRrnMbxypxMQY49hoF8jKNJQAuFF5HuXnzmnGvPGP',
      tokenName: '抖音',
      tokenSymbol: '抖音🔥',
      tokenAddress: 'J5e9ayxs51j5fYxa5S8ALARJgN9o1MGTMBAdzxURS5D2',
      pairAddress: '689ZRrnMbxypxMQY49hoF8jKNJQAuFF5HuXnzmnGvPGP',
      chain: 'SOL',
      exchange: 'cpamdpZCGKUy5JxQXB4dcpGPiikHawvSWAd6mEn1sGG',
      priceUsd: 0.0001209739817,
      volumeUsd: 12095.14,
      mcap: 120973.98,
      priceChangePcs: [Object],
      transactions: [Object],
      audit: [Object],
      security: [Object],
      tokenCreatedTimestamp: 2025-09-27T13:29:12.000Z,
      liquidity: [Object],
      history: [Object],
      scannerAt: 1758994654002
    },
    '8r5gUunycJPXVAPknJfWfGbNYffhvMLyLdancSDx8TEN': {
      id: '8r5gUunycJPXVAPknJfWfGbNYffhvMLyLdancSDx8TEN',
      tokenName: 'Good Mornin',
      tokenSymbol: 'GM',
      tokenAddress: '6LYnd29f7eJTbHiaBSSREVAHYRs1iR61b7nkf73Cpump',
      pairAddress: '8r5gUunycJPXVAPknJfWfGbNYffhvMLyLdancSDx8TEN',
      chain: 'SOL',
      exchange: '6EF8rrecthR5Dkzon8Nwu78hRvfCKubJ14M5uBEwF6P',
      priceUsd: 0.000006244328652,
      volumeUsd: 1051.1,
      mcap: 6244.32,
      priceChangePcs: [Object],
      transactions: [Object],
      audit: [Object],
      security: [Object],
      tokenCreatedTimestamp: 2025-09-27T13:29:09.000Z,
      liquidity: [Object],
      history: [Object],
      scannerAt: 1758994654002
    },
    '8r5guunycjpxvapknjfwfgbnyffhvmlyldancsdx8ten': {
      id: '8r5gUunycJPXVAPknJfWfGbNYffhvMLyLdancSDx8TEN',
      tokenName: 'Good Mornin',
      tokenSymbol: 'GM',
      tokenAddress: '6LYnd29f7eJTbHiaBSSREVAHYRs1iR61b7nkf73Cpump',
      pairAddress: '8r5gUunycJPXVAPknJfWfGbNYffhvMLyLdancSDx8TEN',
      chain: 'SOL',
      exchange: '6EF8rrecthR5Dkzon8Nwu78hRvfCKubJ14M5uBEwF6P',
      priceUsd: 0.000006244328652,
      volumeUsd: 1051.1,
      mcap: 6244.32,
      priceChangePcs: [Object],
      transactions: [Object],
      audit: [Object],
      security: [Object],
      tokenCreatedTimestamp: 2025-09-27T13:29:09.000Z,
      liquidity: [Object],
      history: [Object],
      scannerAt: 1758994654002
    },
    '4noiheU6cUXz6TCpmkyTkA785qJCXiDzX6vCNnrZ2mUE': {
      id: '4noiheU6cUXz6TCpmkyTkA785qJCXiDzX6vCNnrZ2mUE',
      tokenName: '1 sol and a dream',
      tokenSymbol: '1SOL',
      tokenAddress: '2LA46PzhC3ML4VU3S9mwkpHHxjptanbLqyph4k3zxDJS',
      pairAddress: '4noiheU6cUXz6TCpmkyTkA785qJCXiDzX6vCNnrZ2mUE',
      chain: 'SOL',
      exchange: 'pAMMBay6oceH9fJKBRHGP5D4bD4sWpmSwMn52FMfXEA',
      priceUsd: 0.4096744721,
      volumeUsd: 196157.23,
      mcap: 409674472.09,
      priceChangePcs: [Object],
      transactions: [Object],
      audit: [Object],
      security: [Object],
      tokenCreatedTimestamp: 2025-09-27T13:29:02.000Z,
      liquidity: [Object],
      history: [Object],
      scannerAt: 1758994654002
    },
    '4noiheu6cuxz6tcpmkytka785qjcxidzx6vcnnrz2mue': {
      id: '4noiheU6cUXz6TCpmkyTkA785qJCXiDzX6vCNnrZ2mUE',
      tokenName: '1 sol and a dream',
      tokenSymbol: '1SOL',
      tokenAddress: '2LA46PzhC3ML4VU3S9mwkpHHxjptanbLqyph4k3zxDJS',
      pairAddress: '4noiheU6cUXz6TCpmkyTkA785qJCXiDzX6vCNnrZ2mUE',
      chain: 'SOL',
      exchange: 'pAMMBay6oceH9fJKBRHGP5D4bD4sWpmSwMn52FMfXEA',
      priceUsd: 0.4096744721,
      volumeUsd: 196157.23,
      mcap: 409674472.09,
      priceChangePcs: [Object],
      transactions: [Object],
      audit: [Object],
      security: [Object],
      tokenCreatedTimestamp: 2025-09-27T13:29:02.000Z,
      liquidity: [Object],
      history: [Object],
      scannerAt: 1758994654002
    },
    '4CYn7UmzwFSqBQt9gRVxNuQH3PJtYPfTHdghSuPrnVDb': {
      id: '4CYn7UmzwFSqBQt9gRVxNuQH3PJtYPfTHdghSuPrnVDb',
      tokenName: ' Glowing Shrimp',
      tokenSymbol: 'GLOW',
      tokenAddress: 'HG6FNc3GopWfVGmPfzJNrYLBKwoCNcNdaFKB5PMbpump',
      pairAddress: '4CYn7UmzwFSqBQt9gRVxNuQH3PJtYPfTHdghSuPrnVDb',
      chain: 'SOL',
      exchange: '6EF8rrecthR5Dkzon8Nwu78hRvfCKubJ14M5uBEwF6P',
      priceUsd: 0,
      volumeUsd: 0,
      mcap: 95.78323922678436,
      priceChangePcs: [Object],
      transactions: [Object],
      audit: [Object],
      security: [Object],
      tokenCreatedTimestamp: 2025-09-27T13:28:56.000Z,
      liquidity: [Object],
      history: [Object],
      scannerAt: 1758994654002
    },
    '4cyn7umzwfsqbqt9grvxnuqh3pjtypfthdghsuprnvdb': {
      id: '4CYn7UmzwFSqBQt9gRVxNuQH3PJtYPfTHdghSuPrnVDb',
      tokenName: ' Glowing Shrimp',
      tokenSymbol: 'GLOW',
      tokenAddress: 'HG6FNc3GopWfVGmPfzJNrYLBKwoCNcNdaFKB5PMbpump',
      pairAddress: '4CYn7UmzwFSqBQt9gRVxNuQH3PJtYPfTHdghSuPrnVDb',
      chain: 'SOL',
      exchange: '6EF8rrecthR5Dkzon8Nwu78hRvfCKubJ14M5uBEwF6P',
      priceUsd: 0,
      volumeUsd: 0,
      mcap: 95.78323922678436,
      priceChangePcs: [Object],
      transactions: [Object],
      audit: [Object],
      security: [Object],
      tokenCreatedTimestamp: 2025-09-27T13:28:56.000Z,
      liquidity: [Object],
      history: [Object],
      scannerAt: 1758994654002
    },
    '0x63be57E19b4a77Ad9D8B53149554Fff94f368Bb0': {
      id: '0x63be57E19b4a77Ad9D8B53149554Fff94f368Bb0',
      tokenName: 'Safemoon Aster',
      tokenSymbol: 'SafeAster',
      tokenAddress: '0x3397772dF6CC24150e10736bF1AC0117F057916F',
      pairAddress: '0x63be57E19b4a77Ad9D8B53149554Fff94f368Bb0',
      chain: 'BSC',
      exchange: '0x10ED43C718714eb63d5aA57B78B54704E256024E',
      priceUsd: 0.000008418273302051976,
      volumeUsd: 16661.49,
      mcap: 8418.27,
      priceChangePcs: [Object],
      transactions: [Object],
      audit: [Object],
      security: [Object],
      tokenCreatedTimestamp: 2025-09-27T13:28:53.000Z,
      liquidity: [Object],
      history: [Object],
      scannerAt: 1758994654002
    },
    '0x63be57e19b4a77ad9d8b53149554fff94f368bb0': {
      id: '0x63be57E19b4a77Ad9D8B53149554Fff94f368Bb0',
      tokenName: 'Safemoon Aster',
      tokenSymbol: 'SafeAster',
      tokenAddress: '0x3397772dF6CC24150e10736bF1AC0117F057916F',
      pairAddress: '0x63be57E19b4a77Ad9D8B53149554Fff94f368Bb0',
      chain: 'BSC',
      exchange: '0x10ED43C718714eb63d5aA57B78B54704E256024E',
      priceUsd: 0.000008418273302051976,
      volumeUsd: 16661.49,
      mcap: 8418.27,
      priceChangePcs: [Object],
      transactions: [Object],
      audit: [Object],
      security: [Object],
      tokenCreatedTimestamp: 2025-09-27T13:28:53.000Z,
      liquidity: [Object],
      history: [Object],
      scannerAt: 1758994654002
    },
    '0x4aD67D47228ad3220F377bd577e6F98eE3295619': {
      id: '0x4aD67D47228ad3220F377bd577e6F98eE3295619',
      tokenName: 'LBRETT',
      tokenSymbol: 'LBRETT',
      tokenAddress: '0xb6b4Bfd293AFe9762cDb3a4C94AFeaBDAC89EeCD',
      pairAddress: '0x4aD67D47228ad3220F377bd577e6F98eE3295619',
      chain: 'BASE',
      exchange: '0x4752ba5DBc23f44D87826276BF6Fd6b1C372aD24',
      priceUsd: 0,
      volumeUsd: 0,
      mcap: 0.08044587302,
      priceChangePcs: [Object],
      transactions: [Object],
      audit: [Object],
      security: [Object],
      tokenCreatedTimestamp: 2025-09-27T13:28:43.000Z,
      liquidity: [Object],
      history: [Object],
      scannerAt: 1758994654002
    },
    '0x4ad67d47228ad3220f377bd577e6f98ee3295619': {
      id: '0x4aD67D47228ad3220F377bd577e6F98eE3295619',
      tokenName: 'LBRETT',
      tokenSymbol: 'LBRETT',
      tokenAddress: '0xb6b4Bfd293AFe9762cDb3a4C94AFeaBDAC89EeCD',
      pairAddress: '0x4aD67D47228ad3220F377bd577e6F98eE3295619',
      chain: 'BASE',
      exchange: '0x4752ba5DBc23f44D87826276BF6Fd6b1C372aD24',
      priceUsd: 0,
      volumeUsd: 0,
      mcap: 0.08044587302,
      priceChangePcs: [Object],
      transactions: [Object],
      audit: [Object],
      security: [Object],
      tokenCreatedTimestamp: 2025-09-27T13:28:43.000Z,
      liquidity: [Object],
      history: [Object],
      scannerAt: 1758994654002
    },
    EwiVBVLZVfxLY9SwSmLpSNRhG785Je9crXzz47dEYpSe: {
      id: 'EwiVBVLZVfxLY9SwSmLpSNRhG785Je9crXzz47dEYpSe',
      tokenName: 'Crypto GEMs 📈🚀',
      tokenSymbol: 'GEMs',
      tokenAddress: '8Nx9T6bcTpYyGH1EQ5VYwhMMtgBEeBFDsxTAUW192UFN',
      pairAddress: 'EwiVBVLZVfxLY9SwSmLpSNRhG785Je9crXzz47dEYpSe',
      chain: 'SOL',
      exchange: 'dbcij3LWUppWqq96dh6gJWwBifmcGfLSB5D4DuSMaqN',
      priceUsd: 0.00002269890296,
      volumeUsd: 20544.75,
      mcap: 22698.9,
      priceChangePcs: [Object],
      transactions: [Object],
      audit: [Object],
      security: [Object],
      tokenCreatedTimestamp: 2025-09-27T13:28:40.000Z,
      liquidity: [Object],
      history: [Object],
      scannerAt: 1758994654002
    },
    ewivbvlzvfxly9swsmlpsnrhg785je9crxzz47deypse: {
      id: 'EwiVBVLZVfxLY9SwSmLpSNRhG785Je9crXzz47dEYpSe',
      tokenName: 'Crypto GEMs 📈🚀',
      tokenSymbol: 'GEMs',
      tokenAddress: '8Nx9T6bcTpYyGH1EQ5VYwhMMtgBEeBFDsxTAUW192UFN',
      pairAddress: 'EwiVBVLZVfxLY9SwSmLpSNRhG785Je9crXzz47dEYpSe',
      chain: 'SOL',
      exchange: 'dbcij3LWUppWqq96dh6gJWwBifmcGfLSB5D4DuSMaqN',
      priceUsd: 0.00002269890296,
      volumeUsd: 20544.75,
      mcap: 22698.9,
      priceChangePcs: [Object],
      transactions: [Object],
      audit: [Object],
      security: [Object],
      tokenCreatedTimestamp: 2025-09-27T13:28:40.000Z,
      liquidity: [Object],
      history: [Object],
      scannerAt: 1758994654002
    },
    '6dMAk3d9NXS6Pr67KjsNR43739rR2Fh8snSkxu4mGFGF': {
      id: '6dMAk3d9NXS6Pr67KjsNR43739rR2Fh8snSkxu4mGFGF',
      tokenName: 'DUK FUKS',
      tokenSymbol: 'Duk ',
      tokenAddress: 'H7hTvzfTgZTxiWzvjtRHuD8A5goy6wgYD8mFzxgcpump',
      pairAddress: '6dMAk3d9NXS6Pr67KjsNR43739rR2Fh8snSkxu4mGFGF',
      chain: 'SOL',
      exchange: '6EF8rrecthR5Dkzon8Nwu78hRvfCKubJ14M5uBEwF6P',
      priceUsd: 0.00000607140933,
      volumeUsd: 1029.68,
      mcap: 6071.4,
      priceChangePcs: [Object],
      transactions: [Object],
      audit: [Object],
      security: [Object],
      tokenCreatedTimestamp: 2025-09-27T13:28:28.000Z,
      liquidity: [Object],
      history: [Object],
      scannerAt: 1758994654002
    },
    '6dmak3d9nxs6pr67kjsnr43739rr2fh8snskxu4mgfgf': {
      id: '6dMAk3d9NXS6Pr67KjsNR43739rR2Fh8snSkxu4mGFGF',
      tokenName: 'DUK FUKS',
      tokenSymbol: 'Duk ',
      tokenAddress: 'H7hTvzfTgZTxiWzvjtRHuD8A5goy6wgYD8mFzxgcpump',
      pairAddress: '6dMAk3d9NXS6Pr67KjsNR43739rR2Fh8snSkxu4mGFGF',
      chain: 'SOL',
      exchange: '6EF8rrecthR5Dkzon8Nwu78hRvfCKubJ14M5uBEwF6P',
      priceUsd: 0.00000607140933,
      volumeUsd: 1029.68,
      mcap: 6071.4,
      priceChangePcs: [Object],
      transactions: [Object],
      audit: [Object],
      security: [Object],
      tokenCreatedTimestamp: 2025-09-27T13:28:28.000Z,
      liquidity: [Object],
      history: [Object],
      scannerAt: 1758994654002
    },
    '0xB21859CE9f94848820FDA44dCBCE6E6b5DB142b9': {
      id: '0xB21859CE9f94848820FDA44dCBCE6E6b5DB142b9',
      tokenName: 'AI Mocaverse',
      tokenSymbol: 'AI MOCAVERSE',
      tokenAddress: '0x3F09D8Bf235d45532eF59CE45e4F105635B67191',
      pairAddress: '0xB21859CE9f94848820FDA44dCBCE6E6b5DB142b9',
      chain: 'BSC',
      exchange: '0x10ED43C718714eb63d5aA57B78B54704E256024E',
      priceUsd: 0,
      volumeUsd: 0,
      mcap: 0.21,
      priceChangePcs: [Object],
      transactions: [Object],
      audit: [Object],
      security: [Object],
      tokenCreatedTimestamp: 2025-09-27T13:28:27.000Z,
      liquidity: [Object],
      history: [Object],
      scannerAt: 1758994654002
    },
    '0xb21859ce9f94848820fda44dcbce6e6b5db142b9': {
      id: '0xB21859CE9f94848820FDA44dCBCE6E6b5DB142b9',
      tokenName: 'AI Mocaverse',
      tokenSymbol: 'AI MOCAVERSE',
      tokenAddress: '0x3F09D8Bf235d45532eF59CE45e4F105635B67191',
      pairAddress: '0xB21859CE9f94848820FDA44dCBCE6E6b5DB142b9',
      chain: 'BSC',
      exchange: '0x10ED43C718714eb63d5aA57B78B54704E256024E',
      priceUsd: 0,
      volumeUsd: 0,
      mcap: 0.21,
      priceChangePcs: [Object],
      transactions: [Object],
      audit: [Object],
      security: [Object],
      tokenCreatedTimestamp: 2025-09-27T13:28:27.000Z,
      liquidity: [Object],
      history: [Object],
      scannerAt: 1758994654002
    },
    '0x0BBD6a7772A9514F9d32E06F524dEc8a7378f51C': {
      id: '0x0BBD6a7772A9514F9d32E06F524dEc8a7378f51C',
      tokenName: 'BlocksBeats',
      tokenSymbol: 'BB',
      tokenAddress: '0xfa20E3448547E7dBC69160233704551143ce47df',
      pairAddress: '0x0BBD6a7772A9514F9d32E06F524dEc8a7378f51C',
      chain: 'BASE',
      exchange: '0x2626664c2603336E57B271c5C0b26F421741e481',
      priceUsd: 0,
      volumeUsd: 0,
      mcap: 0,
      priceChangePcs: [Object],
      transactions: [Object],
      audit: [Object],
      security: [Object],
      tokenCreatedTimestamp: 2025-09-27T13:28:27.000Z,
      liquidity: [Object],
      history: [Object],
      scannerAt: 1758994654002
    },
    '0x0bbd6a7772a9514f9d32e06f524dec8a7378f51c': {
      id: '0x0BBD6a7772A9514F9d32E06F524dEc8a7378f51C',
      tokenName: 'BlocksBeats',
      tokenSymbol: 'BB',
      tokenAddress: '0xfa20E3448547E7dBC69160233704551143ce47df',
      pairAddress: '0x0BBD6a7772A9514F9d32E06F524dEc8a7378f51C',
      chain: 'BASE',
      exchange: '0x2626664c2603336E57B271c5C0b26F421741e481',
      priceUsd: 0,
      volumeUsd: 0,
      mcap: 0,
      priceChangePcs: [Object],
      transactions: [Object],
      audit: [Object],
      security: [Object],
      tokenCreatedTimestamp: 2025-09-27T13:28:27.000Z,
      liquidity: [Object],
      history: [Object],
      scannerAt: 1758994654002
    },
    '4aGcN7Yr6ZeQv7r3wWee2kv4vRnW5GsP99Eo7kygHEp5': {
      id: '4aGcN7Yr6ZeQv7r3wWee2kv4vRnW5GsP99Eo7kygHEp5',
      tokenName: 'puppy with shower cap',
      tokenSymbol: 'PWSC',
      tokenAddress: 'GXFgEFwVtpGBC5tbv4LvYdN2iEo5ssuoTRBYKFP7h6Hp',
      pairAddress: '4aGcN7Yr6ZeQv7r3wWee2kv4vRnW5GsP99Eo7kygHEp5',
      chain: 'SOL',
      exchange: '6EF8rrecthR5Dkzon8Nwu78hRvfCKubJ14M5uBEwF6P',
      priceUsd: 0,
      volumeUsd: 0,
      mcap: 807.0157204955553,
      priceChangePcs: [Object],
      transactions: [Object],
      audit: [Object],
      security: [Object],
      tokenCreatedTimestamp: 2025-09-27T13:28:26.000Z,
      liquidity: [Object],
      history: [Object],
      scannerAt: 1758994654002
    },
    '4agcn7yr6zeqv7r3wwee2kv4vrnw5gsp99eo7kyghep5': {
      id: '4aGcN7Yr6ZeQv7r3wWee2kv4vRnW5GsP99Eo7kygHEp5',
      tokenName: 'puppy with shower cap',
      tokenSymbol: 'PWSC',
      tokenAddress: 'GXFgEFwVtpGBC5tbv4LvYdN2iEo5ssuoTRBYKFP7h6Hp',
      pairAddress: '4aGcN7Yr6ZeQv7r3wWee2kv4vRnW5GsP99Eo7kygHEp5',
      chain: 'SOL',
      exchange: '6EF8rrecthR5Dkzon8Nwu78hRvfCKubJ14M5uBEwF6P',
      priceUsd: 0,
      volumeUsd: 0,
      mcap: 807.0157204955553,
      priceChangePcs: [Object],
      transactions: [Object],
      audit: [Object],
      security: [Object],
      tokenCreatedTimestamp: 2025-09-27T13:28:26.000Z,
      liquidity: [Object],
      history: [Object],
      scannerAt: 1758994654002
    },
    HymUN3CKQy8xT97uH5uNS3Tv55FZdH4XFsquWGVMZBaJ: {
      id: 'HymUN3CKQy8xT97uH5uNS3Tv55FZdH4XFsquWGVMZBaJ',
      tokenName: 'DUKLY',
      tokenSymbol: 'DUKLY',
      tokenAddress: '4JLfdgcmzdEMuhFgjXywnVUuMhWo1kGRa5N9hMgUpump',
      pairAddress: 'HymUN3CKQy8xT97uH5uNS3Tv55FZdH4XFsquWGVMZBaJ',
      chain: 'SOL',
      exchange: 'cpamdpZCGKUy5JxQXB4dcpGPiikHawvSWAd6mEn1sGG',
      priceUsd: 0,
      volumeUsd: 0,
      mcap: 1.99,
      priceChangePcs: [Object],
      transactions: [Object],
      audit: [Object],
      security: [Object],
      tokenCreatedTimestamp: 2025-09-27T13:28:20.000Z,
      liquidity: [Object],
      history: [Object],
      scannerAt: 1758994654002
    },
    hymun3ckqy8xt97uh5uns3tv55fzdh4xfsquwgvmzbaj: {
      id: 'HymUN3CKQy8xT97uH5uNS3Tv55FZdH4XFsquWGVMZBaJ',
      tokenName: 'DUKLY',
      tokenSymbol: 'DUKLY',
      tokenAddress: '4JLfdgcmzdEMuhFgjXywnVUuMhWo1kGRa5N9hMgUpump',
      pairAddress: 'HymUN3CKQy8xT97uH5uNS3Tv55FZdH4XFsquWGVMZBaJ',
      chain: 'SOL',
      exchange: 'cpamdpZCGKUy5JxQXB4dcpGPiikHawvSWAd6mEn1sGG',
      priceUsd: 0,
      volumeUsd: 0,
      mcap: 1.99,
      priceChangePcs: [Object],
      transactions: [Object],
      audit: [Object],
      security: [Object],
      tokenCreatedTimestamp: 2025-09-27T13:28:20.000Z,
      liquidity: [Object],
      history: [Object],
      scannerAt: 1758994654002
    },
    FBcbV3n8RRaWXguySMQwgNzxJG2sui33eFN1CRz2cZzr: {
      id: 'FBcbV3n8RRaWXguySMQwgNzxJG2sui33eFN1CRz2cZzr',
      tokenName: 'UTILITY COIN',
      tokenSymbol: 'UTILITY',
      tokenAddress: '7Rh7eW7DXYs1UhMoLMxfjS5H3apS1NX74zxrcBWtxrVk',
      pairAddress: 'FBcbV3n8RRaWXguySMQwgNzxJG2sui33eFN1CRz2cZzr',
      chain: 'SOL',
      exchange: 'dbcij3LWUppWqq96dh6gJWwBifmcGfLSB5D4DuSMaqN',
      priceUsd: 0.000142362773,
      volumeUsd: 1849.35,
      mcap: 142362.77,
      priceChangePcs: [Object],
      transactions: [Object],
      audit: [Object],
      security: [Object],
      tokenCreatedTimestamp: 2025-09-27T13:28:14.000Z,
      liquidity: [Object],
      history: [Object],
      scannerAt: 1758994654002
    },
    fbcbv3n8rrawxguysmqwgnzxjg2sui33efn1crz2czzr: {
      id: 'FBcbV3n8RRaWXguySMQwgNzxJG2sui33eFN1CRz2cZzr',
      tokenName: 'UTILITY COIN',
      tokenSymbol: 'UTILITY',
      tokenAddress: '7Rh7eW7DXYs1UhMoLMxfjS5H3apS1NX74zxrcBWtxrVk',
      pairAddress: 'FBcbV3n8RRaWXguySMQwgNzxJG2sui33eFN1CRz2cZzr',
      chain: 'SOL',
      exchange: 'dbcij3LWUppWqq96dh6gJWwBifmcGfLSB5D4DuSMaqN',
      priceUsd: 0.000142362773,
      volumeUsd: 1849.35,
      mcap: 142362.77,
      priceChangePcs: [Object],
      transactions: [Object],
      audit: [Object],
      security: [Object],
      tokenCreatedTimestamp: 2025-09-27T13:28:14.000Z,
      liquidity: [Object],
      history: [Object],
      scannerAt: 1758994654002
    },
    '4opeYPXkwopihpYRTc8ZpHUbUyB4n4Qr4XFvfWKiLGcg': {
      id: '4opeYPXkwopihpYRTc8ZpHUbUyB4n4Qr4XFvfWKiLGcg',
      tokenName: 'cursed images',
      tokenSymbol: 'cursed',
      tokenAddress: 'DXsKEZNNXU7PEpTRiJjHziHUGA95Vq12Uo4ezrS8pump',
      pairAddress: '4opeYPXkwopihpYRTc8ZpHUbUyB4n4Qr4XFvfWKiLGcg',
      chain: 'SOL',
      exchange: '6EF8rrecthR5Dkzon8Nwu78hRvfCKubJ14M5uBEwF6P',
      priceUsd: 0.000008255038615,
      volumeUsd: 289.33,
      mcap: 8255.03,
      priceChangePcs: [Object],
      transactions: [Object],
      audit: [Object],
      security: [Object],
      tokenCreatedTimestamp: 2025-09-27T13:28:09.000Z,
      liquidity: [Object],
      history: [Object],
      scannerAt: 1758994654002
    },
    '4opeypxkwopihpyrtc8zphubuyb4n4qr4xfvfwkilgcg': {
      id: '4opeYPXkwopihpYRTc8ZpHUbUyB4n4Qr4XFvfWKiLGcg',
      tokenName: 'cursed images',
      tokenSymbol: 'cursed',
      tokenAddress: 'DXsKEZNNXU7PEpTRiJjHziHUGA95Vq12Uo4ezrS8pump',
      pairAddress: '4opeYPXkwopihpYRTc8ZpHUbUyB4n4Qr4XFvfWKiLGcg',
      chain: 'SOL',
      exchange: '6EF8rrecthR5Dkzon8Nwu78hRvfCKubJ14M5uBEwF6P',
      priceUsd: 0.000008255038615,
      volumeUsd: 289.33,
      mcap: 8255.03,
      priceChangePcs: [Object],
      transactions: [Object],
      audit: [Object],
      security: [Object],
      tokenCreatedTimestamp: 2025-09-27T13:28:09.000Z,
      liquidity: [Object],
      history: [Object],
      scannerAt: 1758994654002
    },
    Hxhi1wDz1QFzoJNzYd5tQZCqnPJBATd9TQtyxUq3n72a: {
      id: 'Hxhi1wDz1QFzoJNzYd5tQZCqnPJBATd9TQtyxUq3n72a',
      tokenName: 'NeuralDerp',
      tokenSymbol: 'NeuralDerp',
      tokenAddress: '7RqwbgR4vcU4QFHez4SErpgStRam2Sfo6fwYaNoLpump',
      pairAddress: 'Hxhi1wDz1QFzoJNzYd5tQZCqnPJBATd9TQtyxUq3n72a',
      chain: 'SOL',
      exchange: '6EF8rrecthR5Dkzon8Nwu78hRvfCKubJ14M5uBEwF6P',
      priceUsd: 0.000008548156855,
      volumeUsd: 528.51,
      mcap: 8548.15,
      priceChangePcs: [Object],
      transactions: [Object],
      audit: [Object],
      security: [Object],
      tokenCreatedTimestamp: 2025-09-27T13:28:09.000Z,
      liquidity: [Object],
      history: [Object],
      scannerAt: 1758994654002
    },
    hxhi1wdz1qfzojnzyd5tqzcqnpjbatd9tqtyxuq3n72a: {
      id: 'Hxhi1wDz1QFzoJNzYd5tQZCqnPJBATd9TQtyxUq3n72a',
      tokenName: 'NeuralDerp',
      tokenSymbol: 'NeuralDerp',
      tokenAddress: '7RqwbgR4vcU4QFHez4SErpgStRam2Sfo6fwYaNoLpump',
      pairAddress: 'Hxhi1wDz1QFzoJNzYd5tQZCqnPJBATd9TQtyxUq3n72a',
      chain: 'SOL',
      exchange: '6EF8rrecthR5Dkzon8Nwu78hRvfCKubJ14M5uBEwF6P',
      priceUsd: 0.000008548156855,
      volumeUsd: 528.51,
      mcap: 8548.15,
      priceChangePcs: [Object],
      transactions: [Object],
      audit: [Object],
      security: [Object],
      tokenCreatedTimestamp: 2025-09-27T13:28:09.000Z,
      liquidity: [Object],
      history: [Object],
      scannerAt: 1758994654002
    },
    '51ACLz96TcffL3MUvoy5xLXXjdkcxzPcbmmg8zR9m5Pp': {
      id: '51ACLz96TcffL3MUvoy5xLXXjdkcxzPcbmmg8zR9m5Pp',
      tokenName: 'NeuralDerp',
      tokenSymbol: 'NeuralDerp',
      tokenAddress: 'GzybHfrUsg7wKWdaganNgKtVppPtwNvz8K79JqRUpump',
      pairAddress: '51ACLz96TcffL3MUvoy5xLXXjdkcxzPcbmmg8zR9m5Pp',
      chain: 'SOL',
      exchange: '6EF8rrecthR5Dkzon8Nwu78hRvfCKubJ14M5uBEwF6P',
      priceUsd: 0,
      volumeUsd: 0,
      mcap: 0.5900400907236026,
      priceChangePcs: [Object],
      transactions: [Object],
      audit: [Object],
      security: [Object],
      tokenCreatedTimestamp: 2025-09-27T13:28:09.000Z,
      liquidity: [Object],
      history: [Object],
      scannerAt: 1758994654002
    },
    '51aclz96tcffl3muvoy5xlxxjdkcxzpcbmmg8zr9m5pp': {
      id: '51ACLz96TcffL3MUvoy5xLXXjdkcxzPcbmmg8zR9m5Pp',
      tokenName: 'NeuralDerp',
      tokenSymbol: 'NeuralDerp',
      tokenAddress: 'GzybHfrUsg7wKWdaganNgKtVppPtwNvz8K79JqRUpump',
      pairAddress: '51ACLz96TcffL3MUvoy5xLXXjdkcxzPcbmmg8zR9m5Pp',
      chain: 'SOL',
      exchange: '6EF8rrecthR5Dkzon8Nwu78hRvfCKubJ14M5uBEwF6P',
      priceUsd: 0,
      volumeUsd: 0,
      mcap: 0.5900400907236026,
      priceChangePcs: [Object],
      transactions: [Object],
      audit: [Object],
      security: [Object],
      tokenCreatedTimestamp: 2025-09-27T13:28:09.000Z,
      liquidity: [Object],
      history: [Object],
      scannerAt: 1758994654002
    },
    Bex3rh8XzmiVXPKXUrL6KHqeUFr5GbFbR1fd6MTvqKwm: {
      id: 'Bex3rh8XzmiVXPKXUrL6KHqeUFr5GbFbR1fd6MTvqKwm',
      tokenName: 'TROLL',
      tokenSymbol: 'TROLL',
      tokenAddress: '7WjHWvywe2nB6xGJbA1N5fPj5un219BxzxTjTTSoJWBt',
      pairAddress: 'Bex3rh8XzmiVXPKXUrL6KHqeUFr5GbFbR1fd6MTvqKwm',
      chain: 'SOL',
      exchange: 'cpamdpZCGKUy5JxQXB4dcpGPiikHawvSWAd6mEn1sGG',
      priceUsd: 0.00007707684939,
      volumeUsd: 42.3,
      mcap: 77076.84,
      priceChangePcs: [Object],
      transactions: [Object],
      audit: [Object],
      security: [Object],
      tokenCreatedTimestamp: 2025-09-27T13:28:09.000Z,
      liquidity: [Object],
      history: [Object],
      scannerAt: 1758994654002
    },
    bex3rh8xzmivxpkxurl6khqeufr5gbfbr1fd6mtvqkwm: {
      id: 'Bex3rh8XzmiVXPKXUrL6KHqeUFr5GbFbR1fd6MTvqKwm',
      tokenName: 'TROLL',
      tokenSymbol: 'TROLL',
      tokenAddress: '7WjHWvywe2nB6xGJbA1N5fPj5un219BxzxTjTTSoJWBt',
      pairAddress: 'Bex3rh8XzmiVXPKXUrL6KHqeUFr5GbFbR1fd6MTvqKwm',
      chain: 'SOL',
      exchange: 'cpamdpZCGKUy5JxQXB4dcpGPiikHawvSWAd6mEn1sGG',
      priceUsd: 0.00007707684939,
      volumeUsd: 42.3,
      mcap: 77076.84,
      priceChangePcs: [Object],
      transactions: [Object],
      audit: [Object],
      security: [Object],
      tokenCreatedTimestamp: 2025-09-27T13:28:09.000Z,
      liquidity: [Object],
      history: [Object],
      scannerAt: 1758994654002
    },
    '29tCN2xqc4vsBhDbKc4ErkASyU5cmSYtKfFajtY1EHoU': {
      id: '29tCN2xqc4vsBhDbKc4ErkASyU5cmSYtKfFajtY1EHoU',
      tokenName: 'BRAH',
      tokenSymbol: 'BRAH',
      tokenAddress: 'BQuYphA76uEVTnVLFvyPHFp6uroPV87vgbJogRumpump',
      pairAddress: '29tCN2xqc4vsBhDbKc4ErkASyU5cmSYtKfFajtY1EHoU',
      chain: 'SOL',
      exchange: '6EF8rrecthR5Dkzon8Nwu78hRvfCKubJ14M5uBEwF6P',
      priceUsd: 0.000006434318385,
      volumeUsd: 192.6,
      mcap: 6434.31,
      priceChangePcs: [Object],
      transactions: [Object],
      audit: [Object],
      security: [Object],
      tokenCreatedTimestamp: 2025-09-27T13:28:03.000Z,
      liquidity: [Object],
      history: [Object],
      scannerAt: 1758994654002
    },
    '29tcn2xqc4vsbhdbkc4erkasyu5cmsytkffajty1ehou': {
      id: '29tCN2xqc4vsBhDbKc4ErkASyU5cmSYtKfFajtY1EHoU',
      tokenName: 'BRAH',
      tokenSymbol: 'BRAH',
      tokenAddress: 'BQuYphA76uEVTnVLFvyPHFp6uroPV87vgbJogRumpump',
      pairAddress: '29tCN2xqc4vsBhDbKc4ErkASyU5cmSYtKfFajtY1EHoU',
      chain: 'SOL',
      exchange: '6EF8rrecthR5Dkzon8Nwu78hRvfCKubJ14M5uBEwF6P',
      priceUsd: 0.000006434318385,
      volumeUsd: 192.6,
      mcap: 6434.31,
      priceChangePcs: [Object],
      transactions: [Object],
      audit: [Object],
      security: [Object],
      tokenCreatedTimestamp: 2025-09-27T13:28:03.000Z,
      liquidity: [Object],
      history: [Object],
      scannerAt: 1758994654002
    },
    HYbgM5D55CQ1g1Hhfhf73C98fBjYhEhEGRMgPnWaxCwb: {
      id: 'HYbgM5D55CQ1g1Hhfhf73C98fBjYhEhEGRMgPnWaxCwb',
      tokenName: 'utilitities',
      tokenSymbol: 'utilities',
      tokenAddress: 'JCVkHRjcTE8JeV1ta3KhUPTmH2fDRvhUEc6Cpvngpump',
      pairAddress: 'HYbgM5D55CQ1g1Hhfhf73C98fBjYhEhEGRMgPnWaxCwb',
      chain: 'SOL',
      exchange: '6EF8rrecthR5Dkzon8Nwu78hRvfCKubJ14M5uBEwF6P',
      priceUsd: 0.00000664644948,
      volumeUsd: 284.29,
      mcap: 6646.44,
      priceChangePcs: [Object],
      transactions: [Object],
      audit: [Object],
      security: [Object],
      tokenCreatedTimestamp: 2025-09-27T13:27:57.000Z,
      liquidity: [Object],
      history: [Object],
      scannerAt: 1758994654002
    },
    hybgm5d55cq1g1hhfhf73c98fbjyhehegrmgpnwaxcwb: {
      id: 'HYbgM5D55CQ1g1Hhfhf73C98fBjYhEhEGRMgPnWaxCwb',
      tokenName: 'utilitities',
      tokenSymbol: 'utilities',
      tokenAddress: 'JCVkHRjcTE8JeV1ta3KhUPTmH2fDRvhUEc6Cpvngpump',
      pairAddress: 'HYbgM5D55CQ1g1Hhfhf73C98fBjYhEhEGRMgPnWaxCwb',
      chain: 'SOL',
      exchange: '6EF8rrecthR5Dkzon8Nwu78hRvfCKubJ14M5uBEwF6P',
      priceUsd: 0.00000664644948,
      volumeUsd: 284.29,
      mcap: 6646.44,
      priceChangePcs: [Object],
      transactions: [Object],
      audit: [Object],
      security: [Object],
      tokenCreatedTimestamp: 2025-09-27T13:27:57.000Z,
      liquidity: [Object],
      history: [Object],
      scannerAt: 1758994654002
    },
    '4pLEnB41oQ9SuWxQohWVBirkppQRAApeFH46XdAPbxCC': {
      id: '4pLEnB41oQ9SuWxQohWVBirkppQRAApeFH46XdAPbxCC',
      tokenName: 'DUKLY',
      tokenSymbol: 'DUKLY',
      tokenAddress: '4JLfdgcmzdEMuhFgjXywnVUuMhWo1kGRa5N9hMgUpump',
      pairAddress: '4pLEnB41oQ9SuWxQohWVBirkppQRAApeFH46XdAPbxCC',
      chain: 'SOL',
      exchange: 'pAMMBay6oceH9fJKBRHGP5D4bD4sWpmSwMn52FMfXEA',
      priceUsd: 0.0001088412359,
      volumeUsd: 103608.94,
      mcap: 108841.23,
      priceChangePcs: [Object],
      transactions: [Object],
      audit: [Object],
      security: [Object],
      tokenCreatedTimestamp: 2025-09-27T13:27:56.000Z,
      liquidity: [Object],
      history: [Object],
      scannerAt: 1758994654002
    },
    '4plenb41oq9suwxqohwvbirkppqraapefh46xdapbxcc': {
      id: '4pLEnB41oQ9SuWxQohWVBirkppQRAApeFH46XdAPbxCC',
      tokenName: 'DUKLY',
      tokenSymbol: 'DUKLY',
      tokenAddress: '4JLfdgcmzdEMuhFgjXywnVUuMhWo1kGRa5N9hMgUpump',
      pairAddress: '4pLEnB41oQ9SuWxQohWVBirkppQRAApeFH46XdAPbxCC',
      chain: 'SOL',
      exchange: 'pAMMBay6oceH9fJKBRHGP5D4bD4sWpmSwMn52FMfXEA',
      priceUsd: 0.0001088412359,
      volumeUsd: 103608.94,
      mcap: 108841.23,
      priceChangePcs: [Object],
      transactions: [Object],
      audit: [Object],
      security: [Object],
      tokenCreatedTimestamp: 2025-09-27T13:27:56.000Z,
      liquidity: [Object],
      history: [Object],
      scannerAt: 1758994654002
    },
    '8MfYJSHAD7cfvbdv66AaPpSuardUXewX4mpKtnqEQH7z': {
      id: '8MfYJSHAD7cfvbdv66AaPpSuardUXewX4mpKtnqEQH7z',
      tokenName: 'The Shopping Cart Theory',
      tokenSymbol: 'CART',
      tokenAddress: '25B3q77sLRTCFWM4yvNZKeQffGD13CshvffJq5Pfpump',
      pairAddress: '8MfYJSHAD7cfvbdv66AaPpSuardUXewX4mpKtnqEQH7z',
      chain: 'SOL',
      exchange: '6EF8rrecthR5Dkzon8Nwu78hRvfCKubJ14M5uBEwF6P',
      priceUsd: 0.00000990715559,
      volumeUsd: 2535.72,
      mcap: 9907.15,
      priceChangePcs: [Object],
      transactions: [Object],
      audit: [Object],
      security: [Object],
      tokenCreatedTimestamp: 2025-09-27T13:27:53.000Z,
      liquidity: [Object],
      history: [Object],
      scannerAt: 1758994654002
    },
    '8mfyjshad7cfvbdv66aappsuarduxewx4mpktnqeqh7z': {
      id: '8MfYJSHAD7cfvbdv66AaPpSuardUXewX4mpKtnqEQH7z',
      tokenName: 'The Shopping Cart Theory',
      tokenSymbol: 'CART',
      tokenAddress: '25B3q77sLRTCFWM4yvNZKeQffGD13CshvffJq5Pfpump',
      pairAddress: '8MfYJSHAD7cfvbdv66AaPpSuardUXewX4mpKtnqEQH7z',
      chain: 'SOL',
      exchange: '6EF8rrecthR5Dkzon8Nwu78hRvfCKubJ14M5uBEwF6P',
      priceUsd: 0.00000990715559,
      volumeUsd: 2535.72,
      mcap: 9907.15,
      priceChangePcs: [Object],
      transactions: [Object],
      audit: [Object],
      security: [Object],
      tokenCreatedTimestamp: 2025-09-27T13:27:53.000Z,
      liquidity: [Object],
      history: [Object],
      scannerAt: 1758994654002
    },
    '2hXF7X5Y8xpkXJNV6S2dx2eCtxoWGjLvZWi1dnT4iwqa': {
      id: '2hXF7X5Y8xpkXJNV6S2dx2eCtxoWGjLvZWi1dnT4iwqa',
      tokenName: 'TESLA',
      tokenSymbol: 'TESLA',
      tokenAddress: 'CfwALoVE9mLNprjxND6eznQUfQov4XDNAi25iwyrmm6C',
      pairAddress: '2hXF7X5Y8xpkXJNV6S2dx2eCtxoWGjLvZWi1dnT4iwqa',
      chain: 'SOL',
      exchange: '6EF8rrecthR5Dkzon8Nwu78hRvfCKubJ14M5uBEwF6P',
      priceUsd: 0,
      volumeUsd: 0,
      mcap: 40.846656074134444,
      priceChangePcs: [Object],
      transactions: [Object],
      audit: [Object],
      security: [Object],
      tokenCreatedTimestamp: 2025-09-27T13:27:47.000Z,
      liquidity: [Object],
      history: [Object],
      scannerAt: 1758994654002
    },
    '2hxf7x5y8xpkxjnv6s2dx2ectxowgjlvzwi1dnt4iwqa': {
      id: '2hXF7X5Y8xpkXJNV6S2dx2eCtxoWGjLvZWi1dnT4iwqa',
      tokenName: 'TESLA',
      tokenSymbol: 'TESLA',
      tokenAddress: 'CfwALoVE9mLNprjxND6eznQUfQov4XDNAi25iwyrmm6C',
      pairAddress: '2hXF7X5Y8xpkXJNV6S2dx2eCtxoWGjLvZWi1dnT4iwqa',
      chain: 'SOL',
      exchange: '6EF8rrecthR5Dkzon8Nwu78hRvfCKubJ14M5uBEwF6P',
      priceUsd: 0,
      volumeUsd: 0,
      mcap: 40.846656074134444,
      priceChangePcs: [Object],
      transactions: [Object],
      audit: [Object],
      security: [Object],
      tokenCreatedTimestamp: 2025-09-27T13:27:47.000Z,
      liquidity: [Object],
      history: [Object],
      scannerAt: 1758994654002
    },
    '9ypMPLyJJ5AWTzk81QAYxWi71pQdkdUsRVzg2vSUU8Lj': {
      id: '9ypMPLyJJ5AWTzk81QAYxWi71pQdkdUsRVzg2vSUU8Lj',
      tokenName: 'WURK',
      tokenSymbol: 'WURK',
      tokenAddress: 'TPPKXVckoe2ZLaqWh2FdkpWC9ML3XraE3WtRpf2F181',
      pairAddress: '9ypMPLyJJ5AWTzk81QAYxWi71pQdkdUsRVzg2vSUU8Lj',
      chain: 'SOL',
      exchange: 'dbcij3LWUppWqq96dh6gJWwBifmcGfLSB5D4DuSMaqN',
      priceUsd: 0.00002406968549,
      volumeUsd: 31472.17,
      mcap: 24069.68,
      priceChangePcs: [Object],
      transactions: [Object],
      audit: [Object],
      security: [Object],
      tokenCreatedTimestamp: 2025-09-27T13:27:44.000Z,
      liquidity: [Object],
      history: [Object],
      scannerAt: 1758994654002
    },
    '9ypmplyjj5awtzk81qayxwi71pqdkdusrvzg2vsuu8lj': {
      id: '9ypMPLyJJ5AWTzk81QAYxWi71pQdkdUsRVzg2vSUU8Lj',
      tokenName: 'WURK',
      tokenSymbol: 'WURK',
      tokenAddress: 'TPPKXVckoe2ZLaqWh2FdkpWC9ML3XraE3WtRpf2F181',
      pairAddress: '9ypMPLyJJ5AWTzk81QAYxWi71pQdkdUsRVzg2vSUU8Lj',
      chain: 'SOL',
      exchange: 'dbcij3LWUppWqq96dh6gJWwBifmcGfLSB5D4DuSMaqN',
      priceUsd: 0.00002406968549,
      volumeUsd: 31472.17,
      mcap: 24069.68,
      priceChangePcs: [Object],
      transactions: [Object],
      audit: [Object],
      security: [Object],
      tokenCreatedTimestamp: 2025-09-27T13:27:44.000Z,
      liquidity: [Object],
      history: [Object],
      scannerAt: 1758994654002
    },
    GNHLWywPCUzWH9fS9bjrhAxCyT5rWELTevUkUEAeB7rG: {
      id: 'GNHLWywPCUzWH9fS9bjrhAxCyT5rWELTevUkUEAeB7rG',
      tokenName: 'Retire Theory',
      tokenSymbol: '11FLIPS',
      tokenAddress: 'GttPrV8xm2xYJpnxjBb9j6N8NiAjJH2a5GEhE8XYpump',
      pairAddress: 'GNHLWywPCUzWH9fS9bjrhAxCyT5rWELTevUkUEAeB7rG',
      chain: 'SOL',
      exchange: 'pAMMBay6oceH9fJKBRHGP5D4bD4sWpmSwMn52FMfXEA',
      priceUsd: 0,
      volumeUsd: 10420.65,
      mcap: 114733.04,
      priceChangePcs: [Object],
      transactions: [Object],
      audit: [Object],
      security: [Object],
      tokenCreatedTimestamp: 2025-09-27T13:27:41.000Z,
      liquidity: [Object],
      history: [Object],
      scannerAt: 1758994654002
    },
    gnhlwywpcuzwh9fs9bjrhaxcyt5rweltevukueaeb7rg: {
      id: 'GNHLWywPCUzWH9fS9bjrhAxCyT5rWELTevUkUEAeB7rG',
      tokenName: 'Retire Theory',
      tokenSymbol: '11FLIPS',
      tokenAddress: 'GttPrV8xm2xYJpnxjBb9j6N8NiAjJH2a5GEhE8XYpump',
      pairAddress: 'GNHLWywPCUzWH9fS9bjrhAxCyT5rWELTevUkUEAeB7rG',
      chain: 'SOL',
      exchange: 'pAMMBay6oceH9fJKBRHGP5D4bD4sWpmSwMn52FMfXEA',
      priceUsd: 0,
      volumeUsd: 10420.65,
      mcap: 114733.04,
      priceChangePcs: [Object],
      transactions: [Object],
      audit: [Object],
      security: [Object],
      tokenCreatedTimestamp: 2025-09-27T13:27:41.000Z,
      liquidity: [Object],
      history: [Object],
      scannerAt: 1758994654002
    },
    '768dKGhHRJgikj9rhPijAvTvnXEvMNaxWE8QkrMVExGL': {
      id: '768dKGhHRJgikj9rhPijAvTvnXEvMNaxWE8QkrMVExGL',
      tokenName: 'Corgi',
      tokenSymbol: 'Corgi',
      tokenAddress: '6xNd7LzT18d5D3mFDW9gwovfWKAohxGDbEtjBnvhpump',
      pairAddress: '768dKGhHRJgikj9rhPijAvTvnXEvMNaxWE8QkrMVExGL',
      chain: 'SOL',
      exchange: '6EF8rrecthR5Dkzon8Nwu78hRvfCKubJ14M5uBEwF6P',
      priceUsd: 0.000006055460532,
      volumeUsd: 1213.54,
      mcap: 6055.46,
      priceChangePcs: [Object],
      transactions: [Object],
      audit: [Object],
      security: [Object],
      tokenCreatedTimestamp: 2025-09-27T13:27:40.000Z,
      liquidity: [Object],
      history: [Object],
      scannerAt: 1758994654002
    },
    '768dkghhrjgikj9rhpijavtvnxevmnaxwe8qkrmvexgl': {
      id: '768dKGhHRJgikj9rhPijAvTvnXEvMNaxWE8QkrMVExGL',
      tokenName: 'Corgi',
      tokenSymbol: 'Corgi',
      tokenAddress: '6xNd7LzT18d5D3mFDW9gwovfWKAohxGDbEtjBnvhpump',
      pairAddress: '768dKGhHRJgikj9rhPijAvTvnXEvMNaxWE8QkrMVExGL',
      chain: 'SOL',
      exchange: '6EF8rrecthR5Dkzon8Nwu78hRvfCKubJ14M5uBEwF6P',
      priceUsd: 0.000006055460532,
      volumeUsd: 1213.54,
      mcap: 6055.46,
      priceChangePcs: [Object],
      transactions: [Object],
      audit: [Object],
      security: [Object],
      tokenCreatedTimestamp: 2025-09-27T13:27:40.000Z,
      liquidity: [Object],
      history: [Object],
      scannerAt: 1758994654002
    },
    D3qmwAP2bDd5qxEeqcmA8Y7Brj9k1MTn7DTi3S2KHQG: {
      id: 'D3qmwAP2bDd5qxEeqcmA8Y7Brj9k1MTn7DTi3S2KHQG',
      tokenName: 'Homophic Dog Meme',
      tokenSymbol: 'Homog',
      tokenAddress: '5Ce42awcXUsFxmJnyRPmCzHUAvCJ8tAD29vJmUdpump',
      pairAddress: 'D3qmwAP2bDd5qxEeqcmA8Y7Brj9k1MTn7DTi3S2KHQG',
      chain: 'SOL',
      exchange: '6EF8rrecthR5Dkzon8Nwu78hRvfCKubJ14M5uBEwF6P',
      priceUsd: 0,
      volumeUsd: 0,
      mcap: 60.87756557607884,
      priceChangePcs: [Object],
      transactions: [Object],
      audit: [Object],
      security: [Object],
      tokenCreatedTimestamp: 2025-09-27T13:27:34.000Z,
      liquidity: [Object],
      history: [Object],
      scannerAt: 1758994654002
    },
    d3qmwap2bdd5qxeeqcma8y7brj9k1mtn7dti3s2khqg: {
      id: 'D3qmwAP2bDd5qxEeqcmA8Y7Brj9k1MTn7DTi3S2KHQG',
      tokenName: 'Homophic Dog Meme',
      tokenSymbol: 'Homog',
      tokenAddress: '5Ce42awcXUsFxmJnyRPmCzHUAvCJ8tAD29vJmUdpump',
      pairAddress: 'D3qmwAP2bDd5qxEeqcmA8Y7Brj9k1MTn7DTi3S2KHQG',
      chain: 'SOL',
      exchange: '6EF8rrecthR5Dkzon8Nwu78hRvfCKubJ14M5uBEwF6P',
      priceUsd: 0,
      volumeUsd: 0,
      mcap: 60.87756557607884,
      priceChangePcs: [Object],
      transactions: [Object],
      audit: [Object],
      security: [Object],
      tokenCreatedTimestamp: 2025-09-27T13:27:34.000Z,
      liquidity: [Object],
      history: [Object],
      scannerAt: 1758994654002
    },
    '214u6HKwzLzdaJ4xjCZ2aFVdCkv9MYiy1dpZ5HnkNQyC': {
      id: '214u6HKwzLzdaJ4xjCZ2aFVdCkv9MYiy1dpZ5HnkNQyC',
      tokenName: 'Asterina',
      tokenSymbol: 'ASTERINA',
      tokenAddress: 'MoSpRiUbJvWx4hRLaB3DsaRFZnZeapaPPHGpT33EQcV',
      pairAddress: '214u6HKwzLzdaJ4xjCZ2aFVdCkv9MYiy1dpZ5HnkNQyC',
      chain: 'SOL',
      exchange: 'pAMMBay6oceH9fJKBRHGP5D4bD4sWpmSwMn52FMfXEA',
      priceUsd: 0.5114661053,
      volumeUsd: 6310.04,
      mcap: 511466105.28,
      priceChangePcs: [Object],
      transactions: [Object],
      audit: [Object],
      security: [Object],
      tokenCreatedTimestamp: 2025-09-27T13:27:33.000Z,
      liquidity: [Object],
      history: [Object],
      scannerAt: 1758994654002
    },
    '214u6hkwzlzdaj4xjcz2afvdckv9myiy1dpz5hnknqyc': {
      id: '214u6HKwzLzdaJ4xjCZ2aFVdCkv9MYiy1dpZ5HnkNQyC',
      tokenName: 'Asterina',
      tokenSymbol: 'ASTERINA',
      tokenAddress: 'MoSpRiUbJvWx4hRLaB3DsaRFZnZeapaPPHGpT33EQcV',
      pairAddress: '214u6HKwzLzdaJ4xjCZ2aFVdCkv9MYiy1dpZ5HnkNQyC',
      chain: 'SOL',
      exchange: 'pAMMBay6oceH9fJKBRHGP5D4bD4sWpmSwMn52FMfXEA',
      priceUsd: 0.5114661053,
      volumeUsd: 6310.04,
      mcap: 511466105.28,
      priceChangePcs: [Object],
      transactions: [Object],
      audit: [Object],
      security: [Object],
      tokenCreatedTimestamp: 2025-09-27T13:27:33.000Z,
      liquidity: [Object],
      history: [Object],
      scannerAt: 1758994654002
    },
    '2iCTVaXZxrFMjBkLSKvs5K8SRWTxeasNkaR833Bn5SHo': {
      id: '2iCTVaXZxrFMjBkLSKvs5K8SRWTxeasNkaR833Bn5SHo',
      tokenName: 'niggaliquid',
      tokenSymbol: 'nl',
      tokenAddress: '5ThrLJDFpJqaFL36AvAX8ECZmz6n4vZvqMYvpHHkpump',
      pairAddress: '2iCTVaXZxrFMjBkLSKvs5K8SRWTxeasNkaR833Bn5SHo',
      chain: 'SOL',
      exchange: 'LBUZKhRxPF3XUpBCjp4YzTKgLccjZhTSDM9YuVaPwxo',
      priceUsd: 0,
      volumeUsd: 0,
      mcap: 0,
      priceChangePcs: [Object],
      transactions: [Object],
      audit: [Object],
      security: [Object],
      tokenCreatedTimestamp: 2025-09-27T13:27:31.000Z,
      liquidity: [Object],
      history: [Object],
      scannerAt: 1758994654002
    },
    '2ictvaxzxrfmjbklskvs5k8srwtxeasnkar833bn5sho': {
      id: '2iCTVaXZxrFMjBkLSKvs5K8SRWTxeasNkaR833Bn5SHo',
      tokenName: 'niggaliquid',
      tokenSymbol: 'nl',
      tokenAddress: '5ThrLJDFpJqaFL36AvAX8ECZmz6n4vZvqMYvpHHkpump',
      pairAddress: '2iCTVaXZxrFMjBkLSKvs5K8SRWTxeasNkaR833Bn5SHo',
      chain: 'SOL',
      exchange: 'LBUZKhRxPF3XUpBCjp4YzTKgLccjZhTSDM9YuVaPwxo',
      priceUsd: 0,
      volumeUsd: 0,
      mcap: 0,
      priceChangePcs: [Object],
      transactions: [Object],
      audit: [Object],
      security: [Object],
      tokenCreatedTimestamp: 2025-09-27T13:27:31.000Z,
      liquidity: [Object],
      history: [Object],
      scannerAt: 1758994654002
    },
    '2UaZM8PxSmgyKCHt57t5mX8mHV6x7RRpaGQTd5N7X4iQ': {
      id: '2UaZM8PxSmgyKCHt57t5mX8mHV6x7RRpaGQTd5N7X4iQ',
      tokenName: 'Why DUB',
      tokenSymbol: '$DGE',
      tokenAddress: '2xTpzuCPrEEHpQnq7LNB2QKhKzQHa5qZj455uY2qdoge',
      pairAddress: '2UaZM8PxSmgyKCHt57t5mX8mHV6x7RRpaGQTd5N7X4iQ',
      chain: 'SOL',
      exchange: 'dbcij3LWUppWqq96dh6gJWwBifmcGfLSB5D4DuSMaqN',
      priceUsd: 0,
      volumeUsd: 0,
      mcap: 0,
      priceChangePcs: [Object],
      transactions: [Object],
      audit: [Object],
      security: [Object],
      tokenCreatedTimestamp: 2025-09-27T13:27:26.000Z,
      liquidity: [Object],
      history: [Object],
      scannerAt: 1758994654002
    },
    '2uazm8pxsmgykcht57t5mx8mhv6x7rrpagqtd5n7x4iq': {
      id: '2UaZM8PxSmgyKCHt57t5mX8mHV6x7RRpaGQTd5N7X4iQ',
      tokenName: 'Why DUB',
      tokenSymbol: '$DGE',
      tokenAddress: '2xTpzuCPrEEHpQnq7LNB2QKhKzQHa5qZj455uY2qdoge',
      pairAddress: '2UaZM8PxSmgyKCHt57t5mX8mHV6x7RRpaGQTd5N7X4iQ',
      chain: 'SOL',
      exchange: 'dbcij3LWUppWqq96dh6gJWwBifmcGfLSB5D4DuSMaqN',
      priceUsd: 0,
      volumeUsd: 0,
      mcap: 0,
      priceChangePcs: [Object],
      transactions: [Object],
      audit: [Object],
      security: [Object],
      tokenCreatedTimestamp: 2025-09-27T13:27:26.000Z,
      liquidity: [Object],
      history: [Object],
      scannerAt: 1758994654002
    },
    '0xd178a2f5Ad73aC8d28Bf504167727BEd35949122': {
      id: '0xd178a2f5Ad73aC8d28Bf504167727BEd35949122',
      tokenName: 'OG YING',
      tokenSymbol: 'OG YING',
      tokenAddress: '0x3D2348b345f8067B4f50450B21c08170E29693a2',
      pairAddress: '0xd178a2f5Ad73aC8d28Bf504167727BEd35949122',
      chain: 'BSC',
      exchange: '0x10ED43C718714eb63d5aA57B78B54704E256024E',
      priceUsd: 2.5446040859544896e-10,
      volumeUsd: 3.75,
      mcap: 107.04,
      priceChangePcs: [Object],
      transactions: [Object],
      audit: [Object],
      security: [Object],
      tokenCreatedTimestamp: 2025-09-27T13:27:25.000Z,
      liquidity: [Object],
      history: [Object],
      scannerAt: 1758994654002
    },
    '0xd178a2f5ad73ac8d28bf504167727bed35949122': {
      id: '0xd178a2f5Ad73aC8d28Bf504167727BEd35949122',
      tokenName: 'OG YING',
      tokenSymbol: 'OG YING',
      tokenAddress: '0x3D2348b345f8067B4f50450B21c08170E29693a2',
      pairAddress: '0xd178a2f5Ad73aC8d28Bf504167727BEd35949122',
      chain: 'BSC',
      exchange: '0x10ED43C718714eb63d5aA57B78B54704E256024E',
      priceUsd: 2.5446040859544896e-10,
      volumeUsd: 3.75,
      mcap: 107.04,
      priceChangePcs: [Object],
      transactions: [Object],
      audit: [Object],
      security: [Object],
      tokenCreatedTimestamp: 2025-09-27T13:27:25.000Z,
      liquidity: [Object],
      history: [Object],
      scannerAt: 1758994654002
    },
    '0xfCff637Ba37d63d6351dA440dB020A91E5bd717D': {
      id: '0xfCff637Ba37d63d6351dA440dB020A91E5bd717D',
      tokenName: 'AI XRPC',
      tokenSymbol: 'AI XRPC',
      tokenAddress: '0x59Ae9E8f9Ad7FE7d87Abf6191B09701237A62C0C',
      pairAddress: '0xfCff637Ba37d63d6351dA440dB020A91E5bd717D',
      chain: 'BSC',
      exchange: '0x10ED43C718714eb63d5aA57B78B54704E256024E',
      priceUsd: 0,
      volumeUsd: 0,
      mcap: 0.21,
      priceChangePcs: [Object],
      transactions: [Object],
      audit: [Object],
      security: [Object],
      tokenCreatedTimestamp: 2025-09-27T13:27:24.000Z,
      liquidity: [Object],
      history: [Object],
      scannerAt: 1758994654002
    },
    '0xfcff637ba37d63d6351da440db020a91e5bd717d': {
      id: '0xfCff637Ba37d63d6351dA440dB020A91E5bd717D',
      tokenName: 'AI XRPC',
      tokenSymbol: 'AI XRPC',
      tokenAddress: '0x59Ae9E8f9Ad7FE7d87Abf6191B09701237A62C0C',
      pairAddress: '0xfCff637Ba37d63d6351dA440dB020A91E5bd717D',
      chain: 'BSC',
      exchange: '0x10ED43C718714eb63d5aA57B78B54704E256024E',
      priceUsd: 0,
      volumeUsd: 0,
      mcap: 0.21,
      priceChangePcs: [Object],
      transactions: [Object],
      audit: [Object],
      security: [Object],
      tokenCreatedTimestamp: 2025-09-27T13:27:24.000Z,
      liquidity: [Object],
      history: [Object],
      scannerAt: 1758994654002
    },
    '0x0ABb44c3c9b6Ffec1A8809feB637a364Fa78720B': {
      id: '0x0ABb44c3c9b6Ffec1A8809feB637a364Fa78720B',
      tokenName: 'KIRANEXUSTOKEN',
      tokenSymbol: 'KLAI',
      tokenAddress: '0x07fE7499d976Fc3681bE1d60B2E1cE0B9a0d81e7',
      pairAddress: '0x0ABb44c3c9b6Ffec1A8809feB637a364Fa78720B',
      chain: 'BSC',
      exchange: '0x10ED43C718714eb63d5aA57B78B54704E256024E',
      priceUsd: 0,
      volumeUsd: 0,
      mcap: 2923.65,
      priceChangePcs: [Object],
      transactions: [Object],
      audit: [Object],
      security: [Object],
      tokenCreatedTimestamp: 2025-09-27T13:27:14.000Z,
      liquidity: [Object],
      history: [Object],
      scannerAt: 1758994654002
    },
    '0x0abb44c3c9b6ffec1a8809feb637a364fa78720b': {
      id: '0x0ABb44c3c9b6Ffec1A8809feB637a364Fa78720B',
      tokenName: 'KIRANEXUSTOKEN',
      tokenSymbol: 'KLAI',
      tokenAddress: '0x07fE7499d976Fc3681bE1d60B2E1cE0B9a0d81e7',
      pairAddress: '0x0ABb44c3c9b6Ffec1A8809feB637a364Fa78720B',
      chain: 'BSC',
      exchange: '0x10ED43C718714eb63d5aA57B78B54704E256024E',
      priceUsd: 0,
      volumeUsd: 0,
      mcap: 2923.65,
      priceChangePcs: [Object],
      transactions: [Object],
      audit: [Object],
      security: [Object],
      tokenCreatedTimestamp: 2025-09-27T13:27:14.000Z,
      liquidity: [Object],
      history: [Object],
      scannerAt: 1758994654002
    },
    BBQRVETzpgm1vvUs3BN2Vi469dQTpXaTLEKVJRfGU5uE: {
      id: 'BBQRVETzpgm1vvUs3BN2Vi469dQTpXaTLEKVJRfGU5uE',
      tokenName: 'PEPETOSHI NAKAMOTO',
      tokenSymbol: 'PEPETOSHI',
      tokenAddress: 'Gyk6cuL16butwpEuLpdpDkcq5dBHtGfoPjN24ngJVmmc',
      pairAddress: 'BBQRVETzpgm1vvUs3BN2Vi469dQTpXaTLEKVJRfGU5uE',
      chain: 'SOL',
      exchange: '6EF8rrecthR5Dkzon8Nwu78hRvfCKubJ14M5uBEwF6P',
      priceUsd: 0.000006058118374,
      volumeUsd: 9926.3,
      mcap: 6058.11,
      priceChangePcs: [Object],
      transactions: [Object],
      audit: [Object],
      security: [Object],
      tokenCreatedTimestamp: 2025-09-27T13:27:09.000Z,
      liquidity: [Object],
      history: [Object],
      scannerAt: 1758994654002
    },
    bbqrvetzpgm1vvus3bn2vi469dqtpxatlekvjrfgu5ue: {
      id: 'BBQRVETzpgm1vvUs3BN2Vi469dQTpXaTLEKVJRfGU5uE',
      tokenName: 'PEPETOSHI NAKAMOTO',
      tokenSymbol: 'PEPETOSHI',
      tokenAddress: 'Gyk6cuL16butwpEuLpdpDkcq5dBHtGfoPjN24ngJVmmc',
      pairAddress: 'BBQRVETzpgm1vvUs3BN2Vi469dQTpXaTLEKVJRfGU5uE',
      chain: 'SOL',
      exchange: '6EF8rrecthR5Dkzon8Nwu78hRvfCKubJ14M5uBEwF6P',
      priceUsd: 0.000006058118374,
      volumeUsd: 9926.3,
      mcap: 6058.11,
      priceChangePcs: [Object],
      transactions: [Object],
      audit: [Object],
      security: [Object],
      tokenCreatedTimestamp: 2025-09-27T13:27:09.000Z,
      liquidity: [Object],
      history: [Object],
      scannerAt: 1758994654002
    },
    GGp34KU2ijeTMw5rr2XaQ2ZMvFZzfiG8MMXixzMTWrJ4: {
      id: 'GGp34KU2ijeTMw5rr2XaQ2ZMvFZzfiG8MMXixzMTWrJ4',
      tokenName: 'DOWNTOBER',
      tokenSymbol: 'DOWNTOBER',
      tokenAddress: '3xS8UicwtFJLnhyzZgyctpsue3fQh1TU4dQYwKK8pump',
      pairAddress: 'GGp34KU2ijeTMw5rr2XaQ2ZMvFZzfiG8MMXixzMTWrJ4',
      chain: 'SOL',
      exchange: '6EF8rrecthR5Dkzon8Nwu78hRvfCKubJ14M5uBEwF6P',
      priceUsd: 0.000006463958771,
      volumeUsd: 39.67,
      mcap: 6463.95,
      priceChangePcs: [Object],
      transactions: [Object],
      audit: [Object],
      security: [Object],
      tokenCreatedTimestamp: 2025-09-27T13:27:08.000Z,
      liquidity: [Object],
      history: [Object],
      scannerAt: 1758994654002
    },
    ggp34ku2ijetmw5rr2xaq2zmvfzzfig8mmxixzmtwrj4: {
      id: 'GGp34KU2ijeTMw5rr2XaQ2ZMvFZzfiG8MMXixzMTWrJ4',
      tokenName: 'DOWNTOBER',
      tokenSymbol: 'DOWNTOBER',
      tokenAddress: '3xS8UicwtFJLnhyzZgyctpsue3fQh1TU4dQYwKK8pump',
      pairAddress: 'GGp34KU2ijeTMw5rr2XaQ2ZMvFZzfiG8MMXixzMTWrJ4',
      chain: 'SOL',
      exchange: '6EF8rrecthR5Dkzon8Nwu78hRvfCKubJ14M5uBEwF6P',
      priceUsd: 0.000006463958771,
      volumeUsd: 39.67,
      mcap: 6463.95,
      priceChangePcs: [Object],
      transactions: [Object],
      audit: [Object],
      security: [Object],
      tokenCreatedTimestamp: 2025-09-27T13:27:08.000Z,
      liquidity: [Object],
      history: [Object],
      scannerAt: 1758994654002
    },
    '0x103DCB1CF290153b0EDb8cD6510fcfC7172F71dD': {
      id: '0x103DCB1CF290153b0EDb8cD6510fcfC7172F71dD',
      tokenName: 'FalconFinancePresale $FF',
      tokenSymbol: 'FalconFinancePresale $FF',
      tokenAddress: '0x3312AC3BDaF6CecE35Dae3CCf8172bAD6020Ea69',
      pairAddress: '0x103DCB1CF290153b0EDb8cD6510fcfC7172F71dD',
      chain: 'BASE',
      exchange: '0x4752ba5DBc23f44D87826276BF6Fd6b1C372aD24',
      priceUsd: 0,
      volumeUsd: 0,
      mcap: 0.08044587302,
      priceChangePcs: [Object],
      transactions: [Object],
      audit: [Object],
      security: [Object],
      tokenCreatedTimestamp: 2025-09-27T13:27:05.000Z,
      liquidity: [Object],
      history: [Object],
      scannerAt: 1758994654002
    },
    '0x103dcb1cf290153b0edb8cd6510fcfc7172f71dd': {
      id: '0x103DCB1CF290153b0EDb8cD6510fcfC7172F71dD',
      tokenName: 'FalconFinancePresale $FF',
      tokenSymbol: 'FalconFinancePresale $FF',
      tokenAddress: '0x3312AC3BDaF6CecE35Dae3CCf8172bAD6020Ea69',
      pairAddress: '0x103DCB1CF290153b0EDb8cD6510fcfC7172F71dD',
      chain: 'BASE',
      exchange: '0x4752ba5DBc23f44D87826276BF6Fd6b1C372aD24',
      priceUsd: 0,
      volumeUsd: 0,
      mcap: 0.08044587302,
      priceChangePcs: [Object],
      transactions: [Object],
      audit: [Object],
      security: [Object],
      tokenCreatedTimestamp: 2025-09-27T13:27:05.000Z,
      liquidity: [Object],
      history: [Object],
      scannerAt: 1758994654002
    },
    v6BpEW6YNGXkEieAqpeSfvMCgR4vRqKHRXGmXpLkApw: {
      id: 'v6BpEW6YNGXkEieAqpeSfvMCgR4vRqKHRXGmXpLkApw',
      tokenName: 'NeuralDerp',
      tokenSymbol: 'NeuralDerp',
      tokenAddress: 'nkFjTQUPW3MwoZvNzpmp1CMpekB8iLn9aLZZJ53pump',
      pairAddress: 'v6BpEW6YNGXkEieAqpeSfvMCgR4vRqKHRXGmXpLkApw',
      chain: 'SOL',
      exchange: '6EF8rrecthR5Dkzon8Nwu78hRvfCKubJ14M5uBEwF6P',
      priceUsd: 0,
      volumeUsd: 0,
      mcap: 1217.9398470292415,
      priceChangePcs: [Object],
      transactions: [Object],
      audit: [Object],
      security: [Object],
      tokenCreatedTimestamp: 2025-09-27T13:27:05.000Z,
      liquidity: [Object],
      history: [Object],
      scannerAt: 1758994654002
    },
    v6bpew6yngxkeieaqpesfvmcgr4vrqkhrxgmxplkapw: {
      id: 'v6BpEW6YNGXkEieAqpeSfvMCgR4vRqKHRXGmXpLkApw',
      tokenName: 'NeuralDerp',
      tokenSymbol: 'NeuralDerp',
      tokenAddress: 'nkFjTQUPW3MwoZvNzpmp1CMpekB8iLn9aLZZJ53pump',
      pairAddress: 'v6BpEW6YNGXkEieAqpeSfvMCgR4vRqKHRXGmXpLkApw',
      chain: 'SOL',
      exchange: '6EF8rrecthR5Dkzon8Nwu78hRvfCKubJ14M5uBEwF6P',
      priceUsd: 0,
      volumeUsd: 0,
      mcap: 1217.9398470292415,
      priceChangePcs: [Object],
      transactions: [Object],
      audit: [Object],
      security: [Object],
      tokenCreatedTimestamp: 2025-09-27T13:27:05.000Z,
      liquidity: [Object],
      history: [Object],
      scannerAt: 1758994654002
    },
    '5eyiZmehUPHLhxaghNcR93xXd6bzfq4y7Yt5zBQKGoJa': {
      id: '5eyiZmehUPHLhxaghNcR93xXd6bzfq4y7Yt5zBQKGoJa',
      tokenName: 'NeuralDerp',
      tokenSymbol: 'NeuralDerp',
      tokenAddress: 'BxvAgs7SWhPhKA1QL9dA5ChTeciFQnEUgxo5T36Apump',
      pairAddress: '5eyiZmehUPHLhxaghNcR93xXd6bzfq4y7Yt5zBQKGoJa',
      chain: 'SOL',
      exchange: '6EF8rrecthR5Dkzon8Nwu78hRvfCKubJ14M5uBEwF6P',
      priceUsd: 0.000007029826729,
      volumeUsd: 582.52,
      mcap: 7029.82,
      priceChangePcs: [Object],
      transactions: [Object],
      audit: [Object],
      security: [Object],
      tokenCreatedTimestamp: 2025-09-27T13:27:04.000Z,
      liquidity: [Object],
      history: [Object],
      scannerAt: 1758994654002
    },
    '5eyizmehuphlhxaghncr93xxd6bzfq4y7yt5zbqkgoja': {
      id: '5eyiZmehUPHLhxaghNcR93xXd6bzfq4y7Yt5zBQKGoJa',
      tokenName: 'NeuralDerp',
      tokenSymbol: 'NeuralDerp',
      tokenAddress: 'BxvAgs7SWhPhKA1QL9dA5ChTeciFQnEUgxo5T36Apump',
      pairAddress: '5eyiZmehUPHLhxaghNcR93xXd6bzfq4y7Yt5zBQKGoJa',
      chain: 'SOL',
      exchange: '6EF8rrecthR5Dkzon8Nwu78hRvfCKubJ14M5uBEwF6P',
      priceUsd: 0.000007029826729,
      volumeUsd: 582.52,
      mcap: 7029.82,
      priceChangePcs: [Object],
      transactions: [Object],
      audit: [Object],
      security: [Object],
      tokenCreatedTimestamp: 2025-09-27T13:27:04.000Z,
      liquidity: [Object],
      history: [Object],
      scannerAt: 1758994654002
    },
    BuNnNQkqhUHVJ5v1rmemxZBEi7ix4xcrWWn7PGqsvtyi: {
      id: 'BuNnNQkqhUHVJ5v1rmemxZBEi7ix4xcrWWn7PGqsvtyi',
      tokenName: 'Random Coin',
      tokenSymbol: 'RANDOM',
      tokenAddress: '67SmGnrPMyL4Py32C8SZa92dKbropA3rzcBSLdS9pump',
      pairAddress: 'BuNnNQkqhUHVJ5v1rmemxZBEi7ix4xcrWWn7PGqsvtyi',
      chain: 'SOL',
      exchange: '6EF8rrecthR5Dkzon8Nwu78hRvfCKubJ14M5uBEwF6P',
      priceUsd: 0,
      volumeUsd: 0,
      mcap: 802.3321883305312,
      priceChangePcs: [Object],
      transactions: [Object],
      audit: [Object],
      security: [Object],
      tokenCreatedTimestamp: 2025-09-27T13:27:00.000Z,
      liquidity: [Object],
      history: [Object],
      scannerAt: 1758994654002
    },
    bunnnqkqhuhvj5v1rmemxzbei7ix4xcrwwn7pgqsvtyi: {
      id: 'BuNnNQkqhUHVJ5v1rmemxZBEi7ix4xcrWWn7PGqsvtyi',
      tokenName: 'Random Coin',
      tokenSymbol: 'RANDOM',
      tokenAddress: '67SmGnrPMyL4Py32C8SZa92dKbropA3rzcBSLdS9pump',
      pairAddress: 'BuNnNQkqhUHVJ5v1rmemxZBEi7ix4xcrWWn7PGqsvtyi',
      chain: 'SOL',
      exchange: '6EF8rrecthR5Dkzon8Nwu78hRvfCKubJ14M5uBEwF6P',
      priceUsd: 0,
      volumeUsd: 0,
      mcap: 802.3321883305312,
      priceChangePcs: [Object],
      transactions: [Object],
      audit: [Object],
      security: [Object],
      tokenCreatedTimestamp: 2025-09-27T13:27:00.000Z,
      liquidity: [Object],
      history: [Object],
      scannerAt: 1758994654002
    },
    G6ewVLWEw5PwHEWcRsgVomfi2DigH2Z3quzvkaMKPgv1: {
      id: 'G6ewVLWEw5PwHEWcRsgVomfi2DigH2Z3quzvkaMKPgv1',
      tokenName: 'BitlightLabs',
      tokenSymbol: 'LIGHT',
      tokenAddress: 'HBjdFwcVZf9rR9zRXtVXnk5LYG5Y41LGsrYRJg5z59xP',
      pairAddress: 'G6ewVLWEw5PwHEWcRsgVomfi2DigH2Z3quzvkaMKPgv1',
      chain: 'SOL',
      exchange: 'dbcij3LWUppWqq96dh6gJWwBifmcGfLSB5D4DuSMaqN',
      priceUsd: 0.002294897664,
      volumeUsd: 62173.94,
      mcap: 2294897.66,
      priceChangePcs: [Object],
      transactions: [Object],
      audit: [Object],
      security: [Object],
      tokenCreatedTimestamp: 2025-09-27T13:26:52.000Z,
      liquidity: [Object],
      history: [Object],
      scannerAt: 1758994654002
    },
    g6ewvlwew5pwhewcrsgvomfi2digh2z3quzvkamkpgv1: {
      id: 'G6ewVLWEw5PwHEWcRsgVomfi2DigH2Z3quzvkaMKPgv1',
      tokenName: 'BitlightLabs',
      tokenSymbol: 'LIGHT',
      tokenAddress: 'HBjdFwcVZf9rR9zRXtVXnk5LYG5Y41LGsrYRJg5z59xP',
      pairAddress: 'G6ewVLWEw5PwHEWcRsgVomfi2DigH2Z3quzvkaMKPgv1',
      chain: 'SOL',
      exchange: 'dbcij3LWUppWqq96dh6gJWwBifmcGfLSB5D4DuSMaqN',
      priceUsd: 0.002294897664,
      volumeUsd: 62173.94,
      mcap: 2294897.66,
      priceChangePcs: [Object],
      transactions: [Object],
      audit: [Object],
      security: [Object],
      tokenCreatedTimestamp: 2025-09-27T13:26:52.000Z,
      liquidity: [Object],
      history: [Object],
      scannerAt: 1758994654002
    },
    BMVLzGCCqLRoBm1fK9nRuW5xb4W1ZVRudStUhqstxLgp: {
      id: 'BMVLzGCCqLRoBm1fK9nRuW5xb4W1ZVRudStUhqstxLgp',
      tokenName: 'Bluma',
      tokenSymbol: 'Bluma',
      tokenAddress: 'G4rJ1zR41GZraETDXHURYJ2ZStTD3DqU6NeYGjjmr1kJ',
      pairAddress: 'BMVLzGCCqLRoBm1fK9nRuW5xb4W1ZVRudStUhqstxLgp',
      chain: 'SOL',
      exchange: 'dbcij3LWUppWqq96dh6gJWwBifmcGfLSB5D4DuSMaqN',
      priceUsd: 0.0004429113725,
      volumeUsd: 33326.24,
      mcap: 442911.37,
      priceChangePcs: [Object],
      transactions: [Object],
      audit: [Object],
      security: [Object],
      tokenCreatedTimestamp: 2025-09-27T13:26:51.000Z,
      liquidity: [Object],
      history: [Object],
      scannerAt: 1758994654002
    },
    bmvlzgccqlrobm1fk9nruw5xb4w1zvrudstuhqstxlgp: {
      id: 'BMVLzGCCqLRoBm1fK9nRuW5xb4W1ZVRudStUhqstxLgp',
      tokenName: 'Bluma',
      tokenSymbol: 'Bluma',
      tokenAddress: 'G4rJ1zR41GZraETDXHURYJ2ZStTD3DqU6NeYGjjmr1kJ',
      pairAddress: 'BMVLzGCCqLRoBm1fK9nRuW5xb4W1ZVRudStUhqstxLgp',
      chain: 'SOL',
      exchange: 'dbcij3LWUppWqq96dh6gJWwBifmcGfLSB5D4DuSMaqN',
      priceUsd: 0.0004429113725,
      volumeUsd: 33326.24,
      mcap: 442911.37,
      priceChangePcs: [Object],
      transactions: [Object],
      audit: [Object],
      security: [Object],
      tokenCreatedTimestamp: 2025-09-27T13:26:51.000Z,
      liquidity: [Object],
      history: [Object],
      scannerAt: 1758994654002
    },
    H6QeCwAc9wbjypbXRyFkL7pDPZBFBQMyVFYkrcM5EPDE: {
      id: 'H6QeCwAc9wbjypbXRyFkL7pDPZBFBQMyVFYkrcM5EPDE',
      tokenName: 'Jobless coin',
      tokenSymbol: 'Jobless',
      tokenAddress: 'HCYRGDne2EYUvXMrEXywdmzSVKCyBP4TzorRNU1Bpump',
      pairAddress: 'H6QeCwAc9wbjypbXRyFkL7pDPZBFBQMyVFYkrcM5EPDE',
      chain: 'SOL',
      exchange: '6EF8rrecthR5Dkzon8Nwu78hRvfCKubJ14M5uBEwF6P',
      priceUsd: 0,
      volumeUsd: 0,
      mcap: 264.04324970147695,
      priceChangePcs: [Object],
      transactions: [Object],
      audit: [Object],
      security: [Object],
      tokenCreatedTimestamp: 2025-09-27T13:26:41.000Z,
      liquidity: [Object],
      history: [Object],
      scannerAt: 1758994654002
    },
    h6qecwac9wbjypbxryfkl7pdpzbfbqmyvfykrcm5epde: {
      id: 'H6QeCwAc9wbjypbXRyFkL7pDPZBFBQMyVFYkrcM5EPDE',
      tokenName: 'Jobless coin',
      tokenSymbol: 'Jobless',
      tokenAddress: 'HCYRGDne2EYUvXMrEXywdmzSVKCyBP4TzorRNU1Bpump',
      pairAddress: 'H6QeCwAc9wbjypbXRyFkL7pDPZBFBQMyVFYkrcM5EPDE',
      chain: 'SOL',
      exchange: '6EF8rrecthR5Dkzon8Nwu78hRvfCKubJ14M5uBEwF6P',
      priceUsd: 0,
      volumeUsd: 0,
      mcap: 264.04324970147695,
      priceChangePcs: [Object],
      transactions: [Object],
      audit: [Object],
      security: [Object],
      tokenCreatedTimestamp: 2025-09-27T13:26:41.000Z,
      liquidity: [Object],
      history: [Object],
      scannerAt: 1758994654002
    },
    '8VGSitcRwaUftM4wZG9sGBguz97aBb8Mo5cXBzJQeMFS': {
      id: '8VGSitcRwaUftM4wZG9sGBguz97aBb8Mo5cXBzJQeMFS',
      tokenName: 'PerpDex ',
      tokenSymbol: 'PERPS',
      tokenAddress: 'G3Zqok9xEgPcBYXkq57WTbGKfBuWpMRUrxs5C6Kfpump',
      pairAddress: '8VGSitcRwaUftM4wZG9sGBguz97aBb8Mo5cXBzJQeMFS',
      chain: 'SOL',
      exchange: '6EF8rrecthR5Dkzon8Nwu78hRvfCKubJ14M5uBEwF6P',
      priceUsd: 0.000006070439058,
      volumeUsd: 10.56,
      mcap: 6070.43,
      priceChangePcs: [Object],
      transactions: [Object],
      audit: [Object],
      security: [Object],
      tokenCreatedTimestamp: 2025-09-27T13:26:36.000Z,
      liquidity: [Object],
      history: [Object],
      scannerAt: 1758994654002
    },
    '8vgsitcrwauftm4wzg9sgbguz97abb8mo5cxbzjqemfs': {
      id: '8VGSitcRwaUftM4wZG9sGBguz97aBb8Mo5cXBzJQeMFS',
      tokenName: 'PerpDex ',
      tokenSymbol: 'PERPS',
      tokenAddress: 'G3Zqok9xEgPcBYXkq57WTbGKfBuWpMRUrxs5C6Kfpump',
      pairAddress: '8VGSitcRwaUftM4wZG9sGBguz97aBb8Mo5cXBzJQeMFS',
      chain: 'SOL',
      exchange: '6EF8rrecthR5Dkzon8Nwu78hRvfCKubJ14M5uBEwF6P',
      priceUsd: 0.000006070439058,
      volumeUsd: 10.56,
      mcap: 6070.43,
      priceChangePcs: [Object],
      transactions: [Object],
      audit: [Object],
      security: [Object],
      tokenCreatedTimestamp: 2025-09-27T13:26:36.000Z,
      liquidity: [Object],
      history: [Object],
      scannerAt: 1758994654002
    },
    GcgC1D8DkitvZg75qrxPoPs2zy1oth6w7ubzV1fjj1VM: {
      id: 'GcgC1D8DkitvZg75qrxPoPs2zy1oth6w7ubzV1fjj1VM',
      tokenName: 'Cooked Monkey ',
      tokenSymbol: 'KOLO',
      tokenAddress: 'EF5HfXQERyajeoeqDQWmbpK3ptNcaX3wk1nbRSjrpump',
      pairAddress: 'GcgC1D8DkitvZg75qrxPoPs2zy1oth6w7ubzV1fjj1VM',
      chain: 'SOL',
      exchange: '6EF8rrecthR5Dkzon8Nwu78hRvfCKubJ14M5uBEwF6P',
      priceUsd: 0.00000809677905,
      volumeUsd: 660.57,
      mcap: 8096.77,
      priceChangePcs: [Object],
      transactions: [Object],
      audit: [Object],
      security: [Object],
      tokenCreatedTimestamp: 2025-09-27T13:26:29.000Z,
      liquidity: [Object],
      history: [Object],
      scannerAt: 1758994654002
    },
    gcgc1d8dkitvzg75qrxpops2zy1oth6w7ubzv1fjj1vm: {
      id: 'GcgC1D8DkitvZg75qrxPoPs2zy1oth6w7ubzV1fjj1VM',
      tokenName: 'Cooked Monkey ',
      tokenSymbol: 'KOLO',
      tokenAddress: 'EF5HfXQERyajeoeqDQWmbpK3ptNcaX3wk1nbRSjrpump',
      pairAddress: 'GcgC1D8DkitvZg75qrxPoPs2zy1oth6w7ubzV1fjj1VM',
      chain: 'SOL',
      exchange: '6EF8rrecthR5Dkzon8Nwu78hRvfCKubJ14M5uBEwF6P',
      priceUsd: 0.00000809677905,
      volumeUsd: 660.57,
      mcap: 8096.77,
      priceChangePcs: [Object],
      transactions: [Object],
      audit: [Object],
      security: [Object],
      tokenCreatedTimestamp: 2025-09-27T13:26:29.000Z,
      liquidity: [Object],
      history: [Object],
      scannerAt: 1758994654002
    },
    '0x189C76B51CeB5Bcd580Df702bb12f23D28A60a0f': {
      id: '0x189C76B51CeB5Bcd580Df702bb12f23D28A60a0f',
      tokenName: 'AI Nitro NITRO AI On Base',
      tokenSymbol: 'AI NITRO NITRO AI ON BASE',
      tokenAddress: '0x9AaFBCb58C32b1d390F0490A9C9A6BBE2A50dd74',
      pairAddress: '0x189C76B51CeB5Bcd580Df702bb12f23D28A60a0f',
      chain: 'BSC',
      exchange: '0x10ED43C718714eb63d5aA57B78B54704E256024E',
      priceUsd: 0,
      volumeUsd: 0,
      mcap: 0.21,
      priceChangePcs: [Object],
      transactions: [Object],
      audit: [Object],
      security: [Object],
      tokenCreatedTimestamp: 2025-09-27T13:26:25.000Z,
      liquidity: [Object],
      history: [Object],
      scannerAt: 1758994654002
    },
    '0x189c76b51ceb5bcd580df702bb12f23d28a60a0f': {
      id: '0x189C76B51CeB5Bcd580Df702bb12f23D28A60a0f',
      tokenName: 'AI Nitro NITRO AI On Base',
      tokenSymbol: 'AI NITRO NITRO AI ON BASE',
      tokenAddress: '0x9AaFBCb58C32b1d390F0490A9C9A6BBE2A50dd74',
      pairAddress: '0x189C76B51CeB5Bcd580Df702bb12f23D28A60a0f',
      chain: 'BSC',
      exchange: '0x10ED43C718714eb63d5aA57B78B54704E256024E',
      priceUsd: 0,
      volumeUsd: 0,
      mcap: 0.21,
      priceChangePcs: [Object],
      transactions: [Object],
      audit: [Object],
      security: [Object],
      tokenCreatedTimestamp: 2025-09-27T13:26:25.000Z,
      liquidity: [Object],
      history: [Object],
      scannerAt: 1758994654002
    }
  },
  meta: {
    '0xF65a021508f0Ed52C2C1C38cD9F6c3ff04f240a9': {},
    '0xf65a021508f0ed52c2c1c38cd9f6c3ff04f240a9': {},
    '0x172fcD41E0913e95784454622d1c3724f546f849': {},
    '0x172fcd41e0913e95784454622d1c3724f546f849': {},
    '4VCAmmx2szE1BBQeF2w3zt2w9F5nFvxJtDtRjYKK1WLd': {},
    '4vcammx2sze1bbqef2w3zt2w9f5nfvxjtdtrjykk1wld': {},
    '6aCxf9vimJNQ8aC2W69f79AHrZhq5mcYq9ciCL6fn7KM': {},
    '6acxf9vimjnq8ac2w69f79ahrzhq5mcyq9cicl6fn7km': {},
    '0xCF39e58ed4deCc9ef7Bdb2F9335602DC22BE99b4': {},
    '0xcf39e58ed4decc9ef7bdb2f9335602dc22be99b4': {},
    '4fDu1gxCJtqYdrovT7Hba67NzuaHsd8Kg9PXnBZNDdcq': {},
    '4fdu1gxcjtqydrovt7hba67nzuahsd8kg9pxnbznddcq': {},
    '2quQL4PdFzQnhs3b3F645hfteDUBcR9KppLUFshZ6YQG': {},
    '2quql4pdfzqnhs3b3f645hftedubcr9kpplufshz6yqg': {},
    '0x47a90A2d92A8367A91EfA1906bFc8c1E05bf10c4': {},
    '0x47a90a2d92a8367a91efa1906bfc8c1e05bf10c4': {},
    '0xf2F84C274F715ba1fE7D1D28a4E377Fb59A33386': {},
    '0xf2f84c274f715ba1fe7d1d28a4e377fb59a33386': {},
    HzSxT5dW8GGiTaZnsdeUJur2ZregN8zR85rdYiw2udTK: {},
    hzsxt5dw8ggitaznsdeujur2zregn8zr85rdyiw2udtk: {},
    '0xcf8d62960Fb7Ce5F1359E5D9267e32B9522d5d7C': {},
    '0xcf8d62960fb7ce5f1359e5d9267e32b9522d5d7c': {},
    '3FMq5HUcKreBGB83pTZ5o9tEKfViofL4WqoSNJJxzCAY': {},
    '3fmq5huckrebgb83ptz5o9tekfviofl4wqosnjjxzcay': {},
    pWGMSzVa3bxktGVcDy8JASvM2ixeifNKFJiCK9Y4NUE: {},
    pwgmszva3bxktgvcdy8jasvm2ixeifnkfjick9y4nue: {},
    GTc2CX4pBzZEtN6PtLmnhZpFMkTXVnxnoJJhaKsaUgCe: {},
    gtc2cx4pbzzetn6ptlmnhzpfmktxvnxnojjhaksaugce: {},
    p3sLcnFeCcFtfMhUVR9b4x6mCcFymhnKmineJAA6Jp5: {},
    p3slcnfeccftfmhuvr9b4x6mccfymhnkminejaa6jp5: {},
    AxSMLfSdNs1ooivbvKCdVQ15kzc2snscZJAsYZPjfBaZ: {},
    axsmlfsdns1ooivbvkcdvq15kzc2snsczjasyzpjfbaz: {},
    '7eRYcKmvtFBot3dDGTeiQjxt65FdHRJTDhmnDTt24MK1': {},
    '7eryckmvtfbot3ddgteiqjxt65fdhrjtdhmndtt24mk1': {},
    '2xjWY4bXE7gH2YkoxuEN4DuC8SLi97gboEgVGE8ZSrWS': {},
    '2xjwy4bxe7gh2ykoxuen4duc8sli97gboegvge8zsrws': {},
    ExT1saY11BgVtKwDE8d9vm1Yh9bQ5Gh8r4UNVY1b1Tts: {},
    ext1say11bgvtkwde8d9vm1yh9bq5gh8r4unvy1b1tts: {},
    '82ZgX2tHeVTmTt5z2Eqo7cZe99bK22PwyVRNVJF9aMaV': {},
    '82zgx2thevtmtt5z2eqo7cze99bk22pwyvrnvjf9amav': {},
    G75wBqjLJbZSn5p1GNwnmBgkKVwRcXKP3FaSiYgpmcRw: {},
    g75wbqjljbzsn5p1gnwnmbgkkvwrcxkp3fasiygpmcrw: {},
    EiuKuPvi9Cv2eQdSTcBHTkD4KcnM76XzoaCmjwnW6aw3: {},
    eiukupvi9cv2eqdstcbhtkd4kcnm76xzoacmjwnw6aw3: {},
    Jjy3AkTgDfuQmwcemcA5A7Es5gT2UdiWKuEYEkNXwg7: {},
    jjy3aktgdfuqmwcemca5a7es5gt2udiwkueyeknxwg7: {},
    '3yKsk9wBH5Bqht6Q8BHJdHGEWd91UmFaSGdYPPqMerR4': {},
    '3yksk9wbh5bqht6q8bhjdhgewd91umfasgdyppqmerr4': {},
    HRaeeBu2Bhx1KDd25336ak6oeKCo7i6UjEeuxgWjqf82: {},
    hraeebu2bhx1kdd25336ak6oekco7i6ujeeuxgwjqf82: {},
    '3dnWHQGvTwgbYDFCLtaRBecbCF3k1ogC78hDTPyAMB4o': {},
    '3dnwhqgvtwgbydfcltarbecbcf3k1ogc78hdtpyamb4o': {},
    '0xc7bBeC68d12a0d1830360F8Ec58fA599bA1b0e9b': {},
    '0xc7bbec68d12a0d1830360f8ec58fa599ba1b0e9b': {},
    '6BJ7EWQsYHbVHni4mhfYJ32xNV6a8Tu6PSTVmrLKjKT9': {},
    '6bj7ewqsyhbvhni4mhfyj32xnv6a8tu6pstvmrlkjkt9': {},
    '0xCA3F029A70d5d90000E614afD29E5c833f33CEa5': {},
    '0xca3f029a70d5d90000e614afd29e5c833f33cea5': {},
    HcWiiZEBHBKWmHP4ZjxqwQWhGwovXUvThU4aNt4yANye: {},
    hcwiizebhbkwmhp4zjxqwqwhgwovxuvthu4ant4yanye: {},
    '9L3eT5BxHWo8hEpGQ3NzbmYJRSvMN4ajDtDGxsqKhQGo': {},
    '9l3et5bxhwo8hepgq3nzbmyjrsvmn4ajdtdgxsqkhqgo': {},
    '5YWJdKDXJmi77oPT8VD4kTGH7yv1A9f5N4HEVepmgweN': {},
    '5ywjdkdxjmi77opt8vd4ktgh7yv1a9f5n4hevepmgwen': {},
    BDrDMa9mpQxoTkjYXgmZVjW9nxCi9tgrMmcfvu8fSYDF: {},
    bdrdma9mpqxotkjyxgmzvjw9nxci9tgrmmcfvu8fsydf: {},
    CvxgmSEvTYzs37GRSjGmGCsiCrB1X4RxMCR1pD5o7QAv: {},
    cvxgmsevtyzs37grsjgmgcsicrb1x4rxmcr1pd5o7qav: {},
    '7EkRhnQx5dJ9pasQosJUzMxyS12b4mEL8ipjUZ4BpwW3': {},
    '7ekrhnqx5dj9pasqosjuzmxys12b4mel8ipjuz4bpww3': {},
    '4icxYpSiggvcn6cj4F217FYvaRWVGt9tpw4FMpBUrn8e': {},
    '4icxypsiggvcn6cj4f217fyvarwvgt9tpw4fmpburn8e': {},
    CcB5AazsQ87qz4x2G2ZnNykgJzRr2gqLhTDHfktYushF: {},
    ccb5aazsq87qz4x2g2znnykgjzrr2gqlhtdhfktyushf: {},
    '3ucNos4NbumPLZNWztqGHNFFgkHeRMBQAVemeeomsUxv': {},
    '3ucnos4nbumplznwztqghnffgkhermbqavemeeomsuxv': {},
    '5U98VbSfqJPMejWxg1MC1Y4oFeyEMGTj8JNPcCvGp1vZ': {},
    '5u98vbsfqjpmejwxg1mc1y4ofeyemgtj8jnpccvgp1vz': {},
    CMAvF24c6DHhWL18MZ9xZDsXSepnDijbEQCUnRVprxwX: {},
    cmavf24c6dhhwl18mz9xzdsxsepndijbeqcunrvprxwx: {},
    F8m2TynBCNjLTvZDaDEYHvRSWdBwYWkNQqhWJTdtUMGB: {},
    f8m2tynbcnjltvzdadeyhvrswdbwywknqqhwjtdtumgb: {},
    JGLWg1ZyvvaGj7xumoFgvyBedQoTmTtgL6gfZ7TsBhu: {},
    jglwg1zyvvagj7xumofgvybedqotmttgl6gfz7tsbhu: {},
    '4NAdnJaeioRVcbgVusJtEpcjCdVC83icooKJ5dMZUYZb': {},
    '4nadnjaeiorvcbgvusjtepcjcdvc83icookj5dmzuyzb': {},
    '0x5777d92f208679DB4b9778590Fa3CAB3aC9e2168': {},
    '0x5777d92f208679db4b9778590fa3cab3ac9e2168': {},
    '84fZSnPSyjxc23X1rvtZgJSXHSo4CGjFSLnyipZrkwyV': {},
    '84fzsnpsyjxc23x1rvtzgjsxhso4cgjfslnyipzrkwyv': {},
    '86y2dm9iex1emL289N62tk75awZVmYrFuHDQXdwWDUxE': {},
    '86y2dm9iex1eml289n62tk75awzvmyrfuhdqxdwwduxe': {},
    '0x88e6A0c2dDD26FEEb64F039a2c41296FcB3f5640': {},
    '0x88e6a0c2ddd26feeb64f039a2c41296fcb3f5640': {},
    '5WRDHbRmSm7nQ73KtVCLMnTDEoSBPH6ZfX9dd68UhmuR': {},
    '5wrdhbrmsm7nq73ktvclmntdeosbph6zfx9dd68uhmur': {},
    '3XP2gPB5P6TkvUuSnpNd136TtaGxSXibjDkvFvYFB6mK': {},
    '3xp2gpb5p6tkvuusnpnd136ttagxsxibjdkvfvyfb6mk': {},
    '6NBeuSTRBmFhMBGAKcUT8V9YbSYz9rVypH9eoHe9j4Hj': {},
    '6nbeustrbmfhmbgakcut8v9ybsyz9rvyph9eohe9j4hj': {},
    HTvjzsfX3yU6BUodCjZ5vZkUrAxMDTrBs3CJaq43ashR: {},
    htvjzsfx3yu6buodcjz5vzkuraxmdtrbs3cjaq43ashr: {},
    EuPnpWGTPB5iYm34rTzk7aCvhBzZvGEjXhRwE65ShBdE: {},
    eupnpwgtpb5iym34rtzk7acvhbzzvgejxhrwe65shbde: {},
    '7A8XiSivB8ZpRL6T7qJFYv2wkxnEubRXt5DbAx15hzAB': {},
    '7a8xisivb8zprl6t7qjfyv2wkxneubrxt5dbax15hzab': {},
    '0x924E62a3689e7B94F397E61ac796DaBfEa32E93B': {},
    '0x924e62a3689e7b94f397e61ac796dabfea32e93b': {},
    EPUn9VkhAHVjtbX9Rsv7RsoZwnUSxyv1eVuUqwXkAh2z: {},
    epun9vkhahvjtbx9rsv7rsozwnusxyv1evuuqwxkah2z: {},
    AY1NRnBPV1fzNaWd8AGJ2v78iFoALrBsGc4oXBTuxQ7s: {},
    ay1nrnbpv1fznawd8agj2v78ifoalrbsgc4oxbtuxq7s: {},
    '88G7sDF7RvU5x1w5uyYVoCkK7SZewNywDGQA4rL7XsoY': {},
    '88g7sdf7rvu5x1w5uyyvockk7szewnywdgqa4rl7xsoy': {},
    '0xE0554a476A092703abdB3Ef35c80e0D76d32939F': {},
    '0xe0554a476a092703abdb3ef35c80e0d76d32939f': {},
    '8g7n7j1BJssKNA4sXAcpCuZCqiYRnaUVfQFFe8LDuALH': {},
    '8g7n7j1bjsskna4sxacpcuzcqiyrnauvfqffe8ldualh': {},
    '9nQQohMsSWAYL8ZzdRSjD54SKEEvyz9wmSQrk3t4st3X': {},
    '9nqqohmsswayl8zzdrsjd54skeevyz9wmsqrk3t4st3x': {},
    '7CkXEnsXAPWBdRkGAUdRS2WS2v59HRYvbVviz8Gzomgt': {},
    '7ckxensxapwbdrkgaudrs2ws2v59hryvbvviz8gzomgt': {},
    '9AbW2CpmDd29Qdx2irzHoRKKX8RKuXMjsWcmh86Mtqe4': {},
    '9abw2cpmdd29qdx2irzhorkkx8rkuxmjswcmh86mtqe4': {},
    '5pTrEfjtKwVFRcAxh4B1rmCPJPK4G8YA5UDpgxAMsJL3': {},
    '5ptrefjtkwvfrcaxh4b1rmcpjpk4g8ya5udpgxamsjl3': {},
    gA6Ceeeoc3Qy3Rdwv1nppARG8gabKMmzHNYMv5wMAYB: {},
    ga6ceeeoc3qy3rdwv1npparg8gabkmmzhnymv5wmayb: {},
    '0xd21bc2291C1aeF340f5265E257B18aa5dafed759': {},
    '0xd21bc2291c1aef340f5265e257b18aa5dafed759': {},
    '0x4e68Ccd3E89f51C3074ca5072bbAC773960dFa36': {},
    '0x4e68ccd3e89f51c3074ca5072bbac773960dfa36': {},
    E6nG5KBXw74xEXwNGWihUa9LUHKHs1dG75VCv9tewNN3: {},
    e6ng5kbxw74xexwngwihua9luhkhs1dg75vcv9tewnn3: {},
    '8HxJVwg9JPEm72D3uR9jp79BTgJj1cMQaYGNELFFeL6n': {},
    '8hxjvwg9jpem72d3ur9jp79btgjj1cmqaygnelffel6n': {},
    BhkrpVukUBTvZ7xmKTXkubGBC8VncbDNRgQgbRzExxAb: {},
    bhkrpvukubtvz7xmktxkubgbc8vncbdnrgqgbrzexxab: {},
    '0x30D59a44930B3994c116846EFe55fC8fcF608aa8': {},
    '0x30d59a44930b3994c116846efe55fc8fcf608aa8': {},
    AA861xs52detaJZejR53MRnmyBTR9Nru2g7z12v1fngD: {},
    aa861xs52detajzejr53mrnmybtr9nru2g7z12v1fngd: {},
    '65oAbYggcoW2U4k65DzgnAQbm3CPfLFrA585NTB7Vj46': {},
    '65oabyggcow2u4k65dzgnaqbm3cpflfra585ntb7vj46': {},
    '6nZwCPVZ21LHmrsVYLZKpFwaLmrMqBGgkE1mTaSkETJy': {},
    '6nzwcpvz21lhmrsvylzkpfwalmrmqbggke1mtasketjy': {},
    '9ccRB9QYL1YFyBEM5oSGd9f6BiAmBwRJUwDvrXxAnD3z': {},
    '9ccrb9qyl1yfybem5osgd9f6biambwrjuwdvrxxand3z': {},
    AXkK9xCyuupy9T3Tg6uvbbjoX1ENKfZmXe8qpc1ZTaoq: {},
    axkk9xcyuupy9t3tg6uvbbjox1enkfzmxe8qpc1ztaoq: {},
    '262D9LoRepz7KCv9oMu7vHGYnwNMrhzHgnV25BHzAQky': {},
    '262d9lorepz7kcv9omu7vhgynwnmrhzhgnv25bhzaqky': {},
    '2de6Nhy5sFVYmvqpjbzN2MSsMZb34uSVvxKCXSqek8GT': {},
    '2de6nhy5sfvymvqpjbzn2mssmzb34usvvxkcxsqek8gt': {},
    '3xAg7YRxqQaKoSpL9mzpJ27KDeAob8jNWtpYkQFDRBv4': {},
    '3xag7yrxqqakospl9mzpj27kdeaob8jnwtpykqfdrbv4': {},
    '0xF07a660776BE8CEa92f8BF91Fc2b482213d03f02': {},
    '0xf07a660776be8cea92f8bf91fc2b482213d03f02': {},
    '72FGNDqFm1mttWnpx4T3dUvABeJ4nytxQUg2jQUMCkmK': {},
    '72fgndqfm1mttwnpx4t3duvabej4nytxqug2jqumckmk': {},
    LSck3bJUSkkVQKzyjd8kMHEycMY52Ems5DeYeuXngMA: {},
    lsck3bjuskkvqkzyjd8kmheycmy52ems5deyeuxngma: {},
    G69UieGxtHvVhtfFeJfk4NA18AS6kJE8c7PY6erpfuBx: {},
    g69uiegxthvvhtffejfk4na18as6kje8c7py6erpfubx: {},
    '4xmSszrPwSrqWFN3TE9djvH4ZMzSfw8iFqvTJ1S8MwPF': {},
    '4xmsszrpwsrqwfn3te9djvh4zmzsfw8ifqvtj1s8mwpf': {},
    '7Q6SSQiiPtrdE24Pp7pDMoTKnhxFF7fCjZgtpK1G2iJS': {},
    '7q6ssqiiptrde24pp7pdmotknhxff7fcjzgtpk1g2ijs': {},
    '0x48DA0965ab2d2cbf1C17C09cFB5Cbe67Ad5B1406': {},
    '0x48da0965ab2d2cbf1c17c09cfb5cbe67ad5b1406': {},
    '7AEu3shCo6wq9Q4L1fFrmLxDR5ud997ojxhkpArhuvQL': {},
    '7aeu3shco6wq9q4l1ffrmlxdr5ud997ojxhkparhuvql': {},
    FAAwKMiRSxg5Ly9kF7fTic9TPsUtAsBE8GzYJHGUBBnE: {},
    faawkmirsxg5ly9kf7ftic9tpsutasbe8gzyjhgubbne: {},
    '8FweVMxdZDERdJ2m6YZgA2SfDSCYQr2LSPDEADExEWqM': {},
    '8fwevmxdzderdj2m6yzga2sfdscyqr2lspdeadexewqm': {},
    BGm1tav58oGcsQJehL9WXBFXF7D27vZsKefj4xJKD5Y: {},
    bgm1tav58ogcsqjehl9wxbfxf7d27vzskefj4xjkd5y: {},
    DSDKsFEFMgosh4LXWJho2yZdmrRS8EuUCcEv8fZXcVVM: {},
    dsdksfefmgosh4lxwjho2yzdmrrs8euuccev8fzxcvvm: {},
    '0x4D3bF29Ba30f8Bfe4624e7678709afA195689c5D': {},
    '0x4d3bf29ba30f8bfe4624e7678709afa195689c5d': {},
    '65jZDZQNgUUjn8nzWfWfCjTt8GADchcPQstSJrHLVgtD': {},
    '65jzdzqnguujn8nzwfwfcjtt8gadchcpqstsjrhlvgtd': {},
    '0x51CD0752767F7EAA094b6a2D42481cE856966796': {},
    '0x51cd0752767f7eaa094b6a2d42481ce856966796': {},
    H4dsseSVJhvUeQjsh3CxFfvTcVXMJKkgG5nvGDSUJfyN: {},
    h4dssesvjhvueqjsh3cxffvtcvxmjkkgg5nvgdsujfyn: {},
    EciycbwXyaC42yHTexhvZNt8mLrTtjcCegRXz5gDS3bK: {},
    eciycbwxyac42yhtexhvznt8mlrttjccegrxz5gds3bk: {},
    D9h5PPpHDa7ba95HiyLeYjnXCinGhhdjhcoeFJQ2cf7z: {},
    d9h5ppphda7ba95hiyleyjnxcinghhdjhcoefjq2cf7z: {},
    FDqFiYe3QfKiLBfav7GW4EsGh3Jt465tBqLg7HTnrkqR: {},
    fdqfiye3qfkilbfav7gw4esgh3jt465tbqlg7htnrkqr: {},
    ALnyJnYCgFqLuJEFajqBjbDp7k9apSxARLFBE736U1ZF: {},
    alnyjnycgfqlujefajqbjbdp7k9apsxarlfbe736u1zf: {},
    CtVm6wRPUFdgc8uh2NhFrM5fgsRAKwNZPXEuw8btXmHt: {},
    ctvm6wrpufdgc8uh2nhfrm5fgsrakwnzpxeuw8btxmht: {},
    AieAwfurtuySgUoNbrABJUNGCpHA2UPsDWawn5WuYuUz: {},
    aieawfurtuysguonbrabjungcpha2upsdwawn5wuyuuz: {},
    '3y2hZe5D3mwwhkjz7jNsN9dTDWgKkZh9msXJ8r1ApLyh': {},
    '3y2hze5d3mwwhkjz7jnsn9dtdwgkkzh9msxj8r1aplyh': {},
    '0xe643A1075C57624bd27df9caD4f90EA0A710598D': {},
    '0xe643a1075c57624bd27df9cad4f90ea0a710598d': {},
    CFnXUzvC5HuztiepzRYHX3ihKV7iQMxMc8hwjuTsjJJU: {},
    cfnxuzvc5huztiepzryhx3ihkv7iqmxmc8hwjutsjjju: {},
    FTqQ24CYxVspoXF6bsfRTejBUVdRYmLGdpqEejNkUWNk: {},
    ftqq24cyxvspoxf6bsfrtejbuvdrymlgdpqeejnkuwnk: {},
    CQRism6bRr1jSWu1uXwSSTzkSneGZ3abCztzT6oaBtGJ: {},
    cqrism6brr1jswu1uxwsstzksnegz3abcztzt6oabtgj: {},
    '5t8UBcTbkUFXzuqiovriADL92BLicZiFMC1TZT4gdef7': {},
    '5t8ubctbkufxzuqiovriadl92bliczifmc1tzt4gdef7': {},
    '0x231478DF651aE4781de6b8457E10193BAAF1Ffaa': {},
    '0x231478df651ae4781de6b8457e10193baaf1ffaa': {},
    '8MrcchKa3zo5cRpUsmjyKWM84v3ggkp6V3k9ACQkvDja': {},
    '8mrcchka3zo5crpusmjykwm84v3ggkp6v3k9acqkvdja': {},
    '0xE36334a376E71Abc5bC087F3C62597A540685949': {},
    '0xe36334a376e71abc5bc087f3c62597a540685949': {},
    '0xA7722F49f21cF937fae5d042c5EDDCD81C9D5b45': {},
    '0xa7722f49f21cf937fae5d042c5eddcd81c9d5b45': {},
    '5ZMD3sEqWLwWUtVydBptTSumQbPn13UEfaKe97C1adRB': {},
    '5zmd3seqwlwwutvydbpttsumqbpn13uefake97c1adrb': {},
    CSn1jyW2bVmwrwHqFAKzBPvqF32bXbHxnkoESQisc7uF: {},
    csn1jyw2bvmwrwhqfakzbpvqf32bxbhxnkoesqisc7uf: {},
    '0xd1a44891Cb74A134535849059356f08a1591b028': {},
    '0xd1a44891cb74a134535849059356f08a1591b028': {},
    '0x0CC3822d343691CF585F4fa15f90Fcfb0C638564': {},
    '0x0cc3822d343691cf585f4fa15f90fcfb0c638564': {},
    ACcS7dzfCYvCwprSexdiHvQWsa925HLEnHFdUnFXLjEW: {},
    accs7dzfcyvcwprsexdihvqwsa925hlenhfdunfxljew: {},
    '3ATQoyaUc1itNcw8cVhJDwUjaSwrUNNiSXdJXGiQxxGT': {},
    '3atqoyauc1itncw8cvhjdwujaswrunnisxdjxgiqxxgt': {},
    '8g1191Nf93SpLDooi35VvjP1xPX597mj5DuQjhteRK97': {},
    '8g1191nf93spldooi35vvjp1xpx597mj5duqjhterk97': {},
    '0xF962A4E2dA26E06e4487c497f26109720b3Ab8Af': {},
    '0xf962a4e2da26e06e4487c497f26109720b3ab8af': {},
    xkrNBo5xnHeegLUBurwFmqZFCQ1S36WrBj1FD44Mt53: {},
    xkrnbo5xnheegluburwfmqzfcq1s36wrbj1fd44mt53: {},
    C4e5Q4345nMSD1HiBfWFtHYkHVgvviHMGx8J2S4BnqtG: {},
    c4e5q4345nmsd1hibfwfthykhvgvvihmgx8j2s4bnqtg: {},
    BcZrzPvEehFPkshhfXAec4Geaq9g4d3gKzW9ghzRueNs: {},
    bczrzpveehfpkshhfxaec4geaq9g4d3gkzw9ghzruens: {},
    '9wGeHNRauqFWYRXcrmADV7Yrg9GrUvgWeTMzE72AuHEc': {},
    '9wgehnrauqfwyrxcrmadv7yrg9gruvgwetmze72auhec': {},
    HBCqc5omkTrN3FUjjVgtwJHVbggQcNZRWikEuPHrRcwz: {},
    hbcqc5omktrn3fujjvgtwjhvbggqcnzrwikeuphrrcwz: {},
    '9LaLRbRGEqUhQjmw3UCsSuqUHHCDMRbZcZsyuJYEvXyd': {},
    '9lalrbrgequhqjmw3ucssuquhhcdmrbzczsyujyevxyd': {},
    EqKbEFGPzbz7Adh5YD5zg9d8TupcgkhFNvG2at4uYy8X: {},
    eqkbefgpzbz7adh5yd5zg9d8tupcgkhfnvg2at4uyy8x: {},
    '9Qx3YpQ65fb82DgLMLbrQetT5XBs7E5QMZXkffk2jiRG': {},
    '9qx3ypq65fb82dglmlbrqett5xbs7e5qmzxkffk2jirg': {},
    AkPE6i8L79w37uA6JN3jWEpnZNoqTNaTnRZ4YMcWGJ9h: {},
    akpe6i8l79w37ua6jn3jwepnznoqtnatnrz4ymcwgj9h: {},
    tnRFqPieFPQjt1RqWR9upxaGWjtZi1K9NvPArmX5Nnm: {},
    tnrfqpiefpqjt1rqwr9upxagwjtzi1k9nvparmx5nnm: {},
    AopTeQkR1i2mvHxdXa8TGPRs9tJ1XMbUWusJiQKcBSCD: {},
    aopteqkr1i2mvhxdxa8tgprs9tj1xmbuwusjiqkcbscd: {},
    '0x6dB1A7bD7873F45F53168A231761613B88c60d31': {},
    '0x6db1a7bd7873f45f53168a231761613b88c60d31': {},
    BuBsYHYt4gm1KJxjAJ2Nw44PgFmA8d9savpPfjgHQSJW: {},
    bubsyhyt4gm1kjxjaj2nw44pgfma8d9savppfjghqsjw: {},
    D1fmk7RYaiZPSzsQuvt1ZfpbRbwnixAdNFCd1twpDwQW: {},
    d1fmk7ryaizpszsquvt1zfpbrbwnixadnfcd1twpdwqw: {},
    LZ7vy3pQC4ubcVcadZSUjWZ6vBYjZHM9uWcpLfreBXY: {},
    lz7vy3pqc4ubcvcadzsujwz6vbyjzhm9uwcplfrebxy: {},
    '9uYdmNvDUPz6CUDE5mEEb1eNRVCta66M6tFakCgbmk7J': {},
    '9uydmnvdupz6cude5meeb1enrvcta66m6tfakcgbmk7j': {},
    FuSxU5vwLYifrFvsK93FnhRahM6G3CpzRCwPjrWpEEPq: {},
    fusxu5vwlyifrfvsk93fnhrahm6g3cpzrcwpjrwpeepq: {},
    EmscLdfuVCsNYCFJ4RXG84W2hfEN83x49V2JoZPTgS2H: {},
    emscldfuvcsnycfj4rxg84w2hfen83x49v2jozptgs2h: {},
    '0x519F960Fb16722580e997EfeC681B02EBe8d8f59': {},
    '0x519f960fb16722580e997efec681b02ebe8d8f59': {},
    '8DNoWzr4EQwfXgSAFJCnA2KCFp3eFC92C4DVrkj4eUZp': {},
    '8dnowzr4eqwfxgsafjcna2kcfp3efc92c4dvrkj4euzp': {},
    '3yaerz8fRtsgi9datdt426nxFVDsmsjVFVEc4BsEvySn': {},
    '3yaerz8frtsgi9datdt426nxfvdsmsjvfvec4bsevysn': {},
    DMMUF6L3g1YR9P1R9UNaSfTkT3xVh9oCRYUUf6YZ28A7: {},
    dmmuf6l3g1yr9p1r9unasftkt3xvh9ocryuuf6yz28a7: {},
    '9tiwyYw6Lq12KrJttv7PW38UBS8xFvghASnkGYgSZrTK': {},
    '9tiwyyw6lq12krjttv7pw38ubs8xfvghasnkgygszrtk': {},
    JAW3fnXZ4oLWqDMPq2GdWnjP7TwnY6k4nQ4QQs5rnWao: {},
    jaw3fnxz4olwqdmpq2gdwnjp7twny6k4nq4qqs5rnwao: {},
    '3zVRfPYpvKY8VwPM4DJoFZqb8SMnMN6qnYdpf2AG7hr2': {},
    '3zvrfpypvky8vwpm4djofzqb8smnmn6qnydpf2ag7hr2': {},
    Db8G7jkwTaFWzuyMcY5Rir6H4xuPGWY3JsvLm8HDG4cP: {},
    db8g7jkwtafwzuymcy5rir6h4xupgwy3jsvlm8hdg4cp: {},
    '9wmD4gLewRJJwqNCWKdF8t4nBut7kpshw9QSduBRLkBT': {},
    '9wmd4glewrjjwqncwkdf8t4nbut7kpshw9qsdubrlkbt': {},
    EHbC2THA3DqVxpvCpxWz61NLnjFnb533Qt6JTqbBL7kp: {},
    ehbc2tha3dqvxpvcpxwz61nlnjfnb533qt6jtqbbl7kp: {},
    AQwSvR3a3xaeXptfPzHNh8uynYSo6zntZZf5sQKdtKSe: {},
    aqwsvr3a3xaexptfpzhnh8uynyso6zntzzf5sqkdtkse: {},
    '5bd349hkLvcDYAMrsLDA1BWZxfhgfBkKdC4wwV5LtkgL': {},
    '5bd349hklvcdyamrslda1bwzxfhgfbkkdc4wwv5ltkgl': {},
    '0xACDE96cF19D852111A212Db4054f201876f4F0B9': {},
    '0xacde96cf19d852111a212db4054f201876f4f0b9': {},
    DZeaMn3ZkqYawf8aK7Mx6dZANPe7Zwfc2tux5nNFFVCy: {},
    dzeamn3zkqyawf8ak7mx6dzanpe7zwfc2tux5nnffvcy: {},
    '3VP7XRSTKwN3ziMcTJEZ28bdWZE1Y9muxiS6TZU7Azj4': {},
    '3vp7xrstkwn3zimctjez28bdwze1y9muxis6tzu7azj4': {},
    CEDJsVXFC5BSD15mieW1crJNfGqry6CvkabXuvQWqzpg: {},
    cedjsvxfc5bsd15miew1crjnfgqry6cvkabxuvqwqzpg: {},
    qLKeBk26GQn7rzSTWjvTikkfwwmPycqqT51TZVUMwxi: {},
    qlkebk26gqn7rzstwjvtikkfwwmpycqqt51tzvumwxi: {},
    '21mZ7PinxQNAWLer47J3hgYFPPzCgJYYka17AoEC3Gac': {},
    '21mz7pinxqnawler47j3hgyfppzcgjyyka17aoec3gac': {},
    '0x5192A823DC3a5ae2E185Ac26448459618538CfBC': {},
    '0x5192a823dc3a5ae2e185ac26448459618538cfbc': {},
    GBFjgnJ35rAm1r5NwgYpSAmSDkUEihLsf2YT7FGPTpTp: {},
    gbfjgnj35ram1r5nwgypsamsdkueihlsf2yt7fgptptp: {},
    '689ZRrnMbxypxMQY49hoF8jKNJQAuFF5HuXnzmnGvPGP': {},
    '689zrrnmbxypxmqy49hof8jknjqauff5huxnzmngvpgp': {},
    '8r5gUunycJPXVAPknJfWfGbNYffhvMLyLdancSDx8TEN': {},
    '8r5guunycjpxvapknjfwfgbnyffhvmlyldancsdx8ten': {},
    '4noiheU6cUXz6TCpmkyTkA785qJCXiDzX6vCNnrZ2mUE': {},
    '4noiheu6cuxz6tcpmkytka785qjcxidzx6vcnnrz2mue': {},
    '4CYn7UmzwFSqBQt9gRVxNuQH3PJtYPfTHdghSuPrnVDb': {},
    '4cyn7umzwfsqbqt9grvxnuqh3pjtypfthdghsuprnvdb': {},
    '0x63be57E19b4a77Ad9D8B53149554Fff94f368Bb0': {},
    '0x63be57e19b4a77ad9d8b53149554fff94f368bb0': {},
    '0x4aD67D47228ad3220F377bd577e6F98eE3295619': {},
    '0x4ad67d47228ad3220f377bd577e6f98ee3295619': {},
    EwiVBVLZVfxLY9SwSmLpSNRhG785Je9crXzz47dEYpSe: {},
    ewivbvlzvfxly9swsmlpsnrhg785je9crxzz47deypse: {},
    '6dMAk3d9NXS6Pr67KjsNR43739rR2Fh8snSkxu4mGFGF': {},
    '6dmak3d9nxs6pr67kjsnr43739rr2fh8snskxu4mgfgf': {},
    '0xB21859CE9f94848820FDA44dCBCE6E6b5DB142b9': {},
    '0xb21859ce9f94848820fda44dcbce6e6b5db142b9': {},
    '0x0BBD6a7772A9514F9d32E06F524dEc8a7378f51C': {},
    '0x0bbd6a7772a9514f9d32e06f524dec8a7378f51c': {},
    '4aGcN7Yr6ZeQv7r3wWee2kv4vRnW5GsP99Eo7kygHEp5': {},
    '4agcn7yr6zeqv7r3wwee2kv4vrnw5gsp99eo7kyghep5': {},
    HymUN3CKQy8xT97uH5uNS3Tv55FZdH4XFsquWGVMZBaJ: {},
    hymun3ckqy8xt97uh5uns3tv55fzdh4xfsquwgvmzbaj: {},
    FBcbV3n8RRaWXguySMQwgNzxJG2sui33eFN1CRz2cZzr: {},
    fbcbv3n8rrawxguysmqwgnzxjg2sui33efn1crz2czzr: {},
    '4opeYPXkwopihpYRTc8ZpHUbUyB4n4Qr4XFvfWKiLGcg': {},
    '4opeypxkwopihpyrtc8zphubuyb4n4qr4xfvfwkilgcg': {},
    Hxhi1wDz1QFzoJNzYd5tQZCqnPJBATd9TQtyxUq3n72a: {},
    hxhi1wdz1qfzojnzyd5tqzcqnpjbatd9tqtyxuq3n72a: {},
    '51ACLz96TcffL3MUvoy5xLXXjdkcxzPcbmmg8zR9m5Pp': {},
    '51aclz96tcffl3muvoy5xlxxjdkcxzpcbmmg8zr9m5pp': {},
    Bex3rh8XzmiVXPKXUrL6KHqeUFr5GbFbR1fd6MTvqKwm: {},
    bex3rh8xzmivxpkxurl6khqeufr5gbfbr1fd6mtvqkwm: {},
    '29tCN2xqc4vsBhDbKc4ErkASyU5cmSYtKfFajtY1EHoU': {},
    '29tcn2xqc4vsbhdbkc4erkasyu5cmsytkffajty1ehou': {},
    HYbgM5D55CQ1g1Hhfhf73C98fBjYhEhEGRMgPnWaxCwb: {},
    hybgm5d55cq1g1hhfhf73c98fbjyhehegrmgpnwaxcwb: {},
    '4pLEnB41oQ9SuWxQohWVBirkppQRAApeFH46XdAPbxCC': {},
    '4plenb41oq9suwxqohwvbirkppqraapefh46xdapbxcc': {},
    '8MfYJSHAD7cfvbdv66AaPpSuardUXewX4mpKtnqEQH7z': {},
    '8mfyjshad7cfvbdv66aappsuarduxewx4mpktnqeqh7z': {},
    '2hXF7X5Y8xpkXJNV6S2dx2eCtxoWGjLvZWi1dnT4iwqa': {},
    '2hxf7x5y8xpkxjnv6s2dx2ectxowgjlvzwi1dnt4iwqa': {},
    '9ypMPLyJJ5AWTzk81QAYxWi71pQdkdUsRVzg2vSUU8Lj': {},
    '9ypmplyjj5awtzk81qayxwi71pqdkdusrvzg2vsuu8lj': {},
    GNHLWywPCUzWH9fS9bjrhAxCyT5rWELTevUkUEAeB7rG: {},
    gnhlwywpcuzwh9fs9bjrhaxcyt5rweltevukueaeb7rg: {},
    '768dKGhHRJgikj9rhPijAvTvnXEvMNaxWE8QkrMVExGL': {},
    '768dkghhrjgikj9rhpijavtvnxevmnaxwe8qkrmvexgl': {},
    D3qmwAP2bDd5qxEeqcmA8Y7Brj9k1MTn7DTi3S2KHQG: {},
    d3qmwap2bdd5qxeeqcma8y7brj9k1mtn7dti3s2khqg: {},
    '214u6HKwzLzdaJ4xjCZ2aFVdCkv9MYiy1dpZ5HnkNQyC': {},
    '214u6hkwzlzdaj4xjcz2afvdckv9myiy1dpz5hnknqyc': {},
    '2iCTVaXZxrFMjBkLSKvs5K8SRWTxeasNkaR833Bn5SHo': {},
    '2ictvaxzxrfmjbklskvs5k8srwtxeasnkar833bn5sho': {},
    '2UaZM8PxSmgyKCHt57t5mX8mHV6x7RRpaGQTd5N7X4iQ': {},
    '2uazm8pxsmgykcht57t5mx8mhv6x7rrpagqtd5n7x4iq': {},
    '0xd178a2f5Ad73aC8d28Bf504167727BEd35949122': {},
    '0xd178a2f5ad73ac8d28bf504167727bed35949122': {},
    '0xfCff637Ba37d63d6351dA440dB020A91E5bd717D': {},
    '0xfcff637ba37d63d6351da440db020a91e5bd717d': {},
    '0x0ABb44c3c9b6Ffec1A8809feB637a364Fa78720B': {},
    '0x0abb44c3c9b6ffec1a8809feb637a364fa78720b': {},
    BBQRVETzpgm1vvUs3BN2Vi469dQTpXaTLEKVJRfGU5uE: {},
    bbqrvetzpgm1vvus3bn2vi469dqtpxatlekvjrfgu5ue: {},
    GGp34KU2ijeTMw5rr2XaQ2ZMvFZzfiG8MMXixzMTWrJ4: {},
    ggp34ku2ijetmw5rr2xaq2zmvfzzfig8mmxixzmtwrj4: {},
    '0x103DCB1CF290153b0EDb8cD6510fcfC7172F71dD': {},
    '0x103dcb1cf290153b0edb8cd6510fcfc7172f71dd': {},
    v6BpEW6YNGXkEieAqpeSfvMCgR4vRqKHRXGmXpLkApw: {},
    v6bpew6yngxkeieaqpesfvmcgr4vrqkhrxgmxplkapw: {},
    '5eyiZmehUPHLhxaghNcR93xXd6bzfq4y7Yt5zBQKGoJa': {},
    '5eyizmehuphlhxaghncr93xxd6bzfq4y7yt5zbqkgoja': {},
    BuNnNQkqhUHVJ5v1rmemxZBEi7ix4xcrWWn7PGqsvtyi: {},
    bunnnqkqhuhvj5v1rmemxzbei7ix4xcrwwn7pgqsvtyi: {},
    G6ewVLWEw5PwHEWcRsgVomfi2DigH2Z3quzvkaMKPgv1: {},
    g6ewvlwew5pwhewcrsgvomfi2digh2z3quzvkamkpgv1: {},
    BMVLzGCCqLRoBm1fK9nRuW5xb4W1ZVRudStUhqstxLgp: {},
    bmvlzgccqlrobm1fk9nruw5xb4w1zvrudstuhqstxlgp: {},
    H6QeCwAc9wbjypbXRyFkL7pDPZBFBQMyVFYkrcM5EPDE: {},
    h6qecwac9wbjypbxryfkl7pdpzbfbqmyvfykrcm5epde: {},
    '8VGSitcRwaUftM4wZG9sGBguz97aBb8Mo5cXBzJQeMFS': {},
    '8vgsitcrwauftm4wzg9sgbguz97abb8mo5cxbzjqemfs': {},
    GcgC1D8DkitvZg75qrxPoPs2zy1oth6w7ubzV1fjj1VM: {},
    gcgc1d8dkitvzg75qrxpops2zy1oth6w7ubzv1fjj1vm: {},
    '0x189C76B51CeB5Bcd580Df702bb12f23D28A60a0f': {},
    '0x189c76b51ceb5bcd580df702bb12f23d28a60a0f': {}
  },
  pages: {
    '101': [],
    '201': [
      '3y2hZe5D3mwwhkjz7jNsN9dTDWgKkZh9msXJ8r1ApLyh',
      '0xe643A1075C57624bd27df9caD4f90EA0A710598D',
      'CFnXUzvC5HuztiepzRYHX3ihKV7iQMxMc8hwjuTsjJJU',
      'FTqQ24CYxVspoXF6bsfRTejBUVdRYmLGdpqEejNkUWNk',
      'CQRism6bRr1jSWu1uXwSSTzkSneGZ3abCztzT6oaBtGJ',
      '5t8UBcTbkUFXzuqiovriADL92BLicZiFMC1TZT4gdef7',
      '0x231478DF651aE4781de6b8457E10193BAAF1Ffaa',
      '8MrcchKa3zo5cRpUsmjyKWM84v3ggkp6V3k9ACQkvDja',
      '0xE36334a376E71Abc5bC087F3C62597A540685949',
      '0xA7722F49f21cF937fae5d042c5EDDCD81C9D5b45',
      '5ZMD3sEqWLwWUtVydBptTSumQbPn13UEfaKe97C1adRB',
      'CSn1jyW2bVmwrwHqFAKzBPvqF32bXbHxnkoESQisc7uF',
      '0xd1a44891Cb74A134535849059356f08a1591b028',
      '0x0CC3822d343691CF585F4fa15f90Fcfb0C638564',
      'ACcS7dzfCYvCwprSexdiHvQWsa925HLEnHFdUnFXLjEW',
      '3ATQoyaUc1itNcw8cVhJDwUjaSwrUNNiSXdJXGiQxxGT',
      '8g1191Nf93SpLDooi35VvjP1xPX597mj5DuQjhteRK97',
      '0xF962A4E2dA26E06e4487c497f26109720b3Ab8Af',
      'xkrNBo5xnHeegLUBurwFmqZFCQ1S36WrBj1FD44Mt53',
      'C4e5Q4345nMSD1HiBfWFtHYkHVgvviHMGx8J2S4BnqtG',
      'BcZrzPvEehFPkshhfXAec4Geaq9g4d3gKzW9ghzRueNs',
      '9wGeHNRauqFWYRXcrmADV7Yrg9GrUvgWeTMzE72AuHEc',
      'HBCqc5omkTrN3FUjjVgtwJHVbggQcNZRWikEuPHrRcwz',
      '9LaLRbRGEqUhQjmw3UCsSuqUHHCDMRbZcZsyuJYEvXyd',
      'EqKbEFGPzbz7Adh5YD5zg9d8TupcgkhFNvG2at4uYy8X',
      '9Qx3YpQ65fb82DgLMLbrQetT5XBs7E5QMZXkffk2jiRG',
      'AkPE6i8L79w37uA6JN3jWEpnZNoqTNaTnRZ4YMcWGJ9h',
      'tnRFqPieFPQjt1RqWR9upxaGWjtZi1K9NvPArmX5Nnm',
      'AopTeQkR1i2mvHxdXa8TGPRs9tJ1XMbUWusJiQKcBSCD',
      '0x6dB1A7bD7873F45F53168A231761613B88c60d31',
      'BuBsYHYt4gm1KJxjAJ2Nw44PgFmA8d9savpPfjgHQSJW',
      'D1fmk7RYaiZPSzsQuvt1ZfpbRbwnixAdNFCd1twpDwQW',
      'LZ7vy3pQC4ubcVcadZSUjWZ6vBYjZHM9uWcpLfreBXY',
      '9uYdmNvDUPz6CUDE5mEEb1eNRVCta66M6tFakCgbmk7J',
      'FuSxU5vwLYifrFvsK93FnhRahM6G3CpzRCwPjrWpEEPq',
      'EmscLdfuVCsNYCFJ4RXG84W2hfEN83x49V2JoZPTgS2H',
      '0x519F960Fb16722580e997EfeC681B02EBe8d8f59',
      '8DNoWzr4EQwfXgSAFJCnA2KCFp3eFC92C4DVrkj4eUZp',
      '3yaerz8fRtsgi9datdt426nxFVDsmsjVFVEc4BsEvySn',
      'DMMUF6L3g1YR9P1R9UNaSfTkT3xVh9oCRYUUf6YZ28A7',
      '9tiwyYw6Lq12KrJttv7PW38UBS8xFvghASnkGYgSZrTK',
      'JAW3fnXZ4oLWqDMPq2GdWnjP7TwnY6k4nQ4QQs5rnWao',
      '3zVRfPYpvKY8VwPM4DJoFZqb8SMnMN6qnYdpf2AG7hr2',
      'Db8G7jkwTaFWzuyMcY5Rir6H4xuPGWY3JsvLm8HDG4cP',
      '9wmD4gLewRJJwqNCWKdF8t4nBut7kpshw9QSduBRLkBT',
      'EHbC2THA3DqVxpvCpxWz61NLnjFnb533Qt6JTqbBL7kp',
      'AQwSvR3a3xaeXptfPzHNh8uynYSo6zntZZf5sQKdtKSe',
      '5bd349hkLvcDYAMrsLDA1BWZxfhgfBkKdC4wwV5LtkgL',
      '0xACDE96cF19D852111A212Db4054f201876f4F0B9',
      'DZeaMn3ZkqYawf8aK7Mx6dZANPe7Zwfc2tux5nNFFVCy',
      '3VP7XRSTKwN3ziMcTJEZ28bdWZE1Y9muxiS6TZU7Azj4',
      'CEDJsVXFC5BSD15mieW1crJNfGqry6CvkabXuvQWqzpg',
      'qLKeBk26GQn7rzSTWjvTikkfwwmPycqqT51TZVUMwxi',
      '21mZ7PinxQNAWLer47J3hgYFPPzCgJYYka17AoEC3Gac',
      '0x5192A823DC3a5ae2E185Ac26448459618538CfBC',
      'GBFjgnJ35rAm1r5NwgYpSAmSDkUEihLsf2YT7FGPTpTp',
      '689ZRrnMbxypxMQY49hoF8jKNJQAuFF5HuXnzmnGvPGP',
      '8r5gUunycJPXVAPknJfWfGbNYffhvMLyLdancSDx8TEN',
      '4noiheU6cUXz6TCpmkyTkA785qJCXiDzX6vCNnrZ2mUE',
      '4CYn7UmzwFSqBQt9gRVxNuQH3PJtYPfTHdghSuPrnVDb',
      '0x63be57E19b4a77Ad9D8B53149554Fff94f368Bb0',
      '0x4aD67D47228ad3220F377bd577e6F98eE3295619',
      'EwiVBVLZVfxLY9SwSmLpSNRhG785Je9crXzz47dEYpSe',
      '6dMAk3d9NXS6Pr67KjsNR43739rR2Fh8snSkxu4mGFGF',
      '0xB21859CE9f94848820FDA44dCBCE6E6b5DB142b9',
      '0x0BBD6a7772A9514F9d32E06F524dEc8a7378f51C',
      '4aGcN7Yr6ZeQv7r3wWee2kv4vRnW5GsP99Eo7kygHEp5',
      'HymUN3CKQy8xT97uH5uNS3Tv55FZdH4XFsquWGVMZBaJ',
      'FBcbV3n8RRaWXguySMQwgNzxJG2sui33eFN1CRz2cZzr',
      '4opeYPXkwopihpYRTc8ZpHUbUyB4n4Qr4XFvfWKiLGcg',
      'Hxhi1wDz1QFzoJNzYd5tQZCqnPJBATd9TQtyxUq3n72a',
      '51ACLz96TcffL3MUvoy5xLXXjdkcxzPcbmmg8zR9m5Pp',
      'Bex3rh8XzmiVXPKXUrL6KHqeUFr5GbFbR1fd6MTvqKwm',
      '29tCN2xqc4vsBhDbKc4ErkASyU5cmSYtKfFajtY1EHoU',
      'HYbgM5D55CQ1g1Hhfhf73C98fBjYhEhEGRMgPnWaxCwb',
      '4pLEnB41oQ9SuWxQohWVBirkppQRAApeFH46XdAPbxCC',
      '8MfYJSHAD7cfvbdv66AaPpSuardUXewX4mpKtnqEQH7z',
      '2hXF7X5Y8xpkXJNV6S2dx2eCtxoWGjLvZWi1dnT4iwqa',
      '9ypMPLyJJ5AWTzk81QAYxWi71pQdkdUsRVzg2vSUU8Lj',
      'GNHLWywPCUzWH9fS9bjrhAxCyT5rWELTevUkUEAeB7rG',
      '768dKGhHRJgikj9rhPijAvTvnXEvMNaxWE8QkrMVExGL',
      'D3qmwAP2bDd5qxEeqcmA8Y7Brj9k1MTn7DTi3S2KHQG',
      '214u6HKwzLzdaJ4xjCZ2aFVdCkv9MYiy1dpZ5HnkNQyC',
      '2iCTVaXZxrFMjBkLSKvs5K8SRWTxeasNkaR833Bn5SHo',
      '2UaZM8PxSmgyKCHt57t5mX8mHV6x7RRpaGQTd5N7X4iQ',
      '0xd178a2f5Ad73aC8d28Bf504167727BEd35949122',
      '0xfCff637Ba37d63d6351dA440dB020A91E5bd717D',
      '0x0ABb44c3c9b6Ffec1A8809feB637a364Fa78720B',
      'BBQRVETzpgm1vvUs3BN2Vi469dQTpXaTLEKVJRfGU5uE',
      'GGp34KU2ijeTMw5rr2XaQ2ZMvFZzfiG8MMXixzMTWrJ4',
      '0x103DCB1CF290153b0EDb8cD6510fcfC7172F71dD',
      'v6BpEW6YNGXkEieAqpeSfvMCgR4vRqKHRXGmXpLkApw',
      '5eyiZmehUPHLhxaghNcR93xXd6bzfq4y7Yt5zBQKGoJa',
      'BuNnNQkqhUHVJ5v1rmemxZBEi7ix4xcrWWn7PGqsvtyi',
      'G6ewVLWEw5PwHEWcRsgVomfi2DigH2Z3quzvkaMKPgv1',
      'BMVLzGCCqLRoBm1fK9nRuW5xb4W1ZVRudStUhqstxLgp',
      'H6QeCwAc9wbjypbXRyFkL7pDPZBFBQMyVFYkrcM5EPDE',
      '8VGSitcRwaUftM4wZG9sGBguz97aBb8Mo5cXBzJQeMFS',
      'GcgC1D8DkitvZg75qrxPoPs2zy1oth6w7ubzV1fjj1VM',
      '0x189C76B51CeB5Bcd580Df702bb12f23D28A60a0f'
    ]
  },
  filters: {
    excludeHoneypots: false,
    chains: [ 'ETH', 'SOL', 'BASE', 'BSC' ],
    minVolume: 0,
    maxAgeHours: null,
    minMcap: 0,
    limit: 200,
    tokenQuery: '',
    includeStale: false,
    includeDegraded: false
  },
  wpegPrices: {},
  version: 4
}
TokensPane mounted: Trending Tokens
[Table] rows prop: []
TokensPane mounted: New Tokens
[Table] rows prop: [
  {
    id: '4CYn7UmzwFSqBQt9gRVxNuQH3PJtYPfTHdghSuPrnVDb',
    tokenName: ' Glowing Shrimp',
    tokenSymbol: 'GLOW',
    tokenAddress: 'HG6FNc3GopWfVGmPfzJNrYLBKwoCNcNdaFKB5PMbpump',
    pairAddress: '4CYn7UmzwFSqBQt9gRVxNuQH3PJtYPfTHdghSuPrnVDb',
    chain: 'SOL',
    exchange: '6EF8rrecthR5Dkzon8Nwu78hRvfCKubJ14M5uBEwF6P',
    priceUsd: 0,
    volumeUsd: 0,
    mcap: 95.78323922678436,
    priceChangePcs: { '5m': 0, '1h': 0, '6h': 0, '24h': 0 },
    transactions: { buys: 0, sells: 0 },
    audit: {
      mintable: false,
      freezable: false,
      honeypot: false,
      contractVerified: false
    },
    security: { renounced: false, locked: true },
    tokenCreatedTimestamp: 2025-09-27T13:28:56.000Z,
    liquidity: { current: 0, changePc: -100 },
    history: {
      ts: [],
      price: [],
      mcap: [],
      volume: [],
      buys: [],
      sells: [],
      liquidity: []
    },
    scannerAt: 1758994654002
  },
  {
    id: 'EHbC2THA3DqVxpvCpxWz61NLnjFnb533Qt6JTqbBL7kp',
    tokenName: ' ZAYU THE JAGUAR',
    tokenSymbol: 'ZAYU',
    tokenAddress: '8MsofqwuzfroEXtgnk1fjXDv7LAJavJ3cyYuJTKhpump',
    pairAddress: 'EHbC2THA3DqVxpvCpxWz61NLnjFnb533Qt6JTqbBL7kp',
    chain: 'SOL',
    exchange: '6EF8rrecthR5Dkzon8Nwu78hRvfCKubJ14M5uBEwF6P',
    priceUsd: 0.000006248358552,
    volumeUsd: 9.91,
    mcap: 6248.35,
    priceChangePcs: { '5m': 0, '1h': 0, '6h': 0, '24h': 0 },
    transactions: { buys: 1, sells: 0 },
    audit: {
      mintable: false,
      freezable: false,
      honeypot: false,
      contractVerified: false,
      linkTwitter: 'https://x.com/sportslogosnet/status/1971929067914936372',
      linkWebsite: 'https://news.sportslogos.net/2025/09/25/trio-of-mascots-unveiled-for-fifa-world-cup-2026/soccer'
    },
    security: { renounced: false, locked: true },
    tokenCreatedTimestamp: 2025-09-27T13:29:47.000Z,
    liquidity: { current: 0.78, changePc: -99.9 },
    history: {
      ts: [],
      price: [],
      mcap: [],
      volume: [],
      buys: [],
      sells: [],
      liquidity: []
    },
    scannerAt: 1758994654001
  },
  {
    id: '4noiheU6cUXz6TCpmkyTkA785qJCXiDzX6vCNnrZ2mUE',
    tokenName: '1 sol and a dream',
    tokenSymbol: '1SOL',
    tokenAddress: '2LA46PzhC3ML4VU3S9mwkpHHxjptanbLqyph4k3zxDJS',
    pairAddress: '4noiheU6cUXz6TCpmkyTkA785qJCXiDzX6vCNnrZ2mUE',
    chain: 'SOL',
    exchange: 'pAMMBay6oceH9fJKBRHGP5D4bD4sWpmSwMn52FMfXEA',
    priceUsd: 0.4096744721,
    volumeUsd: 196157.23,
    mcap: 409674472.09,
    priceChangePcs: { '5m': 118.53, '1h': 118.53, '6h': 118.53, '24h': 118.53 },
    transactions: { buys: 505, sells: 488 },
    audit: {
      mintable: false,
      freezable: false,
      honeypot: false,
      contractVerified: false,
      linkTwitter: 'https://x.com/NyxPosts',
      linkWebsite: 'https://nyx.run/'
    },
    security: { renounced: false, locked: false },
    tokenCreatedTimestamp: 2025-09-27T13:29:02.000Z,
    liquidity: { current: 55105.68, changePc: 50.78 },
    history: {
      ts: [],
      price: [],
      mcap: [],
      volume: [],
      buys: [],
      sells: [],
      liquidity: []
    },
    scannerAt: 1758994654002
  },
  {
    id: '0x0CC3822d343691CF585F4fa15f90Fcfb0C638564',
    tokenName: '1BNB And A Dream',
    tokenSymbol: '1BNB',
    tokenAddress: '0xcE3a8331e054489C068Ff01B288D9A4831D14444',
    pairAddress: '0x0CC3822d343691CF585F4fa15f90Fcfb0C638564',
    chain: 'BSC',
    exchange: '0x1b81D678ffb9C0263b24A97847620C99d213eB14',
    priceUsd: 0,
    volumeUsd: 0,
    mcap: 0,
    priceChangePcs: { '5m': 0, '1h': 0, '6h': 0, '24h': 0 },
    transactions: { buys: 0, sells: 0 },
    audit: {
      mintable: false,
      freezable: false,
      honeypot: false,
      contractVerified: false
    },
    security: { renounced: false, locked: true },
    tokenCreatedTimestamp: 2025-09-27T13:31:38.000Z,
    liquidity: { current: 0, changePc: 0 },
    history: {
      ts: [],
      price: [],
      mcap: [],
      volume: [],
      buys: [],
      sells: [],
      liquidity: []
    },
    scannerAt: 1758994654001
  },
  {
    id: '0x5192A823DC3a5ae2E185Ac26448459618538CfBC',
    tokenName: 'AI Mocaverse',
    tokenSymbol: 'AI MOCAVERSE',
    tokenAddress: '0x459dD9537EE358Ef93a6F3dd34A540D66B5c5c03',
    pairAddress: '0x5192A823DC3a5ae2E185Ac26448459618538CfBC',
    chain: 'BSC',
    exchange: '0x10ED43C718714eb63d5aA57B78B54704E256024E',
    priceUsd: 0,
    volumeUsd: 0,
    mcap: 0.1948487,
    priceChangePcs: { '5m': 0, '1h': 0, '6h': 0, '24h': 0 },
    transactions: { buys: 0, sells: 0 },
    audit: {
      mintable: false,
      freezable: false,
      honeypot: false,
      contractVerified: true
    },
    security: { renounced: true, locked: true },
    tokenCreatedTimestamp: 2025-09-27T13:29:30.000Z,
    liquidity: { current: 0, changePc: -100 },
    history: {
      ts: [],
      price: [],
      mcap: [],
      volume: [],
      buys: [],
      sells: [],
      liquidity: []
    },
    scannerAt: 1758994654002
  },
  {
    id: '0xB21859CE9f94848820FDA44dCBCE6E6b5DB142b9',
    tokenName: 'AI Mocaverse',
    tokenSymbol: 'AI MOCAVERSE',
    tokenAddress: '0x3F09D8Bf235d45532eF59CE45e4F105635B67191',
    pairAddress: '0xB21859CE9f94848820FDA44dCBCE6E6b5DB142b9',
    chain: 'BSC',
    exchange: '0x10ED43C718714eb63d5aA57B78B54704E256024E',
    priceUsd: 0,
    volumeUsd: 0,
    mcap: 0.21,
    priceChangePcs: { '5m': 0, '1h': 0, '6h': 0, '24h': 0 },
    transactions: { buys: 0, sells: 0 },
    audit: {
      mintable: false,
      freezable: false,
      honeypot: false,
      contractVerified: true
    },
    security: { renounced: true, locked: true },
    tokenCreatedTimestamp: 2025-09-27T13:28:27.000Z,
    liquidity: { current: 0.21, changePc: 11.99 },
    history: {
      ts: [],
      price: [],
      mcap: [],
      volume: [],
      buys: [],
      sells: [],
      liquidity: []
    },
    scannerAt: 1758994654002
  },
  {
    id: '0x519F960Fb16722580e997EfeC681B02EBe8d8f59',
    tokenName: 'AI Monero Classic XMC',
    tokenSymbol: 'AI MONERO CLASSIC XMC',
    tokenAddress: '0xA0423F5e8B6596D1F00ab0246178c745012c1cE4',
    pairAddress: '0x519F960Fb16722580e997EfeC681B02EBe8d8f59',
    chain: 'BSC',
    exchange: '0x10ED43C718714eb63d5aA57B78B54704E256024E',
    priceUsd: 0,
    volumeUsd: 0,
    mcap: 0.21,
    priceChangePcs: { '5m': 0, '1h': 0, '6h': 0, '24h': 0 },
    transactions: { buys: 0, sells: 0 },
    audit: {
      mintable: false,
      freezable: false,
      honeypot: false,
      contractVerified: true
    },
    security: { renounced: true, locked: true },
    tokenCreatedTimestamp: 2025-09-27T13:30:33.000Z,
    liquidity: { current: 0.21, changePc: 12 },
    history: {
      ts: [],
      price: [],
      mcap: [],
      volume: [],
      buys: [],
      sells: [],
      liquidity: []
    },
    scannerAt: 1758994654001
  },
  {
    id: '0x189C76B51CeB5Bcd580Df702bb12f23D28A60a0f',
    tokenName: 'AI Nitro NITRO AI On Base',
    tokenSymbol: 'AI NITRO NITRO AI ON BASE',
    tokenAddress: '0x9AaFBCb58C32b1d390F0490A9C9A6BBE2A50dd74',
    pairAddress: '0x189C76B51CeB5Bcd580Df702bb12f23D28A60a0f',
    chain: 'BSC',
    exchange: '0x10ED43C718714eb63d5aA57B78B54704E256024E',
    priceUsd: 0,
    volumeUsd: 0,
    mcap: 0.21,
    priceChangePcs: { '5m': 0, '1h': 0, '6h': 0, '24h': 0 },
    transactions: { buys: 0, sells: 0 },
    audit: {
      mintable: false,
      freezable: false,
      honeypot: false,
      contractVerified: true
    },
    security: { renounced: true, locked: true },
    tokenCreatedTimestamp: 2025-09-27T13:26:25.000Z,
    liquidity: { current: 0.21, changePc: 11.99 },
    history: {
      ts: [],
      price: [],
      mcap: [],
      volume: [],
      buys: [],
      sells: [],
      liquidity: []
    },
    scannerAt: 1758994654002
  },
  {
    id: '0xA7722F49f21cF937fae5d042c5EDDCD81C9D5b45',
    tokenName: 'AI Size SIZE',
    tokenSymbol: 'AI SIZE SIZE',
    tokenAddress: '0x093Fe3eC3C59F13591d83517b418015E3F593661',
    pairAddress: '0xA7722F49f21cF937fae5d042c5EDDCD81C9D5b45',
    chain: 'BSC',
    exchange: '0x10ED43C718714eb63d5aA57B78B54704E256024E',
    priceUsd: 0,
    volumeUsd: 0,
    mcap: 0.19484157000000002,
    priceChangePcs: { '5m': 0, '1h': 0, '6h': 0, '24h': 0 },
    transactions: { buys: 0, sells: 0 },
    audit: {
      mintable: false,
      freezable: false,
      honeypot: false,
      contractVerified: true
    },
    security: { renounced: true, locked: true },
    tokenCreatedTimestamp: 2025-09-27T13:31:42.000Z,
    liquidity: { current: 0, changePc: -100 },
    history: {
      ts: [],
      price: [],
      mcap: [],
      volume: [],
      buys: [],
      sells: [],
      liquidity: []
    },
    scannerAt: 1758994654001
  },
  {
    id: '0xfCff637Ba37d63d6351dA440dB020A91E5bd717D',
    tokenName: 'AI XRPC',
    tokenSymbol: 'AI XRPC',
    tokenAddress: '0x59Ae9E8f9Ad7FE7d87Abf6191B09701237A62C0C',
    pairAddress: '0xfCff637Ba37d63d6351dA440dB020A91E5bd717D',
    chain: 'BSC',
    exchange: '0x10ED43C718714eb63d5aA57B78B54704E256024E',
    priceUsd: 0,
    volumeUsd: 0,
    mcap: 0.21,
    priceChangePcs: { '5m': 0, '1h': 0, '6h': 0, '24h': 0 },
    transactions: { buys: 0, sells: 0 },
    audit: {
      mintable: false,
      freezable: false,
      honeypot: false,
      contractVerified: true
    },
    security: { renounced: false, locked: true },
    tokenCreatedTimestamp: 2025-09-27T13:27:24.000Z,
    liquidity: { current: 0.21, changePc: 11.99 },
    history: {
      ts: [],
      price: [],
      mcap: [],
      volume: [],
      buys: [],
      sells: [],
      liquidity: []
    },
    scannerAt: 1758994654002
  },
  {
    id: '5bd349hkLvcDYAMrsLDA1BWZxfhgfBkKdC4wwV5LtkgL',
    tokenName: 'Anoma_XAN',
    tokenSymbol: 'XAN',
    tokenAddress: '3fYwtV2wQvxa99jCdxa67x1zRP2punS7tCy8T8pW6Xip',
    pairAddress: '5bd349hkLvcDYAMrsLDA1BWZxfhgfBkKdC4wwV5LtkgL',
    chain: 'SOL',
    exchange: 'pAMMBay6oceH9fJKBRHGP5D4bD4sWpmSwMn52FMfXEA',
    priceUsd: 0.0002030121246,
    volumeUsd: 801285.82,
    mcap: 203011.85,
    priceChangePcs: { '5m': 24.96, '1h': 24.96, '6h': 24.96, '24h': 24.96 },
    transactions: { buys: 349, sells: 294 },
    audit: {
      mintable: false,
      freezable: false,
      honeypot: false,
      contractVerified: true,
      linkTwitter: 'https://x.com/anoma',
      linkWebsite: 'https://linktr.ee/anoma.net'
    },
    security: { renounced: false, locked: false },
    tokenCreatedTimestamp: 2025-09-27T13:29:46.000Z,
    liquidity: { current: 363602.24, changePc: 11.76 },
    history: {
      ts: [],
      price: [],
      mcap: [],
      volume: [],
      buys: [],
      sells: [],
      liquidity: []
    },
    scannerAt: 1758994654001
  },
  {
    id: '21mZ7PinxQNAWLer47J3hgYFPPzCgJYYka17AoEC3Gac',
    tokenName: 'ASTER TrueLoveStory',
    tokenSymbol: 'ATLS',
    tokenAddress: '9N8xmXKPzs9gzhdAeN41Wc53zaJB8UCHHkyFMnXvpump',
    pairAddress: '21mZ7PinxQNAWLer47J3hgYFPPzCgJYYka17AoEC3Gac',
    chain: 'SOL',
    exchange: '6EF8rrecthR5Dkzon8Nwu78hRvfCKubJ14M5uBEwF6P',
    priceUsd: 0.000006395002635,
    volumeUsd: 44.05,
    mcap: 6395,
    priceChangePcs: { '5m': 12.4, '1h': 12.4, '6h': 12.4, '24h': 12.4 },
    transactions: { buys: 3, sells: 0 },
    audit: {
      mintable: false,
      freezable: false,
      honeypot: false,
      contractVerified: false,
      linkTelegram: 'https://t.me/AsterDEX',
      linkTwitter: 'https://x.com/Aster_DEX',
      linkWebsite: 'https://www.asterdex.com/en'
    },
    security: { renounced: false, locked: true },
    tokenCreatedTimestamp: 2025-09-27T13:29:31.000Z,
    liquidity: { current: 80.01, changePc: -89.04 },
    history: {
      ts: [],
      price: [],
      mcap: [],
      volume: [],
      buys: [],
      sells: [],
      liquidity: []
    },
    scannerAt: 1758994654001
  },
  {
    id: '214u6HKwzLzdaJ4xjCZ2aFVdCkv9MYiy1dpZ5HnkNQyC',
    tokenName: 'Asterina',
    tokenSymbol: 'ASTERINA',
    tokenAddress: 'MoSpRiUbJvWx4hRLaB3DsaRFZnZeapaPPHGpT33EQcV',
    pairAddress: '214u6HKwzLzdaJ4xjCZ2aFVdCkv9MYiy1dpZ5HnkNQyC',
    chain: 'SOL',
    exchange: 'pAMMBay6oceH9fJKBRHGP5D4bD4sWpmSwMn52FMfXEA',
    priceUsd: 0.5114661053,
    volumeUsd: 6310.04,
    mcap: 511466105.28,
    priceChangePcs: { '5m': 31.99, '1h': 31.99, '6h': 31.99, '24h': 31.99 },
    transactions: { buys: 891, sells: 147 },
    audit: {
      mintable: false,
      freezable: false,
      honeypot: false,
      contractVerified: false,
      linkTelegram: 'https://t.me/asterina_app_bot',
      linkTwitter: 'https://x.com/asterina_app',
      linkWebsite: 'https://www.asterina.app/'
    },
    security: { renounced: false, locked: false },
    tokenCreatedTimestamp: 2025-09-27T13:27:33.000Z,
    liquidity: { current: 70012.47, changePc: 14.98 },
    history: {
      ts: [],
      price: [],
      mcap: [],
      volume: [],
      buys: [],
      sells: [],
      liquidity: []
    },
    scannerAt: 1758994654002
  },
  {
    id: 'DMMUF6L3g1YR9P1R9UNaSfTkT3xVh9oCRYUUf6YZ28A7',
    tokenName: 'AstroPepe Coin',
    tokenSymbol: 'APC',
    tokenAddress: '52qAHZW62oELcYnfCsDAtLpVkoTUUGwSm6X2bzUbpump',
    pairAddress: 'DMMUF6L3g1YR9P1R9UNaSfTkT3xVh9oCRYUUf6YZ28A7',
    chain: 'SOL',
    exchange: '6EF8rrecthR5Dkzon8Nwu78hRvfCKubJ14M5uBEwF6P',
    priceUsd: 0,
    volumeUsd: 20.02,
    mcap: 5693.14,
    priceChangePcs: { '5m': 0, '1h': 0, '6h': 0, '24h': 0 },
    transactions: { buys: 1, sells: 0 },
    audit: {
      mintable: false,
      freezable: false,
      honeypot: false,
      contractVerified: true
    },
    security: { renounced: false, locked: true },
    tokenCreatedTimestamp: 2025-09-27T13:30:26.000Z,
    liquidity: { current: 0, changePc: -100 },
    history: {
      ts: [],
      price: [],
      mcap: [],
      volume: [],
      buys: [],
      sells: [],
      liquidity: []
    },
    scannerAt: 1758994654001
  },
  {
    id: 'DZeaMn3ZkqYawf8aK7Mx6dZANPe7Zwfc2tux5nNFFVCy',
    tokenName: 'BITCOIN BREAKFAST',
    tokenSymbol: 'BITCOIN B ',
    tokenAddress: '6jM2GXK5W9WcFEbV6tJbQzP2UGju4D5EULoVc1E4pump',
    pairAddress: 'DZeaMn3ZkqYawf8aK7Mx6dZANPe7Zwfc2tux5nNFFVCy',
    chain: 'SOL',
    exchange: '6EF8rrecthR5Dkzon8Nwu78hRvfCKubJ14M5uBEwF6P',
    priceUsd: 0,
    volumeUsd: 0,
    mcap: 4.79,
    priceChangePcs: { '5m': 0, '1h': 0, '6h': 0, '24h': 0 },
    transactions: { buys: 0, sells: 0 },
    audit: {
      mintable: false,
      freezable: false,
      honeypot: false,
      contractVerified: true
    },
    security: { renounced: false, locked: true },
    tokenCreatedTimestamp: 2025-09-27T13:29:42.000Z,
    liquidity: { current: 4.79, changePc: 0 },
    history: {
      ts: [],
      price: [],
      mcap: [],
      volume: [],
      buys: [],
      sells: [],
      liquidity: []
    },
    scannerAt: 1758994654001
  },
  {
    id: 'G6ewVLWEw5PwHEWcRsgVomfi2DigH2Z3quzvkaMKPgv1',
    tokenName: 'BitlightLabs',
    tokenSymbol: 'LIGHT',
    tokenAddress: 'HBjdFwcVZf9rR9zRXtVXnk5LYG5Y41LGsrYRJg5z59xP',
    pairAddress: 'G6ewVLWEw5PwHEWcRsgVomfi2DigH2Z3quzvkaMKPgv1',
    chain: 'SOL',
    exchange: 'dbcij3LWUppWqq96dh6gJWwBifmcGfLSB5D4DuSMaqN',
    priceUsd: 0.002294897664,
    volumeUsd: 62173.94,
    mcap: 2294897.66,
    priceChangePcs: { '5m': 4.33, '1h': 5.54, '6h': 5.54, '24h': 5.54 },
    transactions: { buys: 396, sells: 297 },
    audit: {
      mintable: false,
      freezable: false,
      honeypot: false,
      contractVerified: true,
      linkTwitter: 'https://x.com/BitlightLabs',
      linkWebsite: 'https://bitlightlabs.com/'
    },
    security: { renounced: false, locked: true },
    tokenCreatedTimestamp: 2025-09-27T13:26:52.000Z,
    liquidity: { current: 87740.08, changePc: 2.96 },
    history: {
      ts: [],
      price: [],
      mcap: [],
      volume: [],
      buys: [],
      sells: [],
      liquidity: []
    },
    scannerAt: 1758994654002
  },
  {
    id: '9uYdmNvDUPz6CUDE5mEEb1eNRVCta66M6tFakCgbmk7J',
    tokenName: 'BlockDAGNetwork',
    tokenSymbol: 'BDAG/USDT',
    tokenAddress: 'DbZfsc5Av3cabDrZndQL6Pa3vXQwkdkGLGnSAWjZq4dK',
    pairAddress: '9uYdmNvDUPz6CUDE5mEEb1eNRVCta66M6tFakCgbmk7J',
    chain: 'SOL',
    exchange: 'CAMMCzo5YL8w4VFF8KVHrK22GGUsp5VTaW7grrKgrWqK',
    priceUsd: 0.00004608515067,
    volumeUsd: 26327.61,
    mcap: 46085.15,
    priceChangePcs: { '5m': 10.19, '1h': 10.19, '6h': 10.19, '24h': 10.19 },
    transactions: { buys: 28, sells: 22 },
    audit: {
      mintable: false,
      freezable: false,
      honeypot: false,
      contractVerified: false,
      linkTwitter: 'https://x.com/blockdagnetwork',
      linkWebsite: 'https://t.co/N39EWS88aJ'
    },
    security: { renounced: false, locked: true },
    tokenCreatedTimestamp: 2025-09-27T13:30:41.000Z,
    liquidity: { current: 86479.8, changePc: 108.87 },
    history: {
      ts: [],
      price: [],
      mcap: [],
      volume: [],
      buys: [],
      sells: [],
      liquidity: []
    },
    scannerAt: 1758994654001
  },
  {
    id: '3yaerz8fRtsgi9datdt426nxFVDsmsjVFVEc4BsEvySn',
    tokenName: 'BlocksBeats',
    tokenSymbol: 'BB',
    tokenAddress: 'Aen7RjcBaYKX5fx1JRvzv7HXcaxAXRBgauwMdPYevTT7',
    pairAddress: '3yaerz8fRtsgi9datdt426nxFVDsmsjVFVEc4BsEvySn',
    chain: 'SOL',
    exchange: 'dbcij3LWUppWqq96dh6gJWwBifmcGfLSB5D4DuSMaqN',
    priceUsd: 0.0001498451042,
    volumeUsd: 7658.64,
    mcap: 149845.1,
    priceChangePcs: { '5m': 35.89, '1h': 35.89, '6h': 35.89, '24h': 35.89 },
    transactions: { buys: 36, sells: 19 },
    audit: {
      mintable: false,
      freezable: false,
      honeypot: false,
      contractVerified: false,
      linkTelegram: 'https://t.me/blocksbeats',
      linkTwitter: 'https://x.com/BlocksBeats_X',
      linkWebsite: 'https://www.blocksbeats.net/'
    },
    security: { renounced: false, locked: true },
    tokenCreatedTimestamp: 2025-09-27T13:30:28.000Z,
    liquidity: { current: 4.43, changePc: -99.96 },
    history: {
      ts: [],
      price: [],
      mcap: [],
      volume: [],
      buys: [],
      sells: [],
      liquidity: []
    },
    scannerAt: 1758994654001
  },
  {
    id: '0x0BBD6a7772A9514F9d32E06F524dEc8a7378f51C',
    tokenName: 'BlocksBeats',
    tokenSymbol: 'BB',
    tokenAddress: '0xfa20E3448547E7dBC69160233704551143ce47df',
    pairAddress: '0x0BBD6a7772A9514F9d32E06F524dEc8a7378f51C',
    chain: 'BASE',
    exchange: '0x2626664c2603336E57B271c5C0b26F421741e481',
    priceUsd: 0,
    volumeUsd: 0,
    mcap: 0,
    priceChangePcs: { '5m': 0, '1h': 0, '6h': 0, '24h': 0 },
    transactions: { buys: 0, sells: 0 },
    audit: {
      mintable: false,
      freezable: false,
      honeypot: false,
      contractVerified: true
    },
    security: { renounced: true, locked: false },
    tokenCreatedTimestamp: 2025-09-27T13:28:27.000Z,
    liquidity: { current: 0, changePc: 0 },
    history: {
      ts: [],
      price: [],
      mcap: [],
      volume: [],
      buys: [],
      sells: [],
      liquidity: []
    },
    scannerAt: 1758994654002
  },
  {
    id: 'BMVLzGCCqLRoBm1fK9nRuW5xb4W1ZVRudStUhqstxLgp',
    tokenName: 'Bluma',
    tokenSymbol: 'Bluma',
    tokenAddress: 'G4rJ1zR41GZraETDXHURYJ2ZStTD3DqU6NeYGjjmr1kJ',
    pairAddress: 'BMVLzGCCqLRoBm1fK9nRuW5xb4W1ZVRudStUhqstxLgp',
    chain: 'SOL',
    exchange: 'dbcij3LWUppWqq96dh6gJWwBifmcGfLSB5D4DuSMaqN',
    priceUsd: 0.0004429113725,
    volumeUsd: 33326.24,
    mcap: 442911.37,
    priceChangePcs: { '5m': 259.07, '1h': 300.35, '6h': 300.35, '24h': 300.35 },
    transactions: { buys: 317, sells: 127 },
    audit: {
      mintable: false,
      freezable: false,
      honeypot: false,
      contractVerified: true,
      linkTwitter: 'https://x.com/getbluma',
      linkWebsite: 'https://www.getbluma.com/'
    },
    security: { renounced: false, locked: true },
    tokenCreatedTimestamp: 2025-09-27T13:26:51.000Z,
    liquidity: { current: 33495.51, changePc: 175.15 },
    history: {
      ts: [],
      price: [],
      mcap: [],
      volume: [],
      buys: [],
      sells: [],
      liquidity: []
    },
    scannerAt: 1758994654002
  },
  {
    id: 'JAW3fnXZ4oLWqDMPq2GdWnjP7TwnY6k4nQ4QQs5rnWao',
    tokenName: 'Bonkey',
    tokenSymbol: 'Bonkey',
    tokenAddress: '4PYvyKqkMxvHEcbzPoiPMW9W2ifgxkHtgwXEhm5Hbonk',
    pairAddress: 'JAW3fnXZ4oLWqDMPq2GdWnjP7TwnY6k4nQ4QQs5rnWao',
    chain: 'SOL',
    exchange: 'pAMMBay6oceH9fJKBRHGP5D4bD4sWpmSwMn52FMfXEA',
    priceUsd: 0.0001318280702,
    volumeUsd: 8904.34,
    mcap: 131827.94,
    priceChangePcs: { '5m': 60.54, '1h': 60.54, '6h': 60.54, '24h': 60.54 },
    transactions: { buys: 124, sells: 71 },
    audit: {
      mintable: false,
      freezable: false,
      honeypot: false,
      contractVerified: false,
      linkTwitter: 'https://x.com/PEOPLEPets/status/1971910199045751226'
    },
    security: { renounced: false, locked: false },
    tokenCreatedTimestamp: 2025-09-27T13:30:17.000Z,
    liquidity: { current: 43737.74, changePc: 26.82 },
    history: {
      ts: [],
      price: [],
      mcap: [],
      volume: [],
      buys: [],
      sells: [],
      liquidity: []
    },
    scannerAt: 1758994654001
  },
  {
    id: '29tCN2xqc4vsBhDbKc4ErkASyU5cmSYtKfFajtY1EHoU',
    tokenName: 'BRAH',
    tokenSymbol: 'BRAH',
    tokenAddress: 'BQuYphA76uEVTnVLFvyPHFp6uroPV87vgbJogRumpump',
    pairAddress: '29tCN2xqc4vsBhDbKc4ErkASyU5cmSYtKfFajtY1EHoU',
    chain: 'SOL',
    exchange: '6EF8rrecthR5Dkzon8Nwu78hRvfCKubJ14M5uBEwF6P',
    priceUsd: 0.000006434318385,
    volumeUsd: 192.6,
    mcap: 6434.31,
    priceChangePcs: { '5m': -5.8, '1h': -5.8, '6h': -5.8, '24h': -5.8 },
    transactions: { buys: 2, sells: 2 },
    audit: {
      mintable: false,
      freezable: false,
      honeypot: false,
      contractVerified: false,
      linkTwitter: 'https://x.com/BrahDeveloper'
    },
    security: { renounced: false, locked: true },
    tokenCreatedTimestamp: 2025-09-27T13:28:03.000Z,
    liquidity: { current: 281.22, changePc: 0 },
    history: {
      ts: [],
      price: [],
      mcap: [],
      volume: [],
      buys: [],
      sells: [],
      liquidity: []
    },
    scannerAt: 1758994654002
  },
  {
    id: 'CEDJsVXFC5BSD15mieW1crJNfGqry6CvkabXuvQWqzpg',
    tokenName: 'BULL PRINTER',
    tokenSymbol: 'PRINTER',
    tokenAddress: '7nagxq3uMtsAuQ6AgyqyECAoccZqVHB8FLb2Teyvpump',
    pairAddress: 'CEDJsVXFC5BSD15mieW1crJNfGqry6CvkabXuvQWqzpg',
    chain: 'SOL',
    exchange: '6EF8rrecthR5Dkzon8Nwu78hRvfCKubJ14M5uBEwF6P',
    priceUsd: 0.00002207516805,
    volumeUsd: 8213.75,
    mcap: 22075.16,
    priceChangePcs: { '5m': 253.19, '1h': 253.19, '6h': 253.19, '24h': 253.19 },
    transactions: { buys: 62, sells: 25 },
    audit: {
      mintable: false,
      freezable: false,
      honeypot: false,
      contractVerified: false,
      linkTelegram: 'https://t.me/bullprintersol',
      linkTwitter: 'https://twitter.com/Bull_Printer'
    },
    security: { renounced: false, locked: true },
    tokenCreatedTimestamp: 2025-09-27T13:29:37.000Z,
    liquidity: { current: 11849.98, changePc: 2814.05 },
    history: {
      ts: [],
      price: [],
      mcap: [],
      volume: [],
      buys: [],
      sells: [],
      liquidity: []
    },
    scannerAt: 1758994654001
  },
  {
    id: '0xACDE96cF19D852111A212Db4054f201876f4F0B9',
    tokenName: 'BZIL',
    tokenSymbol: 'BZIL',
    tokenAddress: '0x0De9b6f1567F50D4290Bc866a9e18D696e7f3Bfc',
    pairAddress: '0xACDE96cF19D852111A212Db4054f201876f4F0B9',
    chain: 'BASE',
    exchange: '0x4752ba5DBc23f44D87826276BF6Fd6b1C372aD24',
    priceUsd: 0,
    volumeUsd: 0,
    mcap: 0.08044587302,
    priceChangePcs: { '5m': 0, '1h': 0, '6h': 0, '24h': 0 },
    transactions: { buys: 0, sells: 0 },
    audit: {
      mintable: false,
      freezable: false,
      honeypot: false,
      contractVerified: true
    },
    security: { renounced: false, locked: true },
    tokenCreatedTimestamp: 2025-09-27T13:29:43.000Z,
    liquidity: { current: 0, changePc: -100 },
    history: {
      ts: [],
      price: [],
      mcap: [],
      volume: [],
      buys: [],
      sells: [],
      liquidity: []
    },
    scannerAt: 1758994654001
  },
  {
    id: '9tiwyYw6Lq12KrJttv7PW38UBS8xFvghASnkGYgSZrTK',
    tokenName: 'coin Green ',
    tokenSymbol: ' .',
    tokenAddress: 'J27NqBFKDi8rgAMup1SH1HzjJkpYiTMeiqnfeYBFX9ZX',
    pairAddress: '9tiwyYw6Lq12KrJttv7PW38UBS8xFvghASnkGYgSZrTK',
    chain: 'SOL',
    exchange: '6EF8rrecthR5Dkzon8Nwu78hRvfCKubJ14M5uBEwF6P',
    priceUsd: 0,
    volumeUsd: 0,
    mcap: 4.763753025350523,
    priceChangePcs: { '5m': 0, '1h': 0, '6h': 0, '24h': 0 },
    transactions: { buys: 0, sells: 0 },
    audit: {
      mintable: false,
      freezable: false,
      honeypot: false,
      contractVerified: false
    },
    security: { renounced: false, locked: true },
    tokenCreatedTimestamp: 2025-09-27T13:30:24.000Z,
    liquidity: { current: 0, changePc: -100 },
    history: {
      ts: [],
      price: [],
      mcap: [],
      volume: [],
      buys: [],
      sells: [],
      liquidity: []
    },
    scannerAt: 1758994654001
  },
  {
    id: 'GcgC1D8DkitvZg75qrxPoPs2zy1oth6w7ubzV1fjj1VM',
    tokenName: 'Cooked Monkey ',
    tokenSymbol: 'KOLO',
    tokenAddress: 'EF5HfXQERyajeoeqDQWmbpK3ptNcaX3wk1nbRSjrpump',
    pairAddress: 'GcgC1D8DkitvZg75qrxPoPs2zy1oth6w7ubzV1fjj1VM',
    chain: 'SOL',
    exchange: '6EF8rrecthR5Dkzon8Nwu78hRvfCKubJ14M5uBEwF6P',
    priceUsd: 0.00000809677905,
    volumeUsd: 660.57,
    mcap: 8096.77,
    priceChangePcs: { '5m': -1.63, '1h': 23.59, '6h': 23.59, '24h': 23.59 },
    transactions: { buys: 9, sells: 4 },
    audit: {
      mintable: false,
      freezable: false,
      honeypot: false,
      contractVerified: false,
      linkWebsite: 'https://www.tiktok.com/@ysr.ai'
    },
    security: { renounced: false, locked: true },
    tokenCreatedTimestamp: 2025-09-27T13:26:29.000Z,
    liquidity: { current: 64.05, changePc: -92.79 },
    history: {
      ts: [],
      price: [],
      mcap: [],
      volume: [],
      buys: [],
      sells: [],
      liquidity: []
    },
    scannerAt: 1758994654002
  },
  {
    id: '3zVRfPYpvKY8VwPM4DJoFZqb8SMnMN6qnYdpf2AG7hr2',
    tokenName: 'Corgi',
    tokenSymbol: 'Corgi',
    tokenAddress: '223JNPAcUYZXDYvKADgKN8jNP6UU5hrXeCthweuibonk',
    pairAddress: '3zVRfPYpvKY8VwPM4DJoFZqb8SMnMN6qnYdpf2AG7hr2',
    chain: 'SOL',
    exchange: 'LanMV9sAd7wArD4vJFi2qDdfnVhFxYSUg6eADduJ3uj',
    priceUsd: 0.000006293984827,
    volumeUsd: 2447.32,
    mcap: 6293.98,
    priceChangePcs: { '5m': 6.5, '1h': 6.5, '6h': 6.5, '24h': 6.5 },
    transactions: { buys: 14, sells: 13 },
    audit: {
      mintable: false,
      freezable: false,
      honeypot: false,
      contractVerified: false
    },
    security: { renounced: false, locked: true },
    tokenCreatedTimestamp: 2025-09-27T13:30:14.000Z,
    liquidity: { current: 452.83, changePc: -91.37 },
    history: {
      ts: [],
      price: [],
      mcap: [],
      volume: [],
      buys: [],
      sells: [],
      liquidity: []
    },
    scannerAt: 1758994654001
  },
  {
    id: '768dKGhHRJgikj9rhPijAvTvnXEvMNaxWE8QkrMVExGL',
    tokenName: 'Corgi',
    tokenSymbol: 'Corgi',
    tokenAddress: '6xNd7LzT18d5D3mFDW9gwovfWKAohxGDbEtjBnvhpump',
    pairAddress: '768dKGhHRJgikj9rhPijAvTvnXEvMNaxWE8QkrMVExGL',
    chain: 'SOL',
    exchange: '6EF8rrecthR5Dkzon8Nwu78hRvfCKubJ14M5uBEwF6P',
    priceUsd: 0.000006055460532,
    volumeUsd: 1213.54,
    mcap: 6055.46,
    priceChangePcs: { '5m': -16.91, '1h': -16.91, '6h': -16.91, '24h': -16.91 },
    transactions: { buys: 13, sells: 13 },
    audit: {
      mintable: false,
      freezable: false,
      honeypot: false,
      contractVerified: false,
      linkTwitter: 'https://x.com/i/communities/1971927986665673148'
    },
    security: { renounced: false, locked: true },
    tokenCreatedTimestamp: 2025-09-27T13:27:40.000Z,
    liquidity: { current: 374.34, changePc: -63.04 },
    history: {
      ts: [],
      price: [],
      mcap: [],
      volume: [],
      buys: [],
      sells: [],
      liquidity: []
    },
    scannerAt: 1758994654002
  },
  {
    id: 'EwiVBVLZVfxLY9SwSmLpSNRhG785Je9crXzz47dEYpSe',
    tokenName: 'Crypto GEMs 📈🚀',
    tokenSymbol: 'GEMs',
    tokenAddress: '8Nx9T6bcTpYyGH1EQ5VYwhMMtgBEeBFDsxTAUW192UFN',
    pairAddress: 'EwiVBVLZVfxLY9SwSmLpSNRhG785Je9crXzz47dEYpSe',
    chain: 'SOL',
    exchange: 'dbcij3LWUppWqq96dh6gJWwBifmcGfLSB5D4DuSMaqN',
    priceUsd: 0.00002269890296,
    volumeUsd: 20544.75,
    mcap: 22698.9,
    priceChangePcs: { '5m': -79.47, '1h': -79.47, '6h': -79.47, '24h': -79.47 },
    transactions: { buys: 165, sells: 127 },
    audit: {
      mintable: false,
      freezable: false,
      honeypot: false,
      contractVerified: false,
      linkTwitter: 'https://x.com/cryptogems555'
    },
    security: { renounced: false, locked: true },
    tokenCreatedTimestamp: 2025-09-27T13:28:40.000Z,
    liquidity: { current: 8.08, changePc: -99.93 },
    history: {
      ts: [],
      price: [],
      mcap: [],
      volume: [],
      buys: [],
      sells: [],
      liquidity: []
    },
    scannerAt: 1758994654002
  },
  {
    id: '4opeYPXkwopihpYRTc8ZpHUbUyB4n4Qr4XFvfWKiLGcg',
    tokenName: 'cursed images',
    tokenSymbol: 'cursed',
    tokenAddress: 'DXsKEZNNXU7PEpTRiJjHziHUGA95Vq12Uo4ezrS8pump',
    pairAddress: '4opeYPXkwopihpYRTc8ZpHUbUyB4n4Qr4XFvfWKiLGcg',
    chain: 'SOL',
    exchange: '6EF8rrecthR5Dkzon8Nwu78hRvfCKubJ14M5uBEwF6P',
    priceUsd: 0.000008255038615,
    volumeUsd: 289.33,
    mcap: 8255.03,
    priceChangePcs: { '5m': 23.38, '1h': 23.38, '6h': 23.38, '24h': 23.38 },
    transactions: { buys: 5, sells: 5 },
    audit: {
      mintable: false,
      freezable: false,
      honeypot: false,
      contractVerified: false,
      linkTwitter: 'https://x.com/panndafv/status/1971929655906390047',
      linkWebsite: 'https://www.reddit.com/r/cursedimages/'
    },
    security: { renounced: false, locked: true },
    tokenCreatedTimestamp: 2025-09-27T13:28:09.000Z,
    liquidity: { current: 0.78, changePc: -99.92 },
    history: {
      ts: [],
      price: [],
      mcap: [],
      volume: [],
      buys: [],
      sells: [],
      liquidity: []
    },
    scannerAt: 1758994654002
  },
  {
    id: 'GGp34KU2ijeTMw5rr2XaQ2ZMvFZzfiG8MMXixzMTWrJ4',
    tokenName: 'DOWNTOBER',
    tokenSymbol: 'DOWNTOBER',
    tokenAddress: '3xS8UicwtFJLnhyzZgyctpsue3fQh1TU4dQYwKK8pump',
    pairAddress: 'GGp34KU2ijeTMw5rr2XaQ2ZMvFZzfiG8MMXixzMTWrJ4',
    chain: 'SOL',
    exchange: '6EF8rrecthR5Dkzon8Nwu78hRvfCKubJ14M5uBEwF6P',
    priceUsd: 0.000006463958771,
    volumeUsd: 39.67,
    mcap: 6463.95,
    priceChangePcs: { '5m': 0, '1h': 0, '6h': 0, '24h': 0 },
    transactions: { buys: 1, sells: 1 },
    audit: {
      mintable: false,
      freezable: false,
      honeypot: false,
      contractVerified: false
    },
    security: { renounced: false, locked: true },
    tokenCreatedTimestamp: 2025-09-27T13:27:08.000Z,
    liquidity: { current: 802.33, changePc: -28.8 },
    history: {
      ts: [],
      price: [],
      mcap: [],
      volume: [],
      buys: [],
      sells: [],
      liquidity: []
    },
    scannerAt: 1758994654002
  },
  {
    id: '6dMAk3d9NXS6Pr67KjsNR43739rR2Fh8snSkxu4mGFGF',
    tokenName: 'DUK FUKS',
    tokenSymbol: 'Duk ',
    tokenAddress: 'H7hTvzfTgZTxiWzvjtRHuD8A5goy6wgYD8mFzxgcpump',
    pairAddress: '6dMAk3d9NXS6Pr67KjsNR43739rR2Fh8snSkxu4mGFGF',
    chain: 'SOL',
    exchange: '6EF8rrecthR5Dkzon8Nwu78hRvfCKubJ14M5uBEwF6P',
    priceUsd: 0.00000607140933,
    volumeUsd: 1029.68,
    mcap: 6071.4,
    priceChangePcs: { '5m': -14.98, '1h': -14.98, '6h': -14.98, '24h': -14.98 },
    transactions: { buys: 14, sells: 9 },
    audit: {
      mintable: false,
      freezable: false,
      honeypot: false,
      contractVerified: false,
      linkTwitter: 'https://x.com/i/communities/1950264346199887955',
      linkWebsite: 'https://dukfuks.fun/'
    },
    security: { renounced: false, locked: true },
    tokenCreatedTimestamp: 2025-09-27T13:28:28.000Z,
    liquidity: { current: 46.57, changePc: -97.13 },
    history: {
      ts: [],
      price: [],
      mcap: [],
      volume: [],
      buys: [],
      sells: [],
      liquidity: []
    },
    scannerAt: 1758994654002
  },
  {
    id: 'CQRism6bRr1jSWu1uXwSSTzkSneGZ3abCztzT6oaBtGJ',
    tokenName: 'DUKLY',
    tokenSymbol: 'DUKLY',
    tokenAddress: '5eHQGT2GXge2i7bFz8xB76epkS1fzTBmVGy1MQRWuXao',
    pairAddress: 'CQRism6bRr1jSWu1uXwSSTzkSneGZ3abCztzT6oaBtGJ',
    chain: 'SOL',
    exchange: 'dbcij3LWUppWqq96dh6gJWwBifmcGfLSB5D4DuSMaqN',
    priceUsd: 0.0001190602591,
    volumeUsd: 1320.63,
    mcap: 119060.25,
    priceChangePcs: { '5m': 7.62, '1h': 7.62, '6h': 7.62, '24h': 7.62 },
    transactions: { buys: 8, sells: 3 },
    audit: {
      mintable: false,
      freezable: false,
      honeypot: false,
      contractVerified: false
    },
    security: { renounced: false, locked: true },
    tokenCreatedTimestamp: 2025-09-27T13:32:01.000Z,
    liquidity: { current: 13085.7, changePc: 7.51 },
    history: {
      ts: [],
      price: [],
      mcap: [],
      volume: [],
      buys: [],
      sells: [],
      liquidity: []
    },
    scannerAt: 1758994654001
  },
  {
    id: 'HBCqc5omkTrN3FUjjVgtwJHVbggQcNZRWikEuPHrRcwz',
    tokenName: 'DUKLY',
    tokenSymbol: 'DUKLY',
    tokenAddress: 'C6UWEkrtpgd5WnPN6WtmyCXv4hXWPMvS7xXWjFZNpump',
    pairAddress: 'HBCqc5omkTrN3FUjjVgtwJHVbggQcNZRWikEuPHrRcwz',
    chain: 'SOL',
    exchange: '6EF8rrecthR5Dkzon8Nwu78hRvfCKubJ14M5uBEwF6P',
    priceUsd: 0,
    volumeUsd: 0,
    mcap: 1003.0438731371374,
    priceChangePcs: { '5m': 0, '1h': 0, '6h': 0, '24h': 0 },
    transactions: { buys: 0, sells: 0 },
    audit: {
      mintable: false,
      freezable: false,
      honeypot: false,
      contractVerified: true,
      linkTwitter: 'https://x.com/solana_Dukly',
      linkWebsite: 'https://dukly.top/'
    },
    security: { renounced: false, locked: true },
    tokenCreatedTimestamp: 2025-09-27T13:31:13.000Z,
    liquidity: { current: 0, changePc: -100 },
    history: {
      ts: [],
      price: [],
      mcap: [],
      volume: [],
      buys: [],
      sells: [],
      liquidity: []
    },
    scannerAt: 1758994654001
  },
  {
    id: 'HymUN3CKQy8xT97uH5uNS3Tv55FZdH4XFsquWGVMZBaJ',
    tokenName: 'DUKLY',
    tokenSymbol: 'DUKLY',
    tokenAddress: '4JLfdgcmzdEMuhFgjXywnVUuMhWo1kGRa5N9hMgUpump',
    pairAddress: 'HymUN3CKQy8xT97uH5uNS3Tv55FZdH4XFsquWGVMZBaJ',
    chain: 'SOL',
    exchange: 'cpamdpZCGKUy5JxQXB4dcpGPiikHawvSWAd6mEn1sGG',
    priceUsd: 0,
    volumeUsd: 0,
    mcap: 1.99,
    priceChangePcs: { '5m': 0, '1h': 0, '6h': 0, '24h': 0 },
    transactions: { buys: 0, sells: 0 },
    audit: {
      mintable: false,
      freezable: false,
      honeypot: false,
      contractVerified: true,
      linkTwitter: 'https://x.com/solana_Dukly',
      linkWebsite: 'https://dukly.top/'
    },
    security: { renounced: false, locked: true },
    tokenCreatedTimestamp: 2025-09-27T13:28:20.000Z,
    liquidity: { current: 1.99, changePc: 0 },
    history: {
      ts: [],
      price: [],
      mcap: [],
      volume: [],
      buys: [],
      sells: [],
      liquidity: []
    },
    scannerAt: 1758994654002
  },
  {
    id: '4pLEnB41oQ9SuWxQohWVBirkppQRAApeFH46XdAPbxCC',
    tokenName: 'DUKLY',
    tokenSymbol: 'DUKLY',
    tokenAddress: '4JLfdgcmzdEMuhFgjXywnVUuMhWo1kGRa5N9hMgUpump',
    pairAddress: '4pLEnB41oQ9SuWxQohWVBirkppQRAApeFH46XdAPbxCC',
    chain: 'SOL',
    exchange: 'pAMMBay6oceH9fJKBRHGP5D4bD4sWpmSwMn52FMfXEA',
    priceUsd: 0.0001088412359,
    volumeUsd: 103608.94,
    mcap: 108841.23,
    priceChangePcs: { '5m': 206.01, '1h': 565.27, '6h': 565.27, '24h': 565.27 },
    transactions: { buys: 866, sells: 371 },
    audit: {
      mintable: false,
      freezable: false,
      honeypot: false,
      contractVerified: true,
      linkTwitter: 'https://x.com/solana_Dukly',
      linkWebsite: 'https://dukly.top/'
    },
    security: { renounced: false, locked: true },
    tokenCreatedTimestamp: 2025-09-27T13:27:56.000Z,
    liquidity: { current: 39573.32, changePc: 13.73 },
    history: {
      ts: [],
      price: [],
      mcap: [],
      volume: [],
      buys: [],
      sells: [],
      liquidity: []
    },
    scannerAt: 1758994654002
  },
  {
    id: '0xE36334a376E71Abc5bC087F3C62597A540685949',
    tokenName: 'Eco trade coin',
    tokenSymbol: 'ETT',
    tokenAddress: '0x4ce8a39D4c0D3644f22553b9C2c7708199Bad23b',
    pairAddress: '0xE36334a376E71Abc5bC087F3C62597A540685949',
    chain: 'BASE',
    exchange: '0x2626664c2603336E57B271c5C0b26F421741e481',
    priceUsd: 0,
    volumeUsd: 0,
    mcap: 0,
    priceChangePcs: { '5m': 0, '1h': 0, '6h': 0, '24h': 0 },
    transactions: { buys: 0, sells: 0 },
    audit: {
      mintable: false,
      freezable: false,
      honeypot: false,
      contractVerified: false
    },
    security: { renounced: false, locked: true },
    tokenCreatedTimestamp: 2025-09-27T13:31:43.000Z,
    liquidity: { current: 0, changePc: 0 },
    history: {
      ts: [],
      price: [],
      mcap: [],
      volume: [],
      buys: [],
      sells: [],
      liquidity: []
    },
    scannerAt: 1758994654001
  },
  {
    id: '0x231478DF651aE4781de6b8457E10193BAAF1Ffaa',
    tokenName: 'Elon Troll Face',
    tokenSymbol: 'ETF',
    tokenAddress: '0x2F78Bcd7eA3bc5793F571953951ae17633FBaFAE',
    pairAddress: '0x231478DF651aE4781de6b8457E10193BAAF1Ffaa',
    chain: 'BASE',
    exchange: '0x4752ba5DBc23f44D87826276BF6Fd6b1C372aD24',
    priceUsd: 0.00001668582133936555,
    volumeUsd: 471.42,
    mcap: 91772.01,
    priceChangePcs: { '5m': 0, '1h': 0, '6h': 0, '24h': 0 },
    transactions: { buys: 1, sells: 0 },
    audit: {
      mintable: false,
      freezable: false,
      honeypot: false,
      contractVerified: true
    },
    security: { renounced: false, locked: false },
    tokenCreatedTimestamp: 2025-09-27T13:31:47.000Z,
    liquidity: { current: 182996.22, changePc: 0.51 },
    history: {
      ts: [],
      price: [],
      mcap: [],
      volume: [],
      buys: [],
      sells: [],
      liquidity: []
    },
    scannerAt: 1758994654001
  },
  {
    id: '0x103DCB1CF290153b0EDb8cD6510fcfC7172F71dD',
    tokenName: 'FalconFinancePresale $FF',
    tokenSymbol: 'FalconFinancePresale $FF',
    tokenAddress: '0x3312AC3BDaF6CecE35Dae3CCf8172bAD6020Ea69',
    pairAddress: '0x103DCB1CF290153b0EDb8cD6510fcfC7172F71dD',
    chain: 'BASE',
    exchange: '0x4752ba5DBc23f44D87826276BF6Fd6b1C372aD24',
    priceUsd: 0,
    volumeUsd: 0,
    mcap: 0.08044587302,
    priceChangePcs: { '5m': 0, '1h': 0, '6h': 0, '24h': 0 },
    transactions: { buys: 0, sells: 0 },
    audit: {
      mintable: false,
      freezable: false,
      honeypot: false,
      contractVerified: true
    },
    security: { renounced: false, locked: true },
    tokenCreatedTimestamp: 2025-09-27T13:27:05.000Z,
    liquidity: { current: 0, changePc: -100 },
    history: {
      ts: [],
      price: [],
      mcap: [],
      volume: [],
      buys: [],
      sells: [],
      liquidity: []
    },
    scannerAt: 1758994654002
  },
  {
    id: 'EmscLdfuVCsNYCFJ4RXG84W2hfEN83x49V2JoZPTgS2H',
    tokenName: 'Free',
    tokenSymbol: 'FREE',
    tokenAddress: 'CnqQ43bnNvGXWmNjEUQbUCqCmZxDzhECzyEKMeJquYge',
    pairAddress: 'EmscLdfuVCsNYCFJ4RXG84W2hfEN83x49V2JoZPTgS2H',
    chain: 'SOL',
    exchange: '6EF8rrecthR5Dkzon8Nwu78hRvfCKubJ14M5uBEwF6P',
    priceUsd: 0,
    volumeUsd: 0,
    mcap: 1.18,
    priceChangePcs: { '5m': 0, '1h': 0, '6h': 0, '24h': 0 },
    transactions: { buys: 0, sells: 0 },
    audit: {
      mintable: false,
      freezable: false,
      honeypot: false,
      contractVerified: true
    },
    security: { renounced: false, locked: true },
    tokenCreatedTimestamp: 2025-09-27T13:30:33.000Z,
    liquidity: { current: 1.18, changePc: 0 },
    history: {
      ts: [],
      price: [],
      mcap: [],
      volume: [],
      buys: [],
      sells: [],
      liquidity: []
    },
    scannerAt: 1758994654001
  },
  {
    id: '9LaLRbRGEqUhQjmw3UCsSuqUHHCDMRbZcZsyuJYEvXyd',
    tokenName: 'GOAT Network',
    tokenSymbol: 'GOATED',
    tokenAddress: 'EamYnXqSZ29HNAcenE5EBP4UujabRZgZzbHWKdA1h6Au',
    pairAddress: '9LaLRbRGEqUhQjmw3UCsSuqUHHCDMRbZcZsyuJYEvXyd',
    chain: 'SOL',
    exchange: 'dbcij3LWUppWqq96dh6gJWwBifmcGfLSB5D4DuSMaqN',
    priceUsd: 0.0001245849362,
    volumeUsd: 8322.64,
    mcap: 124584.93,
    priceChangePcs: { '5m': -75.91, '1h': -75.91, '6h': -75.91, '24h': -75.91 },
    transactions: { buys: 16, sells: 11 },
    audit: {
      mintable: false,
      freezable: false,
      honeypot: false,
      contractVerified: false,
      linkTwitter: 'https://x.com/GOATRollup',
      linkWebsite: 'https://www.goat.network/'
    },
    security: { renounced: false, locked: true },
    tokenCreatedTimestamp: 2025-09-27T13:31:07.000Z,
    liquidity: { current: 13603.15, changePc: -62.76 },
    history: {
      ts: [],
      price: [],
      mcap: [],
      volume: [],
      buys: [],
      sells: [],
      liquidity: []
    },
    scannerAt: 1758994654001
  },
  {
    id: '8r5gUunycJPXVAPknJfWfGbNYffhvMLyLdancSDx8TEN',
    tokenName: 'Good Mornin',
    tokenSymbol: 'GM',
    tokenAddress: '6LYnd29f7eJTbHiaBSSREVAHYRs1iR61b7nkf73Cpump',
    pairAddress: '8r5gUunycJPXVAPknJfWfGbNYffhvMLyLdancSDx8TEN',
    chain: 'SOL',
    exchange: '6EF8rrecthR5Dkzon8Nwu78hRvfCKubJ14M5uBEwF6P',
    priceUsd: 0.000006244328652,
    volumeUsd: 1051.1,
    mcap: 6244.32,
    priceChangePcs: { '5m': -8.82, '1h': -8.82, '6h': -8.82, '24h': -8.82 },
    transactions: { buys: 13, sells: 20 },
    audit: {
      mintable: false,
      freezable: false,
      honeypot: false,
      contractVerified: true
    },
    security: { renounced: false, locked: true },
    tokenCreatedTimestamp: 2025-09-27T13:29:09.000Z,
    liquidity: { current: 0.78, changePc: -99.91 },
    history: {
      ts: [],
      price: [],
      mcap: [],
      volume: [],
      buys: [],
      sells: [],
      liquidity: []
    },
    scannerAt: 1758994654002
  },
  {
    id: 'C4e5Q4345nMSD1HiBfWFtHYkHVgvviHMGx8J2S4BnqtG',
    tokenName: 'Hearing Things',
    tokenSymbol: 'HEARING',
    tokenAddress: '97sraAGszzEFY6AW8iuWfTceBQWa1RzuFRXryJqSbonk',
    pairAddress: 'C4e5Q4345nMSD1HiBfWFtHYkHVgvviHMGx8J2S4BnqtG',
    chain: 'SOL',
    exchange: 'cpamdpZCGKUy5JxQXB4dcpGPiikHawvSWAd6mEn1sGG',
    priceUsd: 0,
    volumeUsd: 0,
    mcap: 39.96,
    priceChangePcs: { '5m': 0, '1h': 0, '6h': 0, '24h': 0 },
    transactions: { buys: 0, sells: 0 },
    audit: {
      mintable: false,
      freezable: false,
      honeypot: false,
      contractVerified: true
    },
    security: { renounced: false, locked: true },
    tokenCreatedTimestamp: 2025-09-27T13:31:20.000Z,
    liquidity: { current: 39.96, changePc: 0 },
    history: {
      ts: [],
      price: [],
      mcap: [],
      volume: [],
      buys: [],
      sells: [],
      liquidity: []
    },
    scannerAt: 1758994654001
  },
  {
    id: 'D3qmwAP2bDd5qxEeqcmA8Y7Brj9k1MTn7DTi3S2KHQG',
    tokenName: 'Homophic Dog Meme',
    tokenSymbol: 'Homog',
    tokenAddress: '5Ce42awcXUsFxmJnyRPmCzHUAvCJ8tAD29vJmUdpump',
    pairAddress: 'D3qmwAP2bDd5qxEeqcmA8Y7Brj9k1MTn7DTi3S2KHQG',
    chain: 'SOL',
    exchange: '6EF8rrecthR5Dkzon8Nwu78hRvfCKubJ14M5uBEwF6P',
    priceUsd: 0,
    volumeUsd: 0,
    mcap: 60.87756557607884,
    priceChangePcs: { '5m': 0, '1h': 0, '6h': 0, '24h': 0 },
    transactions: { buys: 0, sells: 0 },
    audit: {
      mintable: false,
      freezable: false,
      honeypot: false,
      contractVerified: true,
      linkTwitter: 'https://x.com/i/communities/1971928325955141710',
      linkWebsite: 'https://knowyourmeme.com/memes/homophobic-dog-not-too-fond-of-gay-people/photos/page/5'
    },
    security: { renounced: false, locked: true },
    tokenCreatedTimestamp: 2025-09-27T13:27:34.000Z,
    liquidity: { current: 0, changePc: -100 },
    history: {
      ts: [],
      price: [],
      mcap: [],
      volume: [],
      buys: [],
      sells: [],
      liquidity: []
    },
    scannerAt: 1758994654002
  },
  {
    id: 'qLKeBk26GQn7rzSTWjvTikkfwwmPycqqT51TZVUMwxi',
    tokenName: 'Hugo',
    tokenSymbol: 'HUGO',
    tokenAddress: 'FKbVnTYAHJt1Bt6viKGdA4JL1HQFg2W27AAStWexpump',
    pairAddress: 'qLKeBk26GQn7rzSTWjvTikkfwwmPycqqT51TZVUMwxi',
    chain: 'SOL',
    exchange: '6EF8rrecthR5Dkzon8Nwu78hRvfCKubJ14M5uBEwF6P',
    priceUsd: 0.000007253030484,
    volumeUsd: 79.32,
    mcap: 7253.03,
    priceChangePcs: { '5m': 0, '1h': 0, '6h': 0, '24h': 0 },
    transactions: { buys: 1, sells: 0 },
    audit: {
      mintable: false,
      freezable: false,
      honeypot: false,
      contractVerified: false
    },
    security: { renounced: false, locked: true },
    tokenCreatedTimestamp: 2025-09-27T13:29:36.000Z,
    liquidity: { current: 0.78, changePc: -99.94 },
    history: {
      ts: [],
      price: [],
      mcap: [],
      volume: [],
      buys: [],
      sells: [],
      liquidity: []
    },
    scannerAt: 1758994654001
  },
  {
    id: 'H6QeCwAc9wbjypbXRyFkL7pDPZBFBQMyVFYkrcM5EPDE',
    tokenName: 'Jobless coin',
    tokenSymbol: 'Jobless',
    tokenAddress: 'HCYRGDne2EYUvXMrEXywdmzSVKCyBP4TzorRNU1Bpump',
    pairAddress: 'H6QeCwAc9wbjypbXRyFkL7pDPZBFBQMyVFYkrcM5EPDE',
    chain: 'SOL',
    exchange: '6EF8rrecthR5Dkzon8Nwu78hRvfCKubJ14M5uBEwF6P',
    priceUsd: 0,
    volumeUsd: 0,
    mcap: 264.04324970147695,
    priceChangePcs: { '5m': 0, '1h': 0, '6h': 0, '24h': 0 },
    transactions: { buys: 0, sells: 0 },
    audit: {
      mintable: false,
      freezable: false,
      honeypot: false,
      contractVerified: false
    },
    security: { renounced: false, locked: true },
    tokenCreatedTimestamp: 2025-09-27T13:26:41.000Z,
    liquidity: { current: 0, changePc: -100 },
    history: {
      ts: [],
      price: [],
      mcap: [],
      volume: [],
      buys: [],
      sells: [],
      liquidity: []
    },
    scannerAt: 1758994654002
  },
  {
    id: 'EqKbEFGPzbz7Adh5YD5zg9d8TupcgkhFNvG2at4uYy8X',
    tokenName: 'Joke Cryptocurrency',
    tokenSymbol: 'Joke',
    tokenAddress: '3m6sEJ1XqkbvbFfSM1ywyFHFwTwFNtGCHHishPSXpump',
    pairAddress: 'EqKbEFGPzbz7Adh5YD5zg9d8TupcgkhFNvG2at4uYy8X',
    chain: 'SOL',
    exchange: '6EF8rrecthR5Dkzon8Nwu78hRvfCKubJ14M5uBEwF6P',
    priceUsd: 0.000005977430762,
    volumeUsd: 436.47,
    mcap: 5977.43,
    priceChangePcs: { '5m': -21.89, '1h': -21.89, '6h': -21.89, '24h': -21.89 },
    transactions: { buys: 8, sells: 7 },
    audit: {
      mintable: false,
      freezable: false,
      honeypot: false,
      contractVerified: true,
      linkTwitter: 'https://x.com/juicydagreat/status/1971930481404067960',
      linkWebsite: 'https://www.wsj.com/finance/stocks/dogecoin-is-a-joke-but-its-no-laughing-matter-11619092837'
    },
    security: { renounced: false, locked: true },
    tokenCreatedTimestamp: 2025-09-27T13:31:05.000Z,
    liquidity: { current: 8.78, changePc: -99.56 },
    history: {
      ts: [],
      price: [],
      mcap: [],
      volume: [],
      buys: [],
      sells: [],
      liquidity: []
    },
    scannerAt: 1758994654001
  },
  {
    id: '3y2hZe5D3mwwhkjz7jNsN9dTDWgKkZh9msXJ8r1ApLyh',
    tokenName: 'Just a Chill Bear',
    tokenSymbol: 'CHILLBEAR',
    tokenAddress: 'E2ZGPypgSn1oFan4wDiWECS7dwmdRZkr54V1bFvnpump',
    pairAddress: '3y2hZe5D3mwwhkjz7jNsN9dTDWgKkZh9msXJ8r1ApLyh',
    chain: 'SOL',
    exchange: '6EF8rrecthR5Dkzon8Nwu78hRvfCKubJ14M5uBEwF6P',
    priceUsd: 0,
    volumeUsd: 0,
    mcap: 0,
    priceChangePcs: { '5m': 0, '1h': 0, '6h': 0, '24h': 0 },
    transactions: { buys: 0, sells: 0 },
    audit: {
      mintable: false,
      freezable: false,
      honeypot: false,
      contractVerified: false
    },
    security: { renounced: false, locked: true },
    tokenCreatedTimestamp: 2025-09-27T13:32:11.000Z,
    liquidity: { current: 0, changePc: 0 },
    history: {
      ts: [],
      price: [],
      mcap: [],
      volume: [],
      buys: [],
      sells: [],
      liquidity: []
    },
    scannerAt: 1758994654001
  },
  {
    id: '0xd1a44891Cb74A134535849059356f08a1591b028',
    tokenName: 'Just cats on base',
    tokenSymbol: 'Cats',
    tokenAddress: '0x11547CcCD2F0E4CC0a07b41d7c905c61317E918D',
    pairAddress: '0xd1a44891Cb74A134535849059356f08a1591b028',
    chain: 'BASE',
    exchange: '0x4752ba5DBc23f44D87826276BF6Fd6b1C372aD24',
    priceUsd: 0,
    volumeUsd: 0,
    mcap: 0,
    priceChangePcs: { '5m': 0, '1h': 0, '6h': 0, '24h': 0 },
    transactions: { buys: 0, sells: 0 },
    audit: {
      mintable: false,
      freezable: false,
      honeypot: false,
      contractVerified: false
    },
    security: { renounced: false, locked: true },
    tokenCreatedTimestamp: 2025-09-27T13:31:39.000Z,
    liquidity: { current: 0, changePc: 0 },
    history: {
      ts: [],
      price: [],
      mcap: [],
      volume: [],
      buys: [],
      sells: [],
      liquidity: []
    },
    scannerAt: 1758994654001
  },
  {
    id: '9wGeHNRauqFWYRXcrmADV7Yrg9GrUvgWeTMzE72AuHEc',
    tokenName: 'Justice For Carolyn',
    tokenSymbol: 'Carolyn',
    tokenAddress: 'Gqgq2Yy5BpGcuTVhyY5mrTYVYE3RZmTuzVcHDswwpump',
    pairAddress: '9wGeHNRauqFWYRXcrmADV7Yrg9GrUvgWeTMzE72AuHEc',
    chain: 'SOL',
    exchange: '6EF8rrecthR5Dkzon8Nwu78hRvfCKubJ14M5uBEwF6P',
    priceUsd: 0.000005979048654,
    volumeUsd: 4.37,
    mcap: 5979.04,
    priceChangePcs: { '5m': 0, '1h': 0, '6h': 0, '24h': 0 },
    transactions: { buys: 3, sells: 2 },
    audit: {
      mintable: false,
      freezable: false,
      honeypot: false,
      contractVerified: false
    },
    security: { renounced: false, locked: true },
    tokenCreatedTimestamp: 2025-09-27T13:31:14.000Z,
    liquidity: { current: 0.78, changePc: -99.75 },
    history: {
      ts: [],
      price: [],
      mcap: [],
      volume: [],
      buys: [],
      sells: [],
      liquidity: []
    },
    scannerAt: 1758994654001
  }
]

stdout | tests/app.boot.logging.test.tsx > App boot logging diagnostics > emits reducer and pane logs after successful boot requests
[Table:Trending Tokens] first row { none: true }
[TokensPane:Trending Tokens] rows derived { count: 0, version: 4 }
[Table:New Tokens] first row {
  id: '4CYn7UmzwFSqBQt9gRVxNuQH3PJtYPfTHdghSuPrnVDb',
  price: 0,
  mcap: 95.78323922678436,
  vol: 0,
  buys: 0,
  sells: 0,
  liq: 0
}
[Table:New Tokens] changed 50 rows; first change {
  id: '4CYn7UmzwFSqBQt9gRVxNuQH3PJtYPfTHdghSuPrnVDb',
  old: undefined,
  new: {
    price: 0,
    mcap: 95.78323922678436,
    vol: 0,
    buys: 0,
    sells: 0,
    liq: 0
  }
}
[SubscriptionQueue] setVisible: added 4CYn7UmzwFSqBQt9gRVxNuQH3PJtYPfTHdghSuPrnVDb|HG6FNc3GopWfVGmPfzJNrYLBKwoCNcNdaFKB5PMbpump|900 visible.size: 1
[SubscriptionQueue] setVisible: added EHbC2THA3DqVxpvCpxWz61NLnjFnb533Qt6JTqbBL7kp|8MsofqwuzfroEXtgnk1fjXDv7LAJavJ3cyYuJTKhpump|900 visible.size: 2
[SubscriptionQueue] setVisible: added 4noiheU6cUXz6TCpmkyTkA785qJCXiDzX6vCNnrZ2mUE|2LA46PzhC3ML4VU3S9mwkpHHxjptanbLqyph4k3zxDJS|900 visible.size: 3
[SubscriptionQueue] setVisible: added 0x0CC3822d343691CF585F4fa15f90Fcfb0C638564|0xcE3a8331e054489C068Ff01B288D9A4831D14444|56 visible.size: 4
[SubscriptionQueue] setVisible: added 0x5192A823DC3a5ae2E185Ac26448459618538CfBC|0x459dD9537EE358Ef93a6F3dd34A540D66B5c5c03|56 visible.size: 5
[SubscriptionQueue] setVisible: added 0xB21859CE9f94848820FDA44dCBCE6E6b5DB142b9|0x3F09D8Bf235d45532eF59CE45e4F105635B67191|56 visible.size: 6
[SubscriptionQueue] setVisible: added 0x519F960Fb16722580e997EfeC681B02EBe8d8f59|0xA0423F5e8B6596D1F00ab0246178c745012c1cE4|56 visible.size: 7
[SubscriptionQueue] setVisible: added 0x189C76B51CeB5Bcd580Df702bb12f23D28A60a0f|0x9AaFBCb58C32b1d390F0490A9C9A6BBE2A50dd74|56 visible.size: 8
[SubscriptionQueue] setVisible: added 0xA7722F49f21cF937fae5d042c5EDDCD81C9D5b45|0x093Fe3eC3C59F13591d83517b418015E3F593661|56 visible.size: 9
[SubscriptionQueue] setVisible: added 0xfCff637Ba37d63d6351dA440dB020A91E5bd717D|0x59Ae9E8f9Ad7FE7d87Abf6191B09701237A62C0C|56 visible.size: 10
[SubscriptionQueue] setVisible: added 5bd349hkLvcDYAMrsLDA1BWZxfhgfBkKdC4wwV5LtkgL|3fYwtV2wQvxa99jCdxa67x1zRP2punS7tCy8T8pW6Xip|900 visible.size: 11
[SubscriptionQueue] setVisible: added 21mZ7PinxQNAWLer47J3hgYFPPzCgJYYka17AoEC3Gac|9N8xmXKPzs9gzhdAeN41Wc53zaJB8UCHHkyFMnXvpump|900 visible.size: 12
[SubscriptionQueue] setVisible: added 214u6HKwzLzdaJ4xjCZ2aFVdCkv9MYiy1dpZ5HnkNQyC|MoSpRiUbJvWx4hRLaB3DsaRFZnZeapaPPHGpT33EQcV|900 visible.size: 13
[SubscriptionQueue] setVisible: added DMMUF6L3g1YR9P1R9UNaSfTkT3xVh9oCRYUUf6YZ28A7|52qAHZW62oELcYnfCsDAtLpVkoTUUGwSm6X2bzUbpump|900 visible.size: 14
[SubscriptionQueue] setVisible: added DZeaMn3ZkqYawf8aK7Mx6dZANPe7Zwfc2tux5nNFFVCy|6jM2GXK5W9WcFEbV6tJbQzP2UGju4D5EULoVc1E4pump|900 visible.size: 15
[SubscriptionQueue] setVisible: added G6ewVLWEw5PwHEWcRsgVomfi2DigH2Z3quzvkaMKPgv1|HBjdFwcVZf9rR9zRXtVXnk5LYG5Y41LGsrYRJg5z59xP|900 visible.size: 16
[SubscriptionQueue] setVisible: added 9uYdmNvDUPz6CUDE5mEEb1eNRVCta66M6tFakCgbmk7J|DbZfsc5Av3cabDrZndQL6Pa3vXQwkdkGLGnSAWjZq4dK|900 visible.size: 17
[SubscriptionQueue] setVisible: added 3yaerz8fRtsgi9datdt426nxFVDsmsjVFVEc4BsEvySn|Aen7RjcBaYKX5fx1JRvzv7HXcaxAXRBgauwMdPYevTT7|900 visible.size: 18
[SubscriptionQueue] setVisible: added 0x0BBD6a7772A9514F9d32E06F524dEc8a7378f51C|0xfa20E3448547E7dBC69160233704551143ce47df|8453 visible.size: 19
[SubscriptionQueue] setVisible: added BMVLzGCCqLRoBm1fK9nRuW5xb4W1ZVRudStUhqstxLgp|G4rJ1zR41GZraETDXHURYJ2ZStTD3DqU6NeYGjjmr1kJ|900 visible.size: 20
[SubscriptionQueue] setVisible: added JAW3fnXZ4oLWqDMPq2GdWnjP7TwnY6k4nQ4QQs5rnWao|4PYvyKqkMxvHEcbzPoiPMW9W2ifgxkHtgwXEhm5Hbonk|900 visible.size: 21
[SubscriptionQueue] setVisible: added 29tCN2xqc4vsBhDbKc4ErkASyU5cmSYtKfFajtY1EHoU|BQuYphA76uEVTnVLFvyPHFp6uroPV87vgbJogRumpump|900 visible.size: 22
[SubscriptionQueue] setVisible: added CEDJsVXFC5BSD15mieW1crJNfGqry6CvkabXuvQWqzpg|7nagxq3uMtsAuQ6AgyqyECAoccZqVHB8FLb2Teyvpump|900 visible.size: 23
[SubscriptionQueue] setVisible: added 0xACDE96cF19D852111A212Db4054f201876f4F0B9|0x0De9b6f1567F50D4290Bc866a9e18D696e7f3Bfc|8453 visible.size: 24
[SubscriptionQueue] setVisible: added 9tiwyYw6Lq12KrJttv7PW38UBS8xFvghASnkGYgSZrTK|J27NqBFKDi8rgAMup1SH1HzjJkpYiTMeiqnfeYBFX9ZX|900 visible.size: 25
[SubscriptionQueue] setVisible: added GcgC1D8DkitvZg75qrxPoPs2zy1oth6w7ubzV1fjj1VM|EF5HfXQERyajeoeqDQWmbpK3ptNcaX3wk1nbRSjrpump|900 visible.size: 26
[SubscriptionQueue] setVisible: added 3zVRfPYpvKY8VwPM4DJoFZqb8SMnMN6qnYdpf2AG7hr2|223JNPAcUYZXDYvKADgKN8jNP6UU5hrXeCthweuibonk|900 visible.size: 27
[SubscriptionQueue] setVisible: added 768dKGhHRJgikj9rhPijAvTvnXEvMNaxWE8QkrMVExGL|6xNd7LzT18d5D3mFDW9gwovfWKAohxGDbEtjBnvhpump|900 visible.size: 28
[SubscriptionQueue] setVisible: added EwiVBVLZVfxLY9SwSmLpSNRhG785Je9crXzz47dEYpSe|8Nx9T6bcTpYyGH1EQ5VYwhMMtgBEeBFDsxTAUW192UFN|900 visible.size: 29
[SubscriptionQueue] setVisible: added 4opeYPXkwopihpYRTc8ZpHUbUyB4n4Qr4XFvfWKiLGcg|DXsKEZNNXU7PEpTRiJjHziHUGA95Vq12Uo4ezrS8pump|900 visible.size: 30
[SubscriptionQueue] setVisible: added GGp34KU2ijeTMw5rr2XaQ2ZMvFZzfiG8MMXixzMTWrJ4|3xS8UicwtFJLnhyzZgyctpsue3fQh1TU4dQYwKK8pump|900 visible.size: 31
[SubscriptionQueue] setVisible: added 6dMAk3d9NXS6Pr67KjsNR43739rR2Fh8snSkxu4mGFGF|H7hTvzfTgZTxiWzvjtRHuD8A5goy6wgYD8mFzxgcpump|900 visible.size: 32
[SubscriptionQueue] setVisible: added CQRism6bRr1jSWu1uXwSSTzkSneGZ3abCztzT6oaBtGJ|5eHQGT2GXge2i7bFz8xB76epkS1fzTBmVGy1MQRWuXao|900 visible.size: 33
[SubscriptionQueue] setVisible: added HBCqc5omkTrN3FUjjVgtwJHVbggQcNZRWikEuPHrRcwz|C6UWEkrtpgd5WnPN6WtmyCXv4hXWPMvS7xXWjFZNpump|900 visible.size: 34
[SubscriptionQueue] setVisible: added HymUN3CKQy8xT97uH5uNS3Tv55FZdH4XFsquWGVMZBaJ|4JLfdgcmzdEMuhFgjXywnVUuMhWo1kGRa5N9hMgUpump|900 visible.size: 35
[SubscriptionQueue] setVisible: added 4pLEnB41oQ9SuWxQohWVBirkppQRAApeFH46XdAPbxCC|4JLfdgcmzdEMuhFgjXywnVUuMhWo1kGRa5N9hMgUpump|900 visible.size: 36
[SubscriptionQueue] setVisible: added 0xE36334a376E71Abc5bC087F3C62597A540685949|0x4ce8a39D4c0D3644f22553b9C2c7708199Bad23b|8453 visible.size: 37
[SubscriptionQueue] setVisible: added 0x231478DF651aE4781de6b8457E10193BAAF1Ffaa|0x2F78Bcd7eA3bc5793F571953951ae17633FBaFAE|8453 visible.size: 38
[SubscriptionQueue] setVisible: added 0x103DCB1CF290153b0EDb8cD6510fcfC7172F71dD|0x3312AC3BDaF6CecE35Dae3CCf8172bAD6020Ea69|8453 visible.size: 39
[SubscriptionQueue] setVisible: added EmscLdfuVCsNYCFJ4RXG84W2hfEN83x49V2JoZPTgS2H|CnqQ43bnNvGXWmNjEUQbUCqCmZxDzhECzyEKMeJquYge|900 visible.size: 40
[SubscriptionQueue] setVisible: added 9LaLRbRGEqUhQjmw3UCsSuqUHHCDMRbZcZsyuJYEvXyd|EamYnXqSZ29HNAcenE5EBP4UujabRZgZzbHWKdA1h6Au|900 visible.size: 41
[SubscriptionQueue] setVisible: added 8r5gUunycJPXVAPknJfWfGbNYffhvMLyLdancSDx8TEN|6LYnd29f7eJTbHiaBSSREVAHYRs1iR61b7nkf73Cpump|900 visible.size: 42
[SubscriptionQueue] setVisible: added C4e5Q4345nMSD1HiBfWFtHYkHVgvviHMGx8J2S4BnqtG|97sraAGszzEFY6AW8iuWfTceBQWa1RzuFRXryJqSbonk|900 visible.size: 43
[SubscriptionQueue] setVisible: added D3qmwAP2bDd5qxEeqcmA8Y7Brj9k1MTn7DTi3S2KHQG|5Ce42awcXUsFxmJnyRPmCzHUAvCJ8tAD29vJmUdpump|900 visible.size: 44
[SubscriptionQueue] setVisible: added qLKeBk26GQn7rzSTWjvTikkfwwmPycqqT51TZVUMwxi|FKbVnTYAHJt1Bt6viKGdA4JL1HQFg2W27AAStWexpump|900 visible.size: 45
[SubscriptionQueue] setVisible: added H6QeCwAc9wbjypbXRyFkL7pDPZBFBQMyVFYkrcM5EPDE|HCYRGDne2EYUvXMrEXywdmzSVKCyBP4TzorRNU1Bpump|900 visible.size: 46
[SubscriptionQueue] setVisible: added EqKbEFGPzbz7Adh5YD5zg9d8TupcgkhFNvG2at4uYy8X|3m6sEJ1XqkbvbFfSM1ywyFHFwTwFNtGCHHishPSXpump|900 visible.size: 47
[SubscriptionQueue] setVisible: added 3y2hZe5D3mwwhkjz7jNsN9dTDWgKkZh9msXJ8r1ApLyh|E2ZGPypgSn1oFan4wDiWECS7dwmdRZkr54V1bFvnpump|900 visible.size: 48
[SubscriptionQueue] setVisible: added 0xd1a44891Cb74A134535849059356f08a1591b028|0x11547CcCD2F0E4CC0a07b41d7c905c61317E918D|8453 visible.size: 49
[SubscriptionQueue] setVisible: added 9wGeHNRauqFWYRXcrmADV7Yrg9GrUvgWeTMzE72AuHEc|Gqgq2Yy5BpGcuTVhyY5mrTYVYE3RZmTuzVcHDswwpump|900 visible.size: 50
[TokensPane:New Tokens] rows derived {
  count: 50,
  firstId: '4CYn7UmzwFSqBQt9gRVxNuQH3PJtYPfTHdghSuPrnVDb',
  firstPrice: 0,
  version: 4
}
[SubscriptionQueue] getVisibleCount: 0
TokensPane mounted: Trending Tokens
TokensPane mounted: New Tokens

 ❯ tests/tokensPane.table.render.test.tsx (1 test | 1 failed) 1139ms
   × TokensPane→Table integration: renders DOM rows post-fetch > mounts, fetches, dispatches, and renders > 0 rows 1138ms
     → expected 0 to be greater than 0

Ignored nodes: comments, script, style
[36m<html>[39m
  [36m<head />[39m
  [36m<body>[39m
    [36m<div>[39m
      [36m<div>[39m
        [36m<section>[39m
          [36m<div[39m
            [33mstyle[39m=[32m"display: flex; align-items: center; justify-content: space-between; gap: 8px; flex-wrap: wrap;"[39m
          [36m>[39m
            [36m<h2[39m
              [33mstyle[39m=[32m"margin: 0px;"[39m
            [36m>[39m
              [0mNew Tokens[0m
              [36m<span[39m
                [33mclass[39m=[32m"muted"[39m
                [33mstyle[39m=[32m"font-size: 12px; margin-left: 8px;"[39m
              [36m>[39m
                [0m0[0m
                [0m rows[0m
              [36m</span>[39m
            [36m</h2>[39m
            [36m<div[39m
              [33mclass[39m=[32m"export-controls"[39m
              [33mstyle[39m=[32m"display: flex; align-items: center; gap: 8px;"[39m
            [36m>[39m
              [36m<label[39m
                [33mclass[39m=[32m"muted"[39m
                [33mstyle[39m=[32m"font-size: 12px;"[39m
              [36m>[39m
                [0mFormat[0m
                [36m<select[39m
                  [33maria-label[39m=[32m"Select New Tokens export format"[39m
                  [33mstyle[39m=[32m"margin-left: 6px;"[39m
                [36m>[39m
                  [36m<option[39m
                    [33mvalue[39m=[32m"csv"[39m
                  [36m>[39m
                    [0mCSV[0m
                  [36m</option>[39m
                  [36m<option[39m
                    [33mvalue[39m=[32m"json"[39m
                  [36m>[39m
                    [0mJSON[0m
                  [36m</option>[39m
                [36m</select>[39m
              [36m</label>[39m
              [36m<button[39m
                [33mdisabled[39m=[32m""[39m
                [33mtitle[39m=[32m"Export 0 rows"[39m
                [33mtype[39m=[32m"button"[39m
              [36m>[39m
                [0mExport[0m
              [36m</button>[39m
            [36m</div>[39m
            [36m<div[39m
              [33mclass[39m=[32m"status"[39m
            [36m>[39m
              [0mNo data[0m
            [36m</div>[39m
            [36m<div[39m
              [33mclass[39m=[32m"table-wrap"[39m
              [33mstyle[39m=[32m"width: 100%;"[39m
            [36m>[39m
              [36m<table[39m
                [33mclass[39m=[32m"tokens"[39m
              [36m>[39m
                [36m<thead>[39m
                  [36m<tr>[39m
                    [36m<th[39m
                      [33maria-sort[39m=[32m"none"[39m
                      [33mstyle[39m=[32m"cursor: pointer; text-align: left;"[39m
                      [33mtitle[39m=[32m"Token name and symbol. Click to sort alphabetically."[39m
                    [36m>[39m
                      [36m<span[39m
                        [33mstyle[39m=[32m"display: inline-flex; flex-direction: column; align-items: flex-start; gap: 2px; line-height: 1.1; text-align: left;"[39m
                      [36m>[39m
                        [36m<span>[39m
                          [0mToken[0m
                        [36m</span>[39m
                        [36m<span[39m
                          [33mstyle[39m=[32m"display: inline-flex; align-items: center; gap: 4px;"[39m
                        [36m>[39m
                          [36m<svg[39m
                            [33mclass[39m=[32m"lucide lucide-arrow-up"[39m
                            [33mfill[39m=[32m"none"[39m
                            [33mheight[39m=[32m"12"[39m
                            [33mstroke[39m=[32m"#6b7280"[39m
                            [33mstroke-linecap[39m=[32m"round"[39m
                            [33mstroke-linejoin[39m=[32m"round"[39m
                            [33mstroke-width[39m=[32m"2"[39m
                            [33mviewBox[39m=[32m"0 0 24 24"[39m
                            [33mwidth[39m=[32m"12"[39m
                            [33mxmlns[39m=[32m"http://www.w3.org/2000/svg"[39m
                          [36m>[39m
                            [36m<path[39m
                              [33md[39m=[32m"m5 12 7-7 7 7"[39m
                            [36m/>[39m
                            [36m<path[39m
                              [33md[39m=[32m"M12 19V5"[39m
                            [36m/>[39m
                          [36m</svg>[39m
                          [36m<svg[39m
                            [33mclass[39m=[32m"lucide lucide-arrow-down"[39m
                            [33mfill[39m=[32m"none"[39m
                            [33mheight[39m=[32m"12"[39m
                            [33mstroke[39m=[32m"#6b7280"[39m
                            [33mstroke-linecap[39m=[32m"round"[39m
                            [33mstroke-linejoin[39m=[32m"round"[39m
                            [33mstroke-width[39m=[32m"2"[39m
                            [33mviewBox[39m=[32m"0 0 24 24"[39m
                            [33mwidth[39m=[32m"12"[39m
                            [33mxmlns[39m=[32m"http://www.w3.org/2000/svg"[39m
                          [36m>[39m
                            [36m<path[39m
                              [33md[39m=[32m"M12 5v14"[39m
                            [36m/>[39m
                            [36m<path[39m
                              [33md[39m=[32m"m19 12-7 7-7-7"[39m
                            [36m/>[39m
                          [36m</svg>[39m
                        [36m</span>[39m
                      [36m</span>[39m
                    [36m</th>[39m
                    [36m<th[39m
                      [33maria-sort[39m=[32m"none"[39m
                      [33mstyle[39m=[32m"cursor: pointer; text-align: right;"[39m
                      [33mtitle[39m=[32m"Exchange/DEX where the pair trades. Click to sort by exchange name."[39m
                    [36m>[39m
                      [36m<span[39m
                        [33mstyle[39m=[32m"display: inline-flex; flex-direction: column; align-items: flex-end; gap: 2px; line-height: 1.1; text-align: right;"[39m
                      [36m>[39m
                        [36m<span>[39m
                          [0mExch.[0m
                        [36m</span>[39m
                        [36m<span[39m
                          [33mstyle[39m=[32m"display: inline-flex; align-items: center; gap: 4px;"[39m
                        [36m>[39m
                          [36m<svg[39m
                            [33mclass[39m=[32m"lucide lucide-arrow-up"[39m
                            [33mfill[39m=[32m"none"[39m
                            [33mheight[39m=[32m"12"[39m
                            [33mstroke[39m=[32m"#6b7280"[39m
                            ...
stdout | tests/app.boot.logging.test.tsx > App boot logging diagnostics > emits reducer and pane logs after successful boot requests
[SubscriptionQueue] getVisibleCount: 0

 ❯ tests/app.boot.logging.test.tsx (1 test | 1 failed) 1775ms
   × App boot logging diagnostics > emits reducer and pane logs after successful boot requests 1773ms
     → expected 0 to be greater than 0

Ignored nodes: comments, script, style
[36m<html[39m
  [33mdata-theme[39m=[32m"cherry-sour"[39m
[36m>[39m
  [36m<head />[39m
  [36m<body[39m
    [33mdata-detail-open[39m=[32m"0"[39m
  [36m>[39m
    [36m<div>[39m
      [36m<div[39m
        [33mstyle[39m=[32m"position: relative;"[39m
      [36m>[39m
        [36m<div[39m
          [33mstyle[39m=[32m"padding: 16px 16px 16px 10px;"[39m
        [36m>[39m
          [36m<div[39m
            [33maria-modal[39m=[32m"true"[39m
            [33mrole[39m=[32m"dialog"[39m
            [33mstyle[39m=[32m"position: fixed; inset: 0; z-index: 9999; display: none; align-items: center; justify-content: center; padding: 20px; background: rgba(0, 0, 0, 0.48);"[39m
          [36m>[39m
            [36m<div[39m
              [33mstyle[39m=[32m"position: relative; width: 100%; height: 100%; max-width: calc(100vw - 40px); max-height: calc(100vh - 40px); border: 1px solid rgb(55, 65, 81); border-radius: 8px; background: rgba(17, 24, 39, 0.8); overflow: auto; padding: 16px;"[39m
            [36m>[39m
              [36m<div[39m
                [33mstyle[39m=[32m"display: flex; justify-content: space-between; margin-bottom: 8px;"[39m
              [36m>[39m
                [36m<div[39m
                  [33mstyle[39m=[32m"display: flex; align-items: center; gap: 12px;"[39m
                [36m>[39m
                  [36m<div[39m
                    [33mstyle[39m=[32m"font-weight: 700;"[39m
                  [36m>[39m
                    [0mDetails[0m
                  [36m</div>[39m
                [36m</div>[39m
                [36m<button[39m
                  [33mstyle[39m=[32m"background: transparent; color: inherit; border: 1px solid rgb(75, 85, 99); border-radius: 4px; padding: 4px 8px;"[39m
                  [33mtype[39m=[32m"button"[39m
                [36m>[39m
                  [0mClose[0m
                [36m</button>[39m
              [36m</div>[39m
              [36m<div[39m
                [33mclass[39m=[32m"muted"[39m
                [33mstyle[39m=[32m"margin-top: 8px; margin-bottom: 8px;"[39m
              [36m>[39m
                [0mSelect a base token to view details and charts.[0m
              [36m</div>[39m
            [36m</div>[39m
          [36m</div>[39m
          [36m<div[39m
            [33mstyle[39m=[32m"display: flex; align-items: stretch; justify-content: space-between; gap: 12px; flex-wrap: wrap; margin-bottom: 8px;"[39m
          [36m>[39m
            [36m<div[39m
              [33mstyle[39m=[32m"display: flex; flex-direction: column; align-items: flex-start; gap: 4px;"[39m
            [36m>[39m
              [36m<h1[39m
                [33mstyle[39m=[32m"margin: 0px; display: inline-flex; align-items: center; gap: 8px;"[39m
              [36m>[39m
                [0mDexcelerate Scanner[0m
                [36m<button[39m
                  [33maria-label[39m=[32m"Open details"[39m
                  [33mstyle[39m=[32m"background: transparent; border: 1px solid rgb(75, 85, 99); border-radius: 6px; color: inherit; font-size: 22px; line-height: 1; padding: 2px 6px; cursor: pointer;"[39m
                  [33mtitle[39m=[32m"Open Details"[39m
                  [33mtype[39m=[32m"button"[39m
                [36m>[39m
                  [36m<svg[39m
                    [33mclass[39m=[32m"lucide lucide-chart-no-axes-combined"[39m
                    [33mfill[39m=[32m"none"[39m
                    [33mheight[39m=[32m"46"[39m
                    [33mstroke[39m=[32m"currentColor"[39m
                    [33mstroke-linecap[39m=[32m"round"[39m
                    [33mstroke-linejoin[39m=[32m"round"[39m
                    [33mstroke-width[39m=[32m"2"[39m
                    [33mviewBox[39m=[32m"0 0 24 24"[39m
                    [33mwidth[39m=[32m"46"[39m
                    [33mxmlns[39m=[32m"http://www.w3.org/2000/svg"[39m
                  [36m>[39m
                    [36m<path[39m
                      [33md[39m=[32m"M12 16v5"[39m
                    [36m/>[39m
                    [36m<path[39m
                      [33md[39m=[32m"M16 14v7"[39m
                    [36m/>[39m
                    [36m<path[39m
                      [33md[39m=[32m"M20 10v11"[39m
                    [36m/>[39m
                    [36m<path[39m
                      [33md[39m=[32m"m22 3-8.646 8.646a.5.5 0 0 1-.708 0L9.354 8.354a.5.5 0 0 0-.707 0L2 15"[39m
                    [36m/>[39m
                    [36m<path[39m
                      [33md[39m=[32m"M4 18v3"[39m
                    [36m/>[39m
                    [36m<path[39m
                      [33md[39m=[32m"M8 14v7"[39m
                    [36m/>[39m
                  [36m</svg>[39m
                [36m</button>[39m
              [36m</h1>[39m
              [36m<h2[39m
                [33mstyle[39m=[32m"margin: 0px; display: inline-flex; align-items: center; gap: 8px;"[39m
              [36m>[39m
                [36m<span[39m
                  [33mclass[39m=[32m"muted"[39m
                  [33mstyle[39m=[32m"font-size: 11px; padding: 2px 6px; border: 1px solid rgb(75, 85, 99); border-radius: 12px; background: rgba(255, 255, 255, 0.06); letter-spacing: 0.5px;"[39m
                  [33mtitle[39m=[32m"Active subscriptions across all panes"[39m
                [36m>[39m
                  [0mVisSubs: [0m
                  [36m<strong[39m
                    [33mstyle[39m=[32m"margin-left: 4px;"[39m
                  [36m>[39m
                    [0m0[0m
                  [36m</strong>[39m
                [36m</span>[39m
                [36m<span[39m
                  [33mclass[39m=[32m"muted"[39m
                  [33mstyle[39m=[32m"font-size: 11px; padding: 2px 6px; border: 1px solid rgb(75, 85, 99); border-radius: 12px; background: rgba(255, 255, 255, 0.06); letter-spacing: 0.5px;"[39m
                  [33mtitle[39m=[32m"Invisible subscriptions in FIFO queue"[39m
                [36m>[39m
                  [0mInvisSubs: [0m
                  [36m<strong[39m
                    [33mstyle[39m=[32m"margin-left: 4px;"[39m
                  [36m>[39m
                    [0m0[0m
                  [36m</strong>[39m
                [36m</span>[39m
                [36m<span[39m
                  [33mclass[39m=[32m"muted"[39m
                  [33mstyle[39m=[32m"font-size: 11px; padding: 2px 6px; border: 1px solid rgb(75, 85, 99); border-radius: 12px; background: rgba(255, 255, 255, 0.06); letter-spacing: 0.5px;"[39m
                  [33mtitle[39m=[32m"Scanner events received"[39m
                [36m>[39m
                  [0mScanner[0m
                  [0m: [0m
                  [36m<strong[39m
                    [33mstyle[39m=[32m"margin-left: 4px;"[39m
                ...
 ❯ tests/tokensPane.smoke.test.tsx (1 test | 1 failed) 3176ms
   × TokensPane smoke: dispatches after successful fetch > fires init empty dispatch and then a non-empty scanner dispatch 3175ms
     → expected false to be true // Object.is equality

Ignored nodes: comments, script, style
[36m<html>[39m
  [36m<head />[39m
  [36m<body>[39m
    [36m<div>[39m
      [36m<div>[39m
        [36m<section>[39m
          [36m<div[39m
            [33mstyle[39m=[32m"display: flex; align-items: center; justify-content: space-between; gap: 8px; flex-wrap: wrap;"[39m
          [36m>[39m
            [36m<h2[39m
              [33mstyle[39m=[32m"margin: 0px;"[39m
            [36m>[39m
              [0mTrending Tokens[0m
              [36m<span[39m
                [33mclass[39m=[32m"muted"[39m
                [33mstyle[39m=[32m"font-size: 12px; margin-left: 8px;"[39m
              [36m>[39m
                [0m0[0m
                [0m rows[0m
              [36m</span>[39m
            [36m</h2>[39m
            [36m<div[39m
              [33mclass[39m=[32m"export-controls"[39m
              [33mstyle[39m=[32m"display: flex; align-items: center; gap: 8px;"[39m
            [36m>[39m
              [36m<label[39m
                [33mclass[39m=[32m"muted"[39m
                [33mstyle[39m=[32m"font-size: 12px;"[39m
              [36m>[39m
                [0mFormat[0m
                [36m<select[39m
                  [33maria-label[39m=[32m"Select Trending Tokens export format"[39m
                  [33mstyle[39m=[32m"margin-left: 6px;"[39m
                [36m>[39m
                  [36m<option[39m
                    [33mvalue[39m=[32m"csv"[39m
                  [36m>[39m
                    [0mCSV[0m
                  [36m</option>[39m
                  [36m<option[39m
                    [33mvalue[39m=[32m"json"[39m
                  [36m>[39m
                    [0mJSON[0m
                  [36m</option>[39m
                [36m</select>[39m
              [36m</label>[39m
              [36m<button[39m
                [33mdisabled[39m=[32m""[39m
                [33mtitle[39m=[32m"Export 0 rows"[39m
                [33mtype[39m=[32m"button"[39m
              [36m>[39m
                [0mExport[0m
              [36m</button>[39m
            [36m</div>[39m
            [36m<div[39m
              [33mclass[39m=[32m"status"[39m
            [36m>[39m
              [0mNo data[0m
            [36m</div>[39m
            [36m<div[39m
              [33mclass[39m=[32m"table-wrap"[39m
              [33mstyle[39m=[32m"width: 100%;"[39m
            [36m>[39m
              [36m<table[39m
                [33mclass[39m=[32m"tokens"[39m
              [36m>[39m
                [36m<thead>[39m
                  [36m<tr>[39m
                    [36m<th[39m
                      [33maria-sort[39m=[32m"ascending"[39m
                      [33mstyle[39m=[32m"cursor: pointer; text-align: left;"[39m
                      [33mtitle[39m=[32m"Token name and symbol. Click to sort alphabetically."[39m
                    [36m>[39m
                      [36m<span[39m
                        [33mstyle[39m=[32m"display: inline-flex; flex-direction: column; align-items: flex-start; gap: 2px; line-height: 1.1; color: var(--accent-up); text-align: left;"[39m
                      [36m>[39m
                        [36m<span>[39m
                          [0mToken[0m
                        [36m</span>[39m
                        [36m<span[39m
                          [33mstyle[39m=[32m"display: inline-flex; align-items: center; gap: 4px;"[39m
                        [36m>[39m
                          [36m<svg[39m
                            [33mclass[39m=[32m"lucide lucide-arrow-up"[39m
                            [33mfill[39m=[32m"none"[39m
                            [33mheight[39m=[32m"12"[39m
                            [33mstroke[39m=[32m"var(--accent-up)"[39m
                            [33mstroke-linecap[39m=[32m"round"[39m
                            [33mstroke-linejoin[39m=[32m"round"[39m
                            [33mstroke-width[39m=[32m"2"[39m
                            [33mviewBox[39m=[32m"0 0 24 24"[39m
                            [33mwidth[39m=[32m"12"[39m
                            [33mxmlns[39m=[32m"http://www.w3.org/2000/svg"[39m
                          [36m>[39m
                            [36m<path[39m
                              [33md[39m=[32m"m5 12 7-7 7 7"[39m
                            [36m/>[39m
                            [36m<path[39m
                              [33md[39m=[32m"M12 19V5"[39m
                            [36m/>[39m
                          [36m</svg>[39m
                          [36m<svg[39m
                            [33mclass[39m=[32m"lucide lucide-arrow-down"[39m
                            [33mfill[39m=[32m"none"[39m
                            [33mheight[39m=[32m"12"[39m
                            [33mstroke[39m=[32m"#6b7280"[39m
                            [33mstroke-linecap[39m=[32m"round"[39m
                            [33mstroke-linejoin[39m=[32m"round"[39m
                            [33mstroke-width[39m=[32m"2"[39m
                            [33mviewBox[39m=[32m"0 0 24 24"[39m
                            [33mwidth[39m=[32m"12"[39m
                            [33mxmlns[39m=[32m"http://www.w3.org/2000/svg"[39m
                          [36m>[39m
                            [36m<path[39m
                              [33md[39m=[32m"M12 5v14"[39m
                            [36m/>[39m
                            [36m<path[39m
                              [33md[39m=[32m"m19 12-7 7-7-7"[39m
                            [36m/>[39m
                          [36m</svg>[39m
                        [36m</span>[39m
                      [36m</span>[39m
                    [36m</th>[39m
                    [36m<th[39m
                      [33maria-sort[39m=[32m"none"[39m
                      [33mstyle[39m=[32m"cursor: pointer; text-align: right;"[39m
                      [33mtitle[39m=[32m"Exchange/DEX where the pair trades. Click to sort by exchange name."[39m
                    [36m>[39m
                      [36m<span[39m
                        [33mstyle[39m=[32m"display: inline-flex; flex-direction: column; align-items: flex-end; gap: 2px; line-height: 1.1; text-align: right;"[39m
                      [36m>[39m
                        [36m<span>[39m
                          [0mExch.[0m
                        [36m</span>[39m
                        [36m<span[39m
                          [33mstyle[39m=[32m"display: inline-flex; align-items: center; gap: 4px;"[39m
                        [36m>[39m
                          [36m<svg[39m
                            [33mclass[39m=[32m"lucide lucide-arrow-up"[39m
                            [33mfill[39m=[32m"none"[39m
                            [33mheight[39m=[32m"12"[39m
                            [33mstroke[39m...

⎯⎯⎯⎯⎯⎯ Failed Suites 4 ⎯⎯⎯⎯⎯⎯⎯

 FAIL  tests/AuditIcons.test.tsx [ tests/AuditIcons.test.tsx ]
Error: No test suite found in file /var/home/pboling/WebstormProjects/dexcelerate-fe-test/tests/AuditIcons.test.tsx
⎯⎯⎯⎯⎯⎯⎯⎯⎯⎯⎯⎯⎯⎯⎯⎯⎯⎯⎯⎯⎯⎯⎯[1/20]⎯

 FAIL  tests/ErrorBoundary.test.tsx [ tests/ErrorBoundary.test.tsx ]
Error: No test suite found in file /var/home/pboling/WebstormProjects/dexcelerate-fe-test/tests/ErrorBoundary.test.tsx
⎯⎯⎯⎯⎯⎯⎯⎯⎯⎯⎯⎯⎯⎯⎯⎯⎯⎯⎯⎯⎯⎯⎯[2/20]⎯

 FAIL  tests/SortHeader.test.tsx [ tests/SortHeader.test.tsx ]
Error: No test suite found in file /var/home/pboling/WebstormProjects/dexcelerate-fe-test/tests/SortHeader.test.tsx
⎯⎯⎯⎯⎯⎯⎯⎯⎯⎯⎯⎯⎯⎯⎯⎯⎯⎯⎯⎯⎯⎯⎯[3/20]⎯

 FAIL  tests/Table.test.tsx [ tests/Table.test.tsx ]
Error: No test suite found in file /var/home/pboling/WebstormProjects/dexcelerate-fe-test/tests/Table.test.tsx
⎯⎯⎯⎯⎯⎯⎯⎯⎯⎯⎯⎯⎯⎯⎯⎯⎯⎯⎯⎯⎯⎯⎯[4/20]⎯

⎯⎯⎯⎯⎯⎯ Failed Tests 16 ⎯⎯⎯⎯⎯⎯⎯

 FAIL  tests/BurnDetailsTooltip.test.tsx > BurnDetailsTooltip > renders without crashing
ReferenceError: React is not defined
 ❯ tests/BurnDetailsTooltip.test.tsx:7:34
      5| describe('BurnDetailsTooltip', () => {
      6|   it('renders without crashing', () => {
      7|     const { container } = render(<BurnDetailsTooltip totalSupply={1000…
       |                                  ^
      8|     expect(container).toBeTruthy();
      9|   });

⎯⎯⎯⎯⎯⎯⎯⎯⎯⎯⎯⎯⎯⎯⎯⎯⎯⎯⎯⎯⎯⎯⎯[5/20]⎯

 FAIL  tests/ChartSection.test.tsx > ChartSection > renders without crashing
ReferenceError: React is not defined
 ❯ tests/ChartSection.test.tsx:18:34
     16|       buildPath: () => '',
     17|     };
     18|     const { container } = render(<ChartSection {...props} />);
       |                                  ^
     19|     expect(container).toBeTruthy();
     20|   });

⎯⎯⎯⎯⎯⎯⎯⎯⎯⎯⎯⎯⎯⎯⎯⎯⎯⎯⎯⎯⎯⎯⎯[6/20]⎯

 FAIL  tests/ChartSection.test.tsx > AuditIcons > renders without crashing
ReferenceError: React is not defined
 ❯ tests/ChartSection.test.tsx:29:34
     27|   it('renders without crashing', () => {
     28|     const flags: AuditFlags = { verified: true };
     29|     const { container } = render(<AuditIcons {...flags} />);
       |                                  ^
     30|     expect(container).toBeTruthy();
     31|   });

⎯⎯⎯⎯⎯⎯⎯⎯⎯⎯⎯⎯⎯⎯⎯⎯⎯⎯⎯⎯⎯⎯⎯[7/20]⎯

 FAIL  tests/NumberCell.test.tsx > NumberCell > renders without crashing
ReferenceError: React is not defined
 ❯ tests/NumberCell.test.tsx:7:34
      5| describe('NumberCell', () => {
      6|   it('renders without crashing', () => {
      7|     const { container } = render(<NumberCell value={123} />);
       |                                  ^
      8|     expect(container).toBeTruthy();
      9|   });

⎯⎯⎯⎯⎯⎯⎯⎯⎯⎯⎯⎯⎯⎯⎯⎯⎯⎯⎯⎯⎯⎯⎯[8/20]⎯

 FAIL  tests/Row.test.tsx > Row > renders without crashing
ReferenceError: React is not defined
 ❯ tests/Row.test.tsx:7:34
      5| describe('Row', () => {
      6|   it('renders without crashing', () => {
      7|     const { container } = render(<Row id="test" />);
       |                                  ^
      8|     expect(container).toBeTruthy();
      9|   });

⎯⎯⎯⎯⎯⎯⎯⎯⎯⎯⎯⎯⎯⎯⎯⎯⎯⎯⎯⎯⎯⎯⎯[9/20]⎯

 FAIL  tests/Row.test.tsx > ErrorBoundary > renders without crashing
ReferenceError: React is not defined
 ❯ tests/Row.test.tsx:17:34
     15| describe('ErrorBoundary', () => {
     16|   it('renders without crashing', () => {
     17|     const { container } = render(<ErrorBoundary><div>Child</div></Erro…
       |                                  ^
     18|     expect(container).toBeTruthy();
     19|   });

⎯⎯⎯⎯⎯⎯⎯⎯⎯⎯⎯⎯⎯⎯⎯⎯⎯⎯⎯⎯⎯⎯[10/20]⎯

 FAIL  tests/Sparkline.test.tsx > Sparkline > renders without crashing
ReferenceError: React is not defined
 ❯ tests/Sparkline.test.tsx:7:34
      5| describe('Sparkline', () => {
      6|   it('renders without crashing', () => {
      7|     const { container } = render(<Sparkline data={[1,2,3]} />);
       |                                  ^
      8|     expect(container).toBeTruthy();
      9|   });

⎯⎯⎯⎯⎯⎯⎯⎯⎯⎯⎯⎯⎯⎯⎯⎯⎯⎯⎯⎯⎯⎯[11/20]⎯

 FAIL  tests/SubscriptionDebugOverlay.test.tsx > SubscriptionDebugOverlay > renders without crashing
ReferenceError: React is not defined
 ❯ tests/SubscriptionDebugOverlay.test.tsx:7:34
      5| describe('SubscriptionDebugOverlay', () => {
      6|   it('renders without crashing', () => {
      7|     const { container } = render(<SubscriptionDebugOverlay />);
       |                                  ^
      8|     expect(container).toBeTruthy();
      9|   });

⎯⎯⎯⎯⎯⎯⎯⎯⎯⎯⎯⎯⎯⎯⎯⎯⎯⎯⎯⎯⎯⎯[12/20]⎯

 FAIL  tests/SubscriptionDebugOverlay.test.tsx > SortHeader > renders without crashing
ReferenceError: React is not defined
 ❯ tests/SubscriptionDebugOverlay.test.tsx:17:34
     15| describe('SortHeader', () => {
     16|   it('renders without crashing', () => {
     17|     const { container } = render(<SortHeader label="Test" />);
       |                                  ^
     18|     expect(container).toBeTruthy();
     19|   });

⎯⎯⎯⎯⎯⎯⎯⎯⎯⎯⎯⎯⎯⎯⎯⎯⎯⎯⎯⎯⎯⎯[13/20]⎯

 FAIL  tests/TokensPane.test.tsx > TokensPane > renders without crashing
ReferenceError: React is not defined
 ❯ tests/TokensPane.test.tsx:7:34
      5| describe('TokensPane', () => {
      6|   it('renders without crashing', () => {
      7|     const { container } = render(<TokensPane />);
       |                                  ^
      8|     expect(container).toBeTruthy();
      9|   });

⎯⎯⎯⎯⎯⎯⎯⎯⎯⎯⎯⎯⎯⎯⎯⎯⎯⎯⎯⎯⎯⎯[14/20]⎯

 FAIL  tests/UpdateRate.test.tsx > UpdateRate > renders without crashing
ReferenceError: React is not defined
 ❯ tests/UpdateRate.test.tsx:7:34
      5| describe('UpdateRate', () => {
      6|   it('renders without crashing', () => {
      7|     const { container } = render(<UpdateRate rate={1} />);
       |                                  ^
      8|     expect(container).toBeTruthy();
      9|   });

⎯⎯⎯⎯⎯⎯⎯⎯⎯⎯⎯⎯⎯⎯⎯⎯⎯⎯⎯⎯⎯⎯[15/20]⎯

 FAIL  tests/WsConsole.test.tsx > WsConsole > renders without crashing
ReferenceError: React is not defined
 ❯ tests/WsConsole.test.tsx:8:34
      6| describe('WsConsole', () => {
      7|   it('renders without crashing', () => {
      8|     const { container } = render(<WsConsole />);
       |                                  ^
      9|     expect(container).toBeTruthy();
     10|   });

⎯⎯⎯⎯⎯⎯⎯⎯⎯⎯⎯⎯⎯⎯⎯⎯⎯⎯⎯⎯⎯⎯[16/20]⎯

 FAIL  tests/WsConsole.test.tsx > Table > renders without crashing
ReferenceError: React is not defined
 ❯ tests/WsConsole.test.tsx:15:34
     13| describe('Table', () => {
     14|   it('renders without crashing', () => {
     15|     const { container } = render(<Table rows={[]} />);
       |                                  ^
     16|     expect(container).toBeTruthy();
     17|   });

⎯⎯⎯⎯⎯⎯⎯⎯⎯⎯⎯⎯⎯⎯⎯⎯⎯⎯⎯⎯⎯⎯[17/20]⎯

 FAIL  tests/app.boot.logging.test.tsx > App boot logging diagnostics > emits reducer and pane logs after successful boot requests
AssertionError: expected 0 to be greater than 0

Ignored nodes: comments, script, style
[36m<html[39m
  [33mdata-theme[39m=[32m"cherry-sour"[39m
[36m>[39m
  [36m<head />[39m
  [36m<body[39m
    [33mdata-detail-open[39m=[32m"0"[39m
  [36m>[39m
    [36m<div>[39m
      [36m<div[39m
        [33mstyle[39m=[32m"position: relative;"[39m
      [36m>[39m
        [36m<div[39m
          [33mstyle[39m=[32m"padding: 16px 16px 16px 10px;"[39m
        [36m>[39m
          [36m<div[39m
            [33maria-modal[39m=[32m"true"[39m
            [33mrole[39m=[32m"dialog"[39m
            [33mstyle[39m=[32m"position: fixed; inset: 0; z-index: 9999; display: none; align-items: center; justify-content: center; padding: 20px; background: rgba(0, 0, 0, 0.48);"[39m
          [36m>[39m
            [36m<div[39m
              [33mstyle[39m=[32m"position: relative; width: 100%; height: 100%; max-width: calc(100vw - 40px); max-height: calc(100vh - 40px); border: 1px solid rgb(55, 65, 81); border-radius: 8px; background: rgba(17, 24, 39, 0.8); overflow: auto; padding: 16px;"[39m
            [36m>[39m
              [36m<div[39m
                [33mstyle[39m=[32m"display: flex; justify-content: space-between; margin-bottom: 8px;"[39m
              [36m>[39m
                [36m<div[39m
                  [33mstyle[39m=[32m"display: flex; align-items: center; gap: 12px;"[39m
                [36m>[39m
                  [36m<div[39m
                    [33mstyle[39m=[32m"font-weight: 700;"[39m
                  [36m>[39m
                    [0mDetails[0m
                  [36m</div>[39m
                [36m</div>[39m
                [36m<button[39m
                  [33mstyle[39m=[32m"background: transparent; color: inherit; border: 1px solid rgb(75, 85, 99); border-radius: 4px; padding: 4px 8px;"[39m
                  [33mtype[39m=[32m"button"[39m
                [36m>[39m
                  [0mClose[0m
                [36m</button>[39m
              [36m</div>[39m
              [36m<div[39m
                [33mclass[39m=[32m"muted"[39m
                [33mstyle[39m=[32m"margin-top: 8px; margin-bottom: 8px;"[39m
              [36m>[39m
                [0mSelect a base token to view details and charts.[0m
              [36m</div>[39m
            [36m</div>[39m
          [36m</div>[39m
          [36m<div[39m
            [33mstyle[39m=[32m"display: flex; align-items: stretch; justify-content: space-between; gap: 12px; flex-wrap: wrap; margin-bottom: 8px;"[39m
          [36m>[39m
            [36m<div[39m
              [33mstyle[39m=[32m"display: flex; flex-direction: column; align-items: flex-start; gap: 4px;"[39m
            [36m>[39m
              [36m<h1[39m
                [33mstyle[39m=[32m"margin: 0px; display: inline-flex; align-items: center; gap: 8px;"[39m
              [36m>[39m
                [0mDexcelerate Scanner[0m
                [36m<button[39m
                  [33maria-label[39m=[32m"Open details"[39m
                  [33mstyle[39m=[32m"background: transparent; border: 1px solid rgb(75, 85, 99); border-radius: 6px; color: inherit; font-size: 22px; line-height: 1; padding: 2px 6px; cursor: pointer;"[39m
                  [33mtitle[39m=[32m"Open Details"[39m
                  [33mtype[39m=[32m"button"[39m
                [36m>[39m
                  [36m<svg[39m
                    [33mclass[39m=[32m"lucide lucide-chart-no-axes-combined"[39m
                    [33mfill[39m=[32m"none"[39m
                    [33mheight[39m=[32m"46"[39m
                    [33mstroke[39m=[32m"currentColor"[39m
                    [33mstroke-linecap[39m=[32m"round"[39m
                    [33mstroke-linejoin[39m=[32m"round"[39m
                    [33mstroke-width[39m=[32m"2"[39m
                    [33mviewBox[39m=[32m"0 0 24 24"[39m
                    [33mwidth[39m=[32m"46"[39m
                    [33mxmlns[39m=[32m"http://www.w3.org/2000/svg"[39m
                  [36m>[39m
                    [36m<path[39m
                      [33md[39m=[32m"M12 16v5"[39m
                    [36m/>[39m
                    [36m<path[39m
                      [33md[39m=[32m"M16 14v7"[39m
                    [36m/>[39m
                    [36m<path[39m
                      [33md[39m=[32m"M20 10v11"[39m
                    [36m/>[39m
                    [36m<path[39m
                      [33md[39m=[32m"m22 3-8.646 8.646a.5.5 0 0 1-.708 0L9.354 8.354a.5.5 0 0 0-.707 0L2 15"[39m
                    [36m/>[39m
                    [36m<path[39m
                      [33md[39m=[32m"M4 18v3"[39m
                    [36m/>[39m
                    [36m<path[39m
                      [33md[39m=[32m"M8 14v7"[39m
                    [36m/>[39m
                  [36m</svg>[39m
                [36m</button>[39m
              [36m</h1>[39m
              [36m<h2[39m
                [33mstyle[39m=[32m"margin: 0px; display: inline-flex; align-items: center; gap: 8px;"[39m
              [36m>[39m
                [36m<span[39m
                  [33mclass[39m=[32m"muted"[39m
                  [33mstyle[39m=[32m"font-size: 11px; padding: 2px 6px; border: 1px solid rgb(75, 85, 99); border-radius: 12px; background: rgba(255, 255, 255, 0.06); letter-spacing: 0.5px;"[39m
                  [33mtitle[39m=[32m"Active subscriptions across all panes"[39m
                [36m>[39m
                  [0mVisSubs: [0m
                  [36m<strong[39m
                    [33mstyle[39m=[32m"margin-left: 4px;"[39m
                  [36m>[39m
                    [0m0[0m
                  [36m</strong>[39m
                [36m</span>[39m
                [36m<span[39m
                  [33mclass[39m=[32m"muted"[39m
                  [33mstyle[39m=[32m"font-size: 11px; padding: 2px 6px; border: 1px solid rgb(75, 85, 99); border-radius: 12px; background: rgba(255, 255, 255, 0.06); letter-spacing: 0.5px;"[39m
                  [33mtitle[39m=[32m"Invisible subscriptions in FIFO queue"[39m
                [36m>[39m
                  [0mInvisSubs: [0m
                  [36m<strong[39m
                    [33mstyle[39m=[32m"margin-left: 4px;"[39m
                  [36m>[39m
                    [0m0[0m
                  [36m</strong>[39m
                [36m</span>[39m
                [36m<span[39m
                  [33mclass[39m=[32m"muted"[39m
                  [33mstyle[39m=[32m"font-size: 11px; padding: 2px 6px; border: 1px solid rgb(75, 85, 99); border-radius: 12px; background: rgba(255, 255, 255, 0.06); letter-spacing: 0.5px;"[39m
                  [33mtitle[39m=[32m"Scanner events received"[39m
                [36m>[39m
                  [0mScanner[0m
                  [0m: [0m
                  [36m<strong[39m
                    [33mstyle[39m=[32m"margin-left: 4px;"[39m
                ...
 ❯ tests/app.boot.logging.test.tsx:95:35
     93|         .filter(Boolean) as { page?: number; idsLen?: number }[]
     94|       // At least one page updated and had rows
     95|       expect(reducerCalls.length).toBeGreaterThan(0)
       |                                   ^
     96|       const anyNonZero = reducerCalls.some((o) => (o?.idsLen ?? 0) > 0)
     97|       expect(anyNonZero).toBe(true)
 ❯ runWithExpensiveErrorDiagnosticsDisabled node_modules/.pnpm/@testing-library+dom@10.4.1/node_modules/@testing-library/dom/dist/config.js:47:12
 ❯ checkCallback node_modules/.pnpm/@testing-library+dom@10.4.1/node_modules/@testing-library/dom/dist/wait-for.js:124:77
 ❯ Timeout.checkRealTimersCallback node_modules/.pnpm/@testing-library+dom@10.4.1/node_modules/@testing-library/dom/dist/wait-for.js:118:16

⎯⎯⎯⎯⎯⎯⎯⎯⎯⎯⎯⎯⎯⎯⎯⎯⎯⎯⎯⎯⎯⎯[18/20]⎯

 FAIL  tests/tokensPane.smoke.test.tsx > TokensPane smoke: dispatches after successful fetch > fires init empty dispatch and then a non-empty scanner dispatch
AssertionError: expected false to be true // Object.is equality

Ignored nodes: comments, script, style
[36m<html>[39m
  [36m<head />[39m
  [36m<body>[39m
    [36m<div>[39m
      [36m<div>[39m
        [36m<section>[39m
          [36m<div[39m
            [33mstyle[39m=[32m"display: flex; align-items: center; justify-content: space-between; gap: 8px; flex-wrap: wrap;"[39m
          [36m>[39m
            [36m<h2[39m
              [33mstyle[39m=[32m"margin: 0px;"[39m
            [36m>[39m
              [0mTrending Tokens[0m
              [36m<span[39m
                [33mclass[39m=[32m"muted"[39m
                [33mstyle[39m=[32m"font-size: 12px; margin-left: 8px;"[39m
              [36m>[39m
                [0m0[0m
                [0m rows[0m
              [36m</span>[39m
            [36m</h2>[39m
            [36m<div[39m
              [33mclass[39m=[32m"export-controls"[39m
              [33mstyle[39m=[32m"display: flex; align-items: center; gap: 8px;"[39m
            [36m>[39m
              [36m<label[39m
                [33mclass[39m=[32m"muted"[39m
                [33mstyle[39m=[32m"font-size: 12px;"[39m
              [36m>[39m
                [0mFormat[0m
                [36m<select[39m
                  [33maria-label[39m=[32m"Select Trending Tokens export format"[39m
                  [33mstyle[39m=[32m"margin-left: 6px;"[39m
                [36m>[39m
                  [36m<option[39m
                    [33mvalue[39m=[32m"csv"[39m
                  [36m>[39m
                    [0mCSV[0m
                  [36m</option>[39m
                  [36m<option[39m
                    [33mvalue[39m=[32m"json"[39m
                  [36m>[39m
                    [0mJSON[0m
                  [36m</option>[39m
                [36m</select>[39m
              [36m</label>[39m
              [36m<button[39m
                [33mdisabled[39m=[32m""[39m
                [33mtitle[39m=[32m"Export 0 rows"[39m
                [33mtype[39m=[32m"button"[39m
              [36m>[39m
                [0mExport[0m
              [36m</button>[39m
            [36m</div>[39m
            [36m<div[39m
              [33mclass[39m=[32m"status"[39m
            [36m>[39m
              [0mNo data[0m
            [36m</div>[39m
            [36m<div[39m
              [33mclass[39m=[32m"table-wrap"[39m
              [33mstyle[39m=[32m"width: 100%;"[39m
            [36m>[39m
              [36m<table[39m
                [33mclass[39m=[32m"tokens"[39m
              [36m>[39m
                [36m<thead>[39m
                  [36m<tr>[39m
                    [36m<th[39m
                      [33maria-sort[39m=[32m"ascending"[39m
                      [33mstyle[39m=[32m"cursor: pointer; text-align: left;"[39m
                      [33mtitle[39m=[32m"Token name and symbol. Click to sort alphabetically."[39m
                    [36m>[39m
                      [36m<span[39m
                        [33mstyle[39m=[32m"display: inline-flex; flex-direction: column; align-items: flex-start; gap: 2px; line-height: 1.1; color: var(--accent-up); text-align: left;"[39m
                      [36m>[39m
                        [36m<span>[39m
                          [0mToken[0m
                        [36m</span>[39m
                        [36m<span[39m
                          [33mstyle[39m=[32m"display: inline-flex; align-items: center; gap: 4px;"[39m
                        [36m>[39m
                          [36m<svg[39m
                            [33mclass[39m=[32m"lucide lucide-arrow-up"[39m
                            [33mfill[39m=[32m"none"[39m
                            [33mheight[39m=[32m"12"[39m
                            [33mstroke[39m=[32m"var(--accent-up)"[39m
                            [33mstroke-linecap[39m=[32m"round"[39m
                            [33mstroke-linejoin[39m=[32m"round"[39m
                            [33mstroke-width[39m=[32m"2"[39m
                            [33mviewBox[39m=[32m"0 0 24 24"[39m
                            [33mwidth[39m=[32m"12"[39m
                            [33mxmlns[39m=[32m"http://www.w3.org/2000/svg"[39m
                          [36m>[39m
                            [36m<path[39m
                              [33md[39m=[32m"m5 12 7-7 7 7"[39m
                            [36m/>[39m
                            [36m<path[39m
                              [33md[39m=[32m"M12 19V5"[39m
                            [36m/>[39m
                          [36m</svg>[39m
                          [36m<svg[39m
                            [33mclass[39m=[32m"lucide lucide-arrow-down"[39m
                            [33mfill[39m=[32m"none"[39m
                            [33mheight[39m=[32m"12"[39m
                            [33mstroke[39m=[32m"#6b7280"[39m
                            [33mstroke-linecap[39m=[32m"round"[39m
                            [33mstroke-linejoin[39m=[32m"round"[39m
                            [33mstroke-width[39m=[32m"2"[39m
                            [33mviewBox[39m=[32m"0 0 24 24"[39m
                            [33mwidth[39m=[32m"12"[39m
                            [33mxmlns[39m=[32m"http://www.w3.org/2000/svg"[39m
                          [36m>[39m
                            [36m<path[39m
                              [33md[39m=[32m"M12 5v14"[39m
                            [36m/>[39m
                            [36m<path[39m
                              [33md[39m=[32m"m19 12-7 7-7-7"[39m
                            [36m/>[39m
                          [36m</svg>[39m
                        [36m</span>[39m
                      [36m</span>[39m
                    [36m</th>[39m
                    [36m<th[39m
                      [33maria-sort[39m=[32m"none"[39m
                      [33mstyle[39m=[32m"cursor: pointer; text-align: right;"[39m
                      [33mtitle[39m=[32m"Exchange/DEX where the pair trades. Click to sort by exchange name."[39m
                    [36m>[39m
                      [36m<span[39m
                        [33mstyle[39m=[32m"display: inline-flex; flex-direction: column; align-items: flex-end; gap: 2px; line-height: 1.1; text-align: right;"[39m
                      [36m>[39m
                        [36m<span>[39m
                          [0mExch.[0m
                        [36m</span>[39m
                        [36m<span[39m
                          [33mstyle[39m=[32m"display: inline-flex; align-items: center; gap: 4px;"[39m
                        [36m>[39m
                          [36m<svg[39m
                            [33mclass[39m=[32m"lucide lucide-arrow-up"[39m
                            [33mfill[39m=[32m"none"[39m
                            [33mheight[39m=[32m"12"[39m
                            [33mstroke[39m...

- Expected
+ Received

- true
+ false

 ❯ __vi_import_2__.waitFor.timeout tests/tokensPane.smoke.test.tsx:137:18
    135|         .find((c) => (c?.[0]?.payload?.scannerPairs?.length ?? 0) > 0)
    136|       const ok = !!pairsTokens || !!pairs
    137|       expect(ok).toBe(true)
       |                  ^
    138|     }, { timeout: 3000 })
    139|   })
 ❯ runWithExpensiveErrorDiagnosticsDisabled node_modules/.pnpm/@testing-library+dom@10.4.1/node_modules/@testing-library/dom/dist/config.js:47:12
 ❯ checkCallback node_modules/.pnpm/@testing-library+dom@10.4.1/node_modules/@testing-library/dom/dist/wait-for.js:124:77
 ❯ Timeout.checkRealTimersCallback node_modules/.pnpm/@testing-library+dom@10.4.1/node_modules/@testing-library/dom/dist/wait-for.js:118:16

⎯⎯⎯⎯⎯⎯⎯⎯⎯⎯⎯⎯⎯⎯⎯⎯⎯⎯⎯⎯⎯⎯[19/20]⎯

 FAIL  tests/tokensPane.table.render.test.tsx > TokensPane→Table integration: renders DOM rows post-fetch > mounts, fetches, dispatches, and renders > 0 rows
AssertionError: expected 0 to be greater than 0

Ignored nodes: comments, script, style
[36m<html>[39m
  [36m<head />[39m
  [36m<body>[39m
    [36m<div>[39m
      [36m<div>[39m
        [36m<section>[39m
          [36m<div[39m
            [33mstyle[39m=[32m"display: flex; align-items: center; justify-content: space-between; gap: 8px; flex-wrap: wrap;"[39m
          [36m>[39m
            [36m<h2[39m
              [33mstyle[39m=[32m"margin: 0px;"[39m
            [36m>[39m
              [0mNew Tokens[0m
              [36m<span[39m
                [33mclass[39m=[32m"muted"[39m
                [33mstyle[39m=[32m"font-size: 12px; margin-left: 8px;"[39m
              [36m>[39m
                [0m0[0m
                [0m rows[0m
              [36m</span>[39m
            [36m</h2>[39m
            [36m<div[39m
              [33mclass[39m=[32m"export-controls"[39m
              [33mstyle[39m=[32m"display: flex; align-items: center; gap: 8px;"[39m
            [36m>[39m
              [36m<label[39m
                [33mclass[39m=[32m"muted"[39m
                [33mstyle[39m=[32m"font-size: 12px;"[39m
              [36m>[39m
                [0mFormat[0m
                [36m<select[39m
                  [33maria-label[39m=[32m"Select New Tokens export format"[39m
                  [33mstyle[39m=[32m"margin-left: 6px;"[39m
                [36m>[39m
                  [36m<option[39m
                    [33mvalue[39m=[32m"csv"[39m
                  [36m>[39m
                    [0mCSV[0m
                  [36m</option>[39m
                  [36m<option[39m
                    [33mvalue[39m=[32m"json"[39m
                  [36m>[39m
                    [0mJSON[0m
                  [36m</option>[39m
                [36m</select>[39m
              [36m</label>[39m
              [36m<button[39m
                [33mdisabled[39m=[32m""[39m
                [33mtitle[39m=[32m"Export 0 rows"[39m
                [33mtype[39m=[32m"button"[39m
              [36m>[39m
                [0mExport[0m
              [36m</button>[39m
            [36m</div>[39m
            [36m<div[39m
              [33mclass[39m=[32m"status"[39m
            [36m>[39m
              [0mNo data[0m
            [36m</div>[39m
            [36m<div[39m
              [33mclass[39m=[32m"table-wrap"[39m
              [33mstyle[39m=[32m"width: 100%;"[39m
            [36m>[39m
              [36m<table[39m
                [33mclass[39m=[32m"tokens"[39m
              [36m>[39m
                [36m<thead>[39m
                  [36m<tr>[39m
                    [36m<th[39m
                      [33maria-sort[39m=[32m"none"[39m
                      [33mstyle[39m=[32m"cursor: pointer; text-align: left;"[39m
                      [33mtitle[39m=[32m"Token name and symbol. Click to sort alphabetically."[39m
                    [36m>[39m
                      [36m<span[39m
                        [33mstyle[39m=[32m"display: inline-flex; flex-direction: column; align-items: flex-start; gap: 2px; line-height: 1.1; text-align: left;"[39m
                      [36m>[39m
                        [36m<span>[39m
                          [0mToken[0m
                        [36m</span>[39m
                        [36m<span[39m
                          [33mstyle[39m=[32m"display: inline-flex; align-items: center; gap: 4px;"[39m
                        [36m>[39m
                          [36m<svg[39m
                            [33mclass[39m=[32m"lucide lucide-arrow-up"[39m
                            [33mfill[39m=[32m"none"[39m
                            [33mheight[39m=[32m"12"[39m
                            [33mstroke[39m=[32m"#6b7280"[39m
                            [33mstroke-linecap[39m=[32m"round"[39m
                            [33mstroke-linejoin[39m=[32m"round"[39m
                            [33mstroke-width[39m=[32m"2"[39m
                            [33mviewBox[39m=[32m"0 0 24 24"[39m
                            [33mwidth[39m=[32m"12"[39m
                            [33mxmlns[39m=[32m"http://www.w3.org/2000/svg"[39m
                          [36m>[39m
                            [36m<path[39m
                              [33md[39m=[32m"m5 12 7-7 7 7"[39m
                            [36m/>[39m
                            [36m<path[39m
                              [33md[39m=[32m"M12 19V5"[39m
                            [36m/>[39m
                          [36m</svg>[39m
                          [36m<svg[39m
                            [33mclass[39m=[32m"lucide lucide-arrow-down"[39m
                            [33mfill[39m=[32m"none"[39m
                            [33mheight[39m=[32m"12"[39m
                            [33mstroke[39m=[32m"#6b7280"[39m
                            [33mstroke-linecap[39m=[32m"round"[39m
                            [33mstroke-linejoin[39m=[32m"round"[39m
                            [33mstroke-width[39m=[32m"2"[39m
                            [33mviewBox[39m=[32m"0 0 24 24"[39m
                            [33mwidth[39m=[32m"12"[39m
                            [33mxmlns[39m=[32m"http://www.w3.org/2000/svg"[39m
                          [36m>[39m
                            [36m<path[39m
                              [33md[39m=[32m"M12 5v14"[39m
                            [36m/>[39m
                            [36m<path[39m
                              [33md[39m=[32m"m19 12-7 7-7-7"[39m
                            [36m/>[39m
                          [36m</svg>[39m
                        [36m</span>[39m
                      [36m</span>[39m
                    [36m</th>[39m
                    [36m<th[39m
                      [33maria-sort[39m=[32m"none"[39m
                      [33mstyle[39m=[32m"cursor: pointer; text-align: right;"[39m
                      [33mtitle[39m=[32m"Exchange/DEX where the pair trades. Click to sort by exchange name."[39m
                    [36m>[39m
                      [36m<span[39m
                        [33mstyle[39m=[32m"display: inline-flex; flex-direction: column; align-items: flex-end; gap: 2px; line-height: 1.1; text-align: right;"[39m
                      [36m>[39m
                        [36m<span>[39m
                          [0mExch.[0m
                        [36m</span>[39m
                        [36m<span[39m
                          [33mstyle[39m=[32m"display: inline-flex; align-items: center; gap: 4px;"[39m
                        [36m>[39m
                          [36m<svg[39m
                            [33mclass[39m=[32m"lucide lucide-arrow-up"[39m
                            [33mfill[39m=[32m"none"[39m
                            [33mheight[39m=[32m"12"[39m
                            [33mstroke[39m=[32m"#6b7280"[39m
                            ...
 ❯ tests/tokensPane.table.render.test.tsx:80:17
     78|       const txt = canary.textContent || ''
     79|       const n = parseInt(/(\d+)/.exec(txt)?.[1] ?? '0', 10)
     80|       expect(n).toBeGreaterThan(0)
       |                 ^
     81|     })
     82|   })
 ❯ runWithExpensiveErrorDiagnosticsDisabled node_modules/.pnpm/@testing-library+dom@10.4.1/node_modules/@testing-library/dom/dist/config.js:47:12
 ❯ checkCallback node_modules/.pnpm/@testing-library+dom@10.4.1/node_modules/@testing-library/dom/dist/wait-for.js:124:77
 ❯ Timeout.checkRealTimersCallback node_modules/.pnpm/@testing-library+dom@10.4.1/node_modules/@testing-library/dom/dist/wait-for.js:118:16

⎯⎯⎯⎯⎯⎯⎯⎯⎯⎯⎯⎯⎯⎯⎯⎯⎯⎯⎯⎯⎯⎯[20/20]⎯

 Test Files  16 failed | 4 passed (20)
      Tests  16 failed | 7 passed (23)
   Start at  11:37:31
   Duration  4.93s (transform 1.90s, setup 1.85s, collect 7.49s, tests 6.80s, environment 13.98s, prepare 2.50s)

 ELIFECYCLE  Test failed. See above for more details.
